Archive member included to satisfy reference by file (symbol)

/usr/lib/gcc/arm-none-eabi/14.2.0/../../../../arm-none-eabi/lib/thumb/v6-m/nofp/libc_nano.a(libc_a-atexit.o)
                              /usr/lib/gcc/arm-none-eabi/14.2.0/../../../../arm-none-eabi/lib/thumb/v6-m/nofp/crt0.o (atexit)
/usr/lib/gcc/arm-none-eabi/14.2.0/../../../../arm-none-eabi/lib/thumb/v6-m/nofp/libc_nano.a(libc_a-atof.o)
                              build/main.o (atof)
/usr/lib/gcc/arm-none-eabi/14.2.0/../../../../arm-none-eabi/lib/thumb/v6-m/nofp/libc_nano.a(libc_a-atoi.o)
                              build/main.o (atoi)
/usr/lib/gcc/arm-none-eabi/14.2.0/../../../../arm-none-eabi/lib/thumb/v6-m/nofp/libc_nano.a(libc_a-atol.o)
                              build/database.o (atol)
/usr/lib/gcc/arm-none-eabi/14.2.0/../../../../arm-none-eabi/lib/thumb/v6-m/nofp/libc_nano.a(libc_a-exit.o)
                              /usr/lib/gcc/arm-none-eabi/14.2.0/../../../../arm-none-eabi/lib/thumb/v6-m/nofp/crt0.o (exit)
/usr/lib/gcc/arm-none-eabi/14.2.0/../../../../arm-none-eabi/lib/thumb/v6-m/nofp/libc_nano.a(libc_a-getenv.o)
                              build/advent.o (getenv)
/usr/lib/gcc/arm-none-eabi/14.2.0/../../../../arm-none-eabi/lib/thumb/v6-m/nofp/libc_nano.a(libc_a-getenv_r.o)
                              /usr/lib/gcc/arm-none-eabi/14.2.0/../../../../arm-none-eabi/lib/thumb/v6-m/nofp/libc_nano.a(libc_a-getenv.o) (_findenv_r)
/usr/lib/gcc/arm-none-eabi/14.2.0/../../../../arm-none-eabi/lib/thumb/v6-m/nofp/libc_nano.a(libc_a-malloc.o)
                              build/main.o (malloc)
/usr/lib/gcc/arm-none-eabi/14.2.0/../../../../arm-none-eabi/lib/thumb/v6-m/nofp/libc_nano.a(libc_a-mallocr.o)
                              /usr/lib/gcc/arm-none-eabi/14.2.0/../../../../arm-none-eabi/lib/thumb/v6-m/nofp/libc_nano.a(libc_a-malloc.o) (_malloc_r)
/usr/lib/gcc/arm-none-eabi/14.2.0/../../../../arm-none-eabi/lib/thumb/v6-m/nofp/libc_nano.a(libc_a-mlock.o)
                              /usr/lib/gcc/arm-none-eabi/14.2.0/../../../../arm-none-eabi/lib/thumb/v6-m/nofp/libc_nano.a(libc_a-mallocr.o) (__malloc_lock)
/usr/lib/gcc/arm-none-eabi/14.2.0/../../../../arm-none-eabi/lib/thumb/v6-m/nofp/libc_nano.a(libc_a-rand.o)
                              build/advent.o (srand)
/usr/lib/gcc/arm-none-eabi/14.2.0/../../../../arm-none-eabi/lib/thumb/v6-m/nofp/libc_nano.a(libc_a-strtod.o)
                              /usr/lib/gcc/arm-none-eabi/14.2.0/../../../../arm-none-eabi/lib/thumb/v6-m/nofp/libc_nano.a(libc_a-atof.o) (strtod)
/usr/lib/gcc/arm-none-eabi/14.2.0/../../../../arm-none-eabi/lib/thumb/v6-m/nofp/libc_nano.a(libc_a-strtol.o)
                              /usr/lib/gcc/arm-none-eabi/14.2.0/../../../../arm-none-eabi/lib/thumb/v6-m/nofp/libc_nano.a(libc_a-atoi.o) (_strtol_r)
/usr/lib/gcc/arm-none-eabi/14.2.0/../../../../arm-none-eabi/lib/thumb/v6-m/nofp/libc_nano.a(libc_a-ctype_.o)
                              build/database.o (_ctype_)
/usr/lib/gcc/arm-none-eabi/14.2.0/../../../../arm-none-eabi/lib/thumb/v6-m/nofp/libc_nano.a(libc_a-nano-vfprintf_float.o)
                              (_printf_float)
/usr/lib/gcc/arm-none-eabi/14.2.0/../../../../arm-none-eabi/lib/thumb/v6-m/nofp/libc_nano.a(libc_a-nano-vfprintf_i.o)
                              /usr/lib/gcc/arm-none-eabi/14.2.0/../../../../arm-none-eabi/lib/thumb/v6-m/nofp/libc_nano.a(libc_a-nano-vfprintf_float.o) (_printf_common)
/usr/lib/gcc/arm-none-eabi/14.2.0/../../../../arm-none-eabi/lib/thumb/v6-m/nofp/libc_nano.a(libc_a-fclose.o)
                              build/advent.o (fclose)
/usr/lib/gcc/arm-none-eabi/14.2.0/../../../../arm-none-eabi/lib/thumb/v6-m/nofp/libc_nano.a(libc_a-fflush.o)
                              /usr/lib/gcc/arm-none-eabi/14.2.0/../../../../arm-none-eabi/lib/thumb/v6-m/nofp/libc_nano.a(libc_a-fclose.o) (__sflush_r)
/usr/lib/gcc/arm-none-eabi/14.2.0/../../../../arm-none-eabi/lib/thumb/v6-m/nofp/libc_nano.a(libc_a-fgets.o)
                              build/database.o (fgets)
/usr/lib/gcc/arm-none-eabi/14.2.0/../../../../arm-none-eabi/lib/thumb/v6-m/nofp/libc_nano.a(libc_a-findfp.o)
                              /usr/lib/gcc/arm-none-eabi/14.2.0/../../../../arm-none-eabi/lib/thumb/v6-m/nofp/libc_nano.a(libc_a-fflush.o) (__sglue)
/usr/lib/gcc/arm-none-eabi/14.2.0/../../../../arm-none-eabi/lib/thumb/v6-m/nofp/libc_nano.a(libc_a-fopen.o)
                              build/advent.o (fopen)
/usr/lib/gcc/arm-none-eabi/14.2.0/../../../../arm-none-eabi/lib/thumb/v6-m/nofp/libc_nano.a(libc_a-fputc.o)
                              build/english.o (fputc)
/usr/lib/gcc/arm-none-eabi/14.2.0/../../../../arm-none-eabi/lib/thumb/v6-m/nofp/libc_nano.a(libc_a-fputs.o)
                              build/database.o (fputs)
/usr/lib/gcc/arm-none-eabi/14.2.0/../../../../arm-none-eabi/lib/thumb/v6-m/nofp/libc_nano.a(libc_a-fread.o)
                              build/advent.o (fread)
[...]
Memory Configuration

Name             Origin             Length             Attributes
RAM              0x20000000         0x00024000         xrw
FLASH            0x08000000         0x00080000         xr
*default*        0x00000000         0xffffffff

Linker script and memory map

LOAD /usr/lib/gcc/arm-none-eabi/14.2.0/thumb/v6-m/nofp/crti.o
LOAD /usr/lib/gcc/arm-none-eabi/14.2.0/thumb/v6-m/nofp/crtbegin.o
LOAD /usr/lib/gcc/arm-none-eabi/14.2.0/../../../../arm-none-eabi/lib/thumb/v6-m/nofp/crt0.o
LOAD build/main.o
LOAD build/user_diskio_spi.o
LOAD build/stm32g0xx_it.o
LOAD build/advent.o
LOAD build/database.o
LOAD build/english.o
LOAD build/itverb.o
LOAD build/turn.o
LOAD build/verb.o
LOAD build/stm32g0xx_hal_msp.o
LOAD build/stm32g0xx_hal_adc.o
LOAD build/stm32g0xx_hal_adc_ex.o
LOAD build/stm32g0xx_ll_adc.o
LOAD build/stm32g0xx_hal_rcc.o
LOAD build/stm32g0xx_hal_rcc_ex.o
LOAD build/stm32g0xx_ll_rcc.o
LOAD build/stm32g0xx_hal_flash.o
LOAD build/stm32g0xx_hal_flash_ex.o
LOAD build/stm32g0xx_hal_gpio.o
LOAD build/stm32g0xx_hal_dma.o
LOAD build/stm32g0xx_hal_dma_ex.o
LOAD build/stm32g0xx_hal_pwr.o
LOAD build/stm32g0xx_hal_pwr_ex.o
LOAD build/stm32g0xx_hal_cortex.o
LOAD build/stm32g0xx_hal.o
LOAD build/stm32g0xx_hal_exti.o
LOAD build/stm32g0xx_hal_fdcan.o
LOAD build/stm32g0xx_hal_i2c.o
LOAD build/stm32g0xx_hal_i2c_ex.o
LOAD build/stm32g0xx_hal_spi.o
LOAD build/stm32g0xx_hal_spi_ex.o
LOAD build/stm32g0xx_hal_uart.o
LOAD build/stm32g0xx_hal_uart_ex.o
LOAD build/system_stm32g0xx.o
LOAD build/sysmem.o
LOAD build/syscalls.o
LOAD build/app_fatfs.o
LOAD build/user_diskio.o
LOAD build/diskio.o
LOAD build/ff.o
LOAD build/ff_gen_drv.o
LOAD build/syscall.o
LOAD build/stm32g0xx_hal_tim.o
LOAD build/stm32g0xx_hal_tim_ex.o
LOAD build/startup_stm32g0b1xx.o
LOAD /usr/lib/gcc/arm-none-eabi/14.2.0/../../../../arm-none-eabi/lib/thumb/v6-m/nofp/libc_nano.a
LOAD /usr/lib/gcc/arm-none-eabi/14.2.0/../../../../arm-none-eabi/lib/thumb/v6-m/nofp/libm.a
LOAD /usr/lib/gcc/arm-none-eabi/14.2.0/../../../../arm-none-eabi/lib/thumb/v6-m/nofp/libnosys.a
START GROUP
LOAD /usr/lib/gcc/arm-none-eabi/14.2.0/thumb/v6-m/nofp/libgcc.a
LOAD /usr/lib/gcc/arm-none-eabi/14.2.0/../../../../arm-none-eabi/lib/thumb/v6-m/nofp/libc_nano.a
END GROUP
START GROUP
LOAD /usr/lib/gcc/arm-none-eabi/14.2.0/thumb/v6-m/nofp/libgcc.a
LOAD /usr/lib/gcc/arm-none-eabi/14.2.0/../../../../arm-none-eabi/lib/thumb/v6-m/nofp/libc_nano.a
END GROUP
LOAD /usr/lib/gcc/arm-none-eabi/14.2.0/thumb/v6-m/nofp/crtend.o
LOAD /usr/lib/gcc/arm-none-eabi/14.2.0/thumb/v6-m/nofp/crtn.o
                0x20024000                        _estack = (ORIGIN (RAM) + LENGTH (RAM))
                0x00000200                        _Min_Heap_Size = 0x200
                0x00000400                        _Min_Stack_Size = 0x400

.isr_vector     0x08000000       0xbc
                0x08000000                        . = ALIGN (0x4)
 *(.isr_vector)
 .isr_vector    0x08000000       0xbc build/startup_stm32g0b1xx.o
                0x08000000                g_pfnVectors
                0x080000bc                        . = ALIGN (0x4)

.text           0x080000bc    0x112f8
                0x080000bc                        . = ALIGN (0x4)
 *(.text)
 .text          0x080000bc       0x14 /usr/lib/gcc/arm-none-eabi/14.2.0/../../../../arm-none-eabi/lib/thumb/v6-m/nofp/libc_nano.a(libc_a-strcmp.o)
                0x080000bc                strcmp
 .text          0x080000d0        0xe /usr/lib/gcc/arm-none-eabi/14.2.0/../../../../arm-none-eabi/lib/thumb/v6-m/nofp/libc_nano.a(libc_a-strlen.o)
                0x080000d0                strlen
 *fill*         0x080000de        0x2 
 .text          0x080000e0       0x14 /usr/lib/gcc/arm-none-eabi/14.2.0/thumb/v6-m/nofp/libgcc.a(_thumb1_case_uqi.o)
                0x080000e0                __gnu_thumb1_case_uqi
 .text          0x080000f4       0x14 /usr/lib/gcc/arm-none-eabi/14.2.0/thumb/v6-m/nofp/libgcc.a(_thumb1_case_shi.o)
                0x080000f4                __gnu_thumb1_case_shi
 .text          0x08000108       0x8c /usr/lib/gcc/arm-none-eabi/14.2.0/thumb/v6-m/nofp/libgcc.a(_udivsi3.o)
                0x08000108                __udivsi3
                0x08000108                __aeabi_uidiv
                0x08000180                __aeabi_uidivmod
 .text          0x08000194       0xa8 /usr/lib/gcc/arm-none-eabi/14.2.0/thumb/v6-m/nofp/libgcc.a(_divsi3.o)
                0x08000194                __aeabi_idiv
                0x08000194                __divsi3
                0x08000228                __aeabi_idivmod
 .text          0x0800023c        0x4 /usr/lib/gcc/arm-none-eabi/14.2.0/thumb/v6-m/nofp/libgcc.a(_dvmd_tls.o)
                0x0800023c                __aeabi_ldiv0
                0x0800023c                __aeabi_idiv0
 .text          0x08000240       0x7c /usr/lib/gcc/arm-none-eabi/14.2.0/thumb/v6-m/nofp/libgcc.a(_arm_cmpdf2.o)
                0x08000240                __aeabi_cdrcmple
                0x08000250                __aeabi_cdcmple
                0x08000250                __aeabi_cdcmpeq
                0x08000260                __aeabi_dcmpeq
                0x0800026c                __aeabi_dcmplt
                0x08000280                __aeabi_dcmple
                0x08000294                __aeabi_dcmpgt
                0x080002a8                __aeabi_dcmpge
 .text          0x080002bc       0x74 /usr/lib/gcc/arm-none-eabi/14.2.0/thumb/v6-m/nofp/libgcc.a(_arm_cmpsf2.o)
                0x080002bc                __aeabi_cfrcmple
                0x080002c4                __aeabi_cfcmple
                0x080002c4                __aeabi_cfcmpeq
                0x080002d4                __aeabi_fcmpeq
                0x080002e0                __aeabi_fcmplt
                0x080002f4                __aeabi_fcmple
                0x08000308                __aeabi_fcmpgt
                0x0800031c                __aeabi_fcmpge
 .text          0x08000330       0x40 /usr/lib/gcc/arm-none-eabi/14.2.0/thumb/v6-m/nofp/libgcc.a(_aeabi_uldivmod.o)
                0x08000330                __aeabi_uldivmod
 .text          0x08000370       0x14 /usr/lib/gcc/arm-none-eabi/14.2.0/thumb/v6-m/nofp/libgcc.a(_thumb1_case_uhi.o)
                0x08000370                __gnu_thumb1_case_uhi
 .text          0x08000384       0x18 /usr/lib/gcc/arm-none-eabi/14.2.0/thumb/v6-m/nofp/libgcc.a(_lshrdi3.o)
                0x08000384                __aeabi_llsr
                0x08000384                __lshrdi3
 .text          0x0800039c       0x18 /usr/lib/gcc/arm-none-eabi/14.2.0/thumb/v6-m/nofp/libgcc.a(_ashldi3.o)
                0x0800039c                __ashldi3
                0x0800039c                __aeabi_llsl
 .text          0x080003b4       0x3c /usr/lib/gcc/arm-none-eabi/14.2.0/thumb/v6-m/nofp/libgcc.a(_clzsi2.o)
                0x080003b4                __clzsi2
 .text          0x080003f0       0x18 /usr/lib/gcc/arm-none-eabi/14.2.0/thumb/v6-m/nofp/libgcc.a(_clzdi2.o)
                0x080003f0                __clzdi2
 *(.text*)
 .text.__do_global_dtors_aux
                0x08000408       0x28 /usr/lib/gcc/arm-none-eabi/14.2.0/thumb/v6-m/nofp/crtbegin.o
 .text.frame_dummy
                0x08000430       0x20 /usr/lib/gcc/arm-none-eabi/14.2.0/thumb/v6-m/nofp/crtbegin.o
 .text.__NVIC_SystemReset
                0x08000450       0x1c build/main.o
 .text.HX711_Delay
                0x0800046c       0x18 build/main.o
 .text.MX_GPIO_Init
                0x08000484       0xcc build/main.o
 .text.MX_DMA_Init
                0x08000550       0x30 build/main.o
 .text.__io_putchar
                0x08000580       0x20 build/main.o
                0x08000580                __io_putchar
 .text.__io_getchar
                0x080005a0       0x24 build/main.o
                0x080005a0                __io_getchar
 .text.HAL_ADC_ConvCpltCallback
                0x080005c4       0x38 build/main.o
                0x080005c4                HAL_ADC_ConvCpltCallback
 .text.HX711_Init
                0x080005fc       0x1a build/main.o
                0x080005fc                HX711_Init
 .text.HX711_ReadRaw
                0x08000616       0x74 build/main.o
                0x08000616                HX711_ReadRaw
 .text.HX711_ReadWeight
                0x0800068a       0x1a build/main.o
                0x0800068a                HX711_ReadWeight
 .text.HX711_SetParams
                0x080006a4       0x12 build/main.o
                0x080006a4                HX711_SetParams
 *fill*         0x080006b6        0x2 
 .text.UART2_Print
                0x080006b8       0x2c build/main.o
                0x080006b8                UART2_Print
 .text.CAN_Rx_Default
                0x080006e4       0x5c build/main.o
                0x080006e4                CAN_Rx_Default
 .text.CAN_Rx_TC
                0x08000740       0x90 build/main.o
                0x08000740                CAN_Rx_TC
 .text.CAN_Rx_Relay
                0x080007d0       0x5c build/main.o
                0x080007d0                CAN_Rx_Relay
 .text.CAN_Rx_RelayPower
                0x0800082c       0x40 build/main.o
                0x0800082c                CAN_Rx_RelayPower
 .text.CAN_Rx_TCStat
                0x0800086c      0x104 build/main.o
                0x0800086c                CAN_Rx_TCStat
 .text.CAN_Decode
                0x08000970       0x88 build/main.o
                0x08000970                CAN_Decode
 .text.CAN_Send_Long
                0x080009f8       0x38 build/main.o
                0x080009f8                CAN_Send_Long
 .text.UART2_Print_Int
                0x08000a30       0x2c build/main.o
                0x08000a30                UART2_Print_Int
 .text.CAN_Send
                0x08000a5c       0x44 build/main.o
                0x08000a5c                CAN_Send
 .text.add_namemap
                0x08000aa0       0xbc build/main.o
                0x08000aa0                add_namemap
 .text.retrieve_id
                0x08000b5c       0x74 build/main.o
                0x08000b5c                retrieve_id
 .text.bus_list_function
                0x08000bd0      0x1e4 build/main.o
                0x08000bd0                bus_list_function
 .text.next_word
                0x08000db4       0x38 build/main.o
                0x08000db4                next_word
 .text.all_numeric
                0x08000dec       0x30 build/main.o
                0x08000dec                all_numeric
 .text.command_help
                0x08000e1c       0x18 build/main.o
                0x08000e1c                command_help
 .text.command_bus
                0x08000e34       0xf4 build/main.o
                0x08000e34                command_bus
 .text.command_name
                0x08000f28      0x278 build/main.o
                0x08000f28                command_name
 .text.command_relay
                0x080011a0      0x39c build/main.o
                0x080011a0                command_relay
 .text.servo_get_us
                0x0800153c       0xdc build/main.o
                0x0800153c                servo_get_us
 .text.servo_settings
                0x08001618       0xa8 build/main.o
                0x08001618                servo_settings
 .text.servo_get_us_clamp
                0x080016c0       0x8c build/main.o
                0x080016c0                servo_get_us_clamp
 .text.command_servo
                0x0800174c      0x51c build/main.o
                0x0800174c                command_servo
 .text.command_tc
                0x08001c68      0x1f4 build/main.o
                0x08001c68                command_tc
 .text.command_pt
                0x08001e5c      0x26c build/main.o
                0x08001e5c                command_pt
 .text.list_all_files
                0x080020c8       0xa4 build/main.o
                0x080020c8                list_all_files
 .text.command_msg
                0x0800216c      0x100 build/main.o
                0x0800216c                command_msg
 .text.add_time_entry
                0x0800226c       0x50 build/main.o
                0x0800226c                add_time_entry
 .text.pt_translate_mv
                0x080022bc       0x44 build/main.o
                0x080022bc                pt_translate_mv
 .text.CAN_Rx_PT
                0x08002300       0x68 build/main.o
                0x08002300                CAN_Rx_PT
 .text.CAN_Rx_PT_Quiet
                0x08002368       0x3c build/main.o
                0x08002368                CAN_Rx_PT_Quiet
 .text.main_tick
                0x080023a4       0x20 build/main.o
                0x080023a4                main_tick
 .text.command_time
                0x080023c4      0x4ac build/main.o
                0x080023c4                command_time
 .text.command_log
                0x08002870      0x478 build/main.o
                0x08002870                command_log
 .text.control_read
                0x08002ce8       0x8c build/main.o
                0x08002ce8                control_read
 .text.control_write
                0x08002d74       0x50 build/main.o
                0x08002d74                control_write
 .text.command_loop
                0x08002dc4      0x70c build/main.o
                0x08002dc4                command_loop
 .text.command_lc
                0x080034d0       0xa0 build/main.o
                0x080034d0                command_lc
 .text.command_mservo
                0x08003570       0x3c build/main.o
                0x08003570                command_mservo
 .text.initialize_sd
                0x080035ac       0x4c build/main.o
                0x080035ac                initialize_sd
 .text.deinit_sd
                0x080035f8       0x28 build/main.o
                0x080035f8                deinit_sd
 .text.sd_free_space
                0x08003620       0x4c build/main.o
                0x08003620                sd_free_space
 .text.command_sd
                0x0800366c      0x100 build/main.o
                0x0800366c                command_sd
 .text.process_command
                0x0800376c      0x2ac build/main.o
                0x0800376c                process_command
 .text.command_file
                0x08003a18      0x39c build/main.o
                0x08003a18                command_file
 .text.Error_Handler
                0x08003db4        0x4 build/main.o
                0x08003db4                Error_Handler
 .text.MX_ADC1_Init
                0x08003db8       0x88 build/main.o
 .text.MX_FDCAN1_Init
                0x08003e40       0x4c build/main.o
 .text.MX_I2C1_Init
                0x08003e8c       0x58 build/main.o
 .text.MX_SPI1_Init
                0x08003ee4       0x4c build/main.o
 .text.MX_SPI2_Init
                0x08003f30       0x50 build/main.o
 .text.MX_USART1_UART_Init
                0x08003f80       0x68 build/main.o
 .text.MX_USART2_UART_Init
                0x08003fe8       0x70 build/main.o
 .text.MX_TIM2_Init
                0x08004058       0x78 build/main.o
 .text.SystemClock_Config
                0x080040d0       0x84 build/main.o
                0x080040d0                SystemClock_Config
 .text.main     0x08004154      0x1d4 build/main.o
                0x08004154                main
 .text.xchg_spi
                0x08004328       0x28 build/user_diskio_spi.o
 .text.wait_ready
                0x08004350       0x2a build/user_diskio_spi.o
 .text.rcvr_spi_multi
                0x0800437a       0x1c build/user_diskio_spi.o
 *fill*         0x08004396        0x2 
 .text.despiselect
                0x08004398       0x18 build/user_diskio_spi.o
 .text.spiselect
                0x080043b0       0x30 build/user_diskio_spi.o
 .text.send_cmd
                0x080043e0       0x96 build/user_diskio_spi.o
 *fill*         0x08004476        0x2 
 .text.xmit_spi_multi
                0x08004478       0x18 build/user_diskio_spi.o
 .text.xmit_datablock
                0x08004490       0x4e build/user_diskio_spi.o
 *fill*         0x080044de        0x2 
 .text.SPI_Timer_On
                0x080044e0       0x1c build/user_diskio_spi.o
                0x080044e0                SPI_Timer_On
 .text.SPI_Timer_Status
                0x080044fc       0x20 build/user_diskio_spi.o
                0x080044fc                SPI_Timer_Status
 .text.rcvr_datablock
                0x0800451c       0x40 build/user_diskio_spi.o
 .text.USER_SPI_initialize
                0x0800455c      0x16c build/user_diskio_spi.o
                0x0800455c                USER_SPI_initialize
 .text.USER_SPI_status
                0x080046c8       0x14 build/user_diskio_spi.o
                0x080046c8                USER_SPI_status
 .text.USER_SPI_read
                0x080046dc       0x90 build/user_diskio_spi.o
                0x080046dc                USER_SPI_read
 .text.USER_SPI_write
                0x0800476c       0xb4 build/user_diskio_spi.o
                0x0800476c                USER_SPI_write
 .text.USER_SPI_ioctl
                0x08004820      0x220 build/user_diskio_spi.o
                0x08004820                USER_SPI_ioctl
 .text.NMI_Handler
                0x08004a40        0x2 build/stm32g0xx_it.o
                0x08004a40                NMI_Handler
 .text.HardFault_Handler
                0x08004a42        0x2 build/stm32g0xx_it.o
                0x08004a42                HardFault_Handler
 .text.SVC_Handler
                0x08004a44        0x2 build/stm32g0xx_it.o
                0x08004a44                SVC_Handler
 .text.PendSV_Handler
                0x08004a46        0x2 build/stm32g0xx_it.o
                0x08004a46                PendSV_Handler
 .text.SysTick_Handler
                0x08004a48        0xc build/stm32g0xx_it.o
                0x08004a48                SysTick_Handler
 .text.DMA1_Channel1_IRQHandler
                0x08004a54       0x10 build/stm32g0xx_it.o
                0x08004a54                DMA1_Channel1_IRQHandler
 .text.HAL_MspInit
                0x08004a64       0x38 build/stm32g0xx_hal_msp.o
                0x08004a64                HAL_MspInit
 .text.HAL_ADC_MspInit
                0x08004a9c       0x9c build/stm32g0xx_hal_msp.o
                0x08004a9c                HAL_ADC_MspInit
 .text.HAL_FDCAN_MspInit
                0x08004b38       0x88 build/stm32g0xx_hal_msp.o
                0x08004b38                HAL_FDCAN_MspInit
 .text.HAL_I2C_MspInit
                0x08004bc0       0x88 build/stm32g0xx_hal_msp.o
                0x08004bc0                HAL_I2C_MspInit
 .text.HAL_SPI_MspInit
                0x08004c48       0xe4 build/stm32g0xx_hal_msp.o
                0x08004c48                HAL_SPI_MspInit
 .text.HAL_TIM_Base_MspInit
                0x08004d2c       0x28 build/stm32g0xx_hal_msp.o
                0x08004d2c                HAL_TIM_Base_MspInit
 .text.HAL_UART_MspInit
                0x08004d54       0xe8 build/stm32g0xx_hal_msp.o
                0x08004d54                HAL_UART_MspInit
 .text.HAL_ADC_Init
                0x08004e3c      0x244 build/stm32g0xx_hal_adc.o
                0x08004e3c                HAL_ADC_Init
 .text.HAL_ADC_PollForConversion
                0x08005080       0xc0 build/stm32g0xx_hal_adc.o
                0x08005080                HAL_ADC_PollForConversion
 .text.HAL_ADC_GetValue
                0x08005140        0x6 build/stm32g0xx_hal_adc.o
                0x08005140                HAL_ADC_GetValue
 .text.HAL_ADC_ConvHalfCpltCallback
                0x08005146        0x2 build/stm32g0xx_hal_adc.o
                0x08005146                HAL_ADC_ConvHalfCpltCallback
 .text.ADC_DMAHalfConvCplt
                0x08005148        0xa build/stm32g0xx_hal_adc.o
 .text.HAL_ADC_ErrorCallback
                0x08005152        0x2 build/stm32g0xx_hal_adc.o
                0x08005152                HAL_ADC_ErrorCallback
 .text.ADC_DMAError
                0x08005154       0x1a build/stm32g0xx_hal_adc.o
 *fill*         0x0800516e        0x2 
 .text.ADC_DMAConvCplt
                0x08005170       0x80 build/stm32g0xx_hal_adc.o
 .text.HAL_ADC_ConfigChannel
                0x080051f0      0x2a0 build/stm32g0xx_hal_adc.o
                0x080051f0                HAL_ADC_ConfigChannel
 .text.ADC_ConversionStop
                0x08005490       0x60 build/stm32g0xx_hal_adc.o
                0x08005490                ADC_ConversionStop
 .text.ADC_Enable
                0x080054f0       0xcc build/stm32g0xx_hal_adc.o
                0x080054f0                ADC_Enable
 .text.HAL_ADC_Start
                0x080055bc       0x68 build/stm32g0xx_hal_adc.o
                0x080055bc                HAL_ADC_Start
 .text.HAL_ADC_Start_DMA
                0x08005624       0xbc build/stm32g0xx_hal_adc.o
                0x08005624                HAL_ADC_Start_DMA
 .text.ADC_Disable
                0x080056e0       0x94 build/stm32g0xx_hal_adc.o
                0x080056e0                ADC_Disable
 .text.HAL_ADC_Stop_DMA
                0x08005774       0x84 build/stm32g0xx_hal_adc.o
                0x08005774                HAL_ADC_Stop_DMA
 .text.HAL_ADCEx_Calibration_Start
                0x080057f8      0x178 build/stm32g0xx_hal_adc_ex.o
                0x080057f8                HAL_ADCEx_Calibration_Start
 .text.HAL_RCC_OscConfig
                0x08005970      0x518 build/stm32g0xx_hal_rcc.o
                0x08005970                HAL_RCC_OscConfig
 .text.HAL_RCC_GetSysClockFreq
                0x08005e88       0xb8 build/stm32g0xx_hal_rcc.o
                0x08005e88                HAL_RCC_GetSysClockFreq
 .text.HAL_RCC_ClockConfig
                0x08005f40      0x18c build/stm32g0xx_hal_rcc.o
                0x08005f40                HAL_RCC_ClockConfig
 .text.HAL_RCC_GetHCLKFreq
                0x080060cc        0xc build/stm32g0xx_hal_rcc.o
                0x080060cc                HAL_RCC_GetHCLKFreq
 .text.HAL_RCC_GetPCLK1Freq
                0x080060d8       0x28 build/stm32g0xx_hal_rcc.o
                0x080060d8                HAL_RCC_GetPCLK1Freq
 .text.HAL_RCCEx_PeriphCLKConfig
                0x08006100      0x2fc build/stm32g0xx_hal_rcc_ex.o
                0x08006100                HAL_RCCEx_PeriphCLKConfig
 .text.HAL_GPIO_Init
                0x080063fc      0x180 build/stm32g0xx_hal_gpio.o
                0x080063fc                HAL_GPIO_Init
 .text.HAL_GPIO_ReadPin
                0x0800657c        0xe build/stm32g0xx_hal_gpio.o
                0x0800657c                HAL_GPIO_ReadPin
 .text.HAL_GPIO_WritePin
                0x0800658a        0xc build/stm32g0xx_hal_gpio.o
                0x0800658a                HAL_GPIO_WritePin
 .text.DMA_SetConfig
                0x08006596       0x40 build/stm32g0xx_hal_dma.o
 *fill*         0x080065d6        0x2 
 .text.DMA_CalcDMAMUXChannelBaseAndMask
                0x080065d8       0x68 build/stm32g0xx_hal_dma.o
 .text.DMA_CalcDMAMUXRequestGenBaseAndMask
                0x08006640       0x28 build/stm32g0xx_hal_dma.o
 .text.HAL_DMA_Init
                0x08006668       0xdc build/stm32g0xx_hal_dma.o
                0x08006668                HAL_DMA_Init
 .text.HAL_DMA_Start_IT
                0x08006744       0x9c build/stm32g0xx_hal_dma.o
                0x08006744                HAL_DMA_Start_IT
 .text.HAL_DMA_Abort
                0x080067e0       0x78 build/stm32g0xx_hal_dma.o
                0x080067e0                HAL_DMA_Abort
 .text.HAL_DMA_IRQHandler
                0x08006858       0xe0 build/stm32g0xx_hal_dma.o
                0x08006858                HAL_DMA_IRQHandler
 .text.HAL_PWREx_ControlVoltageScaling
                0x08006938       0x54 build/stm32g0xx_hal_pwr_ex.o
                0x08006938                HAL_PWREx_ControlVoltageScaling
 .text.__NVIC_SetPriority
                0x0800698c       0x60 build/stm32g0xx_hal_cortex.o
 .text.SysTick_Config
                0x080069ec       0x38 build/stm32g0xx_hal_cortex.o
 .text.HAL_NVIC_SetPriority
                0x08006a24        0x8 build/stm32g0xx_hal_cortex.o
                0x08006a24                HAL_NVIC_SetPriority
 .text.HAL_NVIC_EnableIRQ
                0x08006a2c       0x18 build/stm32g0xx_hal_cortex.o
                0x08006a2c                HAL_NVIC_EnableIRQ
 .text.HAL_SYSTICK_Config
                0x08006a44        0x8 build/stm32g0xx_hal_cortex.o
                0x08006a44                HAL_SYSTICK_Config
 .text.HAL_InitTick
                0x08006a4c       0x58 build/stm32g0xx_hal.o
                0x08006a4c                HAL_InitTick
 .text.HAL_Init
                0x08006aa4       0x28 build/stm32g0xx_hal.o
                0x08006aa4                HAL_Init
 .text.HAL_IncTick
                0x08006acc       0x18 build/stm32g0xx_hal.o
                0x08006acc                HAL_IncTick
 .text.HAL_GetTick
                0x08006ae4        0xc build/stm32g0xx_hal.o
                0x08006ae4                HAL_GetTick
 .text.HAL_Delay
                0x08006af0       0x24 build/stm32g0xx_hal.o
                0x08006af0                HAL_Delay
 .text.HAL_SYSCFG_StrobeDBattpinsConfig
                0x08006b14       0x18 build/stm32g0xx_hal.o
                0x08006b14                HAL_SYSCFG_StrobeDBattpinsConfig
 .text.FDCAN_CalcultateRamBlockAddresses
                0x08006b2c       0x7c build/stm32g0xx_hal_fdcan.o
 .text.FDCAN_CopyMessageToRAM
                0x08006ba8       0x7c build/stm32g0xx_hal_fdcan.o
 .text.HAL_FDCAN_Init
                0x08006c24      0x1e4 build/stm32g0xx_hal_fdcan.o
                0x08006c24                HAL_FDCAN_Init
 .text.HAL_FDCAN_Start
                0x08006e08       0x2c build/stm32g0xx_hal_fdcan.o
                0x08006e08                HAL_FDCAN_Start
 .text.HAL_FDCAN_AddMessageToTxFifoQ
                0x08006e34       0x52 build/stm32g0xx_hal_fdcan.o
                0x08006e34                HAL_FDCAN_AddMessageToTxFifoQ
 *fill*         0x08006e86        0x2 
 .text.HAL_FDCAN_GetRxMessage
                0x08006e88      0x15c build/stm32g0xx_hal_fdcan.o
                0x08006e88                HAL_FDCAN_GetRxMessage
 .text.HAL_FDCAN_GetRxFifoFillLevel
                0x08006fe4       0x1c build/stm32g0xx_hal_fdcan.o
                0x08006fe4                HAL_FDCAN_GetRxFifoFillLevel
 .text.HAL_I2C_Init
                0x08007000       0xdc build/stm32g0xx_hal_i2c.o
                0x08007000                HAL_I2C_Init
 .text.HAL_I2CEx_ConfigAnalogFilter
                0x080070dc       0x58 build/stm32g0xx_hal_i2c_ex.o
                0x080070dc                HAL_I2CEx_ConfigAnalogFilter
 .text.HAL_I2CEx_ConfigDigitalFilter
                0x08007134       0x54 build/stm32g0xx_hal_i2c_ex.o
                0x08007134                HAL_I2CEx_ConfigDigitalFilter
 .text.SPI_WaitFlagStateUntilTimeout
                0x08007188       0xe0 build/stm32g0xx_hal_spi.o
 .text.SPI_WaitFifoStateUntilTimeout
                0x08007268      0x10c build/stm32g0xx_hal_spi.o
 .text.SPI_EndRxTxTransaction
                0x08007374       0x68 build/stm32g0xx_hal_spi.o
 .text.HAL_SPI_Init
                0x080073dc      0x104 build/stm32g0xx_hal_spi.o
                0x080073dc                HAL_SPI_Init
 .text.HAL_SPI_Transmit
                0x080074e0      0x1b2 build/stm32g0xx_hal_spi.o
                0x080074e0                HAL_SPI_Transmit
 *fill*         0x08007692        0x2 
 .text.HAL_SPI_TransmitReceive
                0x08007694      0x250 build/stm32g0xx_hal_spi.o
                0x08007694                HAL_SPI_TransmitReceive
 .text.UART_EndRxTransfer
                0x080078e4       0x64 build/stm32g0xx_hal_uart.o
 .text.UART_SetConfig
                0x08007948      0x3a8 build/stm32g0xx_hal_uart.o
                0x08007948                UART_SetConfig
 .text.UART_AdvFeatureConfig
                0x08007cf0       0xe0 build/stm32g0xx_hal_uart.o
                0x08007cf0                UART_AdvFeatureConfig
 .text.UART_WaitOnFlagUntilTimeout
                0x08007dd0       0x9e build/stm32g0xx_hal_uart.o
                0x08007dd0                UART_WaitOnFlagUntilTimeout
 .text.HAL_UART_Transmit
                0x08007e6e       0xfa build/stm32g0xx_hal_uart.o
                0x08007e6e                HAL_UART_Transmit
 .text.HAL_UART_Receive
                0x08007f68      0x14c build/stm32g0xx_hal_uart.o
                0x08007f68                HAL_UART_Receive
 .text.UART_CheckIdleState
                0x080080b4       0xd4 build/stm32g0xx_hal_uart.o
                0x080080b4                UART_CheckIdleState
 .text.HAL_UART_Init
                0x08008188       0x70 build/stm32g0xx_hal_uart.o
                0x08008188                HAL_UART_Init
 .text.UARTEx_SetNbDataToProcess
                0x080081f8       0x50 build/stm32g0xx_hal_uart_ex.o
 .text.HAL_UARTEx_EnableFifoMode
                0x08008248       0x44 build/stm32g0xx_hal_uart_ex.o
                0x08008248                HAL_UARTEx_EnableFifoMode
 .text.HAL_UARTEx_DisableFifoMode
                0x0800828c       0x40 build/stm32g0xx_hal_uart_ex.o
                0x0800828c                HAL_UARTEx_DisableFifoMode
 .text.HAL_UARTEx_SetTxFifoThreshold
                0x080082cc       0x4a build/stm32g0xx_hal_uart_ex.o
                0x080082cc                HAL_UARTEx_SetTxFifoThreshold
 *fill*         0x08008316        0x2 
 .text.HAL_UARTEx_SetRxFifoThreshold
                0x08008318       0x50 build/stm32g0xx_hal_uart_ex.o
                0x08008318                HAL_UARTEx_SetRxFifoThreshold
 .text.SystemInit
                0x08008368        0x2 build/system_stm32g0xx.o
                0x08008368                SystemInit
 *fill*         0x0800836a        0x2 
 .text._sbrk    0x0800836c       0x48 build/sysmem.o
                0x0800836c                _sbrk
 .text._getpid  0x080083b4        0x4 build/syscalls.o
                0x080083b4                _getpid
 .text._kill    0x080083b8       0x10 build/syscalls.o
                0x080083b8                _kill
 .text._exit    0x080083c8        0xc build/syscalls.o
                0x080083c8                _exit
 .text._read    0x080083d4       0x1c build/syscalls.o
                0x080083d4                _read
 .text._write   0x080083f0       0x1c build/syscalls.o
                0x080083f0                _write
 .text._close   0x0800840c        0x6 build/syscalls.o
                0x0800840c                _close
 .text._fstat   0x08008412        0xa build/syscalls.o
                0x08008412                _fstat
 .text._isatty  0x0800841c        0x4 build/syscalls.o
                0x0800841c                _isatty
 .text._lseek   0x08008420        0x4 build/syscalls.o
                0x08008420                _lseek
 .text.MX_FATFS_Init
                0x08008424       0x28 build/app_fatfs.o
                0x08008424                MX_FATFS_Init
 .text.get_fattime
                0x0800844c        0x4 build/app_fatfs.o
                0x0800844c                get_fattime
 .text.USER_initialize
                0x08008450        0x8 build/user_diskio.o
                0x08008450                USER_initialize
 .text.USER_status
                0x08008458        0x8 build/user_diskio.o
                0x08008458                USER_status
 .text.USER_read
                0x08008460        0x8 build/user_diskio.o
                0x08008460                USER_read
 .text.USER_write
                0x08008468        0x8 build/user_diskio.o
                0x08008468                USER_write
 .text.USER_ioctl
                0x08008470        0x8 build/user_diskio.o
                0x08008470                USER_ioctl
 .text.disk_status
                0x08008478       0x18 build/diskio.o
                0x08008478                disk_status
 .text.disk_initialize
                0x08008490       0x28 build/diskio.o
                0x08008490                disk_initialize
 .text.disk_read
                0x080084b8       0x18 build/diskio.o
                0x080084b8                disk_read
 .text.disk_write
                0x080084d0       0x18 build/diskio.o
                0x080084d0                disk_write
 .text.disk_ioctl
                0x080084e8       0x18 build/diskio.o
                0x080084e8                disk_ioctl
 .text.ld_word  0x08008500        0xa build/ff.o
 .text.ld_dword
                0x0800850a       0x18 build/ff.o
 .text.st_word  0x08008522        0x8 build/ff.o
 .text.st_dword
                0x0800852a       0x10 build/ff.o
 .text.mem_cpy  0x0800853a       0x16 build/ff.o
 .text.mem_set  0x08008550        0xc build/ff.o
 .text.mem_cmp  0x0800855c       0x1a build/ff.o
 .text.chk_chr  0x08008576       0x12 build/ff.o
 .text.chk_lock
                0x08008588       0x78 build/ff.o
 .text.enq_lock
                0x08008600       0x20 build/ff.o
 .text.inc_lock
                0x08008620       0xa4 build/ff.o
 .text.dec_lock
                0x080086c4       0x48 build/ff.o
 .text.clear_lock
                0x0800870c       0x24 build/ff.o
 .text.clust2sect
                0x08008730       0x18 build/ff.o
 .text.clmt_clust
                0x08008748       0x28 build/ff.o
 .text.ld_clust
                0x08008770       0x26 build/ff.o
 .text.st_clust
                0x08008796       0x26 build/ff.o
 .text.get_fileinfo
                0x080087bc       0x68 build/ff.o
 .text.create_name
                0x08008824       0xe8 build/ff.o
 .text.get_ldnumber
                0x0800890c       0x50 build/ff.o
 .text.putc_init
                0x0800895c        0xa build/ff.o
 .text.validate
                0x08008966       0x52 build/ff.o
 .text.sync_window
                0x080089b8       0x5c build/ff.o
 .text.move_window
                0x08008a14       0x36 build/ff.o
 *fill*         0x08008a4a        0x2 
 .text.check_fs
                0x08008a4c       0x80 build/ff.o
 .text.find_volume
                0x08008acc      0x340 build/ff.o
 .text.put_fat  0x08008e0c      0x12e build/ff.o
 .text.get_fat  0x08008f3a       0xd6 build/ff.o
 .text.dir_sdi  0x08009010       0xb4 build/ff.o
 .text.create_chain
                0x080090c4       0xc2 build/ff.o
 .text.remove_chain
                0x08009186       0x7c build/ff.o
 .text.dir_remove
                0x08009202       0x1e build/ff.o
 .text.dir_next
                0x08009220      0x126 build/ff.o
 .text.dir_find
                0x08009346       0x56 build/ff.o
 .text.follow_path
                0x0800939c       0x82 build/ff.o
 .text.dir_alloc
                0x0800941e       0x4e build/ff.o
 .text.dir_register
                0x0800946c       0x3c build/ff.o
 .text.dir_read
                0x080094a8       0x60 build/ff.o
 .text.sync_fs  0x08009508       0x98 build/ff.o
 .text.f_mount  0x080095a0       0x64 build/ff.o
                0x080095a0                f_mount
 .text.f_open   0x08009604      0x238 build/ff.o
                0x08009604                f_open
 .text.f_read   0x0800983c      0x1b6 build/ff.o
                0x0800983c                f_read
 .text.f_write  0x080099f2      0x1f6 build/ff.o
                0x080099f2                f_write
 .text.putc_bfd
                0x08009be8       0x4e build/ff.o
 .text.putc_flush
                0x08009c36       0x3c build/ff.o
 .text.f_sync   0x08009c72       0x9c build/ff.o
                0x08009c72                f_sync
 .text.f_close  0x08009d0e       0x2e build/ff.o
                0x08009d0e                f_close
 .text.f_opendir
                0x08009d3c       0x8e build/ff.o
                0x08009d3c                f_opendir
 .text.f_closedir
                0x08009dca       0x2a build/ff.o
                0x08009dca                f_closedir
 .text.f_readdir
                0x08009df4       0x52 build/ff.o
                0x08009df4                f_readdir
 .text.f_getfree
                0x08009e46       0xf8 build/ff.o
                0x08009e46                f_getfree
 .text.f_unlink
                0x08009f3e       0xb2 build/ff.o
                0x08009f3e                f_unlink
 .text.f_rename
                0x08009ff0      0x126 build/ff.o
                0x08009ff0                f_rename
 .text.f_gets   0x0800a116       0x52 build/ff.o
                0x0800a116                f_gets
 .text.f_puts   0x0800a168       0x26 build/ff.o
                0x0800a168                f_puts
 *fill*         0x0800a18e        0x2 
 .text.FATFS_LinkDriverEx
                0x0800a190       0x48 build/ff_gen_drv.o
                0x0800a190                FATFS_LinkDriverEx
 .text.FATFS_LinkDriver
                0x0800a1d8        0xa build/ff_gen_drv.o
                0x0800a1d8                FATFS_LinkDriver
 .text.TIM_TI1_ConfigInputStage
                0x0800a1e2       0x22 build/stm32g0xx_hal_tim.o
 .text.TIM_TI2_ConfigInputStage
                0x0800a204       0x28 build/stm32g0xx_hal_tim.o
 .text.HAL_TIM_Base_Start
                0x0800a22c       0x78 build/stm32g0xx_hal_tim.o
                0x0800a22c                HAL_TIM_Base_Start
 .text.TIM_Base_SetConfig
                0x0800a2a4       0xc0 build/stm32g0xx_hal_tim.o
                0x0800a2a4                TIM_Base_SetConfig
 .text.HAL_TIM_Base_Init
                0x0800a364       0x60 build/stm32g0xx_hal_tim.o
                0x0800a364                HAL_TIM_Base_Init
 .text.TIM_ETR_SetConfig
                0x0800a3c4       0x18 build/stm32g0xx_hal_tim.o
                0x0800a3c4                TIM_ETR_SetConfig
 .text.TIM_SlaveTimer_SetConfig
                0x0800a3dc       0xc4 build/stm32g0xx_hal_tim.o
 .text.HAL_TIM_SlaveConfigSynchro
                0x0800a4a0       0x5c build/stm32g0xx_hal_tim.o
                0x0800a4a0                HAL_TIM_SlaveConfigSynchro
 .text.HAL_TIMEx_MasterConfigSynchronization
                0x0800a4fc       0x8c build/stm32g0xx_hal_tim_ex.o
                0x0800a4fc                HAL_TIMEx_MasterConfigSynchronization
 .text.Reset_Handler
                0x0800a588       0x50 build/startup_stm32g0b1xx.o
                0x0800a588                Reset_Handler
 .text.Default_Handler
                0x0800a5d8        0x2 build/startup_stm32g0b1xx.o
                0x0800a5d8                I2C2_3_IRQHandler
                0x0800a5d8                USART3_4_5_6_LPUART1_IRQHandler
                0x0800a5d8                TIM1_CC_IRQHandler
                0x0800a5d8                ADC1_COMP_IRQHandler
                0x0800a5d8                I2C1_IRQHandler
                0x0800a5d8                TIM7_LPTIM2_IRQHandler
                0x0800a5d8                TIM17_FDCAN_IT1_IRQHandler
                0x0800a5d8                DMA1_Ch4_7_DMA2_Ch1_5_DMAMUX1_OVR_IRQHandler
                0x0800a5d8                RCC_CRS_IRQHandler
                0x0800a5d8                RTC_TAMP_IRQHandler
                0x0800a5d8                SPI1_IRQHandler
                0x0800a5d8                USB_UCPD1_2_IRQHandler
                0x0800a5d8                EXTI2_3_IRQHandler
                0x0800a5d8                USART2_LPUART2_IRQHandler
                0x0800a5d8                PVD_VDDIO2_IRQHandler
                0x0800a5d8                EXTI4_15_IRQHandler
                0x0800a5d8                Default_Handler
                0x0800a5d8                CEC_IRQHandler
                0x0800a5d8                TIM14_IRQHandler
                0x0800a5d8                TIM15_IRQHandler
                0x0800a5d8                TIM3_TIM4_IRQHandler
                0x0800a5d8                EXTI0_1_IRQHandler
                0x0800a5d8                SPI2_3_IRQHandler
                0x0800a5d8                TIM6_DAC_LPTIM1_IRQHandler
                0x0800a5d8                WWDG_IRQHandler
                0x0800a5d8                TIM2_IRQHandler
                0x0800a5d8                DMA1_Channel2_3_IRQHandler
                0x0800a5d8                FLASH_IRQHandler
                0x0800a5d8                USART1_IRQHandler
                0x0800a5d8                TIM16_FDCAN_IT0_IRQHandler
                0x0800a5d8                TIM1_BRK_UP_TRG_COM_IRQHandler
 .text.atof     0x0800a5da        0xa /usr/lib/gcc/arm-none-eabi/14.2.0/../../../../arm-none-eabi/lib/thumb/v6-m/nofp/libc_nano.a(libc_a-atof.o)
                0x0800a5da                atof
 .text.atoi     0x0800a5e4        0xc /usr/lib/gcc/arm-none-eabi/14.2.0/../../../../arm-none-eabi/lib/thumb/v6-m/nofp/libc_nano.a(libc_a-atoi.o)
                0x0800a5e4                atoi
 .text.malloc   0x0800a5f0       0x14 /usr/lib/gcc/arm-none-eabi/14.2.0/../../../../arm-none-eabi/lib/thumb/v6-m/nofp/libc_nano.a(libc_a-malloc.o)
                0x0800a5f0                malloc
 .text.free     0x0800a604       0x14 /usr/lib/gcc/arm-none-eabi/14.2.0/../../../../arm-none-eabi/lib/thumb/v6-m/nofp/libc_nano.a(libc_a-malloc.o)
                0x0800a604                free
 .text.sbrk_aligned
                0x0800a618       0x44 /usr/lib/gcc/arm-none-eabi/14.2.0/../../../../arm-none-eabi/lib/thumb/v6-m/nofp/libc_nano.a(libc_a-mallocr.o)
 .text._malloc_r
                0x0800a65c      0x100 /usr/lib/gcc/arm-none-eabi/14.2.0/../../../../arm-none-eabi/lib/thumb/v6-m/nofp/libc_nano.a(libc_a-mallocr.o)
                0x0800a65c                _malloc_r
 .text.__malloc_lock
                0x0800a75c       0x10 /usr/lib/gcc/arm-none-eabi/14.2.0/../../../../arm-none-eabi/lib/thumb/v6-m/nofp/libc_nano.a(libc_a-mlock.o)
                0x0800a75c                __malloc_lock
 .text.__malloc_unlock
                0x0800a76c       0x10 /usr/lib/gcc/arm-none-eabi/14.2.0/../../../../arm-none-eabi/lib/thumb/v6-m/nofp/libc_nano.a(libc_a-mlock.o)
                0x0800a76c                __malloc_unlock
 .text.sulp     0x0800a77c       0x30 /usr/lib/gcc/arm-none-eabi/14.2.0/../../../../arm-none-eabi/lib/thumb/v6-m/nofp/libc_nano.a(libc_a-strtod.o)
 .text._strtod_l
                0x0800a7ac      0xc04 /usr/lib/gcc/arm-none-eabi/14.2.0/../../../../arm-none-eabi/lib/thumb/v6-m/nofp/libc_nano.a(libc_a-strtod.o)
                0x0800a7ac                _strtod_l
 .text.strtod   0x0800b3b0       0x1c /usr/lib/gcc/arm-none-eabi/14.2.0/../../../../arm-none-eabi/lib/thumb/v6-m/nofp/libc_nano.a(libc_a-strtod.o)
                0x0800b3b0                strtod
 .text._strtol_l.isra.0
                0x0800b3cc      0x114 /usr/lib/gcc/arm-none-eabi/14.2.0/../../../../arm-none-eabi/lib/thumb/v6-m/nofp/libc_nano.a(libc_a-strtol.o)
 .text.strtol   0x0800b4e0       0x18 /usr/lib/gcc/arm-none-eabi/14.2.0/../../../../arm-none-eabi/lib/thumb/v6-m/nofp/libc_nano.a(libc_a-strtol.o)
                0x0800b4e0                strtol
 .text.__cvt    0x0800b4f8       0xcc /usr/lib/gcc/arm-none-eabi/14.2.0/../../../../arm-none-eabi/lib/thumb/v6-m/nofp/libc_nano.a(libc_a-nano-vfprintf_float.o)
                0x0800b4f8                __cvt
 .text.__exponent
                0x0800b5c4       0x82 /usr/lib/gcc/arm-none-eabi/14.2.0/../../../../arm-none-eabi/lib/thumb/v6-m/nofp/libc_nano.a(libc_a-nano-vfprintf_float.o)
                0x0800b5c4                __exponent
 *fill*         0x0800b646        0x2 
 .text._printf_float
                0x0800b648      0x45c /usr/lib/gcc/arm-none-eabi/14.2.0/../../../../arm-none-eabi/lib/thumb/v6-m/nofp/libc_nano.a(libc_a-nano-vfprintf_float.o)
                0x0800b648                _printf_float
 .text._printf_common
                0x0800baa4       0xde /usr/lib/gcc/arm-none-eabi/14.2.0/../../../../arm-none-eabi/lib/thumb/v6-m/nofp/libc_nano.a(libc_a-nano-vfprintf_i.o)
                0x0800baa4                _printf_common
 *fill*         0x0800bb82        0x2 
 .text._printf_i
                0x0800bb84      0x218 /usr/lib/gcc/arm-none-eabi/14.2.0/../../../../arm-none-eabi/lib/thumb/v6-m/nofp/libc_nano.a(libc_a-nano-vfprintf_i.o)
                0x0800bb84                _printf_i
 .text.__sflush_r
                0x0800bd9c      0x114 /usr/lib/gcc/arm-none-eabi/14.2.0/../../../../arm-none-eabi/lib/thumb/v6-m/nofp/libc_nano.a(libc_a-fflush.o)
                0x0800bd9c                __sflush_r
 .text._fflush_r
                0x0800beb0       0x56 /usr/lib/gcc/arm-none-eabi/14.2.0/../../../../arm-none-eabi/lib/thumb/v6-m/nofp/libc_nano.a(libc_a-fflush.o)
                0x0800beb0                _fflush_r
 *fill*         0x0800bf06        0x2 
 .text.std      0x0800bf08       0x6c /usr/lib/gcc/arm-none-eabi/14.2.0/../../../../arm-none-eabi/lib/thumb/v6-m/nofp/libc_nano.a(libc_a-findfp.o)
 .text.stdio_exit_handler
                0x0800bf74       0x1c /usr/lib/gcc/arm-none-eabi/14.2.0/../../../../arm-none-eabi/lib/thumb/v6-m/nofp/libc_nano.a(libc_a-findfp.o)
 .text.cleanup_stdio
                0x0800bf90       0x3c /usr/lib/gcc/arm-none-eabi/14.2.0/../../../../arm-none-eabi/lib/thumb/v6-m/nofp/libc_nano.a(libc_a-findfp.o)
 .text.global_stdio_init.part.0
                0x0800bfcc       0x3c /usr/lib/gcc/arm-none-eabi/14.2.0/../../../../arm-none-eabi/lib/thumb/v6-m/nofp/libc_nano.a(libc_a-findfp.o)
 .text.__sfp_lock_acquire
                0x0800c008       0x10 /usr/lib/gcc/arm-none-eabi/14.2.0/../../../../arm-none-eabi/lib/thumb/v6-m/nofp/libc_nano.a(libc_a-findfp.o)
                0x0800c008                __sfp_lock_acquire
 .text.__sfp_lock_release
                0x0800c018       0x10 /usr/lib/gcc/arm-none-eabi/14.2.0/../../../../arm-none-eabi/lib/thumb/v6-m/nofp/libc_nano.a(libc_a-findfp.o)
                0x0800c018                __sfp_lock_release
 .text.__sinit  0x0800c028       0x30 /usr/lib/gcc/arm-none-eabi/14.2.0/../../../../arm-none-eabi/lib/thumb/v6-m/nofp/libc_nano.a(libc_a-findfp.o)
                0x0800c028                __sinit
 .text._fwalk_sglue
                0x0800c058       0x38 /usr/lib/gcc/arm-none-eabi/14.2.0/../../../../arm-none-eabi/lib/thumb/v6-m/nofp/libc_nano.a(libc_a-fwalk.o)
                0x0800c058                _fwalk_sglue
 .text.setvbuf  0x0800c090      0x16c /usr/lib/gcc/arm-none-eabi/14.2.0/../../../../arm-none-eabi/lib/thumb/v6-m/nofp/libc_nano.a(libc_a-setvbuf.o)
                0x0800c090                setvbuf
 .text.sprintf  0x0800c1fc       0x44 /usr/lib/gcc/arm-none-eabi/14.2.0/../../../../arm-none-eabi/lib/thumb/v6-m/nofp/libc_nano.a(libc_a-sprintf.o)
                0x0800c1fc                sprintf
                0x0800c1fc                siprintf
 .text.__sread  0x0800c240       0x28 /usr/lib/gcc/arm-none-eabi/14.2.0/../../../../arm-none-eabi/lib/thumb/v6-m/nofp/libc_nano.a(libc_a-stdio.o)
                0x0800c240                __sread
 .text.__swrite
                0x0800c268       0x38 /usr/lib/gcc/arm-none-eabi/14.2.0/../../../../arm-none-eabi/lib/thumb/v6-m/nofp/libc_nano.a(libc_a-stdio.o)
                0x0800c268                __swrite
 .text.__sseek  0x0800c2a0       0x2c /usr/lib/gcc/arm-none-eabi/14.2.0/../../../../arm-none-eabi/lib/thumb/v6-m/nofp/libc_nano.a(libc_a-stdio.o)
                0x0800c2a0                __sseek
 .text.__sclose
                0x0800c2cc        0xc /usr/lib/gcc/arm-none-eabi/14.2.0/../../../../arm-none-eabi/lib/thumb/v6-m/nofp/libc_nano.a(libc_a-stdio.o)
                0x0800c2cc                __sclose
 .text.__swbuf_r
                0x0800c2d8       0x84 /usr/lib/gcc/arm-none-eabi/14.2.0/../../../../arm-none-eabi/lib/thumb/v6-m/nofp/libc_nano.a(libc_a-wbuf.o)
                0x0800c2d8                __swbuf_r
 .text.__swsetup_r
                0x0800c35c       0xb8 /usr/lib/gcc/arm-none-eabi/14.2.0/../../../../arm-none-eabi/lib/thumb/v6-m/nofp/libc_nano.a(libc_a-wsetup.o)
                0x0800c35c                __swsetup_r
 .text.memset   0x0800c414       0x10 /usr/lib/gcc/arm-none-eabi/14.2.0/../../../../arm-none-eabi/lib/thumb/v6-m/nofp/libc_nano.a(libc_a-memset.o)
                0x0800c414                memset
 .text.strcspn  0x0800c424       0x22 /usr/lib/gcc/arm-none-eabi/14.2.0/../../../../arm-none-eabi/lib/thumb/v6-m/nofp/libc_nano.a(libc_a-strcspn.o)
                0x0800c424                strcspn
 .text.strncmp  0x0800c446       0x22 /usr/lib/gcc/arm-none-eabi/14.2.0/../../../../arm-none-eabi/lib/thumb/v6-m/nofp/libc_nano.a(libc_a-strncmp.o)
                0x0800c446                strncmp
 .text._localeconv_r
                0x0800c468        0x8 /usr/lib/gcc/arm-none-eabi/14.2.0/../../../../arm-none-eabi/lib/thumb/v6-m/nofp/libc_nano.a(libc_a-localeconv.o)
                0x0800c468                _localeconv_r
 .text._close_r
                0x0800c470       0x24 /usr/lib/gcc/arm-none-eabi/14.2.0/../../../../arm-none-eabi/lib/thumb/v6-m/nofp/libc_nano.a(libc_a-closer.o)
                0x0800c470                _close_r
 .text._lseek_r
                0x0800c494       0x28 /usr/lib/gcc/arm-none-eabi/14.2.0/../../../../arm-none-eabi/lib/thumb/v6-m/nofp/libc_nano.a(libc_a-lseekr.o)
                0x0800c494                _lseek_r
 .text._read_r  0x0800c4bc       0x28 /usr/lib/gcc/arm-none-eabi/14.2.0/../../../../arm-none-eabi/lib/thumb/v6-m/nofp/libc_nano.a(libc_a-readr.o)
                0x0800c4bc                _read_r
 .text._sbrk_r  0x0800c4e4       0x24 /usr/lib/gcc/arm-none-eabi/14.2.0/../../../../arm-none-eabi/lib/thumb/v6-m/nofp/libc_nano.a(libc_a-sbrkr.o)
                0x0800c4e4                _sbrk_r
 .text._write_r
                0x0800c508       0x28 /usr/lib/gcc/arm-none-eabi/14.2.0/../../../../arm-none-eabi/lib/thumb/v6-m/nofp/libc_nano.a(libc_a-writer.o)
                0x0800c508                _write_r
 .text.__errno  0x0800c530        0xc /usr/lib/gcc/arm-none-eabi/14.2.0/../../../../arm-none-eabi/lib/thumb/v6-m/nofp/libc_nano.a(libc_a-errno.o)
                0x0800c530                __errno
 .text.__libc_init_array
                0x0800c53c       0x48 /usr/lib/gcc/arm-none-eabi/14.2.0/../../../../arm-none-eabi/lib/thumb/v6-m/nofp/libc_nano.a(libc_a-init.o)
                0x0800c53c                __libc_init_array
 .text.__retarget_lock_init_recursive
                0x0800c584        0x2 /usr/lib/gcc/arm-none-eabi/14.2.0/../../../../arm-none-eabi/lib/thumb/v6-m/nofp/libc_nano.a(libc_a-lock.o)
                0x0800c584                __retarget_lock_init_recursive
 .text.__retarget_lock_acquire_recursive
                0x0800c586        0x2 /usr/lib/gcc/arm-none-eabi/14.2.0/../../../../arm-none-eabi/lib/thumb/v6-m/nofp/libc_nano.a(libc_a-lock.o)
                0x0800c586                __retarget_lock_acquire_recursive
 .text.__retarget_lock_release_recursive
                0x0800c588        0x2 /usr/lib/gcc/arm-none-eabi/14.2.0/../../../../arm-none-eabi/lib/thumb/v6-m/nofp/libc_nano.a(libc_a-lock.o)
                0x0800c588                __retarget_lock_release_recursive
 .text.strcpy   0x0800c58a       0x10 /usr/lib/gcc/arm-none-eabi/14.2.0/../../../../arm-none-eabi/lib/thumb/v6-m/nofp/libc_nano.a(libc_a-strcpy.o)
                0x0800c58a                strcpy
 .text.memchr   0x0800c59a       0x16 /usr/lib/gcc/arm-none-eabi/14.2.0/../../../../arm-none-eabi/lib/thumb/v6-m/nofp/libc_nano.a(libc_a-memchr-stub.o)
                0x0800c59a                memchr
 .text.memcpy   0x0800c5b0       0x12 /usr/lib/gcc/arm-none-eabi/14.2.0/../../../../arm-none-eabi/lib/thumb/v6-m/nofp/libc_nano.a(libc_a-memcpy-stub.o)
                0x0800c5b0                memcpy
 *fill*         0x0800c5c2        0x2 
 .text.nan      0x0800c5c4        0xc /usr/lib/gcc/arm-none-eabi/14.2.0/../../../../arm-none-eabi/lib/thumb/v6-m/nofp/libc_nano.a(libm_a-s_nan.o)
                0x0800c5c4                nan
 .text.__assert_func
                0x0800c5d0       0x3c /usr/lib/gcc/arm-none-eabi/14.2.0/../../../../arm-none-eabi/lib/thumb/v6-m/nofp/libc_nano.a(libc_a-assert.o)
                0x0800c5d0                __assert_func
 .text.quorem   0x0800c60c      0x10a /usr/lib/gcc/arm-none-eabi/14.2.0/../../../../arm-none-eabi/lib/thumb/v6-m/nofp/libc_nano.a(libc_a-dtoa.o)
 *fill*         0x0800c716        0x2 
 .text._dtoa_r  0x0800c718      0xbd8 /usr/lib/gcc/arm-none-eabi/14.2.0/../../../../arm-none-eabi/lib/thumb/v6-m/nofp/libc_nano.a(libc_a-dtoa.o)
                0x0800c718                _dtoa_r
 .text._free_r  0x0800d2f0       0x94 /usr/lib/gcc/arm-none-eabi/14.2.0/../../../../arm-none-eabi/lib/thumb/v6-m/nofp/libc_nano.a(libc_a-freer.o)
                0x0800d2f0                _free_r
 .text.rshift   0x0800d384       0xa6 /usr/lib/gcc/arm-none-eabi/14.2.0/../../../../arm-none-eabi/lib/thumb/v6-m/nofp/libc_nano.a(libc_a-gdtoa-gethex.o)
 .text.__hexdig_fun
                0x0800d42a       0x2a /usr/lib/gcc/arm-none-eabi/14.2.0/../../../../arm-none-eabi/lib/thumb/v6-m/nofp/libc_nano.a(libc_a-gdtoa-gethex.o)
                0x0800d42a                __hexdig_fun
 .text.__gethex
                0x0800d454      0x448 /usr/lib/gcc/arm-none-eabi/14.2.0/../../../../arm-none-eabi/lib/thumb/v6-m/nofp/libc_nano.a(libc_a-gdtoa-gethex.o)
                0x0800d454                __gethex
 .text.L_shift  0x0800d89c       0x24 /usr/lib/gcc/arm-none-eabi/14.2.0/../../../../arm-none-eabi/lib/thumb/v6-m/nofp/libc_nano.a(libc_a-gdtoa-hexnan.o)
 .text.__match  0x0800d8c0       0x28 /usr/lib/gcc/arm-none-eabi/14.2.0/../../../../arm-none-eabi/lib/thumb/v6-m/nofp/libc_nano.a(libc_a-gdtoa-hexnan.o)
                0x0800d8c0                __match
 .text.__hexnan
                0x0800d8e8      0x154 /usr/lib/gcc/arm-none-eabi/14.2.0/../../../../arm-none-eabi/lib/thumb/v6-m/nofp/libc_nano.a(libc_a-gdtoa-hexnan.o)
                0x0800d8e8                __hexnan
 .text.__ascii_mbtowc
                0x0800da3c       0x24 /usr/lib/gcc/arm-none-eabi/14.2.0/../../../../arm-none-eabi/lib/thumb/v6-m/nofp/libc_nano.a(libc_a-mbtowc_r.o)
                0x0800da3c                __ascii_mbtowc
 .text._Balloc  0x0800da60       0x84 /usr/lib/gcc/arm-none-eabi/14.2.0/../../../../arm-none-eabi/lib/thumb/v6-m/nofp/libc_nano.a(libc_a-mprec.o)
                0x0800da60                _Balloc
 .text._Bfree   0x0800dae4       0x48 /usr/lib/gcc/arm-none-eabi/14.2.0/../../../../arm-none-eabi/lib/thumb/v6-m/nofp/libc_nano.a(libc_a-mprec.o)
                0x0800dae4                _Bfree
 .text.__multadd
                0x0800db2c       0x88 /usr/lib/gcc/arm-none-eabi/14.2.0/../../../../arm-none-eabi/lib/thumb/v6-m/nofp/libc_nano.a(libc_a-mprec.o)
                0x0800db2c                __multadd
 .text.__s2b    0x0800dbb4       0x98 /usr/lib/gcc/arm-none-eabi/14.2.0/../../../../arm-none-eabi/lib/thumb/v6-m/nofp/libc_nano.a(libc_a-mprec.o)
                0x0800dbb4                __s2b
 .text.__hi0bits
                0x0800dc4c       0x42 /usr/lib/gcc/arm-none-eabi/14.2.0/../../../../arm-none-eabi/lib/thumb/v6-m/nofp/libc_nano.a(libc_a-mprec.o)
                0x0800dc4c                __hi0bits
 .text.__lo0bits
                0x0800dc8e       0x5c /usr/lib/gcc/arm-none-eabi/14.2.0/../../../../arm-none-eabi/lib/thumb/v6-m/nofp/libc_nano.a(libc_a-mprec.o)
                0x0800dc8e                __lo0bits
 *fill*         0x0800dcea        0x2 
 .text.__i2b    0x0800dcec       0x30 /usr/lib/gcc/arm-none-eabi/14.2.0/../../../../arm-none-eabi/lib/thumb/v6-m/nofp/libc_nano.a(libc_a-mprec.o)
                0x0800dcec                __i2b
 .text.__multiply
                0x0800dd1c      0x158 /usr/lib/gcc/arm-none-eabi/14.2.0/../../../../arm-none-eabi/lib/thumb/v6-m/nofp/libc_nano.a(libc_a-mprec.o)
                0x0800dd1c                __multiply
 .text.__pow5mult
                0x0800de74       0xc4 /usr/lib/gcc/arm-none-eabi/14.2.0/../../../../arm-none-eabi/lib/thumb/v6-m/nofp/libc_nano.a(libc_a-mprec.o)
                0x0800de74                __pow5mult
 .text.__lshift
                0x0800df38       0xd8 /usr/lib/gcc/arm-none-eabi/14.2.0/../../../../arm-none-eabi/lib/thumb/v6-m/nofp/libc_nano.a(libc_a-mprec.o)
                0x0800df38                __lshift
 .text.__mcmp   0x0800e010       0x36 /usr/lib/gcc/arm-none-eabi/14.2.0/../../../../arm-none-eabi/lib/thumb/v6-m/nofp/libc_nano.a(libc_a-mprec.o)
                0x0800e010                __mcmp
 *fill*         0x0800e046        0x2 
 .text.__mdiff  0x0800e048      0x148 /usr/lib/gcc/arm-none-eabi/14.2.0/../../../../arm-none-eabi/lib/thumb/v6-m/nofp/libc_nano.a(libc_a-mprec.o)
                0x0800e048                __mdiff
 .text.__ulp    0x0800e190       0x40 /usr/lib/gcc/arm-none-eabi/14.2.0/../../../../arm-none-eabi/lib/thumb/v6-m/nofp/libc_nano.a(libc_a-mprec.o)
                0x0800e190                __ulp
 .text.__b2d    0x0800e1d0       0x98 /usr/lib/gcc/arm-none-eabi/14.2.0/../../../../arm-none-eabi/lib/thumb/v6-m/nofp/libc_nano.a(libc_a-mprec.o)
                0x0800e1d0                __b2d
 .text.__d2b    0x0800e268       0xc0 /usr/lib/gcc/arm-none-eabi/14.2.0/../../../../arm-none-eabi/lib/thumb/v6-m/nofp/libc_nano.a(libc_a-mprec.o)
                0x0800e268                __d2b
 .text.__ratio  0x0800e328       0x54 /usr/lib/gcc/arm-none-eabi/14.2.0/../../../../arm-none-eabi/lib/thumb/v6-m/nofp/libc_nano.a(libc_a-mprec.o)
                0x0800e328                __ratio
 .text.__copybits
                0x0800e37c       0x42 /usr/lib/gcc/arm-none-eabi/14.2.0/../../../../arm-none-eabi/lib/thumb/v6-m/nofp/libc_nano.a(libc_a-mprec.o)
                0x0800e37c                __copybits
 .text.__any_on
                0x0800e3be       0x46 /usr/lib/gcc/arm-none-eabi/14.2.0/../../../../arm-none-eabi/lib/thumb/v6-m/nofp/libc_nano.a(libc_a-mprec.o)
                0x0800e3be                __any_on
 .text.__ascii_wctomb
                0x0800e404       0x1a /usr/lib/gcc/arm-none-eabi/14.2.0/../../../../arm-none-eabi/lib/thumb/v6-m/nofp/libc_nano.a(libc_a-wctomb_r.o)
                0x0800e404                __ascii_wctomb
 *fill*         0x0800e41e        0x2 
 .text.__ssputs_r
                0x0800e420       0xc8 /usr/lib/gcc/arm-none-eabi/14.2.0/../../../../arm-none-eabi/lib/thumb/v6-m/nofp/libc_nano.a(libc_a-nano-svfprintf.o)
                0x0800e420                __ssputs_r
 .text._svfprintf_r
                0x0800e4e8      0x208 /usr/lib/gcc/arm-none-eabi/14.2.0/../../../../arm-none-eabi/lib/thumb/v6-m/nofp/libc_nano.a(libc_a-nano-svfprintf.o)
                0x0800e4e8                _svfprintf_r
                0x0800e4e8                _svfiprintf_r
 .text.__sfputc_r
                0x0800e6f0       0x2a /usr/lib/gcc/arm-none-eabi/14.2.0/../../../../arm-none-eabi/lib/thumb/v6-m/nofp/libc_nano.a(libc_a-nano-vfprintf.o)
 .text.__sfputs_r
                0x0800e71a       0x24 /usr/lib/gcc/arm-none-eabi/14.2.0/../../../../arm-none-eabi/lib/thumb/v6-m/nofp/libc_nano.a(libc_a-nano-vfprintf.o)
                0x0800e71a                __sfputs_r
 *fill*         0x0800e73e        0x2 
 .text._vfprintf_r
                0x0800e740      0x240 /usr/lib/gcc/arm-none-eabi/14.2.0/../../../../arm-none-eabi/lib/thumb/v6-m/nofp/libc_nano.a(libc_a-nano-vfprintf.o)
                0x0800e740                _vfiprintf_r
                0x0800e740                _vfprintf_r
 .text.fprintf  0x0800e980       0x20 /usr/lib/gcc/arm-none-eabi/14.2.0/../../../../arm-none-eabi/lib/thumb/v6-m/nofp/libc_nano.a(libc_a-fprintf.o)
                0x0800e980                fprintf
                0x0800e980                fiprintf
 .text.__swhatbuf_r
                0x0800e9a0       0x54 /usr/lib/gcc/arm-none-eabi/14.2.0/../../../../arm-none-eabi/lib/thumb/v6-m/nofp/libc_nano.a(libc_a-makebuf.o)
                0x0800e9a0                __swhatbuf_r
 .text.__smakebuf_r
                0x0800e9f4       0x72 /usr/lib/gcc/arm-none-eabi/14.2.0/../../../../arm-none-eabi/lib/thumb/v6-m/nofp/libc_nano.a(libc_a-makebuf.o)
                0x0800e9f4                __smakebuf_r
 .text.memmove  0x0800ea66       0x24 /usr/lib/gcc/arm-none-eabi/14.2.0/../../../../arm-none-eabi/lib/thumb/v6-m/nofp/libc_nano.a(libc_a-memmove.o)
                0x0800ea66                memmove
 *fill*         0x0800ea8a        0x2 
 .text._fstat_r
                0x0800ea8c       0x24 /usr/lib/gcc/arm-none-eabi/14.2.0/../../../../arm-none-eabi/lib/thumb/v6-m/nofp/libc_nano.a(libc_a-fstatr.o)
                0x0800ea8c                _fstat_r
 .text._isatty_r
                0x0800eab0       0x24 /usr/lib/gcc/arm-none-eabi/14.2.0/../../../../arm-none-eabi/lib/thumb/v6-m/nofp/libc_nano.a(libc_a-isattyr.o)
                0x0800eab0                _isatty_r
 .text.abort    0x0800ead4        0xe /usr/lib/gcc/arm-none-eabi/14.2.0/../../../../arm-none-eabi/lib/thumb/v6-m/nofp/libc_nano.a(libc_a-abort.o)
                0x0800ead4                abort
 .text._calloc_r
                0x0800eae2       0x5a /usr/lib/gcc/arm-none-eabi/14.2.0/../../../../arm-none-eabi/lib/thumb/v6-m/nofp/libc_nano.a(libc_a-callocr.o)
                0x0800eae2                _calloc_r
 .text._realloc_r
                0x0800eb3c       0x60 /usr/lib/gcc/arm-none-eabi/14.2.0/../../../../arm-none-eabi/lib/thumb/v6-m/nofp/libc_nano.a(libc_a-reallocr.o)
                0x0800eb3c                _realloc_r
 .text._raise_r
                0x0800eb9c       0x52 /usr/lib/gcc/arm-none-eabi/14.2.0/../../../../arm-none-eabi/lib/thumb/v6-m/nofp/libc_nano.a(libc_a-signal.o)
                0x0800eb9c                _raise_r
 *fill*         0x0800ebee        0x2 
 .text.raise    0x0800ebf0       0x14 /usr/lib/gcc/arm-none-eabi/14.2.0/../../../../arm-none-eabi/lib/thumb/v6-m/nofp/libc_nano.a(libc_a-signal.o)
                0x0800ebf0                raise
 .text._kill_r  0x0800ec04       0x24 /usr/lib/gcc/arm-none-eabi/14.2.0/../../../../arm-none-eabi/lib/thumb/v6-m/nofp/libc_nano.a(libc_a-signalr.o)
                0x0800ec04                _kill_r
 .text._getpid_r
                0x0800ec28        0x8 /usr/lib/gcc/arm-none-eabi/14.2.0/../../../../arm-none-eabi/lib/thumb/v6-m/nofp/libc_nano.a(libc_a-signalr.o)
                0x0800ec28                _getpid_r
 .text._malloc_usable_size_r
                0x0800ec30       0x10 /usr/lib/gcc/arm-none-eabi/14.2.0/../../../../arm-none-eabi/lib/thumb/v6-m/nofp/libc_nano.a(libc_a-msizer.o)
                0x0800ec30                _malloc_usable_size_r
 .text.__fixunssfsi
                0x0800ec40       0x2e /usr/lib/gcc/arm-none-eabi/14.2.0/thumb/v6-m/nofp/libgcc.a(_fixunssfsi.o)
                0x0800ec40                __aeabi_f2uiz
                0x0800ec40                __fixunssfsi
 *fill*         0x0800ec6e        0x2 
 .text.__fixunsdfsi
                0x0800ec70       0x38 /usr/lib/gcc/arm-none-eabi/14.2.0/thumb/v6-m/nofp/libgcc.a(_fixunsdfsi.o)
                0x0800ec70                __fixunsdfsi
                0x0800ec70                __aeabi_d2uiz
 .text.__fixdfdi
                0x0800eca8       0x38 /usr/lib/gcc/arm-none-eabi/14.2.0/thumb/v6-m/nofp/libgcc.a(_fixdfdi.o)
                0x0800eca8                __aeabi_d2lz
                0x0800eca8                __fixdfdi
 .text.__fixunsdfdi
                0x0800ece0       0x3c /usr/lib/gcc/arm-none-eabi/14.2.0/thumb/v6-m/nofp/libgcc.a(_fixunsdfdi.o)
                0x0800ece0                __aeabi_d2ulz
                0x0800ece0                __fixunsdfdi
 .text.__floatdidf
                0x0800ed1c       0x2c /usr/lib/gcc/arm-none-eabi/14.2.0/thumb/v6-m/nofp/libgcc.a(_floatdidf.o)
                0x0800ed1c                __floatdidf
                0x0800ed1c                __aeabi_l2d
 .text.__udivmoddi4
                0x0800ed48       0xea /usr/lib/gcc/arm-none-eabi/14.2.0/thumb/v6-m/nofp/libgcc.a(_udivmoddi4.o)
                0x0800ed48                __udivmoddi4
 *fill*         0x0800ee32        0x2 
 .text.__aeabi_fadd
                0x0800ee34      0x2f8 /usr/lib/gcc/arm-none-eabi/14.2.0/thumb/v6-m/nofp/libgcc.a(addsf3.o)
                0x0800ee34                __aeabi_fadd
 .text.__aeabi_fdiv
                0x0800f12c      0x1c4 /usr/lib/gcc/arm-none-eabi/14.2.0/thumb/v6-m/nofp/libgcc.a(divsf3.o)
                0x0800f12c                __aeabi_fdiv
 .text.__eqsf2  0x0800f2f0       0x4a /usr/lib/gcc/arm-none-eabi/14.2.0/thumb/v6-m/nofp/libgcc.a(eqsf2.o)
                0x0800f2f0                __nesf2
                0x0800f2f0                __eqsf2
 .text.__gesf2  0x0800f33a       0x7c /usr/lib/gcc/arm-none-eabi/14.2.0/thumb/v6-m/nofp/libgcc.a(gesf2.o)
                0x0800f33a                __gtsf2
                0x0800f33a                __gesf2
 .text.__lesf2  0x0800f3b6       0x7c /usr/lib/gcc/arm-none-eabi/14.2.0/thumb/v6-m/nofp/libgcc.a(lesf2.o)
                0x0800f3b6                __lesf2
                0x0800f3b6                __ltsf2
 *fill*         0x0800f432        0x2 
 .text.__aeabi_fmul
                0x0800f434      0x1f0 /usr/lib/gcc/arm-none-eabi/14.2.0/thumb/v6-m/nofp/libgcc.a(mulsf3.o)
                0x0800f434                __aeabi_fmul
 .text.__aeabi_fsub
                0x0800f624      0x304 /usr/lib/gcc/arm-none-eabi/14.2.0/thumb/v6-m/nofp/libgcc.a(subsf3.o)
                0x0800f624                __aeabi_fsub
 .text.__aeabi_f2iz
                0x0800f928       0x3c /usr/lib/gcc/arm-none-eabi/14.2.0/thumb/v6-m/nofp/libgcc.a(fixsfsi.o)
                0x0800f928                __aeabi_f2iz
 .text.__aeabi_i2f
                0x0800f964       0x88 /usr/lib/gcc/arm-none-eabi/14.2.0/thumb/v6-m/nofp/libgcc.a(floatsisf.o)
                0x0800f964                __aeabi_i2f
 .text.__aeabi_ui2f
                0x0800f9ec       0x7c /usr/lib/gcc/arm-none-eabi/14.2.0/thumb/v6-m/nofp/libgcc.a(floatunsisf.o)
                0x0800f9ec                __aeabi_ui2f
 .text.__aeabi_dadd
                0x0800fa68      0x590 /usr/lib/gcc/arm-none-eabi/14.2.0/thumb/v6-m/nofp/libgcc.a(adddf3.o)
                0x0800fa68                __aeabi_dadd
 .text.__aeabi_ddiv
                0x0800fff8      0x50c /usr/lib/gcc/arm-none-eabi/14.2.0/thumb/v6-m/nofp/libgcc.a(divdf3.o)
                0x0800fff8                __aeabi_ddiv
 .text.__eqdf2  0x08010504       0x84 /usr/lib/gcc/arm-none-eabi/14.2.0/thumb/v6-m/nofp/libgcc.a(eqdf2.o)
                0x08010504                __eqdf2
                0x08010504                __nedf2
 .text.__gedf2  0x08010588       0xc8 /usr/lib/gcc/arm-none-eabi/14.2.0/thumb/v6-m/nofp/libgcc.a(gedf2.o)
                0x08010588                __gtdf2
                0x08010588                __gedf2
 .text.__ledf2  0x08010650       0xc8 /usr/lib/gcc/arm-none-eabi/14.2.0/thumb/v6-m/nofp/libgcc.a(ledf2.o)
                0x08010650                __ltdf2
                0x08010650                __ledf2
 .text.__aeabi_dmul
                0x08010718      0x44c /usr/lib/gcc/arm-none-eabi/14.2.0/thumb/v6-m/nofp/libgcc.a(muldf3.o)
                0x08010718                __aeabi_dmul
 .text.__aeabi_dsub
                0x08010b64      0x5a4 /usr/lib/gcc/arm-none-eabi/14.2.0/thumb/v6-m/nofp/libgcc.a(subdf3.o)
                0x08010b64                __aeabi_dsub
 .text.__aeabi_dcmpun
                0x08011108       0x3c /usr/lib/gcc/arm-none-eabi/14.2.0/thumb/v6-m/nofp/libgcc.a(unorddf2.o)
                0x08011108                __aeabi_dcmpun
 .text.__aeabi_d2iz
                0x08011144       0x64 /usr/lib/gcc/arm-none-eabi/14.2.0/thumb/v6-m/nofp/libgcc.a(fixdfsi.o)
                0x08011144                __aeabi_d2iz
 .text.__aeabi_i2d
                0x080111a8       0x50 /usr/lib/gcc/arm-none-eabi/14.2.0/thumb/v6-m/nofp/libgcc.a(floatsidf.o)
                0x080111a8                __aeabi_i2d
 .text.__aeabi_ui2d
                0x080111f8       0x40 /usr/lib/gcc/arm-none-eabi/14.2.0/thumb/v6-m/nofp/libgcc.a(floatunsidf.o)
                0x080111f8                __aeabi_ui2d
 .text.__aeabi_f2d
                0x08011238       0x84 /usr/lib/gcc/arm-none-eabi/14.2.0/thumb/v6-m/nofp/libgcc.a(extendsfdf2.o)
                0x08011238                __aeabi_f2d
 .text.__aeabi_d2f
                0x080112bc       0xe0 /usr/lib/gcc/arm-none-eabi/14.2.0/thumb/v6-m/nofp/libgcc.a(truncdfsf2.o)
                0x080112bc                __aeabi_d2f
 *(.glue_7)
 .glue_7        0x0801139c        0x0 linker stubs
 *(.glue_7t)
 .glue_7t       0x0801139c        0x0 linker stubs
 *(.eh_frame)
 .eh_frame      0x0801139c        0x0 /usr/lib/gcc/arm-none-eabi/14.2.0/thumb/v6-m/nofp/crtbegin.o
 *(.init)
 .init          0x0801139c        0x4 /usr/lib/gcc/arm-none-eabi/14.2.0/thumb/v6-m/nofp/crti.o
                0x0801139c                _init
 .init          0x080113a0        0x8 /usr/lib/gcc/arm-none-eabi/14.2.0/thumb/v6-m/nofp/crtn.o
 *(.fini)
 .fini          0x080113a8        0x4 /usr/lib/gcc/arm-none-eabi/14.2.0/thumb/v6-m/nofp/crti.o
                0x080113a8                _fini
 .fini          0x080113ac        0x8 /usr/lib/gcc/arm-none-eabi/14.2.0/thumb/v6-m/nofp/crtn.o
                0x080113b4                        . = ALIGN (0x4)
                0x080113b4                        _etext = .

.vfp11_veneer   0x080113b4        0x0
 .vfp11_veneer  0x080113b4        0x0 linker stubs

.v4_bx          0x080113b4        0x0
 .v4_bx         0x080113b4        0x0 linker stubs

.iplt           0x080113b4        0x0
 .iplt          0x080113b4        0x0 /usr/lib/gcc/arm-none-eabi/14.2.0/thumb/v6-m/nofp/crtbegin.o

.rodata         0x080113b8     0x1f50
                0x080113b8                        . = ALIGN (0x4)
 *(.rodata)
 *(.rodata*)
 .rodata.CAN_Rx_Default.str1.4
                0x080113b8     0x1a53 build/main.o
                                  0x5 (size before relaxing)
 .rodata.CAN_Rx_TC.str1.4
                0x08012e0b       0x29 build/main.o
 .rodata.CAN_Rx_Relay.str1.4
                0x08012e0b       0x26 build/main.o
 .rodata.CAN_Rx_RelayPower.str1.4
                0x08012e0b       0x15 build/main.o
 .rodata.CAN_Rx_TCStat.str1.4
                0x08012e0b       0x63 build/main.o
 .rodata.CAN_Decode.str1.4
                0x08012e0b        0xb build/main.o
 .rodata.UART2_Print_Int.str1.4
                0x08012e0b        0x3 build/main.o
 .rodata.bus_list_function.str1.4
                0x08012e0b       0x40 build/main.o
 .rodata.next_word.str1.4
                0x08012e0b        0x2 build/main.o
 .rodata.command_help.str1.4
                0x08012e0b      0x97d build/main.o
 .rodata.command_bus.str1.4
                0x08012e0b       0x8c build/main.o
 .rodata.command_name.str1.4
                0x08012e0b      0x13c build/main.o
 .rodata.command_relay.str1.4
                0x08012e0b       0xed build/main.o
 .rodata.command_servo.str1.4
                0x08012e0b      0x140 build/main.o
 .rodata.command_tc.str1.4
                0x08012e0b       0x63 build/main.o
 .rodata.command_pt.str1.4
                0x08012e0b       0x60 build/main.o
 .rodata.list_all_files.str1.4
                0x08012e0b       0x4f build/main.o
 .rodata.command_msg.str1.4
                0x08012e0b       0x60 build/main.o
 .rodata.CAN_Rx_PT.str1.4
                0x08012e0b        0xf build/main.o
 .rodata.command_time.str1.4
                0x08012e0b      0x237 build/main.o
 .rodata.command_log.str1.4
                0x08012e0b      0x14b build/main.o
 .rodata.command_loop.str1.4
                0x08012e0b      0x279 build/main.o
 .rodata.command_lc.str1.4
                0x08012e0b       0x27 build/main.o
 .rodata.initialize_sd.str1.4
                0x08012e0b       0x3d build/main.o
 .rodata.deinit_sd.str1.4
                0x08012e0b       0x13 build/main.o
 .rodata.sd_free_space.str1.4
                0x08012e0b       0x59 build/main.o
 .rodata.command_sd.str1.4
                0x08012e0b       0x83 build/main.o
 .rodata.process_command.str1.4
                0x08012e0b       0xca build/main.o
 .rodata.command_file.str1.4
                0x08012e0b      0x1c4 build/main.o
 .rodata.main.str1.4
                0x08012e0b       0x25 build/main.o
 .rodata.str1.4
                0x08012e0b       0x2b build/main.o
 *fill*         0x08012e0b        0x1 
 .rodata.DLCtoBytes
                0x08012e0c       0x10 build/stm32g0xx_hal_fdcan.o
 .rodata.UARTPrescTable
                0x08012e1c       0x18 build/stm32g0xx_hal_uart.o
                0x08012e1c                UARTPrescTable
 .rodata.denominator.0
                0x08012e34        0x8 build/stm32g0xx_hal_uart_ex.o
 .rodata.numerator.1
                0x08012e3c        0x8 build/stm32g0xx_hal_uart_ex.o
 .rodata.APBPrescTable
                0x08012e44       0x20 build/system_stm32g0xx.o
                0x08012e44                APBPrescTable
 .rodata.AHBPrescTable
                0x08012e64       0x40 build/system_stm32g0xx.o
                0x08012e64                AHBPrescTable
 .rodata.create_name.str1.4
                0x08012ea4        0xf build/ff.o
 .rodata.ExCvt  0x08012ea4       0x80 build/ff.o
 .rodata._strtod_l.str1.1
                0x08012f24      0x18f /usr/lib/gcc/arm-none-eabi/14.2.0/../../../../arm-none-eabi/lib/thumb/v6-m/nofp/libc_nano.a(libc_a-strtod.o)
                                  0xf (size before relaxing)
 *fill*         0x080130b3        0x1 
 .rodata.fpinan.0
                0x080130b4       0x14 /usr/lib/gcc/arm-none-eabi/14.2.0/../../../../arm-none-eabi/lib/thumb/v6-m/nofp/libc_nano.a(libc_a-strtod.o)
 .rodata.fpi.1  0x080130c8       0x14 /usr/lib/gcc/arm-none-eabi/14.2.0/../../../../arm-none-eabi/lib/thumb/v6-m/nofp/libc_nano.a(libc_a-strtod.o)
 *fill*         0x080130dc        0x4 
 .rodata.tinytens
                0x080130e0       0x28 /usr/lib/gcc/arm-none-eabi/14.2.0/../../../../arm-none-eabi/lib/thumb/v6-m/nofp/libc_nano.a(libc_a-strtod.o)
 .rodata._ctype_
                0x08013108      0x101 /usr/lib/gcc/arm-none-eabi/14.2.0/../../../../arm-none-eabi/lib/thumb/v6-m/nofp/libc_nano.a(libc_a-ctype_.o)
                0x08013108                _ctype_
 .rodata._printf_float.str1.1
                0x08013209       0x12 /usr/lib/gcc/arm-none-eabi/14.2.0/../../../../arm-none-eabi/lib/thumb/v6-m/nofp/libc_nano.a(libc_a-nano-vfprintf_float.o)
 .rodata._printf_i.str1.1
                0x08013209       0x22 /usr/lib/gcc/arm-none-eabi/14.2.0/../../../../arm-none-eabi/lib/thumb/v6-m/nofp/libc_nano.a(libc_a-nano-vfprintf_i.o)
 .rodata._setlocale_r.str1.1
                0x08013209        0x9 /usr/lib/gcc/arm-none-eabi/14.2.0/../../../../arm-none-eabi/lib/thumb/v6-m/nofp/libc_nano.a(libc_a-locale.o)
 .rodata.str1.1
                0x08013209        0x2 /usr/lib/gcc/arm-none-eabi/14.2.0/../../../../arm-none-eabi/lib/thumb/v6-m/nofp/libc_nano.a(libc_a-locale.o)
 .rodata.__assert_func.str1.1
                0x08013209       0x3d /usr/lib/gcc/arm-none-eabi/14.2.0/../../../../arm-none-eabi/lib/thumb/v6-m/nofp/libc_nano.a(libc_a-assert.o)
 .rodata._dtoa_r.str1.1
                0x08013209       0x79 /usr/lib/gcc/arm-none-eabi/14.2.0/../../../../arm-none-eabi/lib/thumb/v6-m/nofp/libc_nano.a(libc_a-dtoa.o)
 .rodata.__gethex.str1.1
                0x08013209       0x5d /usr/lib/gcc/arm-none-eabi/14.2.0/../../../../arm-none-eabi/lib/thumb/v6-m/nofp/libc_nano.a(libc_a-gdtoa-gethex.o)
 .rodata._Balloc.str1.1
                0x08013209       0x5a /usr/lib/gcc/arm-none-eabi/14.2.0/../../../../arm-none-eabi/lib/thumb/v6-m/nofp/libc_nano.a(libc_a-mprec.o)
 .rodata.__multadd.str1.1
                0x08013209       0x11 /usr/lib/gcc/arm-none-eabi/14.2.0/../../../../arm-none-eabi/lib/thumb/v6-m/nofp/libc_nano.a(libc_a-mprec.o)
 *fill*         0x08013209        0x3 
 .rodata.p05.0  0x0801320c        0xc /usr/lib/gcc/arm-none-eabi/14.2.0/../../../../arm-none-eabi/lib/thumb/v6-m/nofp/libc_nano.a(libc_a-mprec.o)
 .rodata.__mprec_bigtens
                0x08013218       0x28 /usr/lib/gcc/arm-none-eabi/14.2.0/../../../../arm-none-eabi/lib/thumb/v6-m/nofp/libc_nano.a(libc_a-mprec.o)
                0x08013218                __mprec_bigtens
 .rodata.__mprec_tens
                0x08013240       0xc8 /usr/lib/gcc/arm-none-eabi/14.2.0/../../../../arm-none-eabi/lib/thumb/v6-m/nofp/libc_nano.a(libc_a-mprec.o)
                0x08013240                __mprec_tens
 .rodata._svfprintf_r.str1.1
                0x08013308       0x11 /usr/lib/gcc/arm-none-eabi/14.2.0/../../../../arm-none-eabi/lib/thumb/v6-m/nofp/libc_nano.a(libc_a-nano-svfprintf.o)
 .rodata._vfprintf_r.str1.1
                0x08013308       0x11 /usr/lib/gcc/arm-none-eabi/14.2.0/../../../../arm-none-eabi/lib/thumb/v6-m/nofp/libc_nano.a(libc_a-nano-vfprintf.o)
                0x0801331c                        . = ALIGN (0x4)

.ARM.extab      0x08013308        0x0
                0x08013308                        . = ALIGN (0x4)
 *(.ARM.extab* .gnu.linkonce.armextab.*)
                0x08013308                        . = ALIGN (0x4)

.ARM            0x08013308        0x8
                0x08013308                        . = ALIGN (0x4)
                0x08013308                        __exidx_start = .
 *(.ARM.exidx*)
 .ARM.exidx.text.__udivmoddi4
                0x08013308        0x8 /usr/lib/gcc/arm-none-eabi/14.2.0/thumb/v6-m/nofp/libgcc.a(_udivmoddi4.o)
                0x08013310                        __exidx_end = .
                0x08013310                        . = ALIGN (0x4)

.preinit_array  0x08013310        0x0
                0x08013310                        . = ALIGN (0x4)
                0x08013310                        PROVIDE (__preinit_array_start = .)
 *(.preinit_array*)
                0x08013310                        PROVIDE (__preinit_array_end = .)
                0x08013310                        . = ALIGN (0x4)

.init_array     0x08013310        0x4
                0x08013310                        . = ALIGN (0x4)
                0x08013310                        PROVIDE (__init_array_start = .)
 *(SORT_BY_NAME(.init_array.*))
 *(.init_array*)
 .init_array    0x08013310        0x4 /usr/lib/gcc/arm-none-eabi/14.2.0/thumb/v6-m/nofp/crtbegin.o
                0x08013314                        PROVIDE (__init_array_end = .)
                0x08013314                        . = ALIGN (0x4)

.fini_array     0x08013314        0x4
                0x08013314                        . = ALIGN (0x4)
                0x08013314                        PROVIDE (__fini_array_start = .)
 *(SORT_BY_NAME(.fini_array.*))
 *(.fini_array*)
 .fini_array    0x08013314        0x4 /usr/lib/gcc/arm-none-eabi/14.2.0/thumb/v6-m/nofp/crtbegin.o
                0x08013318                        PROVIDE (__fini_array_end = .)
                0x08013318                        . = ALIGN (0x4)
                0x08013318                        _sidata = LOADADDR (.data)

.rel.dyn        0x08013318        0x0
 .rel.iplt      0x08013318        0x0 /usr/lib/gcc/arm-none-eabi/14.2.0/thumb/v6-m/nofp/crtbegin.o

.data           0x20000000      0x218 load address 0x08013318
                0x20000000                        . = ALIGN (0x4)
                0x20000000                        _sdata = .
 *(.data)
 *(.data*)
 .data.dev_classes
                0x20000000       0x14 build/main.o
                0x20000000                dev_classes
 .data.hx       0x20000014       0x18 build/main.o
                0x20000014                hx
 .data.CAN_Rx_Func
                0x2000002c        0x4 build/main.o
                0x2000002c                CAN_Rx_Func
 .data.vref_raw
                0x20000030        0x2 build/main.o
                0x20000030                vref_raw
 .data.Stat     0x20000032        0x1 build/user_diskio_spi.o
 .data.uwTickFreq
                0x20000033        0x1 build/stm32g0xx_hal.o
                0x20000033                uwTickFreq
 .data.uwTickPrio
                0x20000034        0x4 build/stm32g0xx_hal.o
                0x20000034                uwTickPrio
 .data.SystemCoreClock
                0x20000038        0x4 build/system_stm32g0xx.o
                0x20000038                SystemCoreClock
 .data.USER_Driver
                0x2000003c       0x14 build/user_diskio.o
                0x2000003c                USER_Driver
 .data.__sglue  0x20000050        0xc /usr/lib/gcc/arm-none-eabi/14.2.0/../../../../arm-none-eabi/lib/thumb/v6-m/nofp/libc_nano.a(libc_a-findfp.o)
                0x20000050                __sglue
 .data.__global_locale
                0x2000005c      0x16c /usr/lib/gcc/arm-none-eabi/14.2.0/../../../../arm-none-eabi/lib/thumb/v6-m/nofp/libc_nano.a(libc_a-locale.o)
                0x2000005c                __global_locale
 .data._impure_ptr
                0x200001c8        0x4 /usr/lib/gcc/arm-none-eabi/14.2.0/../../../../arm-none-eabi/lib/thumb/v6-m/nofp/libc_nano.a(libc_a-impure.o)
                0x200001c8                _impure_ptr
 .data._impure_data
                0x200001cc       0x4c /usr/lib/gcc/arm-none-eabi/14.2.0/../../../../arm-none-eabi/lib/thumb/v6-m/nofp/libc_nano.a(libc_a-impure.o)
                0x200001cc                _impure_data
 *(.RamFunc)
 *(.RamFunc*)
                0x20000218                        . = ALIGN (0x4)
                0x20000218                        _edata = .

.igot.plt       0x20000218        0x0 load address 0x08013530
 .igot.plt      0x20000218        0x0 /usr/lib/gcc/arm-none-eabi/14.2.0/thumb/v6-m/nofp/crtbegin.o
                0x20000218                        . = ALIGN (0x4)

.bss            0x20000218     0x1f3c load address 0x08013530
                0x20000218                        _sbss = .
                0x20000218                        __bss_start__ = _sbss
 *(.bss)
 *(.bss*)
 .bss.completed.1
                0x20000218        0x1 /usr/lib/gcc/arm-none-eabi/14.2.0/thumb/v6-m/nofp/crtbegin.o
 *fill*         0x20000219        0x3 
 .bss.object.0  0x2000021c       0x18 /usr/lib/gcc/arm-none-eabi/14.2.0/thumb/v6-m/nofp/crtbegin.o
 .bss.prog_lines
                0x20000234        0x4 build/main.o
                0x20000234                prog_lines
 .bss.control_maxa
                0x20000238        0x4 build/main.o
                0x20000238                control_maxa
 .bss.control_mina
                0x2000023c        0x4 build/main.o
                0x2000023c                control_mina
 .bss.control_int
                0x20000240        0x4 build/main.o
                0x20000240                control_int
 .bss.control_setp
                0x20000244        0x4 build/main.o
                0x20000244                control_setp
 .bss.control_aidx
                0x20000248        0x4 build/main.o
                0x20000248                control_aidx
 .bss.control_aid
                0x2000024c        0x4 build/main.o
                0x2000024c                control_aid
 .bss.control_atype
                0x20000250        0x4 build/main.o
                0x20000250                control_atype
 .bss.control_sidx
                0x20000254        0x4 build/main.o
                0x20000254                control_sidx
 .bss.control_sid
                0x20000258        0x4 build/main.o
                0x20000258                control_sid
 .bss.control_stype
                0x2000025c        0x4 build/main.o
                0x2000025c                control_stype
 .bss.control_d
                0x20000260        0x4 build/main.o
                0x20000260                control_d
 .bss.control_i
                0x20000264        0x4 build/main.o
                0x20000264                control_i
 .bss.control_p
                0x20000268        0x4 build/main.o
                0x20000268                control_p
 .bss.islogopen
                0x2000026c        0x4 build/main.o
                0x2000026c                islogopen
 .bss.logfile   0x20000270      0x230 build/main.o
                0x20000270                logfile
 .bss.control_last_ts
                0x200004a0        0x4 build/main.o
                0x200004a0                control_last_ts
 .bss.control_last_eff
                0x200004a4        0x4 build/main.o
                0x200004a4                control_last_eff
 .bss.control_last_err
                0x200004a8        0x4 build/main.o
                0x200004a8                control_last_err
 .bss.control_last_rd
                0x200004ac        0x4 build/main.o
                0x200004ac                control_last_rd
 .bss.time_mark
                0x200004b0        0x4 build/main.o
                0x200004b0                time_mark
 .bss.root      0x200004b4        0x4 build/main.o
                0x200004b4                root
 .bss.cur_programming
                0x200004b8        0x4 build/main.o
                0x200004b8                cur_programming
 .bss.pfil      0x200004bc      0x230 build/main.o
                0x200004bc                pfil
 .bss.FatFs     0x200006ec      0x230 build/main.o
                0x200006ec                FatFs
 .bss.sd_ok     0x2000091c        0x4 build/main.o
                0x2000091c                sd_ok
 .bss.cmd_invalid
                0x20000920        0x4 build/main.o
                0x20000920                cmd_invalid
 .bss.name_maps
                0x20000924     0x1280 build/main.o
                0x20000924                name_maps
 .bss.num_maps  0x20001ba4        0x4 build/main.o
                0x20001ba4                num_maps
 .bss.muted     0x20001ba8        0x4 build/main.o
                0x20001ba8                muted
 .bss.last_pt_v
                0x20001bac        0x4 build/main.o
                0x20001bac                last_pt_v
 .bss.max_psi_tmp
                0x20001bb0       0x14 build/main.o
                0x20001bb0                max_psi_tmp
 .bss.last_index
                0x20001bc4        0x4 build/main.o
                0x20001bc4                last_index
 .bss.just_set_idx
                0x20001bc8        0x4 build/main.o
                0x20001bc8                just_set_idx
 .bss.just_set_val
                0x20001bcc        0x4 build/main.o
                0x20001bcc                just_set_val
 .bss.just_set_id
                0x20001bd0        0x4 build/main.o
                0x20001bd0                just_set_id
 .bss.just_set_solenoid
                0x20001bd4        0x4 build/main.o
                0x20001bd4                just_set_solenoid
 .bss.vref_mV   0x20001bd8        0x2 build/main.o
                0x20001bd8                vref_mV
 *fill*         0x20001bda        0x2 
 .bss.terse     0x20001bdc        0x4 build/main.o
                0x20001bdc                terse
 .bss.emergency_solenoid
                0x20001be0       0x12 build/main.o
                0x20001be0                emergency_solenoid
 *fill*         0x20001bf2        0x2 
 .bss.lastRxData
                0x20001bf4        0x8 build/main.o
                0x20001bf4                lastRxData
 .bss.next_can_id
                0x20001bfc        0x4 build/main.o
                0x20001bfc                next_can_id
 .bss.huart2    0x20001c00       0x94 build/main.o
                0x20001c00                huart2
 .bss.huart1    0x20001c94       0x94 build/main.o
                0x20001c94                huart1
 .bss.htim2     0x20001d28       0x4c build/main.o
                0x20001d28                htim2
 .bss.hspi2     0x20001d74       0x64 build/main.o
                0x20001d74                hspi2
 .bss.hspi1     0x20001dd8       0x64 build/main.o
                0x20001dd8                hspi1
 .bss.hi2c1     0x20001e3c       0x54 build/main.o
                0x20001e3c                hi2c1
 .bss.hfdcan1   0x20001e90       0x64 build/main.o
                0x20001e90                hfdcan1
 .bss.hdma_adc1
                0x20001ef4       0x60 build/main.o
                0x20001ef4                hdma_adc1
 .bss.hadc1     0x20001f54       0x64 build/main.o
                0x20001f54                hadc1
 .bss.spiTimerTickDelay
                0x20001fb8        0x4 build/user_diskio_spi.o
                0x20001fb8                spiTimerTickDelay
 .bss.spiTimerTickStart
                0x20001fbc        0x4 build/user_diskio_spi.o
                0x20001fbc                spiTimerTickStart
 .bss.CardType  0x20001fc0        0x1 build/user_diskio_spi.o
 *fill*         0x20001fc1        0x3 
 .bss.uwTick    0x20001fc4        0x4 build/stm32g0xx_hal.o
                0x20001fc4                uwTick
 .bss.__sbrk_heap_end
                0x20001fc8        0x4 build/sysmem.o
 .bss.Appli_state
                0x20001fcc        0x1 build/app_fatfs.o
                0x20001fcc                Appli_state
 *fill*         0x20001fcd        0x3 
 .bss.USERPath  0x20001fd0        0x4 build/app_fatfs.o
                0x20001fd0                USERPath
 .bss.Files     0x20001fd4       0x20 build/ff.o
 .bss.Fsid      0x20001ff4        0x2 build/ff.o
 *fill*         0x20001ff6        0x2 
 .bss.FatFs     0x20001ff8        0x4 build/ff.o
 .bss.disk      0x20001ffc        0xc build/ff_gen_drv.o
                0x20001ffc                disk
 .bss.__malloc_sbrk_start
                0x20002008        0x4 /usr/lib/gcc/arm-none-eabi/14.2.0/../../../../arm-none-eabi/lib/thumb/v6-m/nofp/libc_nano.a(libc_a-mallocr.o)
                0x20002008                __malloc_sbrk_start
 .bss.__malloc_free_list
                0x2000200c        0x4 /usr/lib/gcc/arm-none-eabi/14.2.0/../../../../arm-none-eabi/lib/thumb/v6-m/nofp/libc_nano.a(libc_a-mallocr.o)
                0x2000200c                __malloc_free_list
 .bss.__sf      0x20002010      0x138 /usr/lib/gcc/arm-none-eabi/14.2.0/../../../../arm-none-eabi/lib/thumb/v6-m/nofp/libc_nano.a(libc_a-findfp.o)
                0x20002010                __sf
 .bss.__stdio_exit_handler
                0x20002148        0x4 /usr/lib/gcc/arm-none-eabi/14.2.0/../../../../arm-none-eabi/lib/thumb/v6-m/nofp/libc_nano.a(libc_a-findfp.o)
                0x20002148                __stdio_exit_handler
 .bss.errno     0x2000214c        0x4 /usr/lib/gcc/arm-none-eabi/14.2.0/../../../../arm-none-eabi/lib/thumb/v6-m/nofp/libc_nano.a(libc_a-reent.o)
                0x2000214c                errno
 .bss.__lock___malloc_recursive_mutex
                0x20002150        0x1 /usr/lib/gcc/arm-none-eabi/14.2.0/../../../../arm-none-eabi/lib/thumb/v6-m/nofp/libc_nano.a(libc_a-lock.o)
                0x20002150                __lock___malloc_recursive_mutex
 .bss.__lock___sfp_recursive_mutex
                0x20002151        0x1 /usr/lib/gcc/arm-none-eabi/14.2.0/../../../../arm-none-eabi/lib/thumb/v6-m/nofp/libc_nano.a(libc_a-lock.o)
                0x20002151                __lock___sfp_recursive_mutex
 *(COMMON)
                0x20002154                        . = ALIGN (0x4)
 *fill*         0x20002152        0x2 
                0x20002154                        _ebss = .
                0x20002154                        __bss_end__ = _ebss

._user_heap_stack
                0x20002154      0x604 load address 0x08013530
                0x20002158                        . = ALIGN (0x8)
 *fill*         0x20002154        0x4 
                [!provide]                        PROVIDE (end = .)
                0x20002158                        PROVIDE (_end = .)
                0x20002358                        . = (. + _Min_Heap_Size)
 *fill*         0x20002158      0x200 
                0x20002758                        . = (. + _Min_Stack_Size)
 *fill*         0x20002358      0x400 
                0x20002758                        . = ALIGN (0x8)

/DISCARD/
 libc.a(*)
 libm.a(*)
 libgcc.a(*)
OUTPUT(build/simple-main.elf elf32-littlearm)
LOAD linker stubs
LOAD /usr/lib/gcc/arm-none-eabi/14.2.0/../../../../arm-none-eabi/lib/thumb/v6-m/nofp/libc.a
LOAD /usr/lib/gcc/arm-none-eabi/14.2.0/../../../../arm-none-eabi/lib/thumb/v6-m/nofp/libm.a
LOAD /usr/lib/gcc/arm-none-eabi/14.2.0/thumb/v6-m/nofp/libgcc.a

.ARM.attributes
                0x00000000       0x28
 .ARM.attributes
                0x00000000       0x1e /usr/lib/gcc/arm-none-eabi/14.2.0/thumb/v6-m/nofp/crti.o
 .ARM.attributes
                0x0000001e       0x2c /usr/lib/gcc/arm-none-eabi/14.2.0/thumb/v6-m/nofp/crtbegin.o
 .ARM.attributes
                0x0000004a       0x2c build/main.o
 .ARM.attributes
                0x00000076       0x2c build/user_diskio_spi.o
 .ARM.attributes
                0x000000a2       0x2c build/stm32g0xx_it.o
 .ARM.attributes
                0x000000ce       0x2c build/stm32g0xx_hal_msp.o
 .ARM.attributes
                0x000000fa       0x2c build/stm32g0xx_hal_adc.o
 .ARM.attributes
                0x00000126       0x2c build/stm32g0xx_hal_adc_ex.o
 .ARM.attributes
                0x00000152       0x2c build/stm32g0xx_hal_rcc.o
 .ARM.attributes
                0x0000017e       0x2c build/stm32g0xx_hal_rcc_ex.o
 .ARM.attributes
                0x000001aa       0x2c build/stm32g0xx_hal_gpio.o
 .ARM.attributes
                0x000001d6       0x2c build/stm32g0xx_hal_dma.o
 .ARM.attributes
                0x00000202       0x2c build/stm32g0xx_hal_pwr_ex.o
 .ARM.attributes
                0x0000022e       0x2c build/stm32g0xx_hal_cortex.o
 .ARM.attributes
                0x0000025a       0x2c build/stm32g0xx_hal.o
 .ARM.attributes
                0x00000286       0x2c build/stm32g0xx_hal_fdcan.o
 .ARM.attributes
                0x000002b2       0x2c build/stm32g0xx_hal_i2c.o
 .ARM.attributes
                0x000002de       0x2c build/stm32g0xx_hal_i2c_ex.o
 .ARM.attributes
                0x0000030a       0x2c build/stm32g0xx_hal_spi.o
 .ARM.attributes
                0x00000336       0x2c build/stm32g0xx_hal_uart.o
 .ARM.attributes
                0x00000362       0x2c build/stm32g0xx_hal_uart_ex.o
 .ARM.attributes
                0x0000038e       0x2c build/system_stm32g0xx.o
 .ARM.attributes
                0x000003ba       0x2c build/sysmem.o
 .ARM.attributes
                0x000003e6       0x2c build/syscalls.o
 .ARM.attributes
                0x00000412       0x2c build/app_fatfs.o
 .ARM.attributes
                0x0000043e       0x2c build/user_diskio.o
 .ARM.attributes
                0x0000046a       0x2c build/diskio.o
 .ARM.attributes
                0x00000496       0x2c build/ff.o
 .ARM.attributes
                0x000004c2       0x2c build/ff_gen_drv.o
 .ARM.attributes
                0x000004ee       0x2c build/stm32g0xx_hal_tim.o
 .ARM.attributes
                0x0000051a       0x2c build/stm32g0xx_hal_tim_ex.o
 .ARM.attributes
                0x00000546       0x22 build/startup_stm32g0b1xx.o
 .ARM.attributes
                0x00000568       0x2c /usr/lib/gcc/arm-none-eabi/14.2.0/../../../../arm-none-eabi/lib/thumb/v6-m/nofp/libc_nano.a(libc_a-atof.o)
 .ARM.attributes
                0x00000594       0x2c /usr/lib/gcc/arm-none-eabi/14.2.0/../../../../arm-none-eabi/lib/thumb/v6-m/nofp/libc_nano.a(libc_a-atoi.o)
 .ARM.attributes
                0x000005c0       0x2c /usr/lib/gcc/arm-none-eabi/14.2.0/../../../../arm-none-eabi/lib/thumb/v6-m/nofp/libc_nano.a(libc_a-malloc.o)
 .ARM.attributes
                0x000005ec       0x2c /usr/lib/gcc/arm-none-eabi/14.2.0/../../../../arm-none-eabi/lib/thumb/v6-m/nofp/libc_nano.a(libc_a-mallocr.o)
 .ARM.attributes
                0x00000618       0x2c /usr/lib/gcc/arm-none-eabi/14.2.0/../../../../arm-none-eabi/lib/thumb/v6-m/nofp/libc_nano.a(libc_a-mlock.o)
 .ARM.attributes
                0x00000644       0x2c /usr/lib/gcc/arm-none-eabi/14.2.0/../../../../arm-none-eabi/lib/thumb/v6-m/nofp/libc_nano.a(libc_a-strtod.o)
 .ARM.attributes