Archive member included to satisfy reference by file (symbol)

c:/Users/sante/AppData/Roaming/Code/User/globalStorage/bmd.stm32-for-vscode/@xpack-dev-tools/arm-none-eabi-gcc/14.2.1-1.1.1/.content/bin/../lib/gcc/arm-none-eabi/14.2.1/../../../../arm-none-eabi/lib/thumb/v6-m/nofp\libc_nano.a(libc_a-atexit.o)
                              c:/Users/sante/AppData/Roaming/Code/User/globalStorage/bmd.stm32-for-vscode/@xpack-dev-tools/arm-none-eabi-gcc/14.2.1-1.1.1/.content/bin/../lib/gcc/arm-none-eabi/14.2.1/../../../../arm-none-eabi/lib/thumb/v6-m/nofp/crt0.o (atexit)
c:/Users/sante/AppData/Roaming/Code/User/globalStorage/bmd.stm32-for-vscode/@xpack-dev-tools/arm-none-eabi-gcc/14.2.1-1.1.1/.content/bin/../lib/gcc/arm-none-eabi/14.2.1/../../../../arm-none-eabi/lib/thumb/v6-m/nofp\libc_nano.a(libc_a-atof.o)
                              build/debug/main.o (atof)
c:/Users/sante/AppData/Roaming/Code/User/globalStorage/bmd.stm32-for-vscode/@xpack-dev-tools/arm-none-eabi-gcc/14.2.1-1.1.1/.content/bin/../lib/gcc/arm-none-eabi/14.2.1/../../../../arm-none-eabi/lib/thumb/v6-m/nofp\libc_nano.a(libc_a-atoi.o)
                              build/debug/main.o (atoi)
c:/Users/sante/AppData/Roaming/Code/User/globalStorage/bmd.stm32-for-vscode/@xpack-dev-tools/arm-none-eabi-gcc/14.2.1-1.1.1/.content/bin/../lib/gcc/arm-none-eabi/14.2.1/../../../../arm-none-eabi/lib/thumb/v6-m/nofp\libc_nano.a(libc_a-exit.o)
                              c:/Users/sante/AppData/Roaming/Code/User/globalStorage/bmd.stm32-for-vscode/@xpack-dev-tools/arm-none-eabi-gcc/14.2.1-1.1.1/.content/bin/../lib/gcc/arm-none-eabi/14.2.1/../../../../arm-none-eabi/lib/thumb/v6-m/nofp/crt0.o (exit)
c:/Users/sante/AppData/Roaming/Code/User/globalStorage/bmd.stm32-for-vscode/@xpack-dev-tools/arm-none-eabi-gcc/14.2.1-1.1.1/.content/bin/../lib/gcc/arm-none-eabi/14.2.1/../../../../arm-none-eabi/lib/thumb/v6-m/nofp\libc_nano.a(libc_a-malloc.o)
                              build/debug/main.o (malloc)
c:/Users/sante/AppData/Roaming/Code/User/globalStorage/bmd.stm32-for-vscode/@xpack-dev-tools/arm-none-eabi-gcc/14.2.1-1.1.1/.content/bin/../lib/gcc/arm-none-eabi/14.2.1/../../../../arm-none-eabi/lib/thumb/v6-m/nofp\libc_nano.a(libc_a-mallocr.o)
                              c:/Users/sante/AppData/Roaming/Code/User/globalStorage/bmd.stm32-for-vscode/@xpack-dev-tools/arm-none-eabi-gcc/14.2.1-1.1.1/.content/bin/../lib/gcc/arm-none-eabi/14.2.1/../../../../arm-none-eabi/lib/thumb/v6-m/nofp\libc_nano.a(libc_a-malloc.o) (_malloc_r)
c:/Users/sante/AppData/Roaming/Code/User/globalStorage/bmd.stm32-for-vscode/@xpack-dev-tools/arm-none-eabi-gcc/14.2.1-1.1.1/.content/bin/../lib/gcc/arm-none-eabi/14.2.1/../../../../arm-none-eabi/lib/thumb/v6-m/nofp\libc_nano.a(libc_a-mlock.o)
                              c:/Users/sante/AppData/Roaming/Code/User/globalStorage/bmd.stm32-for-vscode/@xpack-dev-tools/arm-none-eabi-gcc/14.2.1-1.1.1/.content/bin/../lib/gcc/arm-none-eabi/14.2.1/../../../../arm-none-eabi/lib/thumb/v6-m/nofp\libc_nano.a(libc_a-mallocr.o) (__malloc_lock)
c:/Users/sante/AppData/Roaming/Code/User/globalStorage/bmd.stm32-for-vscode/@xpack-dev-tools/arm-none-eabi-gcc/14.2.1-1.1.1/.content/bin/../lib/gcc/arm-none-eabi/14.2.1/../../../../arm-none-eabi/lib/thumb/v6-m/nofp\libc_nano.a(libc_a-strtod.o)
                              c:/Users/sante/AppData/Roaming/Code/User/globalStorage/bmd.stm32-for-vscode/@xpack-dev-tools/arm-none-eabi-gcc/14.2.1-1.1.1/.content/bin/../lib/gcc/arm-none-eabi/14.2.1/../../../../arm-none-eabi/lib/thumb/v6-m/nofp\libc_nano.a(libc_a-atof.o) (strtod)
c:/Users/sante/AppData/Roaming/Code/User/globalStorage/bmd.stm32-for-vscode/@xpack-dev-tools/arm-none-eabi-gcc/14.2.1-1.1.1/.content/bin/../lib/gcc/arm-none-eabi/14.2.1/../../../../arm-none-eabi/lib/thumb/v6-m/nofp\libc_nano.a(libc_a-strtol.o)
                              c:/Users/sante/AppData/Roaming/Code/User/globalStorage/bmd.stm32-for-vscode/@xpack-dev-tools/arm-none-eabi-gcc/14.2.1-1.1.1/.content/bin/../lib/gcc/arm-none-eabi/14.2.1/../../../../arm-none-eabi/lib/thumb/v6-m/nofp\libc_nano.a(libc_a-atoi.o) (_strtol_r)
c:/Users/sante/AppData/Roaming/Code/User/globalStorage/bmd.stm32-for-vscode/@xpack-dev-tools/arm-none-eabi-gcc/14.2.1-1.1.1/.content/bin/../lib/gcc/arm-none-eabi/14.2.1/../../../../arm-none-eabi/lib/thumb/v6-m/nofp\libc_nano.a(libc_a-ctype_.o)
                              c:/Users/sante/AppData/Roaming/Code/User/globalStorage/bmd.stm32-for-vscode/@xpack-dev-tools/arm-none-eabi-gcc/14.2.1-1.1.1/.content/bin/../lib/gcc/arm-none-eabi/14.2.1/../../../../arm-none-eabi/lib/thumb/v6-m/nofp\libc_nano.a(libc_a-strtol.o) (_ctype_)
c:/Users/sante/AppData/Roaming/Code/User/globalStorage/bmd.stm32-for-vscode/@xpack-dev-tools/arm-none-eabi-gcc/14.2.1-1.1.1/.content/bin/../lib/gcc/arm-none-eabi/14.2.1/../../../../arm-none-eabi/lib/thumb/v6-m/nofp\libc_nano.a(libc_a-findfp.o)
[...]
Memory Configuration

Name             Origin             Length             Attributes
RAM              0x20000000         0x00024000         xrw
FLASH            0x08000000         0x00080000         xr
*default*        0x00000000         0xffffffff

Linker script and memory map

LOAD c:/Users/sante/AppData/Roaming/Code/User/globalStorage/bmd.stm32-for-vscode/@xpack-dev-tools/arm-none-eabi-gcc/14.2.1-1.1.1/.content/bin/../lib/gcc/arm-none-eabi/14.2.1/thumb/v6-m/nofp/crti.o
LOAD c:/Users/sante/AppData/Roaming/Code/User/globalStorage/bmd.stm32-for-vscode/@xpack-dev-tools/arm-none-eabi-gcc/14.2.1-1.1.1/.content/bin/../lib/gcc/arm-none-eabi/14.2.1/thumb/v6-m/nofp/crtbegin.o
LOAD c:/Users/sante/AppData/Roaming/Code/User/globalStorage/bmd.stm32-for-vscode/@xpack-dev-tools/arm-none-eabi-gcc/14.2.1-1.1.1/.content/bin/../lib/gcc/arm-none-eabi/14.2.1/../../../../arm-none-eabi/lib/thumb/v6-m/nofp/crt0.o
LOAD build/debug/app_fatfs.o
LOAD build/debug/diskio.o
LOAD build/debug/ff.o
LOAD build/debug/ff_gen_drv.o
LOAD build/debug/main.o
LOAD build/debug/stm32g0xx_hal.o
LOAD build/debug/stm32g0xx_hal_adc.o
LOAD build/debug/stm32g0xx_hal_adc_ex.o
LOAD build/debug/stm32g0xx_hal_cortex.o
LOAD build/debug/stm32g0xx_hal_dma.o
LOAD build/debug/stm32g0xx_hal_dma_ex.o
LOAD build/debug/stm32g0xx_hal_exti.o
LOAD build/debug/stm32g0xx_hal_fdcan.o
LOAD build/debug/stm32g0xx_hal_flash.o
LOAD build/debug/stm32g0xx_hal_flash_ex.o
LOAD build/debug/stm32g0xx_hal_gpio.o
LOAD build/debug/stm32g0xx_hal_i2c.o
LOAD build/debug/stm32g0xx_hal_i2c_ex.o
LOAD build/debug/stm32g0xx_hal_msp.o
LOAD build/debug/stm32g0xx_hal_pwr.o
LOAD build/debug/stm32g0xx_hal_pwr_ex.o
LOAD build/debug/stm32g0xx_hal_rcc.o
LOAD build/debug/stm32g0xx_hal_rcc_ex.o
LOAD build/debug/stm32g0xx_hal_spi.o
LOAD build/debug/stm32g0xx_hal_spi_ex.o
LOAD build/debug/stm32g0xx_hal_tim.o
LOAD build/debug/stm32g0xx_hal_tim_ex.o
LOAD build/debug/stm32g0xx_hal_uart.o
LOAD build/debug/stm32g0xx_hal_uart_ex.o
LOAD build/debug/stm32g0xx_it.o
LOAD build/debug/stm32g0xx_ll_adc.o
LOAD build/debug/stm32g0xx_ll_rcc.o
LOAD build/debug/syscall.o
LOAD build/debug/syscalls.o
LOAD build/debug/sysmem.o
LOAD build/debug/system_stm32g0xx.o
LOAD build/debug/user_diskio.o
LOAD build/debug/user_diskio_spi.o
LOAD build/debug/startup_stm32g0b1xx.o
LOAD c:/Users/sante/AppData/Roaming/Code/User/globalStorage/bmd.stm32-for-vscode/@xpack-dev-tools/arm-none-eabi-gcc/14.2.1-1.1.1/.content/bin/../lib/gcc/arm-none-eabi/14.2.1/../../../../arm-none-eabi/lib/thumb/v6-m/nofp\libc_nano.a
LOAD c:/Users/sante/AppData/Roaming/Code/User/globalStorage/bmd.stm32-for-vscode/@xpack-dev-tools/arm-none-eabi-gcc/14.2.1-1.1.1/.content/bin/../lib/gcc/arm-none-eabi/14.2.1/../../../../arm-none-eabi/lib/thumb/v6-m/nofp\libm.a
LOAD c:/Users/sante/AppData/Roaming/Code/User/globalStorage/bmd.stm32-for-vscode/@xpack-dev-tools/arm-none-eabi-gcc/14.2.1-1.1.1/.content/bin/../lib/gcc/arm-none-eabi/14.2.1/../../../../arm-none-eabi/lib/thumb/v6-m/nofp\libnosys.a
START GROUP
LOAD c:/Users/sante/AppData/Roaming/Code/User/globalStorage/bmd.stm32-for-vscode/@xpack-dev-tools/arm-none-eabi-gcc/14.2.1-1.1.1/.content/bin/../lib/gcc/arm-none-eabi/14.2.1/thumb/v6-m/nofp\libgcc.a
LOAD c:/Users/sante/AppData/Roaming/Code/User/globalStorage/bmd.stm32-for-vscode/@xpack-dev-tools/arm-none-eabi-gcc/14.2.1-1.1.1/.content/bin/../lib/gcc/arm-none-eabi/14.2.1/../../../../arm-none-eabi/lib/thumb/v6-m/nofp\libc_nano.a
END GROUP
START GROUP
LOAD c:/Users/sante/AppData/Roaming/Code/User/globalStorage/bmd.stm32-for-vscode/@xpack-dev-tools/arm-none-eabi-gcc/14.2.1-1.1.1/.content/bin/../lib/gcc/arm-none-eabi/14.2.1/thumb/v6-m/nofp\libgcc.a
LOAD c:/Users/sante/AppData/Roaming/Code/User/globalStorage/bmd.stm32-for-vscode/@xpack-dev-tools/arm-none-eabi-gcc/14.2.1-1.1.1/.content/bin/../lib/gcc/arm-none-eabi/14.2.1/../../../../arm-none-eabi/lib/thumb/v6-m/nofp\libc_nano.a
END GROUP
LOAD c:/Users/sante/AppData/Roaming/Code/User/globalStorage/bmd.stm32-for-vscode/@xpack-dev-tools/arm-none-eabi-gcc/14.2.1-1.1.1/.content/bin/../lib/gcc/arm-none-eabi/14.2.1/thumb/v6-m/nofp/crtend.o
LOAD c:/Users/sante/AppData/Roaming/Code/User/globalStorage/bmd.stm32-for-vscode/@xpack-dev-tools/arm-none-eabi-gcc/14.2.1-1.1.1/.content/bin/../lib/gcc/arm-none-eabi/14.2.1/thumb/v6-m/nofp/crtn.o
                0x20024000                        _estack = (ORIGIN (RAM) + LENGTH (RAM))
                0x00000200                        _Min_Heap_Size = 0x200
                0x00000400                        _Min_Stack_Size = 0x400

.isr_vector     0x08000000       0xbc
                0x08000000                        . = ALIGN (0x4)
 *(.isr_vector)
 .isr_vector    0x08000000       0xbc build/debug/startup_stm32g0b1xx.o
                0x08000000                g_pfnVectors
                0x080000bc                        . = ALIGN (0x4)

.text           0x080000bc    0x10ed8
                0x080000bc                        . = ALIGN (0x4)
 *(.text)
 .text          0x080000bc       0x14 c:/Users/sante/AppData/Roaming/Code/User/globalStorage/bmd.stm32-for-vscode/@xpack-dev-tools/arm-none-eabi-gcc/14.2.1-1.1.1/.content/bin/../lib/gcc/arm-none-eabi/14.2.1/../../../../arm-none-eabi/lib/thumb/v6-m/nofp\libc_nano.a(libc_a-strcmp.o)
                0x080000bc                strcmp
 .text          0x080000d0        0xe c:/Users/sante/AppData/Roaming/Code/User/globalStorage/bmd.stm32-for-vscode/@xpack-dev-tools/arm-none-eabi-gcc/14.2.1-1.1.1/.content/bin/../lib/gcc/arm-none-eabi/14.2.1/../../../../arm-none-eabi/lib/thumb/v6-m/nofp\libc_nano.a(libc_a-strlen.o)
                0x080000d0                strlen
 *fill*         0x080000de        0x2 
 .text          0x080000e0       0x14 c:/Users/sante/AppData/Roaming/Code/User/globalStorage/bmd.stm32-for-vscode/@xpack-dev-tools/arm-none-eabi-gcc/14.2.1-1.1.1/.content/bin/../lib/gcc/arm-none-eabi/14.2.1/thumb/v6-m/nofp\libgcc.a(_thumb1_case_uqi.o)
                0x080000e0                __gnu_thumb1_case_uqi
 .text          0x080000f4       0x14 c:/Users/sante/AppData/Roaming/Code/User/globalStorage/bmd.stm32-for-vscode/@xpack-dev-tools/arm-none-eabi-gcc/14.2.1-1.1.1/.content/bin/../lib/gcc/arm-none-eabi/14.2.1/thumb/v6-m/nofp\libgcc.a(_thumb1_case_shi.o)
                0x080000f4                __gnu_thumb1_case_shi
 .text          0x08000108      0x114 c:/Users/sante/AppData/Roaming/Code/User/globalStorage/bmd.stm32-for-vscode/@xpack-dev-tools/arm-none-eabi-gcc/14.2.1-1.1.1/.content/bin/../lib/gcc/arm-none-eabi/14.2.1/thumb/v6-m/nofp\libgcc.a(_udivsi3.o)
                0x08000108                __aeabi_uidiv
                0x08000108                __udivsi3
                0x08000214                __aeabi_uidivmod
 .text          0x0800021c      0x1d4 c:/Users/sante/AppData/Roaming/Code/User/globalStorage/bmd.stm32-for-vscode/@xpack-dev-tools/arm-none-eabi-gcc/14.2.1-1.1.1/.content/bin/../lib/gcc/arm-none-eabi/14.2.1/thumb/v6-m/nofp\libgcc.a(_divsi3.o)
                0x0800021c                __divsi3
                0x0800021c                __aeabi_idiv
                0x080003e8                __aeabi_idivmod
 .text          0x080003f0        0x4 c:/Users/sante/AppData/Roaming/Code/User/globalStorage/bmd.stm32-for-vscode/@xpack-dev-tools/arm-none-eabi-gcc/14.2.1-1.1.1/.content/bin/../lib/gcc/arm-none-eabi/14.2.1/thumb/v6-m/nofp\libgcc.a(_dvmd_tls.o)
                0x080003f0                __aeabi_idiv0
                0x080003f0                __aeabi_ldiv0
 .text          0x080003f4       0x7c c:/Users/sante/AppData/Roaming/Code/User/globalStorage/bmd.stm32-for-vscode/@xpack-dev-tools/arm-none-eabi-gcc/14.2.1-1.1.1/.content/bin/../lib/gcc/arm-none-eabi/14.2.1/thumb/v6-m/nofp\libgcc.a(_arm_cmpdf2.o)
                0x080003f4                __aeabi_cdrcmple
                0x08000404                __aeabi_cdcmple
                0x08000404                __aeabi_cdcmpeq
                0x08000414                __aeabi_dcmpeq
                0x08000420                __aeabi_dcmplt
                0x08000434                __aeabi_dcmple
                0x08000448                __aeabi_dcmpgt
                0x0800045c                __aeabi_dcmpge
 .text          0x08000470       0x74 c:/Users/sante/AppData/Roaming/Code/User/globalStorage/bmd.stm32-for-vscode/@xpack-dev-tools/arm-none-eabi-gcc/14.2.1-1.1.1/.content/bin/../lib/gcc/arm-none-eabi/14.2.1/thumb/v6-m/nofp\libgcc.a(_arm_cmpsf2.o)
                0x08000470                __aeabi_cfrcmple
                0x08000478                __aeabi_cfcmpeq
                0x08000478                __aeabi_cfcmple
                0x08000488                __aeabi_fcmpeq
                0x08000494                __aeabi_fcmplt
                0x080004a8                __aeabi_fcmple
                0x080004bc                __aeabi_fcmpgt
                0x080004d0                __aeabi_fcmpge
 .text          0x080004e4       0x40 c:/Users/sante/AppData/Roaming/Code/User/globalStorage/bmd.stm32-for-vscode/@xpack-dev-tools/arm-none-eabi-gcc/14.2.1-1.1.1/.content/bin/../lib/gcc/arm-none-eabi/14.2.1/thumb/v6-m/nofp\libgcc.a(_aeabi_uldivmod.o)
                0x080004e4                __aeabi_uldivmod
 .text          0x08000524       0x3c c:/Users/sante/AppData/Roaming/Code/User/globalStorage/bmd.stm32-for-vscode/@xpack-dev-tools/arm-none-eabi-gcc/14.2.1-1.1.1/.content/bin/../lib/gcc/arm-none-eabi/14.2.1/thumb/v6-m/nofp\libgcc.a(_clzsi2.o)
                0x08000524                __clzsi2
 .text          0x08000560       0x18 c:/Users/sante/AppData/Roaming/Code/User/globalStorage/bmd.stm32-for-vscode/@xpack-dev-tools/arm-none-eabi-gcc/14.2.1-1.1.1/.content/bin/../lib/gcc/arm-none-eabi/14.2.1/thumb/v6-m/nofp\libgcc.a(_clzdi2.o)
                0x08000560                __clzdi2
 *(.text*)
 .text.__do_global_dtors_aux
                0x08000578       0x28 c:/Users/sante/AppData/Roaming/Code/User/globalStorage/bmd.stm32-for-vscode/@xpack-dev-tools/arm-none-eabi-gcc/14.2.1-1.1.1/.content/bin/../lib/gcc/arm-none-eabi/14.2.1/thumb/v6-m/nofp/crtbegin.o
 .text.frame_dummy
                0x080005a0       0x20 c:/Users/sante/AppData/Roaming/Code/User/globalStorage/bmd.stm32-for-vscode/@xpack-dev-tools/arm-none-eabi-gcc/14.2.1-1.1.1/.content/bin/../lib/gcc/arm-none-eabi/14.2.1/thumb/v6-m/nofp/crtbegin.o
 .text.MX_FATFS_Init
                0x080005c0       0x28 build/debug/app_fatfs.o
                0x080005c0                MX_FATFS_Init
 .text.get_fattime
                0x080005e8        0x4 build/debug/app_fatfs.o
                0x080005e8                get_fattime
 .text.disk_status
                0x080005ec       0x18 build/debug/diskio.o
                0x080005ec                disk_status
 .text.disk_initialize
                0x08000604       0x28 build/debug/diskio.o
                0x08000604                disk_initialize
 .text.disk_read
                0x0800062c       0x18 build/debug/diskio.o
                0x0800062c                disk_read
 .text.disk_write
                0x08000644       0x18 build/debug/diskio.o
                0x08000644                disk_write
 .text.disk_ioctl
                0x0800065c       0x18 build/debug/diskio.o
                0x0800065c                disk_ioctl
 .text.ld_word  0x08000674        0xa build/debug/ff.o
 .text.ld_dword
                0x0800067e       0x18 build/debug/ff.o
 .text.st_word  0x08000696        0x8 build/debug/ff.o
 .text.st_dword
                0x0800069e       0x10 build/debug/ff.o
 .text.mem_cpy  0x080006ae       0x16 build/debug/ff.o
 .text.mem_set  0x080006c4        0xc build/debug/ff.o
 .text.mem_cmp  0x080006d0       0x1a build/debug/ff.o
 .text.chk_chr  0x080006ea       0x12 build/debug/ff.o
 .text.chk_lock
                0x080006fc       0x78 build/debug/ff.o
 .text.enq_lock
                0x08000774       0x20 build/debug/ff.o
 .text.inc_lock
                0x08000794       0xa4 build/debug/ff.o
 .text.dec_lock
                0x08000838       0x48 build/debug/ff.o
 .text.clear_lock
                0x08000880       0x24 build/debug/ff.o
 .text.clust2sect
                0x080008a4       0x18 build/debug/ff.o
 .text.clmt_clust
                0x080008bc       0x28 build/debug/ff.o
 .text.ld_clust
                0x080008e4       0x26 build/debug/ff.o
 .text.st_clust
                0x0800090a       0x26 build/debug/ff.o
 .text.get_fileinfo
                0x08000930       0x68 build/debug/ff.o
 .text.create_name
                0x08000998       0xe8 build/debug/ff.o
 .text.get_ldnumber
                0x08000a80       0x50 build/debug/ff.o
 .text.putc_init
                0x08000ad0        0xa build/debug/ff.o
 .text.validate
                0x08000ada       0x52 build/debug/ff.o
 .text.sync_window
                0x08000b2c       0x5c build/debug/ff.o
 .text.move_window
                0x08000b88       0x36 build/debug/ff.o
 *fill*         0x08000bbe        0x2 
 .text.check_fs
                0x08000bc0       0x80 build/debug/ff.o
 .text.find_volume
                0x08000c40      0x340 build/debug/ff.o
 .text.put_fat  0x08000f80      0x12e build/debug/ff.o
 .text.get_fat  0x080010ae       0xd6 build/debug/ff.o
 .text.dir_sdi  0x08001184       0xb4 build/debug/ff.o
 .text.create_chain
                0x08001238       0xc2 build/debug/ff.o
 .text.remove_chain
                0x080012fa       0x7c build/debug/ff.o
 .text.dir_remove
                0x08001376       0x1e build/debug/ff.o
 .text.dir_next
                0x08001394      0x126 build/debug/ff.o
 .text.dir_find
                0x080014ba       0x56 build/debug/ff.o
 .text.follow_path
                0x08001510       0x82 build/debug/ff.o
 .text.dir_alloc
                0x08001592       0x4e build/debug/ff.o
 .text.dir_register
                0x080015e0       0x3c build/debug/ff.o
 .text.dir_read
                0x0800161c       0x60 build/debug/ff.o
 .text.sync_fs  0x0800167c       0x98 build/debug/ff.o
 .text.f_mount  0x08001714       0x64 build/debug/ff.o
                0x08001714                f_mount
 .text.f_open   0x08001778      0x238 build/debug/ff.o
                0x08001778                f_open
 .text.f_read   0x080019b0      0x1b6 build/debug/ff.o
                0x080019b0                f_read
 .text.f_write  0x08001b66      0x1f6 build/debug/ff.o
                0x08001b66                f_write
 .text.putc_bfd
                0x08001d5c       0x4e build/debug/ff.o
 .text.putc_flush
                0x08001daa       0x3c build/debug/ff.o
 .text.f_sync   0x08001de6       0x9c build/debug/ff.o
                0x08001de6                f_sync
 .text.f_close  0x08001e82       0x2e build/debug/ff.o
                0x08001e82                f_close
 .text.f_opendir
                0x08001eb0       0x8e build/debug/ff.o
                0x08001eb0                f_opendir
 .text.f_closedir
                0x08001f3e       0x2a build/debug/ff.o
                0x08001f3e                f_closedir
 .text.f_readdir
                0x08001f68       0x52 build/debug/ff.o
                0x08001f68                f_readdir
 .text.f_getfree
                0x08001fba       0xf8 build/debug/ff.o
                0x08001fba                f_getfree
 .text.f_unlink
                0x080020b2       0xb2 build/debug/ff.o
                0x080020b2                f_unlink
 .text.f_rename
                0x08002164      0x126 build/debug/ff.o
                0x08002164                f_rename
 .text.f_gets   0x0800228a       0x52 build/debug/ff.o
                0x0800228a                f_gets
 .text.f_puts   0x080022dc       0x26 build/debug/ff.o
                0x080022dc                f_puts
 *fill*         0x08002302        0x2 
 .text.FATFS_LinkDriverEx
                0x08002304       0x48 build/debug/ff_gen_drv.o
                0x08002304                FATFS_LinkDriverEx
 .text.FATFS_LinkDriver
                0x0800234c        0xa build/debug/ff_gen_drv.o
                0x0800234c                FATFS_LinkDriver
 *fill*         0x08002356        0x2 
 .text.__NVIC_SystemReset
                0x08002358       0x1c build/debug/main.o
 .text.HX711_Delay
                0x08002374       0x18 build/debug/main.o
 .text.MX_GPIO_Init
                0x0800238c       0xcc build/debug/main.o
 .text.MX_DMA_Init
                0x08002458       0x30 build/debug/main.o
 .text.__io_putchar
                0x08002488       0x20 build/debug/main.o
                0x08002488                __io_putchar
 .text.__io_getchar
                0x080024a8       0x24 build/debug/main.o
                0x080024a8                __io_getchar
 .text.HAL_ADC_ConvCpltCallback
                0x080024cc       0x38 build/debug/main.o
                0x080024cc                HAL_ADC_ConvCpltCallback
 .text.HX711_Init
                0x08002504       0x1a build/debug/main.o
                0x08002504                HX711_Init
 .text.HX711_ReadRaw
                0x0800251e       0x74 build/debug/main.o
                0x0800251e                HX711_ReadRaw
 .text.HX711_ReadWeight
                0x08002592       0x1a build/debug/main.o
                0x08002592                HX711_ReadWeight
 .text.HX711_SetParams
                0x080025ac       0x12 build/debug/main.o
                0x080025ac                HX711_SetParams
 *fill*         0x080025be        0x2 
 .text.UART2_Print
                0x080025c0       0x2c build/debug/main.o
                0x080025c0                UART2_Print
 .text.CAN_Rx_Default
                0x080025ec       0x5c build/debug/main.o
                0x080025ec                CAN_Rx_Default
 .text.CAN_Rx_TC
                0x08002648       0x90 build/debug/main.o
                0x08002648                CAN_Rx_TC
 .text.CAN_Rx_Relay
                0x080026d8       0x5c build/debug/main.o
                0x080026d8                CAN_Rx_Relay
 .text.CAN_Rx_RelayPower
                0x08002734       0x40 build/debug/main.o
                0x08002734                CAN_Rx_RelayPower
 .text.CAN_Rx_TCStat
                0x08002774      0x104 build/debug/main.o
                0x08002774                CAN_Rx_TCStat
 .text.CAN_Decode
                0x08002878       0x88 build/debug/main.o
                0x08002878                CAN_Decode
 .text.CAN_Send_Long
                0x08002900       0x38 build/debug/main.o
                0x08002900                CAN_Send_Long
 .text.UART2_Print_Int
                0x08002938       0x2c build/debug/main.o
                0x08002938                UART2_Print_Int
 .text.CAN_Send
                0x08002964       0x44 build/debug/main.o
                0x08002964                CAN_Send
 .text.add_namemap
                0x080029a8       0xbc build/debug/main.o
                0x080029a8                add_namemap
 .text.retrieve_id
                0x08002a64       0x74 build/debug/main.o
                0x08002a64                retrieve_id
 .text.bus_list_function
                0x08002ad8      0x1e4 build/debug/main.o
                0x08002ad8                bus_list_function
 .text.next_word
                0x08002cbc       0x38 build/debug/main.o
                0x08002cbc                next_word
 .text.all_numeric
                0x08002cf4       0x30 build/debug/main.o
                0x08002cf4                all_numeric
 .text.command_help
                0x08002d24       0x18 build/debug/main.o
                0x08002d24                command_help
 .text.command_bus
                0x08002d3c       0xf4 build/debug/main.o
                0x08002d3c                command_bus
 .text.command_name
                0x08002e30      0x278 build/debug/main.o
                0x08002e30                command_name
 .text.command_relay
                0x080030a8      0x39c build/debug/main.o
                0x080030a8                command_relay
 .text.servo_get_us
                0x08003444       0xdc build/debug/main.o
                0x08003444                servo_get_us
 .text.servo_settings
                0x08003520       0xa8 build/debug/main.o
                0x08003520                servo_settings
 .text.servo_get_us_clamp
                0x080035c8       0x8c build/debug/main.o
                0x080035c8                servo_get_us_clamp
 .text.command_servo
                0x08003654      0x51c build/debug/main.o
                0x08003654                command_servo
 .text.command_tc
                0x08003b70      0x1f4 build/debug/main.o
                0x08003b70                command_tc
 .text.command_pt
                0x08003d64      0x26c build/debug/main.o
                0x08003d64                command_pt
 .text.list_all_files
                0x08003fd0       0xa4 build/debug/main.o
                0x08003fd0                list_all_files
 .text.command_msg
                0x08004074      0x100 build/debug/main.o
                0x08004074                command_msg
 .text.add_time_entry
                0x08004174       0x50 build/debug/main.o
                0x08004174                add_time_entry
 .text.pt_translate_mv
                0x080041c4       0x44 build/debug/main.o
                0x080041c4                pt_translate_mv
 .text.CAN_Rx_PT
                0x08004208       0x68 build/debug/main.o
                0x08004208                CAN_Rx_PT
 .text.CAN_Rx_PT_Quiet
                0x08004270       0x3c build/debug/main.o
                0x08004270                CAN_Rx_PT_Quiet
 .text.main_tick
                0x080042ac       0x20 build/debug/main.o
                0x080042ac                main_tick
 .text.command_time
                0x080042cc      0x4ac build/debug/main.o
                0x080042cc                command_time
 .text.command_log
                0x08004778      0x478 build/debug/main.o
                0x08004778                command_log
 .text.control_read
                0x08004bf0       0x8c build/debug/main.o
                0x08004bf0                control_read
 .text.control_write
                0x08004c7c       0x50 build/debug/main.o
                0x08004c7c                control_write
 .text.command_loop
                0x08004ccc      0x70c build/debug/main.o
                0x08004ccc                command_loop
 .text.command_lc
                0x080053d8       0xa0 build/debug/main.o
                0x080053d8                command_lc
 .text.command_mservo
                0x08005478       0x3c build/debug/main.o
                0x08005478                command_mservo
 .text.initialize_sd
                0x080054b4       0x4c build/debug/main.o
                0x080054b4                initialize_sd
 .text.deinit_sd
                0x08005500       0x28 build/debug/main.o
                0x08005500                deinit_sd
 .text.sd_free_space
                0x08005528       0x4c build/debug/main.o
                0x08005528                sd_free_space
 .text.command_sd
                0x08005574      0x100 build/debug/main.o
                0x08005574                command_sd
 .text.process_command
                0x08005674      0x2ac build/debug/main.o
                0x08005674                process_command
 .text.command_file
                0x08005920      0x39c build/debug/main.o
                0x08005920                command_file
 .text.Error_Handler
                0x08005cbc        0x4 build/debug/main.o
                0x08005cbc                Error_Handler
 .text.MX_ADC1_Init
                0x08005cc0       0x88 build/debug/main.o
 .text.MX_FDCAN1_Init
                0x08005d48       0x4c build/debug/main.o
 .text.MX_I2C1_Init
                0x08005d94       0x58 build/debug/main.o
 .text.MX_SPI1_Init
                0x08005dec       0x4c build/debug/main.o
 .text.MX_SPI2_Init
                0x08005e38       0x50 build/debug/main.o
 .text.MX_USART1_UART_Init
                0x08005e88       0x68 build/debug/main.o
 .text.MX_USART2_UART_Init
                0x08005ef0       0x70 build/debug/main.o
 .text.MX_TIM2_Init
                0x08005f60       0x78 build/debug/main.o
 .text.SystemClock_Config
                0x08005fd8       0x84 build/debug/main.o
                0x08005fd8                SystemClock_Config
 .text.main     0x0800605c      0x1d4 build/debug/main.o
                0x0800605c                main
 .text.HAL_InitTick
                0x08006230       0x58 build/debug/stm32g0xx_hal.o
                0x08006230                HAL_InitTick
 .text.HAL_Init
                0x08006288       0x28 build/debug/stm32g0xx_hal.o
                0x08006288                HAL_Init
 .text.HAL_IncTick
                0x080062b0       0x18 build/debug/stm32g0xx_hal.o
                0x080062b0                HAL_IncTick
 .text.HAL_GetTick
                0x080062c8        0xc build/debug/stm32g0xx_hal.o
                0x080062c8                HAL_GetTick
 .text.HAL_Delay
                0x080062d4       0x24 build/debug/stm32g0xx_hal.o
                0x080062d4                HAL_Delay
 .text.HAL_SYSCFG_StrobeDBattpinsConfig
                0x080062f8       0x18 build/debug/stm32g0xx_hal.o
                0x080062f8                HAL_SYSCFG_StrobeDBattpinsConfig
 .text.HAL_ADC_Init
                0x08006310      0x244 build/debug/stm32g0xx_hal_adc.o
                0x08006310                HAL_ADC_Init
 .text.HAL_ADC_PollForConversion
                0x08006554       0xc0 build/debug/stm32g0xx_hal_adc.o
                0x08006554                HAL_ADC_PollForConversion
 .text.HAL_ADC_GetValue
                0x08006614        0x6 build/debug/stm32g0xx_hal_adc.o
                0x08006614                HAL_ADC_GetValue
 .text.HAL_ADC_ConvHalfCpltCallback
                0x0800661a        0x2 build/debug/stm32g0xx_hal_adc.o
                0x0800661a                HAL_ADC_ConvHalfCpltCallback
 .text.ADC_DMAHalfConvCplt
                0x0800661c        0xa build/debug/stm32g0xx_hal_adc.o
 .text.HAL_ADC_ErrorCallback
                0x08006626        0x2 build/debug/stm32g0xx_hal_adc.o
                0x08006626                HAL_ADC_ErrorCallback
 .text.ADC_DMAError
                0x08006628       0x1a build/debug/stm32g0xx_hal_adc.o
 *fill*         0x08006642        0x2 
 .text.ADC_DMAConvCplt
                0x08006644       0x80 build/debug/stm32g0xx_hal_adc.o
 .text.HAL_ADC_ConfigChannel
                0x080066c4      0x2a0 build/debug/stm32g0xx_hal_adc.o
                0x080066c4                HAL_ADC_ConfigChannel
 .text.ADC_ConversionStop
                0x08006964       0x60 build/debug/stm32g0xx_hal_adc.o
                0x08006964                ADC_ConversionStop
 .text.ADC_Enable
                0x080069c4       0xcc build/debug/stm32g0xx_hal_adc.o
                0x080069c4                ADC_Enable
 .text.HAL_ADC_Start
                0x08006a90       0x68 build/debug/stm32g0xx_hal_adc.o
                0x08006a90                HAL_ADC_Start
 .text.HAL_ADC_Start_DMA
                0x08006af8       0xbc build/debug/stm32g0xx_hal_adc.o
                0x08006af8                HAL_ADC_Start_DMA
 .text.ADC_Disable
                0x08006bb4       0x94 build/debug/stm32g0xx_hal_adc.o
                0x08006bb4                ADC_Disable
 .text.HAL_ADC_Stop_DMA
                0x08006c48       0x84 build/debug/stm32g0xx_hal_adc.o
                0x08006c48                HAL_ADC_Stop_DMA
 .text.HAL_ADCEx_Calibration_Start
                0x08006ccc      0x178 build/debug/stm32g0xx_hal_adc_ex.o
                0x08006ccc                HAL_ADCEx_Calibration_Start
 .text.__NVIC_SetPriority
                0x08006e44       0x60 build/debug/stm32g0xx_hal_cortex.o
 .text.SysTick_Config
                0x08006ea4       0x38 build/debug/stm32g0xx_hal_cortex.o
 .text.HAL_NVIC_SetPriority
                0x08006edc        0x8 build/debug/stm32g0xx_hal_cortex.o
                0x08006edc                HAL_NVIC_SetPriority
 .text.HAL_NVIC_EnableIRQ
                0x08006ee4       0x18 build/debug/stm32g0xx_hal_cortex.o
                0x08006ee4                HAL_NVIC_EnableIRQ
 .text.HAL_SYSTICK_Config
                0x08006efc        0x8 build/debug/stm32g0xx_hal_cortex.o
                0x08006efc                HAL_SYSTICK_Config
 .text.DMA_SetConfig
                0x08006f04       0x40 build/debug/stm32g0xx_hal_dma.o
 .text.DMA_CalcDMAMUXChannelBaseAndMask
                0x08006f44       0x68 build/debug/stm32g0xx_hal_dma.o
 .text.DMA_CalcDMAMUXRequestGenBaseAndMask
                0x08006fac       0x28 build/debug/stm32g0xx_hal_dma.o
 .text.HAL_DMA_Init
                0x08006fd4       0xdc build/debug/stm32g0xx_hal_dma.o
                0x08006fd4                HAL_DMA_Init
 .text.HAL_DMA_Start_IT
                0x080070b0       0x9c build/debug/stm32g0xx_hal_dma.o
                0x080070b0                HAL_DMA_Start_IT
 .text.HAL_DMA_Abort
                0x0800714c       0x78 build/debug/stm32g0xx_hal_dma.o
                0x0800714c                HAL_DMA_Abort
 .text.HAL_DMA_IRQHandler
                0x080071c4       0xe0 build/debug/stm32g0xx_hal_dma.o
                0x080071c4                HAL_DMA_IRQHandler
 .text.FDCAN_CalcultateRamBlockAddresses
                0x080072a4       0x7c build/debug/stm32g0xx_hal_fdcan.o
 .text.FDCAN_CopyMessageToRAM
                0x08007320       0x7c build/debug/stm32g0xx_hal_fdcan.o
 .text.HAL_FDCAN_Init
                0x0800739c      0x1e4 build/debug/stm32g0xx_hal_fdcan.o
                0x0800739c                HAL_FDCAN_Init
 .text.HAL_FDCAN_Start
                0x08007580       0x2c build/debug/stm32g0xx_hal_fdcan.o
                0x08007580                HAL_FDCAN_Start
 .text.HAL_FDCAN_AddMessageToTxFifoQ
                0x080075ac       0x52 build/debug/stm32g0xx_hal_fdcan.o
                0x080075ac                HAL_FDCAN_AddMessageToTxFifoQ
 *fill*         0x080075fe        0x2 
 .text.HAL_FDCAN_GetRxMessage
                0x08007600      0x15c build/debug/stm32g0xx_hal_fdcan.o
                0x08007600                HAL_FDCAN_GetRxMessage
 .text.HAL_FDCAN_GetRxFifoFillLevel
                0x0800775c       0x1c build/debug/stm32g0xx_hal_fdcan.o
                0x0800775c                HAL_FDCAN_GetRxFifoFillLevel
 .text.HAL_GPIO_Init
                0x08007778      0x180 build/debug/stm32g0xx_hal_gpio.o
                0x08007778                HAL_GPIO_Init
 .text.HAL_GPIO_ReadPin
                0x080078f8        0xe build/debug/stm32g0xx_hal_gpio.o
                0x080078f8                HAL_GPIO_ReadPin
 .text.HAL_GPIO_WritePin
                0x08007906        0xc build/debug/stm32g0xx_hal_gpio.o
                0x08007906                HAL_GPIO_WritePin
 *fill*         0x08007912        0x2 
 .text.HAL_I2C_Init
                0x08007914       0xdc build/debug/stm32g0xx_hal_i2c.o
                0x08007914                HAL_I2C_Init
 .text.HAL_I2CEx_ConfigAnalogFilter
                0x080079f0       0x58 build/debug/stm32g0xx_hal_i2c_ex.o
                0x080079f0                HAL_I2CEx_ConfigAnalogFilter
 .text.HAL_I2CEx_ConfigDigitalFilter
                0x08007a48       0x54 build/debug/stm32g0xx_hal_i2c_ex.o
                0x08007a48                HAL_I2CEx_ConfigDigitalFilter
 .text.HAL_MspInit
                0x08007a9c       0x38 build/debug/stm32g0xx_hal_msp.o
                0x08007a9c                HAL_MspInit
 .text.HAL_ADC_MspInit
                0x08007ad4       0x9c build/debug/stm32g0xx_hal_msp.o
                0x08007ad4                HAL_ADC_MspInit
 .text.HAL_FDCAN_MspInit
                0x08007b70       0x88 build/debug/stm32g0xx_hal_msp.o
                0x08007b70                HAL_FDCAN_MspInit
 .text.HAL_I2C_MspInit
                0x08007bf8       0x88 build/debug/stm32g0xx_hal_msp.o
                0x08007bf8                HAL_I2C_MspInit
 .text.HAL_SPI_MspInit
                0x08007c80       0xe4 build/debug/stm32g0xx_hal_msp.o
                0x08007c80                HAL_SPI_MspInit
 .text.HAL_TIM_Base_MspInit
                0x08007d64       0x28 build/debug/stm32g0xx_hal_msp.o
                0x08007d64                HAL_TIM_Base_MspInit
 .text.HAL_UART_MspInit
                0x08007d8c       0xe8 build/debug/stm32g0xx_hal_msp.o
                0x08007d8c                HAL_UART_MspInit
 .text.HAL_PWREx_ControlVoltageScaling
                0x08007e74       0x54 build/debug/stm32g0xx_hal_pwr_ex.o
                0x08007e74                HAL_PWREx_ControlVoltageScaling
 .text.HAL_RCC_OscConfig
                0x08007ec8      0x518 build/debug/stm32g0xx_hal_rcc.o
                0x08007ec8                HAL_RCC_OscConfig
 .text.HAL_RCC_GetSysClockFreq
                0x080083e0       0xb8 build/debug/stm32g0xx_hal_rcc.o
                0x080083e0                HAL_RCC_GetSysClockFreq
 .text.HAL_RCC_ClockConfig
                0x08008498      0x18c build/debug/stm32g0xx_hal_rcc.o
                0x08008498                HAL_RCC_ClockConfig
 .text.HAL_RCC_GetHCLKFreq
                0x08008624        0xc build/debug/stm32g0xx_hal_rcc.o
                0x08008624                HAL_RCC_GetHCLKFreq
 .text.HAL_RCC_GetPCLK1Freq
                0x08008630       0x28 build/debug/stm32g0xx_hal_rcc.o
                0x08008630                HAL_RCC_GetPCLK1Freq
 .text.HAL_RCCEx_PeriphCLKConfig
                0x08008658      0x2fc build/debug/stm32g0xx_hal_rcc_ex.o
                0x08008658                HAL_RCCEx_PeriphCLKConfig
 .text.SPI_WaitFlagStateUntilTimeout
                0x08008954       0xe0 build/debug/stm32g0xx_hal_spi.o
 .text.SPI_WaitFifoStateUntilTimeout
                0x08008a34      0x10c build/debug/stm32g0xx_hal_spi.o
 .text.SPI_EndRxTxTransaction
                0x08008b40       0x68 build/debug/stm32g0xx_hal_spi.o
 .text.HAL_SPI_Init
                0x08008ba8      0x104 build/debug/stm32g0xx_hal_spi.o
                0x08008ba8                HAL_SPI_Init
 .text.HAL_SPI_Transmit
                0x08008cac      0x1b2 build/debug/stm32g0xx_hal_spi.o
                0x08008cac                HAL_SPI_Transmit
 *fill*         0x08008e5e        0x2 
 .text.HAL_SPI_TransmitReceive
                0x08008e60      0x250 build/debug/stm32g0xx_hal_spi.o
                0x08008e60                HAL_SPI_TransmitReceive
 .text.TIM_TI1_ConfigInputStage
                0x080090b0       0x22 build/debug/stm32g0xx_hal_tim.o
 *fill*         0x080090d2        0x2 
 .text.TIM_TI2_ConfigInputStage
                0x080090d4       0x28 build/debug/stm32g0xx_hal_tim.o
 .text.HAL_TIM_Base_Start
                0x080090fc       0x78 build/debug/stm32g0xx_hal_tim.o
                0x080090fc                HAL_TIM_Base_Start
 .text.TIM_Base_SetConfig
                0x08009174       0xc0 build/debug/stm32g0xx_hal_tim.o
                0x08009174                TIM_Base_SetConfig
 .text.HAL_TIM_Base_Init
                0x08009234       0x60 build/debug/stm32g0xx_hal_tim.o
                0x08009234                HAL_TIM_Base_Init
 .text.TIM_ETR_SetConfig
                0x08009294       0x18 build/debug/stm32g0xx_hal_tim.o
                0x08009294                TIM_ETR_SetConfig
 .text.TIM_SlaveTimer_SetConfig
                0x080092ac       0xc4 build/debug/stm32g0xx_hal_tim.o
 .text.HAL_TIM_SlaveConfigSynchro
                0x08009370       0x5c build/debug/stm32g0xx_hal_tim.o
                0x08009370                HAL_TIM_SlaveConfigSynchro
 .text.HAL_TIMEx_MasterConfigSynchronization
                0x080093cc       0x8c build/debug/stm32g0xx_hal_tim_ex.o
                0x080093cc                HAL_TIMEx_MasterConfigSynchronization
 .text.UART_EndRxTransfer
                0x08009458       0x64 build/debug/stm32g0xx_hal_uart.o
 .text.UART_SetConfig
                0x080094bc      0x3a8 build/debug/stm32g0xx_hal_uart.o
                0x080094bc                UART_SetConfig
 .text.UART_AdvFeatureConfig
                0x08009864       0xe0 build/debug/stm32g0xx_hal_uart.o
                0x08009864                UART_AdvFeatureConfig
 .text.UART_WaitOnFlagUntilTimeout
                0x08009944       0x9e build/debug/stm32g0xx_hal_uart.o
                0x08009944                UART_WaitOnFlagUntilTimeout
 .text.HAL_UART_Transmit
                0x080099e2       0xfa build/debug/stm32g0xx_hal_uart.o
                0x080099e2                HAL_UART_Transmit
 .text.HAL_UART_Receive
                0x08009adc      0x14c build/debug/stm32g0xx_hal_uart.o
                0x08009adc                HAL_UART_Receive
 .text.UART_CheckIdleState
                0x08009c28       0xd4 build/debug/stm32g0xx_hal_uart.o
                0x08009c28                UART_CheckIdleState
 .text.HAL_UART_Init
                0x08009cfc       0x70 build/debug/stm32g0xx_hal_uart.o
                0x08009cfc                HAL_UART_Init
 .text.UARTEx_SetNbDataToProcess
                0x08009d6c       0x50 build/debug/stm32g0xx_hal_uart_ex.o
 .text.HAL_UARTEx_EnableFifoMode
                0x08009dbc       0x44 build/debug/stm32g0xx_hal_uart_ex.o
                0x08009dbc                HAL_UARTEx_EnableFifoMode
 .text.HAL_UARTEx_DisableFifoMode
                0x08009e00       0x40 build/debug/stm32g0xx_hal_uart_ex.o
                0x08009e00                HAL_UARTEx_DisableFifoMode
 .text.HAL_UARTEx_SetTxFifoThreshold
                0x08009e40       0x4a build/debug/stm32g0xx_hal_uart_ex.o
                0x08009e40                HAL_UARTEx_SetTxFifoThreshold
 *fill*         0x08009e8a        0x2 
 .text.HAL_UARTEx_SetRxFifoThreshold
                0x08009e8c       0x50 build/debug/stm32g0xx_hal_uart_ex.o
                0x08009e8c                HAL_UARTEx_SetRxFifoThreshold
 .text.NMI_Handler
                0x08009edc        0x2 build/debug/stm32g0xx_it.o
                0x08009edc                NMI_Handler
 .text.HardFault_Handler
                0x08009ede        0x2 build/debug/stm32g0xx_it.o
                0x08009ede                HardFault_Handler
 .text.SVC_Handler
                0x08009ee0        0x2 build/debug/stm32g0xx_it.o
                0x08009ee0                SVC_Handler
 .text.PendSV_Handler
                0x08009ee2        0x2 build/debug/stm32g0xx_it.o
                0x08009ee2                PendSV_Handler
 .text.SysTick_Handler
                0x08009ee4        0xc build/debug/stm32g0xx_it.o
                0x08009ee4                SysTick_Handler
 .text.DMA1_Channel1_IRQHandler
                0x08009ef0       0x10 build/debug/stm32g0xx_it.o
                0x08009ef0                DMA1_Channel1_IRQHandler
 .text._getpid  0x08009f00        0x4 build/debug/syscalls.o
                0x08009f00                _getpid
 .text._kill    0x08009f04       0x10 build/debug/syscalls.o
                0x08009f04                _kill
 .text._exit    0x08009f14        0xc build/debug/syscalls.o
                0x08009f14                _exit
 .text._read    0x08009f20       0x1c build/debug/syscalls.o
                0x08009f20                _read
 .text._write   0x08009f3c       0x1c build/debug/syscalls.o
                0x08009f3c                _write
 .text._close   0x08009f58        0x6 build/debug/syscalls.o
                0x08009f58                _close
 .text._fstat   0x08009f5e        0xa build/debug/syscalls.o
                0x08009f5e                _fstat
 .text._isatty  0x08009f68        0x4 build/debug/syscalls.o
                0x08009f68                _isatty
 .text._lseek   0x08009f6c        0x4 build/debug/syscalls.o
                0x08009f6c                _lseek
 .text._sbrk    0x08009f70       0x48 build/debug/sysmem.o
                0x08009f70                _sbrk
 .text.SystemInit
                0x08009fb8        0x2 build/debug/system_stm32g0xx.o
                0x08009fb8                SystemInit
 .text.USER_initialize
                0x08009fba        0x8 build/debug/user_diskio.o
                0x08009fba                USER_initialize
 .text.USER_status
                0x08009fc2        0x8 build/debug/user_diskio.o
                0x08009fc2                USER_status
 .text.USER_read
                0x08009fca        0x8 build/debug/user_diskio.o
                0x08009fca                USER_read
 .text.USER_write
                0x08009fd2        0x8 build/debug/user_diskio.o
                0x08009fd2                USER_write
 .text.USER_ioctl
                0x08009fda        0x8 build/debug/user_diskio.o
                0x08009fda                USER_ioctl
 *fill*         0x08009fe2        0x2 
 .text.xchg_spi
                0x08009fe4       0x28 build/debug/user_diskio_spi.o
 .text.wait_ready
                0x0800a00c       0x2a build/debug/user_diskio_spi.o
 .text.rcvr_spi_multi
                0x0800a036       0x1c build/debug/user_diskio_spi.o
 *fill*         0x0800a052        0x2 
 .text.despiselect
                0x0800a054       0x18 build/debug/user_diskio_spi.o
 .text.spiselect
                0x0800a06c       0x30 build/debug/user_diskio_spi.o
 .text.send_cmd
                0x0800a09c       0x96 build/debug/user_diskio_spi.o
 *fill*         0x0800a132        0x2 
 .text.xmit_spi_multi
                0x0800a134       0x18 build/debug/user_diskio_spi.o
 .text.xmit_datablock
                0x0800a14c       0x4e build/debug/user_diskio_spi.o
 *fill*         0x0800a19a        0x2 
 .text.SPI_Timer_On
                0x0800a19c       0x1c build/debug/user_diskio_spi.o
                0x0800a19c                SPI_Timer_On
 .text.SPI_Timer_Status
                0x0800a1b8       0x20 build/debug/user_diskio_spi.o
                0x0800a1b8                SPI_Timer_Status
 .text.rcvr_datablock
                0x0800a1d8       0x40 build/debug/user_diskio_spi.o
 .text.USER_SPI_initialize
                0x0800a218      0x16c build/debug/user_diskio_spi.o
                0x0800a218                USER_SPI_initialize
 .text.USER_SPI_status
                0x0800a384       0x14 build/debug/user_diskio_spi.o
                0x0800a384                USER_SPI_status
 .text.USER_SPI_read
                0x0800a398       0x90 build/debug/user_diskio_spi.o
                0x0800a398                USER_SPI_read
 .text.USER_SPI_write
                0x0800a428       0xb4 build/debug/user_diskio_spi.o
                0x0800a428                USER_SPI_write
 .text.USER_SPI_ioctl
                0x0800a4dc      0x220 build/debug/user_diskio_spi.o
                0x0800a4dc                USER_SPI_ioctl
 .text.Reset_Handler
                0x0800a6fc       0x50 build/debug/startup_stm32g0b1xx.o
                0x0800a6fc                Reset_Handler
 .text.Default_Handler
                0x0800a74c        0x2 build/debug/startup_stm32g0b1xx.o
                0x0800a74c                I2C2_3_IRQHandler
                0x0800a74c                USART3_4_5_6_LPUART1_IRQHandler
                0x0800a74c                TIM1_CC_IRQHandler
                0x0800a74c                ADC1_COMP_IRQHandler
                0x0800a74c                I2C1_IRQHandler
                0x0800a74c                TIM7_LPTIM2_IRQHandler
                0x0800a74c                TIM17_FDCAN_IT1_IRQHandler
                0x0800a74c                DMA1_Ch4_7_DMA2_Ch1_5_DMAMUX1_OVR_IRQHandler
                0x0800a74c                RCC_CRS_IRQHandler
                0x0800a74c                RTC_TAMP_IRQHandler
                0x0800a74c                SPI1_IRQHandler
                0x0800a74c                USB_UCPD1_2_IRQHandler
                0x0800a74c                EXTI2_3_IRQHandler
                0x0800a74c                USART2_LPUART2_IRQHandler
                0x0800a74c                PVD_VDDIO2_IRQHandler
                0x0800a74c                EXTI4_15_IRQHandler
                0x0800a74c                Default_Handler
                0x0800a74c                CEC_IRQHandler
                0x0800a74c                TIM14_IRQHandler
                0x0800a74c                TIM15_IRQHandler
                0x0800a74c                TIM3_TIM4_IRQHandler
                0x0800a74c                EXTI0_1_IRQHandler
                0x0800a74c                SPI2_3_IRQHandler
                0x0800a74c                TIM6_DAC_LPTIM1_IRQHandler
                0x0800a74c                WWDG_IRQHandler
                0x0800a74c                TIM2_IRQHandler
                0x0800a74c                DMA1_Channel2_3_IRQHandler
                0x0800a74c                FLASH_IRQHandler
                0x0800a74c                USART1_IRQHandler
                0x0800a74c                TIM16_FDCAN_IT0_IRQHandler
                0x0800a74c                TIM1_BRK_UP_TRG_COM_IRQHandler
 .text.atof     0x0800a74e        0xa c:/Users/sante/AppData/Roaming/Code/User/globalStorage/bmd.stm32-for-vscode/@xpack-dev-tools/arm-none-eabi-gcc/14.2.1-1.1.1/.content/bin/../lib/gcc/arm-none-eabi/14.2.1/../../../../arm-none-eabi/lib/thumb/v6-m/nofp\libc_nano.a(libc_a-atof.o)
                0x0800a74e                atof
 .text.atoi     0x0800a758        0xc c:/Users/sante/AppData/Roaming/Code/User/globalStorage/bmd.stm32-for-vscode/@xpack-dev-tools/arm-none-eabi-gcc/14.2.1-1.1.1/.content/bin/../lib/gcc/arm-none-eabi/14.2.1/../../../../arm-none-eabi/lib/thumb/v6-m/nofp\libc_nano.a(libc_a-atoi.o)
                0x0800a758                atoi
 .text.malloc   0x0800a764       0x14 c:/Users/sante/AppData/Roaming/Code/User/globalStorage/bmd.stm32-for-vscode/@xpack-dev-tools/arm-none-eabi-gcc/14.2.1-1.1.1/.content/bin/../lib/gcc/arm-none-eabi/14.2.1/../../../../arm-none-eabi/lib/thumb/v6-m/nofp\libc_nano.a(libc_a-malloc.o)
                0x0800a764                malloc
 .text.free     0x0800a778       0x14 c:/Users/sante/AppData/Roaming/Code/User/globalStorage/bmd.stm32-for-vscode/@xpack-dev-tools/arm-none-eabi-gcc/14.2.1-1.1.1/.content/bin/../lib/gcc/arm-none-eabi/14.2.1/../../../../arm-none-eabi/lib/thumb/v6-m/nofp\libc_nano.a(libc_a-malloc.o)
                0x0800a778                free
 .text.sbrk_aligned
                0x0800a78c       0x44 c:/Users/sante/AppData/Roaming/Code/User/globalStorage/bmd.stm32-for-vscode/@xpack-dev-tools/arm-none-eabi-gcc/14.2.1-1.1.1/.content/bin/../lib/gcc/arm-none-eabi/14.2.1/../../../../arm-none-eabi/lib/thumb/v6-m/nofp\libc_nano.a(libc_a-mallocr.o)
 .text._malloc_r
                0x0800a7d0      0x100 c:/Users/sante/AppData/Roaming/Code/User/globalStorage/bmd.stm32-for-vscode/@xpack-dev-tools/arm-none-eabi-gcc/14.2.1-1.1.1/.content/bin/../lib/gcc/arm-none-eabi/14.2.1/../../../../arm-none-eabi/lib/thumb/v6-m/nofp\libc_nano.a(libc_a-mallocr.o)
                0x0800a7d0                _malloc_r
 .text.__malloc_lock
                0x0800a8d0       0x10 c:/Users/sante/AppData/Roaming/Code/User/globalStorage/bmd.stm32-for-vscode/@xpack-dev-tools/arm-none-eabi-gcc/14.2.1-1.1.1/.content/bin/../lib/gcc/arm-none-eabi/14.2.1/../../../../arm-none-eabi/lib/thumb/v6-m/nofp\libc_nano.a(libc_a-mlock.o)
                0x0800a8d0                __malloc_lock
 .text.__malloc_unlock
                0x0800a8e0       0x10 c:/Users/sante/AppData/Roaming/Code/User/globalStorage/bmd.stm32-for-vscode/@xpack-dev-tools/arm-none-eabi-gcc/14.2.1-1.1.1/.content/bin/../lib/gcc/arm-none-eabi/14.2.1/../../../../arm-none-eabi/lib/thumb/v6-m/nofp\libc_nano.a(libc_a-mlock.o)
                0x0800a8e0                __malloc_unlock
 .text.sulp     0x0800a8f0       0x30 c:/Users/sante/AppData/Roaming/Code/User/globalStorage/bmd.stm32-for-vscode/@xpack-dev-tools/arm-none-eabi-gcc/14.2.1-1.1.1/.content/bin/../lib/gcc/arm-none-eabi/14.2.1/../../../../arm-none-eabi/lib/thumb/v6-m/nofp\libc_nano.a(libc_a-strtod.o)
 .text._strtod_l
                0x0800a920      0xc04 c:/Users/sante/AppData/Roaming/Code/User/globalStorage/bmd.stm32-for-vscode/@xpack-dev-tools/arm-none-eabi-gcc/14.2.1-1.1.1/.content/bin/../lib/gcc/arm-none-eabi/14.2.1/../../../../arm-none-eabi/lib/thumb/v6-m/nofp\libc_nano.a(libc_a-strtod.o)
                0x0800a920                _strtod_l
 .text.strtod   0x0800b524       0x1c c:/Users/sante/AppData/Roaming/Code/User/globalStorage/bmd.stm32-for-vscode/@xpack-dev-tools/arm-none-eabi-gcc/14.2.1-1.1.1/.content/bin/../lib/gcc/arm-none-eabi/14.2.1/../../../../arm-none-eabi/lib/thumb/v6-m/nofp\libc_nano.a(libc_a-strtod.o)
                0x0800b524                strtod
 .text._strtol_l.isra.0
                0x0800b540      0x114 c:/Users/sante/AppData/Roaming/Code/User/globalStorage/bmd.stm32-for-vscode/@xpack-dev-tools/arm-none-eabi-gcc/14.2.1-1.1.1/.content/bin/../lib/gcc/arm-none-eabi/14.2.1/../../../../arm-none-eabi/lib/thumb/v6-m/nofp\libc_nano.a(libc_a-strtol.o)
 .text.strtol   0x0800b654       0x18 c:/Users/sante/AppData/Roaming/Code/User/globalStorage/bmd.stm32-for-vscode/@xpack-dev-tools/arm-none-eabi-gcc/14.2.1-1.1.1/.content/bin/../lib/gcc/arm-none-eabi/14.2.1/../../../../arm-none-eabi/lib/thumb/v6-m/nofp\libc_nano.a(libc_a-strtol.o)
                0x0800b654                strtol
 .text.std      0x0800b66c       0x6c c:/Users/sante/AppData/Roaming/Code/User/globalStorage/bmd.stm32-for-vscode/@xpack-dev-tools/arm-none-eabi-gcc/14.2.1-1.1.1/.content/bin/../lib/gcc/arm-none-eabi/14.2.1/../../../../arm-none-eabi/lib/thumb/v6-m/nofp\libc_nano.a(libc_a-findfp.o)
 .text.stdio_exit_handler
                0x0800b6d8       0x1c c:/Users/sante/AppData/Roaming/Code/User/globalStorage/bmd.stm32-for-vscode/@xpack-dev-tools/arm-none-eabi-gcc/14.2.1-1.1.1/.content/bin/../lib/gcc/arm-none-eabi/14.2.1/../../../../arm-none-eabi/lib/thumb/v6-m/nofp\libc_nano.a(libc_a-findfp.o)
 .text.cleanup_stdio
                0x0800b6f4       0x3c c:/Users/sante/AppData/Roaming/Code/User/globalStorage/bmd.stm32-for-vscode/@xpack-dev-tools/arm-none-eabi-gcc/14.2.1-1.1.1/.content/bin/../lib/gcc/arm-none-eabi/14.2.1/../../../../arm-none-eabi/lib/thumb/v6-m/nofp\libc_nano.a(libc_a-findfp.o)
 .text.global_stdio_init.part.0
                0x0800b730       0x3c c:/Users/sante/AppData/Roaming/Code/User/globalStorage/bmd.stm32-for-vscode/@xpack-dev-tools/arm-none-eabi-gcc/14.2.1-1.1.1/.content/bin/../lib/gcc/arm-none-eabi/14.2.1/../../../../arm-none-eabi/lib/thumb/v6-m/nofp\libc_nano.a(libc_a-findfp.o)
 .text.__sfp_lock_acquire
                0x0800b76c       0x10 c:/Users/sante/AppData/Roaming/Code/User/globalStorage/bmd.stm32-for-vscode/@xpack-dev-tools/arm-none-eabi-gcc/14.2.1-1.1.1/.content/bin/../lib/gcc/arm-none-eabi/14.2.1/../../../../arm-none-eabi/lib/thumb/v6-m/nofp\libc_nano.a(libc_a-findfp.o)
                0x0800b76c                __sfp_lock_acquire
 .text.__sfp_lock_release
                0x0800b77c       0x10 c:/Users/sante/AppData/Roaming/Code/User/globalStorage/bmd.stm32-for-vscode/@xpack-dev-tools/arm-none-eabi-gcc/14.2.1-1.1.1/.content/bin/../lib/gcc/arm-none-eabi/14.2.1/../../../../arm-none-eabi/lib/thumb/v6-m/nofp\libc_nano.a(libc_a-findfp.o)
                0x0800b77c                __sfp_lock_release
 .text.__sinit  0x0800b78c       0x30 c:/Users/sante/AppData/Roaming/Code/User/globalStorage/bmd.stm32-for-vscode/@xpack-dev-tools/arm-none-eabi-gcc/14.2.1-1.1.1/.content/bin/../lib/gcc/arm-none-eabi/14.2.1/../../../../arm-none-eabi/lib/thumb/v6-m/nofp\libc_nano.a(libc_a-findfp.o)
                0x0800b78c                __sinit
 .text._fwalk_sglue
                0x0800b7bc       0x38 c:/Users/sante/AppData/Roaming/Code/User/globalStorage/bmd.stm32-for-vscode/@xpack-dev-tools/arm-none-eabi-gcc/14.2.1-1.1.1/.content/bin/../lib/gcc/arm-none-eabi/14.2.1/../../../../arm-none-eabi/lib/thumb/v6-m/nofp\libc_nano.a(libc_a-fwalk.o)
                0x0800b7bc                _fwalk_sglue
 .text.setvbuf  0x0800b7f4      0x16c c:/Users/sante/AppData/Roaming/Code/User/globalStorage/bmd.stm32-for-vscode/@xpack-dev-tools/arm-none-eabi-gcc/14.2.1-1.1.1/.content/bin/../lib/gcc/arm-none-eabi/14.2.1/../../../../arm-none-eabi/lib/thumb/v6-m/nofp\libc_nano.a(libc_a-setvbuf.o)
                0x0800b7f4                setvbuf
 .text.sprintf  0x0800b960       0x44 c:/Users/sante/AppData/Roaming/Code/User/globalStorage/bmd.stm32-for-vscode/@xpack-dev-tools/arm-none-eabi-gcc/14.2.1-1.1.1/.content/bin/../lib/gcc/arm-none-eabi/14.2.1/../../../../arm-none-eabi/lib/thumb/v6-m/nofp\libc_nano.a(libc_a-sprintf.o)
                0x0800b960                siprintf
                0x0800b960                sprintf
 .text.__sread  0x0800b9a4       0x28 c:/Users/sante/AppData/Roaming/Code/User/globalStorage/bmd.stm32-for-vscode/@xpack-dev-tools/arm-none-eabi-gcc/14.2.1-1.1.1/.content/bin/../lib/gcc/arm-none-eabi/14.2.1/../../../../arm-none-eabi/lib/thumb/v6-m/nofp\libc_nano.a(libc_a-stdio.o)
                0x0800b9a4                __sread
 .text.__swrite
                0x0800b9cc       0x38 c:/Users/sante/AppData/Roaming/Code/User/globalStorage/bmd.stm32-for-vscode/@xpack-dev-tools/arm-none-eabi-gcc/14.2.1-1.1.1/.content/bin/../lib/gcc/arm-none-eabi/14.2.1/../../../../arm-none-eabi/lib/thumb/v6-m/nofp\libc_nano.a(libc_a-stdio.o)
                0x0800b9cc                __swrite
 .text.__sseek  0x0800ba04       0x2c c:/Users/sante/AppData/Roaming/Code/User/globalStorage/bmd.stm32-for-vscode/@xpack-dev-tools/arm-none-eabi-gcc/14.2.1-1.1.1/.content/bin/../lib/gcc/arm-none-eabi/14.2.1/../../../../arm-none-eabi/lib/thumb/v6-m/nofp\libc_nano.a(libc_a-stdio.o)
                0x0800ba04                __sseek
 .text.__sclose
                0x0800ba30        0xc c:/Users/sante/AppData/Roaming/Code/User/globalStorage/bmd.stm32-for-vscode/@xpack-dev-tools/arm-none-eabi-gcc/14.2.1-1.1.1/.content/bin/../lib/gcc/arm-none-eabi/14.2.1/../../../../arm-none-eabi/lib/thumb/v6-m/nofp\libc_nano.a(libc_a-stdio.o)
                0x0800ba30                __sclose
 .text.memset   0x0800ba3c       0x10 c:/Users/sante/AppData/Roaming/Code/User/globalStorage/bmd.stm32-for-vscode/@xpack-dev-tools/arm-none-eabi-gcc/14.2.1-1.1.1/.content/bin/../lib/gcc/arm-none-eabi/14.2.1/../../../../arm-none-eabi/lib/thumb/v6-m/nofp\libc_nano.a(libc_a-memset.o)
                0x0800ba3c                memset
 .text.strcspn  0x0800ba4c       0x22 c:/Users/sante/AppData/Roaming/Code/User/globalStorage/bmd.stm32-for-vscode/@xpack-dev-tools/arm-none-eabi-gcc/14.2.1-1.1.1/.content/bin/../lib/gcc/arm-none-eabi/14.2.1/../../../../arm-none-eabi/lib/thumb/v6-m/nofp\libc_nano.a(libc_a-strcspn.o)
                0x0800ba4c                strcspn
 .text.strncmp  0x0800ba6e       0x22 c:/Users/sante/AppData/Roaming/Code/User/globalStorage/bmd.stm32-for-vscode/@xpack-dev-tools/arm-none-eabi-gcc/14.2.1-1.1.1/.content/bin/../lib/gcc/arm-none-eabi/14.2.1/../../../../arm-none-eabi/lib/thumb/v6-m/nofp\libc_nano.a(libc_a-strncmp.o)
                0x0800ba6e                strncmp
 .text._close_r
                0x0800ba90       0x24 c:/Users/sante/AppData/Roaming/Code/User/globalStorage/bmd.stm32-for-vscode/@xpack-dev-tools/arm-none-eabi-gcc/14.2.1-1.1.1/.content/bin/../lib/gcc/arm-none-eabi/14.2.1/../../../../arm-none-eabi/lib/thumb/v6-m/nofp\libc_nano.a(libc_a-closer.o)
                0x0800ba90                _close_r
 .text._lseek_r
                0x0800bab4       0x28 c:/Users/sante/AppData/Roaming/Code/User/globalStorage/bmd.stm32-for-vscode/@xpack-dev-tools/arm-none-eabi-gcc/14.2.1-1.1.1/.content/bin/../lib/gcc/arm-none-eabi/14.2.1/../../../../arm-none-eabi/lib/thumb/v6-m/nofp\libc_nano.a(libc_a-lseekr.o)
                0x0800bab4                _lseek_r
 .text._read_r  0x0800badc       0x28 c:/Users/sante/AppData/Roaming/Code/User/globalStorage/bmd.stm32-for-vscode/@xpack-dev-tools/arm-none-eabi-gcc/14.2.1-1.1.1/.content/bin/../lib/gcc/arm-none-eabi/14.2.1/../../../../arm-none-eabi/lib/thumb/v6-m/nofp\libc_nano.a(libc_a-readr.o)
                0x0800badc                _read_r
 .text._sbrk_r  0x0800bb04       0x24 c:/Users/sante/AppData/Roaming/Code/User/globalStorage/bmd.stm32-for-vscode/@xpack-dev-tools/arm-none-eabi-gcc/14.2.1-1.1.1/.content/bin/../lib/gcc/arm-none-eabi/14.2.1/../../../../arm-none-eabi/lib/thumb/v6-m/nofp\libc_nano.a(libc_a-sbrkr.o)
                0x0800bb04                _sbrk_r
 .text._write_r
                0x0800bb28       0x28 c:/Users/sante/AppData/Roaming/Code/User/globalStorage/bmd.stm32-for-vscode/@xpack-dev-tools/arm-none-eabi-gcc/14.2.1-1.1.1/.content/bin/../lib/gcc/arm-none-eabi/14.2.1/../../../../arm-none-eabi/lib/thumb/v6-m/nofp\libc_nano.a(libc_a-writer.o)
                0x0800bb28                _write_r
 .text.__errno  0x0800bb50        0xc c:/Users/sante/AppData/Roaming/Code/User/globalStorage/bmd.stm32-for-vscode/@xpack-dev-tools/arm-none-eabi-gcc/14.2.1-1.1.1/.content/bin/../lib/gcc/arm-none-eabi/14.2.1/../../../../arm-none-eabi/lib/thumb/v6-m/nofp\libc_nano.a(libc_a-errno.o)
                0x0800bb50                __errno
 .text.__libc_init_array
                0x0800bb5c       0x48 c:/Users/sante/AppData/Roaming/Code/User/globalStorage/bmd.stm32-for-vscode/@xpack-dev-tools/arm-none-eabi-gcc/14.2.1-1.1.1/.content/bin/../lib/gcc/arm-none-eabi/14.2.1/../../../../arm-none-eabi/lib/thumb/v6-m/nofp\libc_nano.a(libc_a-init.o)
                0x0800bb5c                __libc_init_array
 .text.__retarget_lock_init_recursive
                0x0800bba4        0x2 c:/Users/sante/AppData/Roaming/Code/User/globalStorage/bmd.stm32-for-vscode/@xpack-dev-tools/arm-none-eabi-gcc/14.2.1-1.1.1/.content/bin/../lib/gcc/arm-none-eabi/14.2.1/../../../../arm-none-eabi/lib/thumb/v6-m/nofp\libc_nano.a(libc_a-lock.o)
                0x0800bba4                __retarget_lock_init_recursive
 .text.__retarget_lock_acquire_recursive
                0x0800bba6        0x2 c:/Users/sante/AppData/Roaming/Code/User/globalStorage/bmd.stm32-for-vscode/@xpack-dev-tools/arm-none-eabi-gcc/14.2.1-1.1.1/.content/bin/../lib/gcc/arm-none-eabi/14.2.1/../../../../arm-none-eabi/lib/thumb/v6-m/nofp\libc_nano.a(libc_a-lock.o)
                0x0800bba6                __retarget_lock_acquire_recursive
 .text.__retarget_lock_release_recursive
                0x0800bba8        0x2 c:/Users/sante/AppData/Roaming/Code/User/globalStorage/bmd.stm32-for-vscode/@xpack-dev-tools/arm-none-eabi-gcc/14.2.1-1.1.1/.content/bin/../lib/gcc/arm-none-eabi/14.2.1/../../../../arm-none-eabi/lib/thumb/v6-m/nofp\libc_nano.a(libc_a-lock.o)
                0x0800bba8                __retarget_lock_release_recursive
 .text.strcpy   0x0800bbaa       0x10 c:/Users/sante/AppData/Roaming/Code/User/globalStorage/bmd.stm32-for-vscode/@xpack-dev-tools/arm-none-eabi-gcc/14.2.1-1.1.1/.content/bin/../lib/gcc/arm-none-eabi/14.2.1/../../../../arm-none-eabi/lib/thumb/v6-m/nofp\libc_nano.a(libc_a-strcpy.o)
                0x0800bbaa                strcpy
 .text.memcpy   0x0800bbba       0x12 c:/Users/sante/AppData/Roaming/Code/User/globalStorage/bmd.stm32-for-vscode/@xpack-dev-tools/arm-none-eabi-gcc/14.2.1-1.1.1/.content/bin/../lib/gcc/arm-none-eabi/14.2.1/../../../../arm-none-eabi/lib/thumb/v6-m/nofp\libc_nano.a(libc_a-memcpy-stub.o)
                0x0800bbba                memcpy
 .text.nan      0x0800bbcc        0xc c:/Users/sante/AppData/Roaming/Code/User/globalStorage/bmd.stm32-for-vscode/@xpack-dev-tools/arm-none-eabi-gcc/14.2.1-1.1.1/.content/bin/../lib/gcc/arm-none-eabi/14.2.1/../../../../arm-none-eabi/lib/thumb/v6-m/nofp\libc_nano.a(libm_a-s_nan.o)
                0x0800bbcc                nan
 .text._free_r  0x0800bbd8       0x94 c:/Users/sante/AppData/Roaming/Code/User/globalStorage/bmd.stm32-for-vscode/@xpack-dev-tools/arm-none-eabi-gcc/14.2.1-1.1.1/.content/bin/../lib/gcc/arm-none-eabi/14.2.1/../../../../arm-none-eabi/lib/thumb/v6-m/nofp\libc_nano.a(libc_a-freer.o)
                0x0800bbd8                _free_r
 .text.rshift   0x0800bc6c       0xa6 c:/Users/sante/AppData/Roaming/Code/User/globalStorage/bmd.stm32-for-vscode/@xpack-dev-tools/arm-none-eabi-gcc/14.2.1-1.1.1/.content/bin/../lib/gcc/arm-none-eabi/14.2.1/../../../../arm-none-eabi/lib/thumb/v6-m/nofp\libc_nano.a(libc_a-gdtoa-gethex.o)
 .text.__hexdig_fun
                0x0800bd12       0x2a c:/Users/sante/AppData/Roaming/Code/User/globalStorage/bmd.stm32-for-vscode/@xpack-dev-tools/arm-none-eabi-gcc/14.2.1-1.1.1/.content/bin/../lib/gcc/arm-none-eabi/14.2.1/../../../../arm-none-eabi/lib/thumb/v6-m/nofp\libc_nano.a(libc_a-gdtoa-gethex.o)
                0x0800bd12                __hexdig_fun
 .text.__gethex
                0x0800bd3c      0x448 c:/Users/sante/AppData/Roaming/Code/User/globalStorage/bmd.stm32-for-vscode/@xpack-dev-tools/arm-none-eabi-gcc/14.2.1-1.1.1/.content/bin/../lib/gcc/arm-none-eabi/14.2.1/../../../../arm-none-eabi/lib/thumb/v6-m/nofp\libc_nano.a(libc_a-gdtoa-gethex.o)
                0x0800bd3c                __gethex
 .text.L_shift  0x0800c184       0x24 c:/Users/sante/AppData/Roaming/Code/User/globalStorage/bmd.stm32-for-vscode/@xpack-dev-tools/arm-none-eabi-gcc/14.2.1-1.1.1/.content/bin/../lib/gcc/arm-none-eabi/14.2.1/../../../../arm-none-eabi/lib/thumb/v6-m/nofp\libc_nano.a(libc_a-gdtoa-hexnan.o)
 .text.__match  0x0800c1a8       0x28 c:/Users/sante/AppData/Roaming/Code/User/globalStorage/bmd.stm32-for-vscode/@xpack-dev-tools/arm-none-eabi-gcc/14.2.1-1.1.1/.content/bin/../lib/gcc/arm-none-eabi/14.2.1/../../../../arm-none-eabi/lib/thumb/v6-m/nofp\libc_nano.a(libc_a-gdtoa-hexnan.o)
                0x0800c1a8                __match
 .text.__hexnan
                0x0800c1d0      0x154 c:/Users/sante/AppData/Roaming/Code/User/globalStorage/bmd.stm32-for-vscode/@xpack-dev-tools/arm-none-eabi-gcc/14.2.1-1.1.1/.content/bin/../lib/gcc/arm-none-eabi/14.2.1/../../../../arm-none-eabi/lib/thumb/v6-m/nofp\libc_nano.a(libc_a-gdtoa-hexnan.o)
                0x0800c1d0                __hexnan
 .text.__ascii_mbtowc
                0x0800c324       0x24 c:/Users/sante/AppData/Roaming/Code/User/globalStorage/bmd.stm32-for-vscode/@xpack-dev-tools/arm-none-eabi-gcc/14.2.1-1.1.1/.content/bin/../lib/gcc/arm-none-eabi/14.2.1/../../../../arm-none-eabi/lib/thumb/v6-m/nofp\libc_nano.a(libc_a-mbtowc_r.o)
                0x0800c324                __ascii_mbtowc
 .text._Balloc  0x0800c348       0x84 c:/Users/sante/AppData/Roaming/Code/User/globalStorage/bmd.stm32-for-vscode/@xpack-dev-tools/arm-none-eabi-gcc/14.2.1-1.1.1/.content/bin/../lib/gcc/arm-none-eabi/14.2.1/../../../../arm-none-eabi/lib/thumb/v6-m/nofp\libc_nano.a(libc_a-mprec.o)
                0x0800c348                _Balloc
 .text._Bfree   0x0800c3cc       0x48 c:/Users/sante/AppData/Roaming/Code/User/globalStorage/bmd.stm32-for-vscode/@xpack-dev-tools/arm-none-eabi-gcc/14.2.1-1.1.1/.content/bin/../lib/gcc/arm-none-eabi/14.2.1/../../../../arm-none-eabi/lib/thumb/v6-m/nofp\libc_nano.a(libc_a-mprec.o)
                0x0800c3cc                _Bfree
 .text.__multadd
                0x0800c414       0x88 c:/Users/sante/AppData/Roaming/Code/User/globalStorage/bmd.stm32-for-vscode/@xpack-dev-tools/arm-none-eabi-gcc/14.2.1-1.1.1/.content/bin/../lib/gcc/arm-none-eabi/14.2.1/../../../../arm-none-eabi/lib/thumb/v6-m/nofp\libc_nano.a(libc_a-mprec.o)
                0x0800c414                __multadd
 .text.__s2b    0x0800c49c       0x98 c:/Users/sante/AppData/Roaming/Code/User/globalStorage/bmd.stm32-for-vscode/@xpack-dev-tools/arm-none-eabi-gcc/14.2.1-1.1.1/.content/bin/../lib/gcc/arm-none-eabi/14.2.1/../../../../arm-none-eabi/lib/thumb/v6-m/nofp\libc_nano.a(libc_a-mprec.o)
                0x0800c49c                __s2b
 .text.__hi0bits
                0x0800c534       0x42 c:/Users/sante/AppData/Roaming/Code/User/globalStorage/bmd.stm32-for-vscode/@xpack-dev-tools/arm-none-eabi-gcc/14.2.1-1.1.1/.content/bin/../lib/gcc/arm-none-eabi/14.2.1/../../../../arm-none-eabi/lib/thumb/v6-m/nofp\libc_nano.a(libc_a-mprec.o)
                0x0800c534                __hi0bits
 .text.__lo0bits
                0x0800c576       0x5c c:/Users/sante/AppData/Roaming/Code/User/globalStorage/bmd.stm32-for-vscode/@xpack-dev-tools/arm-none-eabi-gcc/14.2.1-1.1.1/.content/bin/../lib/gcc/arm-none-eabi/14.2.1/../../../../arm-none-eabi/lib/thumb/v6-m/nofp\libc_nano.a(libc_a-mprec.o)
                0x0800c576                __lo0bits
 *fill*         0x0800c5d2        0x2 
 .text.__i2b    0x0800c5d4       0x30 c:/Users/sante/AppData/Roaming/Code/User/globalStorage/bmd.stm32-for-vscode/@xpack-dev-tools/arm-none-eabi-gcc/14.2.1-1.1.1/.content/bin/../lib/gcc/arm-none-eabi/14.2.1/../../../../arm-none-eabi/lib/thumb/v6-m/nofp\libc_nano.a(libc_a-mprec.o)
                0x0800c5d4                __i2b
 .text.__multiply
                0x0800c604      0x158 c:/Users/sante/AppData/Roaming/Code/User/globalStorage/bmd.stm32-for-vscode/@xpack-dev-tools/arm-none-eabi-gcc/14.2.1-1.1.1/.content/bin/../lib/gcc/arm-none-eabi/14.2.1/../../../../arm-none-eabi/lib/thumb/v6-m/nofp\libc_nano.a(libc_a-mprec.o)
                0x0800c604                __multiply
 .text.__pow5mult
                0x0800c75c       0xc4 c:/Users/sante/AppData/Roaming/Code/User/globalStorage/bmd.stm32-for-vscode/@xpack-dev-tools/arm-none-eabi-gcc/14.2.1-1.1.1/.content/bin/../lib/gcc/arm-none-eabi/14.2.1/../../../../arm-none-eabi/lib/thumb/v6-m/nofp\libc_nano.a(libc_a-mprec.o)
                0x0800c75c                __pow5mult
 .text.__lshift
                0x0800c820       0xd8 c:/Users/sante/AppData/Roaming/Code/User/globalStorage/bmd.stm32-for-vscode/@xpack-dev-tools/arm-none-eabi-gcc/14.2.1-1.1.1/.content/bin/../lib/gcc/arm-none-eabi/14.2.1/../../../../arm-none-eabi/lib/thumb/v6-m/nofp\libc_nano.a(libc_a-mprec.o)
                0x0800c820                __lshift
 .text.__mcmp   0x0800c8f8       0x36 c:/Users/sante/AppData/Roaming/Code/User/globalStorage/bmd.stm32-for-vscode/@xpack-dev-tools/arm-none-eabi-gcc/14.2.1-1.1.1/.content/bin/../lib/gcc/arm-none-eabi/14.2.1/../../../../arm-none-eabi/lib/thumb/v6-m/nofp\libc_nano.a(libc_a-mprec.o)
                0x0800c8f8                __mcmp
 *fill*         0x0800c92e        0x2 
 .text.__mdiff  0x0800c930      0x148 c:/Users/sante/AppData/Roaming/Code/User/globalStorage/bmd.stm32-for-vscode/@xpack-dev-tools/arm-none-eabi-gcc/14.2.1-1.1.1/.content/bin/../lib/gcc/arm-none-eabi/14.2.1/../../../../arm-none-eabi/lib/thumb/v6-m/nofp\libc_nano.a(libc_a-mprec.o)
                0x0800c930                __mdiff
 .text.__ulp    0x0800ca78       0x40 c:/Users/sante/AppData/Roaming/Code/User/globalStorage/bmd.stm32-for-vscode/@xpack-dev-tools/arm-none-eabi-gcc/14.2.1-1.1.1/.content/bin/../lib/gcc/arm-none-eabi/14.2.1/../../../../arm-none-eabi/lib/thumb/v6-m/nofp\libc_nano.a(libc_a-mprec.o)
                0x0800ca78                __ulp
 .text.__b2d    0x0800cab8       0x98 c:/Users/sante/AppData/Roaming/Code/User/globalStorage/bmd.stm32-for-vscode/@xpack-dev-tools/arm-none-eabi-gcc/14.2.1-1.1.1/.content/bin/../lib/gcc/arm-none-eabi/14.2.1/../../../../arm-none-eabi/lib/thumb/v6-m/nofp\libc_nano.a(libc_a-mprec.o)
                0x0800cab8                __b2d
 .text.__d2b    0x0800cb50       0xc0 c:/Users/sante/AppData/Roaming/Code/User/globalStorage/bmd.stm32-for-vscode/@xpack-dev-tools/arm-none-eabi-gcc/14.2.1-1.1.1/.content/bin/../lib/gcc/arm-none-eabi/14.2.1/../../../../arm-none-eabi/lib/thumb/v6-m/nofp\libc_nano.a(libc_a-mprec.o)
                0x0800cb50                __d2b
 .text.__ratio  0x0800cc10       0x54 c:/Users/sante/AppData/Roaming/Code/User/globalStorage/bmd.stm32-for-vscode/@xpack-dev-tools/arm-none-eabi-gcc/14.2.1-1.1.1/.content/bin/../lib/gcc/arm-none-eabi/14.2.1/../../../../arm-none-eabi/lib/thumb/v6-m/nofp\libc_nano.a(libc_a-mprec.o)
                0x0800cc10                __ratio
 .text.__copybits
                0x0800cc64       0x42 c:/Users/sante/AppData/Roaming/Code/User/globalStorage/bmd.stm32-for-vscode/@xpack-dev-tools/arm-none-eabi-gcc/14.2.1-1.1.1/.content/bin/../lib/gcc/arm-none-eabi/14.2.1/../../../../arm-none-eabi/lib/thumb/v6-m/nofp\libc_nano.a(libc_a-mprec.o)
                0x0800cc64                __copybits
 .text.__any_on
                0x0800cca6       0x46 c:/Users/sante/AppData/Roaming/Code/User/globalStorage/bmd.stm32-for-vscode/@xpack-dev-tools/arm-none-eabi-gcc/14.2.1-1.1.1/.content/bin/../lib/gcc/arm-none-eabi/14.2.1/../../../../arm-none-eabi/lib/thumb/v6-m/nofp\libc_nano.a(libc_a-mprec.o)
                0x0800cca6                __any_on
 .text.__ascii_wctomb
                0x0800ccec       0x1a c:/Users/sante/AppData/Roaming/Code/User/globalStorage/bmd.stm32-for-vscode/@xpack-dev-tools/arm-none-eabi-gcc/14.2.1-1.1.1/.content/bin/../lib/gcc/arm-none-eabi/14.2.1/../../../../arm-none-eabi/lib/thumb/v6-m/nofp\libc_nano.a(libc_a-wctomb_r.o)
                0x0800ccec                __ascii_wctomb
 *fill*         0x0800cd06        0x2 
 .text.__ssputs_r
                0x0800cd08       0xc8 c:/Users/sante/AppData/Roaming/Code/User/globalStorage/bmd.stm32-for-vscode/@xpack-dev-tools/arm-none-eabi-gcc/14.2.1-1.1.1/.content/bin/../lib/gcc/arm-none-eabi/14.2.1/../../../../arm-none-eabi/lib/thumb/v6-m/nofp\libc_nano.a(libc_a-nano-svfprintf.o)
                0x0800cd08                __ssputs_r
 .text._svfprintf_r
                0x0800cdd0      0x208 c:/Users/sante/AppData/Roaming/Code/User/globalStorage/bmd.stm32-for-vscode/@xpack-dev-tools/arm-none-eabi-gcc/14.2.1-1.1.1/.content/bin/../lib/gcc/arm-none-eabi/14.2.1/../../../../arm-none-eabi/lib/thumb/v6-m/nofp\libc_nano.a(libc_a-nano-svfprintf.o)
                0x0800cdd0                _svfiprintf_r
                0x0800cdd0                _svfprintf_r
 .text._printf_common
                0x0800cfd8       0xde c:/Users/sante/AppData/Roaming/Code/User/globalStorage/bmd.stm32-for-vscode/@xpack-dev-tools/arm-none-eabi-gcc/14.2.1-1.1.1/.content/bin/../lib/gcc/arm-none-eabi/14.2.1/../../../../arm-none-eabi/lib/thumb/v6-m/nofp\libc_nano.a(libc_a-nano-vfprintf_i.o)
                0x0800cfd8                _printf_common
 *fill*         0x0800d0b6        0x2 
 .text._printf_i
                0x0800d0b8      0x218 c:/Users/sante/AppData/Roaming/Code/User/globalStorage/bmd.stm32-for-vscode/@xpack-dev-tools/arm-none-eabi-gcc/14.2.1-1.1.1/.content/bin/../lib/gcc/arm-none-eabi/14.2.1/../../../../arm-none-eabi/lib/thumb/v6-m/nofp\libc_nano.a(libc_a-nano-vfprintf_i.o)
                0x0800d0b8                _printf_i
 .text.__sflush_r
                0x0800d2d0      0x114 c:/Users/sante/AppData/Roaming/Code/User/globalStorage/bmd.stm32-for-vscode/@xpack-dev-tools/arm-none-eabi-gcc/14.2.1-1.1.1/.content/bin/../lib/gcc/arm-none-eabi/14.2.1/../../../../arm-none-eabi/lib/thumb/v6-m/nofp\libc_nano.a(libc_a-fflush.o)
                0x0800d2d0                __sflush_r
 .text._fflush_r
                0x0800d3e4       0x56 c:/Users/sante/AppData/Roaming/Code/User/globalStorage/bmd.stm32-for-vscode/@xpack-dev-tools/arm-none-eabi-gcc/14.2.1-1.1.1/.content/bin/../lib/gcc/arm-none-eabi/14.2.1/../../../../arm-none-eabi/lib/thumb/v6-m/nofp\libc_nano.a(libc_a-fflush.o)
                0x0800d3e4                _fflush_r
 *fill*         0x0800d43a        0x2 
 .text.__swhatbuf_r
                0x0800d43c       0x54 c:/Users/sante/AppData/Roaming/Code/User/globalStorage/bmd.stm32-for-vscode/@xpack-dev-tools/arm-none-eabi-gcc/14.2.1-1.1.1/.content/bin/../lib/gcc/arm-none-eabi/14.2.1/../../../../arm-none-eabi/lib/thumb/v6-m/nofp\libc_nano.a(libc_a-makebuf.o)
                0x0800d43c                __swhatbuf_r
 .text.__smakebuf_r
                0x0800d490       0x72 c:/Users/sante/AppData/Roaming/Code/User/globalStorage/bmd.stm32-for-vscode/@xpack-dev-tools/arm-none-eabi-gcc/14.2.1-1.1.1/.content/bin/../lib/gcc/arm-none-eabi/14.2.1/../../../../arm-none-eabi/lib/thumb/v6-m/nofp\libc_nano.a(libc_a-makebuf.o)
                0x0800d490                __smakebuf_r
 .text.memmove  0x0800d502       0x24 c:/Users/sante/AppData/Roaming/Code/User/globalStorage/bmd.stm32-for-vscode/@xpack-dev-tools/arm-none-eabi-gcc/14.2.1-1.1.1/.content/bin/../lib/gcc/arm-none-eabi/14.2.1/../../../../arm-none-eabi/lib/thumb/v6-m/nofp\libc_nano.a(libc_a-memmove.o)
                0x0800d502                memmove
 *fill*         0x0800d526        0x2 
 .text._fstat_r
                0x0800d528       0x24 c:/Users/sante/AppData/Roaming/Code/User/globalStorage/bmd.stm32-for-vscode/@xpack-dev-tools/arm-none-eabi-gcc/14.2.1-1.1.1/.content/bin/../lib/gcc/arm-none-eabi/14.2.1/../../../../arm-none-eabi/lib/thumb/v6-m/nofp\libc_nano.a(libc_a-fstatr.o)
                0x0800d528                _fstat_r
 .text._isatty_r
                0x0800d54c       0x24 c:/Users/sante/AppData/Roaming/Code/User/globalStorage/bmd.stm32-for-vscode/@xpack-dev-tools/arm-none-eabi-gcc/14.2.1-1.1.1/.content/bin/../lib/gcc/arm-none-eabi/14.2.1/../../../../arm-none-eabi/lib/thumb/v6-m/nofp\libc_nano.a(libc_a-isattyr.o)
                0x0800d54c                _isatty_r
 .text.memchr   0x0800d570       0x16 c:/Users/sante/AppData/Roaming/Code/User/globalStorage/bmd.stm32-for-vscode/@xpack-dev-tools/arm-none-eabi-gcc/14.2.1-1.1.1/.content/bin/../lib/gcc/arm-none-eabi/14.2.1/../../../../arm-none-eabi/lib/thumb/v6-m/nofp\libc_nano.a(libc_a-memchr-stub.o)
                0x0800d570                memchr
 *fill*         0x0800d586        0x2 
 .text.__assert_func
                0x0800d588       0x3c c:/Users/sante/AppData/Roaming/Code/User/globalStorage/bmd.stm32-for-vscode/@xpack-dev-tools/arm-none-eabi-gcc/14.2.1-1.1.1/.content/bin/../lib/gcc/arm-none-eabi/14.2.1/../../../../arm-none-eabi/lib/thumb/v6-m/nofp\libc_nano.a(libc_a-assert.o)
                0x0800d588                __assert_func
 .text._calloc_r
                0x0800d5c4       0x5a c:/Users/sante/AppData/Roaming/Code/User/globalStorage/bmd.stm32-for-vscode/@xpack-dev-tools/arm-none-eabi-gcc/14.2.1-1.1.1/.content/bin/../lib/gcc/arm-none-eabi/14.2.1/../../../../arm-none-eabi/lib/thumb/v6-m/nofp\libc_nano.a(libc_a-callocr.o)
                0x0800d5c4                _calloc_r
 .text._realloc_r
                0x0800d61e       0x60 c:/Users/sante/AppData/Roaming/Code/User/globalStorage/bmd.stm32-for-vscode/@xpack-dev-tools/arm-none-eabi-gcc/14.2.1-1.1.1/.content/bin/../lib/gcc/arm-none-eabi/14.2.1/../../../../arm-none-eabi/lib/thumb/v6-m/nofp\libc_nano.a(libc_a-reallocr.o)
                0x0800d61e                _realloc_r
 *fill*         0x0800d67e        0x2 
 .text.fprintf  0x0800d680       0x20 c:/Users/sante/AppData/Roaming/Code/User/globalStorage/bmd.stm32-for-vscode/@xpack-dev-tools/arm-none-eabi-gcc/14.2.1-1.1.1/.content/bin/../lib/gcc/arm-none-eabi/14.2.1/../../../../arm-none-eabi/lib/thumb/v6-m/nofp\libc_nano.a(libc_a-fprintf.o)
                0x0800d680                fiprintf
                0x0800d680                fprintf
 .text.abort    0x0800d6a0        0xe c:/Users/sante/AppData/Roaming/Code/User/globalStorage/bmd.stm32-for-vscode/@xpack-dev-tools/arm-none-eabi-gcc/14.2.1-1.1.1/.content/bin/../lib/gcc/arm-none-eabi/14.2.1/../../../../arm-none-eabi/lib/thumb/v6-m/nofp\libc_nano.a(libc_a-abort.o)
                0x0800d6a0                abort
 .text._malloc_usable_size_r
                0x0800d6ae       0x10 c:/Users/sante/AppData/Roaming/Code/User/globalStorage/bmd.stm32-for-vscode/@xpack-dev-tools/arm-none-eabi-gcc/14.2.1-1.1.1/.content/bin/../lib/gcc/arm-none-eabi/14.2.1/../../../../arm-none-eabi/lib/thumb/v6-m/nofp\libc_nano.a(libc_a-msizer.o)
                0x0800d6ae                _malloc_usable_size_r
 .text.__sfputc_r
                0x0800d6be       0x2a c:/Users/sante/AppData/Roaming/Code/User/globalStorage/bmd.stm32-for-vscode/@xpack-dev-tools/arm-none-eabi-gcc/14.2.1-1.1.1/.content/bin/../lib/gcc/arm-none-eabi/14.2.1/../../../../arm-none-eabi/lib/thumb/v6-m/nofp\libc_nano.a(libc_a-nano-vfprintf.o)
 .text.__sfputs_r
                0x0800d6e8       0x24 c:/Users/sante/AppData/Roaming/Code/User/globalStorage/bmd.stm32-for-vscode/@xpack-dev-tools/arm-none-eabi-gcc/14.2.1-1.1.1/.content/bin/../lib/gcc/arm-none-eabi/14.2.1/../../../../arm-none-eabi/lib/thumb/v6-m/nofp\libc_nano.a(libc_a-nano-vfprintf.o)
                0x0800d6e8                __sfputs_r
 .text._vfprintf_r
                0x0800d70c      0x240 c:/Users/sante/AppData/Roaming/Code/User/globalStorage/bmd.stm32-for-vscode/@xpack-dev-tools/arm-none-eabi-gcc/14.2.1-1.1.1/.content/bin/../lib/gcc/arm-none-eabi/14.2.1/../../../../arm-none-eabi/lib/thumb/v6-m/nofp\libc_nano.a(libc_a-nano-vfprintf.o)
                0x0800d70c                _vfprintf_r
                0x0800d70c                _vfiprintf_r
 .text.__swbuf_r
                0x0800d94c       0x84 c:/Users/sante/AppData/Roaming/Code/User/globalStorage/bmd.stm32-for-vscode/@xpack-dev-tools/arm-none-eabi-gcc/14.2.1-1.1.1/.content/bin/../lib/gcc/arm-none-eabi/14.2.1/../../../../arm-none-eabi/lib/thumb/v6-m/nofp\libc_nano.a(libc_a-wbuf.o)
                0x0800d94c                __swbuf_r
 .text.__swsetup_r
                0x0800d9d0       0xb4 c:/Users/sante/AppData/Roaming/Code/User/globalStorage/bmd.stm32-for-vscode/@xpack-dev-tools/arm-none-eabi-gcc/14.2.1-1.1.1/.content/bin/../lib/gcc/arm-none-eabi/14.2.1/../../../../arm-none-eabi/lib/thumb/v6-m/nofp\libc_nano.a(libc_a-wsetup.o)
                0x0800d9d0                __swsetup_r
 .text._raise_r
                0x0800da84       0x52 c:/Users/sante/AppData/Roaming/Code/User/globalStorage/bmd.stm32-for-vscode/@xpack-dev-tools/arm-none-eabi-gcc/14.2.1-1.1.1/.content/bin/../lib/gcc/arm-none-eabi/14.2.1/../../../../arm-none-eabi/lib/thumb/v6-m/nofp\libc_nano.a(libc_a-signal.o)
                0x0800da84                _raise_r
 *fill*         0x0800dad6        0x2 
 .text.raise    0x0800dad8       0x14 c:/Users/sante/AppData/Roaming/Code/User/globalStorage/bmd.stm32-for-vscode/@xpack-dev-tools/arm-none-eabi-gcc/14.2.1-1.1.1/.content/bin/../lib/gcc/arm-none-eabi/14.2.1/../../../../arm-none-eabi/lib/thumb/v6-m/nofp\libc_nano.a(libc_a-signal.o)
                0x0800dad8                raise
 .text._kill_r  0x0800daec       0x24 c:/Users/sante/AppData/Roaming/Code/User/globalStorage/bmd.stm32-for-vscode/@xpack-dev-tools/arm-none-eabi-gcc/14.2.1-1.1.1/.content/bin/../lib/gcc/arm-none-eabi/14.2.1/../../../../arm-none-eabi/lib/thumb/v6-m/nofp\libc_nano.a(libc_a-signalr.o)
                0x0800daec                _kill_r
 .text._getpid_r
                0x0800db10        0x8 c:/Users/sante/AppData/Roaming/Code/User/globalStorage/bmd.stm32-for-vscode/@xpack-dev-tools/arm-none-eabi-gcc/14.2.1-1.1.1/.content/bin/../lib/gcc/arm-none-eabi/14.2.1/../../../../arm-none-eabi/lib/thumb/v6-m/nofp\libc_nano.a(libc_a-signalr.o)
                0x0800db10                _getpid_r
 .text.__fixunssfsi
                0x0800db18       0x30 c:/Users/sante/AppData/Roaming/Code/User/globalStorage/bmd.stm32-for-vscode/@xpack-dev-tools/arm-none-eabi-gcc/14.2.1-1.1.1/.content/bin/../lib/gcc/arm-none-eabi/14.2.1/thumb/v6-m/nofp\libgcc.a(_fixunssfsi.o)
                0x0800db18                __fixunssfsi
                0x0800db18                __aeabi_f2uiz
 .text.__fixunsdfsi
                0x0800db48       0x3c c:/Users/sante/AppData/Roaming/Code/User/globalStorage/bmd.stm32-for-vscode/@xpack-dev-tools/arm-none-eabi-gcc/14.2.1-1.1.1/.content/bin/../lib/gcc/arm-none-eabi/14.2.1/thumb/v6-m/nofp\libgcc.a(_fixunsdfsi.o)
                0x0800db48                __aeabi_d2uiz
                0x0800db48                __fixunsdfsi
 .text.__fixdfdi
                0x0800db84       0x38 c:/Users/sante/AppData/Roaming/Code/User/globalStorage/bmd.stm32-for-vscode/@xpack-dev-tools/arm-none-eabi-gcc/14.2.1-1.1.1/.content/bin/../lib/gcc/arm-none-eabi/14.2.1/thumb/v6-m/nofp\libgcc.a(_fixdfdi.o)
                0x0800db84                __fixdfdi
                0x0800db84                __aeabi_d2lz
 .text.__fixunsdfdi
                0x0800dbbc       0x3c c:/Users/sante/AppData/Roaming/Code/User/globalStorage/bmd.stm32-for-vscode/@xpack-dev-tools/arm-none-eabi-gcc/14.2.1-1.1.1/.content/bin/../lib/gcc/arm-none-eabi/14.2.1/thumb/v6-m/nofp\libgcc.a(_fixunsdfdi.o)
                0x0800dbbc                __fixunsdfdi
                0x0800dbbc                __aeabi_d2ulz
 .text.__floatdidf
                0x0800dbf8       0x2c c:/Users/sante/AppData/Roaming/Code/User/globalStorage/bmd.stm32-for-vscode/@xpack-dev-tools/arm-none-eabi-gcc/14.2.1-1.1.1/.content/bin/../lib/gcc/arm-none-eabi/14.2.1/thumb/v6-m/nofp\libgcc.a(_floatdidf.o)
                0x0800dbf8                __aeabi_l2d
                0x0800dbf8                __floatdidf
 .text.__udivmoddi4
                0x0800dc24      0x198 c:/Users/sante/AppData/Roaming/Code/User/globalStorage/bmd.stm32-for-vscode/@xpack-dev-tools/arm-none-eabi-gcc/14.2.1-1.1.1/.content/bin/../lib/gcc/arm-none-eabi/14.2.1/thumb/v6-m/nofp\libgcc.a(_udivmoddi4.o)
                0x0800dc24                __udivmoddi4
 .text.__aeabi_fadd
                0x0800ddbc      0x41c c:/Users/sante/AppData/Roaming/Code/User/globalStorage/bmd.stm32-for-vscode/@xpack-dev-tools/arm-none-eabi-gcc/14.2.1-1.1.1/.content/bin/../lib/gcc/arm-none-eabi/14.2.1/thumb/v6-m/nofp\libgcc.a(addsf3.o)
                0x0800ddbc                __aeabi_fadd
 .text.__aeabi_fdiv
                0x0800e1d8      0x22c c:/Users/sante/AppData/Roaming/Code/User/globalStorage/bmd.stm32-for-vscode/@xpack-dev-tools/arm-none-eabi-gcc/14.2.1-1.1.1/.content/bin/../lib/gcc/arm-none-eabi/14.2.1/thumb/v6-m/nofp\libgcc.a(divsf3.o)
                0x0800e1d8                __aeabi_fdiv
 .text.__eqsf2  0x0800e404       0x50 c:/Users/sante/AppData/Roaming/Code/User/globalStorage/bmd.stm32-for-vscode/@xpack-dev-tools/arm-none-eabi-gcc/14.2.1-1.1.1/.content/bin/../lib/gcc/arm-none-eabi/14.2.1/thumb/v6-m/nofp\libgcc.a(eqsf2.o)
                0x0800e404                __eqsf2
                0x0800e404                __nesf2
 .text.__gesf2  0x0800e454       0x90 c:/Users/sante/AppData/Roaming/Code/User/globalStorage/bmd.stm32-for-vscode/@xpack-dev-tools/arm-none-eabi-gcc/14.2.1-1.1.1/.content/bin/../lib/gcc/arm-none-eabi/14.2.1/thumb/v6-m/nofp\libgcc.a(gesf2.o)
                0x0800e454                __gesf2
                0x0800e454                __gtsf2
 .text.__lesf2  0x0800e4e4       0x90 c:/Users/sante/AppData/Roaming/Code/User/globalStorage/bmd.stm32-for-vscode/@xpack-dev-tools/arm-none-eabi-gcc/14.2.1-1.1.1/.content/bin/../lib/gcc/arm-none-eabi/14.2.1/thumb/v6-m/nofp\libgcc.a(lesf2.o)
                0x0800e4e4                __ltsf2
                0x0800e4e4                __lesf2
 .text.__aeabi_fmul
                0x0800e574      0x2a4 c:/Users/sante/AppData/Roaming/Code/User/globalStorage/bmd.stm32-for-vscode/@xpack-dev-tools/arm-none-eabi-gcc/14.2.1-1.1.1/.content/bin/../lib/gcc/arm-none-eabi/14.2.1/thumb/v6-m/nofp\libgcc.a(mulsf3.o)
                0x0800e574                __aeabi_fmul
 .text.__aeabi_fsub
                0x0800e818      0x484 c:/Users/sante/AppData/Roaming/Code/User/globalStorage/bmd.stm32-for-vscode/@xpack-dev-tools/arm-none-eabi-gcc/14.2.1-1.1.1/.content/bin/../lib/gcc/arm-none-eabi/14.2.1/thumb/v6-m/nofp\libgcc.a(subsf3.o)
                0x0800e818                __aeabi_fsub
 .text.__aeabi_f2iz
                0x0800ec9c       0x40 c:/Users/sante/AppData/Roaming/Code/User/globalStorage/bmd.stm32-for-vscode/@xpack-dev-tools/arm-none-eabi-gcc/14.2.1-1.1.1/.content/bin/../lib/gcc/arm-none-eabi/14.2.1/thumb/v6-m/nofp\libgcc.a(fixsfsi.o)
                0x0800ec9c                __aeabi_f2iz
 .text.__aeabi_i2f
                0x0800ecdc       0xa0 c:/Users/sante/AppData/Roaming/Code/User/globalStorage/bmd.stm32-for-vscode/@xpack-dev-tools/arm-none-eabi-gcc/14.2.1-1.1.1/.content/bin/../lib/gcc/arm-none-eabi/14.2.1/thumb/v6-m/nofp\libgcc.a(floatsisf.o)
                0x0800ecdc                __aeabi_i2f
 .text.__aeabi_ui2f
                0x0800ed7c       0x8c c:/Users/sante/AppData/Roaming/Code/User/globalStorage/bmd.stm32-for-vscode/@xpack-dev-tools/arm-none-eabi-gcc/14.2.1-1.1.1/.content/bin/../lib/gcc/arm-none-eabi/14.2.1/thumb/v6-m/nofp\libgcc.a(floatunsisf.o)
                0x0800ed7c                __aeabi_ui2f
 .text.__aeabi_dadd
                0x0800ee08      0x834 c:/Users/sante/AppData/Roaming/Code/User/globalStorage/bmd.stm32-for-vscode/@xpack-dev-tools/arm-none-eabi-gcc/14.2.1-1.1.1/.content/bin/../lib/gcc/arm-none-eabi/14.2.1/thumb/v6-m/nofp\libgcc.a(adddf3.o)
                0x0800ee08                __aeabi_dadd
 .text.__aeabi_ddiv
                0x0800f63c      0x63c c:/Users/sante/AppData/Roaming/Code/User/globalStorage/bmd.stm32-for-vscode/@xpack-dev-tools/arm-none-eabi-gcc/14.2.1-1.1.1/.content/bin/../lib/gcc/arm-none-eabi/14.2.1/thumb/v6-m/nofp\libgcc.a(divdf3.o)
                0x0800f63c                __aeabi_ddiv
 .text.__eqdf2  0x0800fc78       0x8c c:/Users/sante/AppData/Roaming/Code/User/globalStorage/bmd.stm32-for-vscode/@xpack-dev-tools/arm-none-eabi-gcc/14.2.1-1.1.1/.content/bin/../lib/gcc/arm-none-eabi/14.2.1/thumb/v6-m/nofp\libgcc.a(eqdf2.o)
                0x0800fc78                __nedf2
                0x0800fc78                __eqdf2
 .text.__gedf2  0x0800fd04       0xe0 c:/Users/sante/AppData/Roaming/Code/User/globalStorage/bmd.stm32-for-vscode/@xpack-dev-tools/arm-none-eabi-gcc/14.2.1-1.1.1/.content/bin/../lib/gcc/arm-none-eabi/14.2.1/thumb/v6-m/nofp\libgcc.a(gedf2.o)
                0x0800fd04                __gedf2
                0x0800fd04                __gtdf2
 .text.__ledf2  0x0800fde4       0xdc c:/Users/sante/AppData/Roaming/Code/User/globalStorage/bmd.stm32-for-vscode/@xpack-dev-tools/arm-none-eabi-gcc/14.2.1-1.1.1/.content/bin/../lib/gcc/arm-none-eabi/14.2.1/thumb/v6-m/nofp\libgcc.a(ledf2.o)
                0x0800fde4                __ledf2
                0x0800fde4                __ltdf2
 .text.__aeabi_dmul
                0x0800fec0      0x590 c:/Users/sante/AppData/Roaming/Code/User/globalStorage/bmd.stm32-for-vscode/@xpack-dev-tools/arm-none-eabi-gcc/14.2.1-1.1.1/.content/bin/../lib/gcc/arm-none-eabi/14.2.1/thumb/v6-m/nofp\libgcc.a(muldf3.o)
                0x0800fec0                __aeabi_dmul
 .text.__aeabi_dsub
                0x08010450      0x870 c:/Users/sante/AppData/Roaming/Code/User/globalStorage/bmd.stm32-for-vscode/@xpack-dev-tools/arm-none-eabi-gcc/14.2.1-1.1.1/.content/bin/../lib/gcc/arm-none-eabi/14.2.1/thumb/v6-m/nofp\libgcc.a(subdf3.o)
                0x08010450                __aeabi_dsub
 .text.__aeabi_d2iz
                0x08010cc0       0x78 c:/Users/sante/AppData/Roaming/Code/User/globalStorage/bmd.stm32-for-vscode/@xpack-dev-tools/arm-none-eabi-gcc/14.2.1-1.1.1/.content/bin/../lib/gcc/arm-none-eabi/14.2.1/thumb/v6-m/nofp\libgcc.a(fixdfsi.o)
                0x08010cc0                __aeabi_d2iz
 .text.__aeabi_i2d
                0x08010d38       0x5c c:/Users/sante/AppData/Roaming/Code/User/globalStorage/bmd.stm32-for-vscode/@xpack-dev-tools/arm-none-eabi-gcc/14.2.1-1.1.1/.content/bin/../lib/gcc/arm-none-eabi/14.2.1/thumb/v6-m/nofp\libgcc.a(floatsidf.o)
                0x08010d38                __aeabi_i2d
 .text.__aeabi_ui2d
                0x08010d94       0x48 c:/Users/sante/AppData/Roaming/Code/User/globalStorage/bmd.stm32-for-vscode/@xpack-dev-tools/arm-none-eabi-gcc/14.2.1-1.1.1/.content/bin/../lib/gcc/arm-none-eabi/14.2.1/thumb/v6-m/nofp\libgcc.a(floatunsidf.o)
                0x08010d94                __aeabi_ui2d
 .text.__aeabi_f2d
                0x08010ddc       0x90 c:/Users/sante/AppData/Roaming/Code/User/globalStorage/bmd.stm32-for-vscode/@xpack-dev-tools/arm-none-eabi-gcc/14.2.1-1.1.1/.content/bin/../lib/gcc/arm-none-eabi/14.2.1/thumb/v6-m/nofp\libgcc.a(extendsfdf2.o)
                0x08010ddc                __aeabi_f2d
 .text.__aeabi_d2f
                0x08010e6c      0x110 c:/Users/sante/AppData/Roaming/Code/User/globalStorage/bmd.stm32-for-vscode/@xpack-dev-tools/arm-none-eabi-gcc/14.2.1-1.1.1/.content/bin/../lib/gcc/arm-none-eabi/14.2.1/thumb/v6-m/nofp\libgcc.a(truncdfsf2.o)
                0x08010e6c                __aeabi_d2f
 *(.glue_7)
 .glue_7        0x08010f7c        0x0 linker stubs
 *(.glue_7t)
 .glue_7t       0x08010f7c        0x0 linker stubs
 *(.eh_frame)
 .eh_frame      0x08010f7c        0x0 c:/Users/sante/AppData/Roaming/Code/User/globalStorage/bmd.stm32-for-vscode/@xpack-dev-tools/arm-none-eabi-gcc/14.2.1-1.1.1/.content/bin/../lib/gcc/arm-none-eabi/14.2.1/thumb/v6-m/nofp/crtbegin.o
 *(.init)
 .init          0x08010f7c        0x4 c:/Users/sante/AppData/Roaming/Code/User/globalStorage/bmd.stm32-for-vscode/@xpack-dev-tools/arm-none-eabi-gcc/14.2.1-1.1.1/.content/bin/../lib/gcc/arm-none-eabi/14.2.1/thumb/v6-m/nofp/crti.o
                0x08010f7c                _init
 .init          0x08010f80        0x8 c:/Users/sante/AppData/Roaming/Code/User/globalStorage/bmd.stm32-for-vscode/@xpack-dev-tools/arm-none-eabi-gcc/14.2.1-1.1.1/.content/bin/../lib/gcc/arm-none-eabi/14.2.1/thumb/v6-m/nofp/crtn.o
 *(.fini)
 .fini          0x08010f88        0x4 c:/Users/sante/AppData/Roaming/Code/User/globalStorage/bmd.stm32-for-vscode/@xpack-dev-tools/arm-none-eabi-gcc/14.2.1-1.1.1/.content/bin/../lib/gcc/arm-none-eabi/14.2.1/thumb/v6-m/nofp/crti.o
                0x08010f88                _fini
 .fini          0x08010f8c        0x8 c:/Users/sante/AppData/Roaming/Code/User/globalStorage/bmd.stm32-for-vscode/@xpack-dev-tools/arm-none-eabi-gcc/14.2.1-1.1.1/.content/bin/../lib/gcc/arm-none-eabi/14.2.1/thumb/v6-m/nofp/crtn.o
                0x08010f94                        . = ALIGN (0x4)
                0x08010f94                        _etext = .

.vfp11_veneer   0x08010f94        0x0
 .vfp11_veneer  0x08010f94        0x0 linker stubs

.v4_bx          0x08010f94        0x0
 .v4_bx         0x08010f94        0x0 linker stubs

.iplt           0x08010f94        0x0
 .iplt          0x08010f94        0x0 c:/Users/sante/AppData/Roaming/Code/User/globalStorage/bmd.stm32-for-vscode/@xpack-dev-tools/arm-none-eabi-gcc/14.2.1-1.1.1/.content/bin/../lib/gcc/arm-none-eabi/14.2.1/thumb/v6-m/nofp/crtbegin.o

.rodata         0x08010f98     0x2034
                0x08010f98                        . = ALIGN (0x4)
 *(.rodata)
 *(.rodata*)
 .rodata.create_name.str1.4
                0x08010f98     0x1a53 build/debug/ff.o
                                  0xf (size before relaxing)
 *fill*         0x080129eb        0x1 
 .rodata.ExCvt  0x080129ec       0x80 build/debug/ff.o
 .rodata.CAN_Rx_Default.str1.4
                0x08012a6c        0x5 build/debug/main.o
 .rodata.CAN_Rx_TC.str1.4
                0x08012a6c       0x29 build/debug/main.o
 .rodata.CAN_Rx_Relay.str1.4
                0x08012a6c       0x26 build/debug/main.o
 .rodata.CAN_Rx_RelayPower.str1.4
                0x08012a6c       0x15 build/debug/main.o
 .rodata.CAN_Rx_TCStat.str1.4
                0x08012a6c       0x63 build/debug/main.o
 .rodata.CAN_Decode.str1.4
                0x08012a6c        0xb build/debug/main.o
 .rodata.UART2_Print_Int.str1.4
                0x08012a6c        0x3 build/debug/main.o
 .rodata.bus_list_function.str1.4
                0x08012a6c       0x40 build/debug/main.o
 .rodata.next_word.str1.4
                0x08012a6c        0x2 build/debug/main.o
 .rodata.command_help.str1.4
                0x08012a6c      0x97d build/debug/main.o
 .rodata.command_bus.str1.4
                0x08012a6c       0x8c build/debug/main.o
 .rodata.command_name.str1.4
                0x08012a6c      0x13c build/debug/main.o
 .rodata.command_relay.str1.4
                0x08012a6c       0xed build/debug/main.o
 .rodata.command_servo.str1.4
                0x08012a6c      0x140 build/debug/main.o
 .rodata.command_tc.str1.4
                0x08012a6c       0x63 build/debug/main.o
 .rodata.command_pt.str1.4
                0x08012a6c       0x60 build/debug/main.o
 .rodata.list_all_files.str1.4
                0x08012a6c       0x4f build/debug/main.o
 .rodata.command_msg.str1.4
                0x08012a6c       0x60 build/debug/main.o
 .rodata.CAN_Rx_PT.str1.4
                0x08012a6c        0xf build/debug/main.o
 .rodata.command_time.str1.4
                0x08012a6c      0x237 build/debug/main.o
 .rodata.command_log.str1.4
                0x08012a6c      0x14b build/debug/main.o
 .rodata.command_loop.str1.4
                0x08012a6c      0x279 build/debug/main.o
 .rodata.command_lc.str1.4
                0x08012a6c       0x27 build/debug/main.o
 .rodata.initialize_sd.str1.4
                0x08012a6c       0x3d build/debug/main.o
 .rodata.deinit_sd.str1.4
                0x08012a6c       0x13 build/debug/main.o
 .rodata.sd_free_space.str1.4
                0x08012a6c       0x59 build/debug/main.o
 .rodata.command_sd.str1.4
                0x08012a6c       0x83 build/debug/main.o
 .rodata.process_command.str1.4
                0x08012a6c       0xca build/debug/main.o
 .rodata.command_file.str1.4
                0x08012a6c      0x1c4 build/debug/main.o
 .rodata.main.str1.4
                0x08012a6c       0x25 build/debug/main.o
 .rodata.str1.4
                0x08012a6c       0x2b build/debug/main.o
 .rodata.DLCtoBytes
                0x08012a6c       0x10 build/debug/stm32g0xx_hal_fdcan.o
 .rodata.UARTPrescTable
                0x08012a7c       0x18 build/debug/stm32g0xx_hal_uart.o
                0x08012a7c                UARTPrescTable
 .rodata.denominator.0
                0x08012a94        0x8 build/debug/stm32g0xx_hal_uart_ex.o
 .rodata.numerator.1
                0x08012a9c        0x8 build/debug/stm32g0xx_hal_uart_ex.o
 .rodata.APBPrescTable
                0x08012aa4       0x20 build/debug/system_stm32g0xx.o
                0x08012aa4                APBPrescTable
 .rodata.AHBPrescTable
                0x08012ac4       0x40 build/debug/system_stm32g0xx.o
                0x08012ac4                AHBPrescTable
 .rodata._strtod_l.str1.1
                0x08012b04      0x1ba c:/Users/sante/AppData/Roaming/Code/User/globalStorage/bmd.stm32-for-vscode/@xpack-dev-tools/arm-none-eabi-gcc/14.2.1-1.1.1/.content/bin/../lib/gcc/arm-none-eabi/14.2.1/../../../../arm-none-eabi/lib/thumb/v6-m/nofp\libc_nano.a(libc_a-strtod.o)
                                  0xf (size before relaxing)
 *fill*         0x08012cbe        0x2 
 .rodata.fpinan.0
                0x08012cc0       0x14 c:/Users/sante/AppData/Roaming/Code/User/globalStorage/bmd.stm32-for-vscode/@xpack-dev-tools/arm-none-eabi-gcc/14.2.1-1.1.1/.content/bin/../lib/gcc/arm-none-eabi/14.2.1/../../../../arm-none-eabi/lib/thumb/v6-m/nofp\libc_nano.a(libc_a-strtod.o)
 .rodata.fpi.1  0x08012cd4       0x14 c:/Users/sante/AppData/Roaming/Code/User/globalStorage/bmd.stm32-for-vscode/@xpack-dev-tools/arm-none-eabi-gcc/14.2.1-1.1.1/.content/bin/../lib/gcc/arm-none-eabi/14.2.1/../../../../arm-none-eabi/lib/thumb/v6-m/nofp\libc_nano.a(libc_a-strtod.o)
 .rodata.tinytens
                0x08012ce8       0x28 c:/Users/sante/AppData/Roaming/Code/User/globalStorage/bmd.stm32-for-vscode/@xpack-dev-tools/arm-none-eabi-gcc/14.2.1-1.1.1/.content/bin/../lib/gcc/arm-none-eabi/14.2.1/../../../../arm-none-eabi/lib/thumb/v6-m/nofp\libc_nano.a(libc_a-strtod.o)
 .rodata._ctype_