ARM GAS  C:\Users\sante\AppData\Local\Temp\cci5CEkm.s 			page 1


   1              		.cpu cortex-m0plus
   2              		.arch armv6s-m
   3              		.fpu softvfp
   4              		.eabi_attribute 20, 1
   5              		.eabi_attribute 21, 1
   6              		.eabi_attribute 23, 3
   7              		.eabi_attribute 24, 1
   8              		.eabi_attribute 25, 1
   9              		.eabi_attribute 26, 1
  10              		.eabi_attribute 30, 1
  11              		.eabi_attribute 34, 0
  12              		.eabi_attribute 18, 4
  13              		.file	"app_fatfs.c"
  14              		.text
  15              	.Ltext0:
  16              		.cfi_sections	.debug_frame
  17              		.file 1 "FATFS/App/app_fatfs.c"
  18              		.section	.text.MX_FATFS_Init,"ax",%progbits
  19              		.align	1
  20              		.global	MX_FATFS_Init
  21              		.syntax unified
  22              		.code	16
  23              		.thumb_func
  25              	MX_FATFS_Init:
  26              	.LFB493:
   1:FATFS/App/app_fatfs.c **** /* USER CODE BEGIN Header */
   2:FATFS/App/app_fatfs.c **** /**
   3:FATFS/App/app_fatfs.c ****   ******************************************************************************
   4:FATFS/App/app_fatfs.c ****   * @file   app_fatfs.c
   5:FATFS/App/app_fatfs.c ****   * @brief  Code for fatfs applications
   6:FATFS/App/app_fatfs.c ****   ******************************************************************************
   7:FATFS/App/app_fatfs.c ****   * @attention
   8:FATFS/App/app_fatfs.c ****   *
   9:FATFS/App/app_fatfs.c ****   * Copyright (c) 2026 STMicroelectronics.
  10:FATFS/App/app_fatfs.c ****   * All rights reserved.
  11:FATFS/App/app_fatfs.c ****   *
  12:FATFS/App/app_fatfs.c ****   * This software is licensed under terms that can be found in the LICENSE file
  13:FATFS/App/app_fatfs.c ****   * in the root directory of this software component.
  14:FATFS/App/app_fatfs.c ****   * If no LICENSE file comes with this software, it is provided AS-IS.
  15:FATFS/App/app_fatfs.c ****   *
  16:FATFS/App/app_fatfs.c ****   ******************************************************************************
  17:FATFS/App/app_fatfs.c ****   */
  18:FATFS/App/app_fatfs.c **** /* USER CODE END Header */
  19:FATFS/App/app_fatfs.c **** 
  20:FATFS/App/app_fatfs.c **** /* Includes ------------------------------------------------------------------*/
  21:FATFS/App/app_fatfs.c **** #include "app_fatfs.h"
  22:FATFS/App/app_fatfs.c **** #include "main.h"
  23:FATFS/App/app_fatfs.c **** 
  24:FATFS/App/app_fatfs.c **** /* Private includes ----------------------------------------------------------*/
  25:FATFS/App/app_fatfs.c **** /* USER CODE BEGIN Includes */
  26:FATFS/App/app_fatfs.c **** 
  27:FATFS/App/app_fatfs.c **** /* USER CODE END Includes */
  28:FATFS/App/app_fatfs.c **** 
  29:FATFS/App/app_fatfs.c **** /* Private typedef -----------------------------------------------------------*/
  30:FATFS/App/app_fatfs.c **** /* USER CODE BEGIN PTD */
  31:FATFS/App/app_fatfs.c **** typedef enum {
  32:FATFS/App/app_fatfs.c ****   APPLICATION_IDLE = 0,
ARM GAS  C:\Users\sante\AppData\Local\Temp\cci5CEkm.s 			page 2


  33:FATFS/App/app_fatfs.c ****   APPLICATION_INIT,
  34:FATFS/App/app_fatfs.c ****   APPLICATION_RUNNING,
  35:FATFS/App/app_fatfs.c ****   APPLICATION_SD_UNPLUGGED,
  36:FATFS/App/app_fatfs.c **** }FS_FileOperationsTypeDef;
  37:FATFS/App/app_fatfs.c **** /* USER CODE END PTD */
  38:FATFS/App/app_fatfs.c **** 
  39:FATFS/App/app_fatfs.c **** /* Private define ------------------------------------------------------------*/
  40:FATFS/App/app_fatfs.c **** /* USER CODE BEGIN PD */
  41:FATFS/App/app_fatfs.c **** 
  42:FATFS/App/app_fatfs.c **** /* USER CODE END PD */
  43:FATFS/App/app_fatfs.c **** 
  44:FATFS/App/app_fatfs.c **** /* Private macro -------------------------------------------------------------*/
  45:FATFS/App/app_fatfs.c **** /* USER CODE BEGIN PM */
  46:FATFS/App/app_fatfs.c **** 
  47:FATFS/App/app_fatfs.c **** /* USER CODE END PM */
  48:FATFS/App/app_fatfs.c **** 
  49:FATFS/App/app_fatfs.c **** /* Private variables ---------------------------------------------------------*/
  50:FATFS/App/app_fatfs.c **** FATFS USERFatFs;  /* File system object for USER logical drive */
  51:FATFS/App/app_fatfs.c **** FIL USERFile;     /* File  object for USER */
  52:FATFS/App/app_fatfs.c **** char USERPath[4]; /* USER logical drive path */
  53:FATFS/App/app_fatfs.c **** /* USER CODE BEGIN PV */
  54:FATFS/App/app_fatfs.c **** FS_FileOperationsTypeDef Appli_state = APPLICATION_IDLE;
  55:FATFS/App/app_fatfs.c **** /* USER CODE END PV */
  56:FATFS/App/app_fatfs.c **** 
  57:FATFS/App/app_fatfs.c **** /* Private function prototypes -----------------------------------------------*/
  58:FATFS/App/app_fatfs.c **** /* USER CODE BEGIN PFP */
  59:FATFS/App/app_fatfs.c **** 
  60:FATFS/App/app_fatfs.c **** /* USER CODE END PFP */
  61:FATFS/App/app_fatfs.c **** 
  62:FATFS/App/app_fatfs.c **** /**
  63:FATFS/App/app_fatfs.c ****   * @brief  FatFs initialization
  64:FATFS/App/app_fatfs.c ****   * @param  None
  65:FATFS/App/app_fatfs.c ****   * @retval Initialization result
  66:FATFS/App/app_fatfs.c ****   */
  67:FATFS/App/app_fatfs.c **** int32_t MX_FATFS_Init(void)
  68:FATFS/App/app_fatfs.c **** {
  27              		.loc 1 68 1 view -0
  28              		.cfi_startproc
  29              		@ args = 0, pretend = 0, frame = 0
  30              		@ frame_needed = 0, uses_anonymous_args = 0
  31 0000 10B5     		push	{r4, lr}
  32              		.cfi_def_cfa_offset 8
  33              		.cfi_offset 4, -8
  34              		.cfi_offset 14, -4
  69:FATFS/App/app_fatfs.c ****   /*## FatFS: Link the disk I/O driver(s)  ###########################*/
  70:FATFS/App/app_fatfs.c ****   if (FATFS_LinkDriver(&USER_Driver, USERPath) != 0)
  35              		.loc 1 70 3 view .LVU1
  36              		.loc 1 70 7 is_stmt 0 view .LVU2
  37 0002 0649     		ldr	r1, .L4
  38 0004 0648     		ldr	r0, .L4+4
  39 0006 FFF7FEFF 		bl	FATFS_LinkDriver
  40              	.LVL0:
  41              		.loc 1 70 6 discriminator 1 view .LVU3
  42 000a 0028     		cmp	r0, #0
  43 000c 03D1     		bne	.L3
  71:FATFS/App/app_fatfs.c ****   /* USER CODE BEGIN FATFS_Init */
  72:FATFS/App/app_fatfs.c ****   {
ARM GAS  C:\Users\sante\AppData\Local\Temp\cci5CEkm.s 			page 3


  73:FATFS/App/app_fatfs.c ****     return APP_ERROR;
  74:FATFS/App/app_fatfs.c ****   }
  75:FATFS/App/app_fatfs.c ****   else
  76:FATFS/App/app_fatfs.c ****   {
  77:FATFS/App/app_fatfs.c ****     Appli_state = APPLICATION_INIT; // also defined in usb_host.c
  44              		.loc 1 77 5 is_stmt 1 view .LVU4
  45              		.loc 1 77 17 is_stmt 0 view .LVU5
  46 000e 054B     		ldr	r3, .L4+8
  47 0010 0122     		movs	r2, #1
  48 0012 1A70     		strb	r2, [r3]
  78:FATFS/App/app_fatfs.c ****     return APP_OK;
  49              		.loc 1 78 5 is_stmt 1 view .LVU6
  50              	.L1:
  79:FATFS/App/app_fatfs.c ****   }
  80:FATFS/App/app_fatfs.c ****   /* USER CODE END FATFS_Init */
  81:FATFS/App/app_fatfs.c **** }
  51              		.loc 1 81 1 is_stmt 0 view .LVU7
  52              		@ sp needed
  53 0014 10BD     		pop	{r4, pc}
  54              	.L3:
  73:FATFS/App/app_fatfs.c ****   }
  55              		.loc 1 73 12 view .LVU8
  56 0016 0120     		movs	r0, #1
  57 0018 4042     		rsbs	r0, r0, #0
  58 001a FBE7     		b	.L1
  59              	.L5:
  60              		.align	2
  61              	.L4:
  62 001c 00000000 		.word	USERPath
  63 0020 00000000 		.word	USER_Driver
  64 0024 00000000 		.word	Appli_state
  65              		.cfi_endproc
  66              	.LFE493:
  68              		.section	.text.MX_FATFS_Process,"ax",%progbits
  69              		.align	1
  70              		.global	MX_FATFS_Process
  71              		.syntax unified
  72              		.code	16
  73              		.thumb_func
  75              	MX_FATFS_Process:
  76              	.LFB494:
  82:FATFS/App/app_fatfs.c **** 
  83:FATFS/App/app_fatfs.c **** /**
  84:FATFS/App/app_fatfs.c ****   * @brief  FatFs application main process
  85:FATFS/App/app_fatfs.c ****   * @param  None
  86:FATFS/App/app_fatfs.c ****   * @retval Process result
  87:FATFS/App/app_fatfs.c ****   */
  88:FATFS/App/app_fatfs.c **** int32_t MX_FATFS_Process(void)
  89:FATFS/App/app_fatfs.c **** {
  77              		.loc 1 89 1 is_stmt 1 view -0
  78              		.cfi_startproc
  79              		@ args = 0, pretend = 0, frame = 0
  80              		@ frame_needed = 0, uses_anonymous_args = 0
  81              		@ link register save eliminated.
  90:FATFS/App/app_fatfs.c ****   /* USER CODE BEGIN FATFS_Process */
  91:FATFS/App/app_fatfs.c ****   int32_t process_res = APP_OK;
  82              		.loc 1 91 3 view .LVU10
ARM GAS  C:\Users\sante\AppData\Local\Temp\cci5CEkm.s 			page 4


  83              	.LVL1:
  92:FATFS/App/app_fatfs.c **** 
  93:FATFS/App/app_fatfs.c ****   return process_res;
  84              		.loc 1 93 3 view .LVU11
  94:FATFS/App/app_fatfs.c ****   /* USER CODE END FATFS_Process */
  95:FATFS/App/app_fatfs.c **** }
  85              		.loc 1 95 1 is_stmt 0 view .LVU12
  86 0000 0020     		movs	r0, #0
  87              		@ sp needed
  88 0002 7047     		bx	lr
  89              		.cfi_endproc
  90              	.LFE494:
  92              		.section	.text.get_fattime,"ax",%progbits
  93              		.align	1
  94              		.global	get_fattime
  95              		.syntax unified
  96              		.code	16
  97              		.thumb_func
  99              	get_fattime:
 100              	.LFB495:
  96:FATFS/App/app_fatfs.c **** 
  97:FATFS/App/app_fatfs.c **** /**
  98:FATFS/App/app_fatfs.c ****   * @brief  Gets Time from RTC (generated when FS_NORTC==0; see ff.c)
  99:FATFS/App/app_fatfs.c ****   * @param  None
 100:FATFS/App/app_fatfs.c ****   * @retval Time in DWORD
 101:FATFS/App/app_fatfs.c ****   */
 102:FATFS/App/app_fatfs.c **** DWORD get_fattime(void)
 103:FATFS/App/app_fatfs.c **** {
 101              		.loc 1 103 1 is_stmt 1 view -0
 102              		.cfi_startproc
 103              		@ args = 0, pretend = 0, frame = 0
 104              		@ frame_needed = 0, uses_anonymous_args = 0
 105              		@ link register save eliminated.
 104:FATFS/App/app_fatfs.c ****   /* USER CODE BEGIN get_fattime */
 105:FATFS/App/app_fatfs.c ****   return 0;
 106              		.loc 1 105 3 view .LVU14
 106:FATFS/App/app_fatfs.c ****   /* USER CODE END get_fattime */
 107:FATFS/App/app_fatfs.c **** }
 107              		.loc 1 107 1 is_stmt 0 view .LVU15
 108 0000 0020     		movs	r0, #0
 109              		@ sp needed
 110 0002 7047     		bx	lr
 111              		.cfi_endproc
 112              	.LFE495:
 114              		.global	Appli_state
 115              		.section	.bss.Appli_state,"aw",%nobits
 118              	Appli_state:
 119 0000 00       		.space	1
 120              		.global	USERPath
 121              		.section	.bss.USERPath,"aw",%nobits
 122              		.align	2
 125              	USERPath:
 126 0000 00000000 		.space	4
 127              		.global	USERFile
 128              		.section	.bss.USERFile,"aw",%nobits
 129              		.align	2
 132              	USERFile:
ARM GAS  C:\Users\sante\AppData\Local\Temp\cci5CEkm.s 			page 5


 133 0000 00000000 		.space	560
 133      00000000 
 133      00000000 
 133      00000000 
 133      00000000 
 134              		.global	USERFatFs
 135              		.section	.bss.USERFatFs,"aw",%nobits
 136              		.align	2
 139              	USERFatFs:
 140 0000 00000000 		.space	560
 140      00000000 
 140      00000000 
 140      00000000 
 140      00000000 
 141              		.text
 142              	.Letext0:
 143              		.file 2 "Middlewares/Third_Party/FatFs/src/integer.h"
 144              		.file 3 "C:/Users/sante/AppData/Roaming/Code/User/globalStorage/bmd.stm32-for-vscode/@xpack-dev-to
 145              		.file 4 "C:/Users/sante/AppData/Roaming/Code/User/globalStorage/bmd.stm32-for-vscode/@xpack-dev-to
 146              		.file 5 "Middlewares/Third_Party/FatFs/src/ff.h"
 147              		.file 6 "Middlewares/Third_Party/FatFs/src/diskio.h"
 148              		.file 7 "Middlewares/Third_Party/FatFs/src/ff_gen_drv.h"
 149              		.file 8 "FATFS/Target/user_diskio.h"
 150              		.file 9 "FATFS/App/app_fatfs.h"
 151              		.file 10 "Drivers/STM32G0xx_HAL_Driver/Inc/stm32g0xx_ll_dma.h"
ARM GAS  C:\Users\sante\AppData\Local\Temp\cci5CEkm.s 			page 6


DEFINED SYMBOLS
                            *ABS*:00000000 app_fatfs.c
C:\Users\sante\AppData\Local\Temp\cci5CEkm.s:19     .text.MX_FATFS_Init:00000000 $t
C:\Users\sante\AppData\Local\Temp\cci5CEkm.s:25     .text.MX_FATFS_Init:00000000 MX_FATFS_Init
C:\Users\sante\AppData\Local\Temp\cci5CEkm.s:62     .text.MX_FATFS_Init:0000001c $d
C:\Users\sante\AppData\Local\Temp\cci5CEkm.s:125    .bss.USERPath:00000000 USERPath
C:\Users\sante\AppData\Local\Temp\cci5CEkm.s:118    .bss.Appli_state:00000000 Appli_state
C:\Users\sante\AppData\Local\Temp\cci5CEkm.s:69     .text.MX_FATFS_Process:00000000 $t
C:\Users\sante\AppData\Local\Temp\cci5CEkm.s:75     .text.MX_FATFS_Process:00000000 MX_FATFS_Process
C:\Users\sante\AppData\Local\Temp\cci5CEkm.s:93     .text.get_fattime:00000000 $t
C:\Users\sante\AppData\Local\Temp\cci5CEkm.s:99     .text.get_fattime:00000000 get_fattime
C:\Users\sante\AppData\Local\Temp\cci5CEkm.s:119    .bss.Appli_state:00000000 $d
C:\Users\sante\AppData\Local\Temp\cci5CEkm.s:122    .bss.USERPath:00000000 $d
C:\Users\sante\AppData\Local\Temp\cci5CEkm.s:132    .bss.USERFile:00000000 USERFile
C:\Users\sante\AppData\Local\Temp\cci5CEkm.s:129    .bss.USERFile:00000000 $d
C:\Users\sante\AppData\Local\Temp\cci5CEkm.s:139    .bss.USERFatFs:00000000 USERFatFs
C:\Users\sante\AppData\Local\Temp\cci5CEkm.s:136    .bss.USERFatFs:00000000 $d

UNDEFINED SYMBOLS
FATFS_LinkDriver
USER_Driver
