ARM GAS  C:\Users\sante\AppData\Local\Temp\ccGZAlio.s 			page 1


   1              		.cpu cortex-m0plus
   2              		.arch armv6s-m
   3              		.fpu softvfp
   4              		.eabi_attribute 20, 1
   5              		.eabi_attribute 21, 1
   6              		.eabi_attribute 23, 3
   7              		.eabi_attribute 24, 1
   8              		.eabi_attribute 25, 1
   9              		.eabi_attribute 26, 1
  10              		.eabi_attribute 30, 1
  11              		.eabi_attribute 34, 0
  12              		.eabi_attribute 18, 4
  13              		.file	"diskio.c"
  14              		.text
  15              	.Ltext0:
  16              		.cfi_sections	.debug_frame
  17              		.file 1 "Middlewares/Third_Party/FatFs/src/diskio.c"
  18              		.section	.text.disk_status,"ax",%progbits
  19              		.align	1
  20              		.global	disk_status
  21              		.syntax unified
  22              		.code	16
  23              		.thumb_func
  25              	disk_status:
  26              	.LVL0:
  27              	.LFB493:
   1:Middlewares/Third_Party/FatFs/src/diskio.c **** /*-----------------------------------------------------------------------*/
   2:Middlewares/Third_Party/FatFs/src/diskio.c **** /* Low level disk I/O module skeleton for FatFs     (C)ChaN, 2017        */
   3:Middlewares/Third_Party/FatFs/src/diskio.c **** /*                                                                       */
   4:Middlewares/Third_Party/FatFs/src/diskio.c **** /*   Portions COPYRIGHT 2017 STMicroelectronics                          */
   5:Middlewares/Third_Party/FatFs/src/diskio.c **** /*   Portions Copyright (C) 2017, ChaN, all right reserved               */
   6:Middlewares/Third_Party/FatFs/src/diskio.c **** /*-----------------------------------------------------------------------*/
   7:Middlewares/Third_Party/FatFs/src/diskio.c **** /* If a working storage control module is available, it should be        */
   8:Middlewares/Third_Party/FatFs/src/diskio.c **** /* attached to the FatFs via a glue function rather than modifying it.   */
   9:Middlewares/Third_Party/FatFs/src/diskio.c **** /* This is an example of glue functions to attach various existing      */
  10:Middlewares/Third_Party/FatFs/src/diskio.c **** /* storage control modules to the FatFs module with a defined API.       */
  11:Middlewares/Third_Party/FatFs/src/diskio.c **** /*-----------------------------------------------------------------------*/
  12:Middlewares/Third_Party/FatFs/src/diskio.c **** 
  13:Middlewares/Third_Party/FatFs/src/diskio.c **** /* Includes ------------------------------------------------------------------*/
  14:Middlewares/Third_Party/FatFs/src/diskio.c **** #include "diskio.h"
  15:Middlewares/Third_Party/FatFs/src/diskio.c **** #include "ff_gen_drv.h"
  16:Middlewares/Third_Party/FatFs/src/diskio.c **** 
  17:Middlewares/Third_Party/FatFs/src/diskio.c **** #if defined ( __GNUC__ )
  18:Middlewares/Third_Party/FatFs/src/diskio.c **** #ifndef __weak
  19:Middlewares/Third_Party/FatFs/src/diskio.c **** #define __weak __attribute__((weak))
  20:Middlewares/Third_Party/FatFs/src/diskio.c **** #endif
  21:Middlewares/Third_Party/FatFs/src/diskio.c **** #endif
  22:Middlewares/Third_Party/FatFs/src/diskio.c **** 
  23:Middlewares/Third_Party/FatFs/src/diskio.c **** /* Private typedef -----------------------------------------------------------*/
  24:Middlewares/Third_Party/FatFs/src/diskio.c **** /* Private define ------------------------------------------------------------*/
  25:Middlewares/Third_Party/FatFs/src/diskio.c **** /* Private variables ---------------------------------------------------------*/
  26:Middlewares/Third_Party/FatFs/src/diskio.c **** extern Disk_drvTypeDef  disk;
  27:Middlewares/Third_Party/FatFs/src/diskio.c **** 
  28:Middlewares/Third_Party/FatFs/src/diskio.c **** /* Private function prototypes -----------------------------------------------*/
  29:Middlewares/Third_Party/FatFs/src/diskio.c **** /* Private functions ---------------------------------------------------------*/
  30:Middlewares/Third_Party/FatFs/src/diskio.c **** 
  31:Middlewares/Third_Party/FatFs/src/diskio.c **** /**
ARM GAS  C:\Users\sante\AppData\Local\Temp\ccGZAlio.s 			page 2


  32:Middlewares/Third_Party/FatFs/src/diskio.c ****   * @brief  Gets Disk Status
  33:Middlewares/Third_Party/FatFs/src/diskio.c ****   * @param  pdrv: Physical drive number (0..)
  34:Middlewares/Third_Party/FatFs/src/diskio.c ****   * @retval DSTATUS: Operation status
  35:Middlewares/Third_Party/FatFs/src/diskio.c ****   */
  36:Middlewares/Third_Party/FatFs/src/diskio.c **** DSTATUS disk_status (
  37:Middlewares/Third_Party/FatFs/src/diskio.c **** 	BYTE pdrv		/* Physical drive number to identify the drive */
  38:Middlewares/Third_Party/FatFs/src/diskio.c **** )
  39:Middlewares/Third_Party/FatFs/src/diskio.c **** {
  28              		.loc 1 39 1 view -0
  29              		.cfi_startproc
  30              		@ args = 0, pretend = 0, frame = 0
  31              		@ frame_needed = 0, uses_anonymous_args = 0
  32              		.loc 1 39 1 is_stmt 0 view .LVU1
  33 0000 10B5     		push	{r4, lr}
  34              		.cfi_def_cfa_offset 8
  35              		.cfi_offset 4, -8
  36              		.cfi_offset 14, -4
  40:Middlewares/Third_Party/FatFs/src/diskio.c ****   DSTATUS stat;
  37              		.loc 1 40 3 is_stmt 1 view .LVU2
  41:Middlewares/Third_Party/FatFs/src/diskio.c **** 
  42:Middlewares/Third_Party/FatFs/src/diskio.c ****   stat = disk.drv[pdrv]->disk_status(disk.lun[pdrv]);
  38              		.loc 1 42 3 view .LVU3
  39              		.loc 1 42 18 is_stmt 0 view .LVU4
  40 0002 044B     		ldr	r3, .L2
  41 0004 8200     		lsls	r2, r0, #2
  42 0006 9A18     		adds	r2, r3, r2
  43 0008 5268     		ldr	r2, [r2, #4]
  44              		.loc 1 42 24 view .LVU5
  45 000a 5268     		ldr	r2, [r2, #4]
  46              		.loc 1 42 10 view .LVU6
  47 000c 1B18     		adds	r3, r3, r0
  48 000e 187A     		ldrb	r0, [r3, #8]
  49              	.LVL1:
  50              		.loc 1 42 10 view .LVU7
  51 0010 9047     		blx	r2
  52              	.LVL2:
  43:Middlewares/Third_Party/FatFs/src/diskio.c ****   return stat;
  53              		.loc 1 43 3 is_stmt 1 view .LVU8
  44:Middlewares/Third_Party/FatFs/src/diskio.c **** }
  54              		.loc 1 44 1 is_stmt 0 view .LVU9
  55              		@ sp needed
  56 0012 10BD     		pop	{r4, pc}
  57              	.L3:
  58              		.align	2
  59              	.L2:
  60 0014 00000000 		.word	disk
  61              		.cfi_endproc
  62              	.LFE493:
  64              		.section	.text.disk_initialize,"ax",%progbits
  65              		.align	1
  66              		.global	disk_initialize
  67              		.syntax unified
  68              		.code	16
  69              		.thumb_func
  71              	disk_initialize:
  72              	.LVL3:
  73              	.LFB494:
ARM GAS  C:\Users\sante\AppData\Local\Temp\ccGZAlio.s 			page 3


  45:Middlewares/Third_Party/FatFs/src/diskio.c **** 
  46:Middlewares/Third_Party/FatFs/src/diskio.c **** /**
  47:Middlewares/Third_Party/FatFs/src/diskio.c ****   * @brief  Initializes a Drive
  48:Middlewares/Third_Party/FatFs/src/diskio.c ****   * @param  pdrv: Physical drive number (0..)
  49:Middlewares/Third_Party/FatFs/src/diskio.c ****   * @retval DSTATUS: Operation status
  50:Middlewares/Third_Party/FatFs/src/diskio.c ****   */
  51:Middlewares/Third_Party/FatFs/src/diskio.c **** DSTATUS disk_initialize (
  52:Middlewares/Third_Party/FatFs/src/diskio.c **** 	BYTE pdrv				/* Physical drive nmuber to identify the drive */
  53:Middlewares/Third_Party/FatFs/src/diskio.c **** )
  54:Middlewares/Third_Party/FatFs/src/diskio.c **** {
  74              		.loc 1 54 1 is_stmt 1 view -0
  75              		.cfi_startproc
  76              		@ args = 0, pretend = 0, frame = 0
  77              		@ frame_needed = 0, uses_anonymous_args = 0
  78              		.loc 1 54 1 is_stmt 0 view .LVU11
  79 0000 10B5     		push	{r4, lr}
  80              		.cfi_def_cfa_offset 8
  81              		.cfi_offset 4, -8
  82              		.cfi_offset 14, -4
  55:Middlewares/Third_Party/FatFs/src/diskio.c ****   DSTATUS stat = RES_OK;
  83              		.loc 1 55 3 is_stmt 1 view .LVU12
  84              	.LVL4:
  56:Middlewares/Third_Party/FatFs/src/diskio.c **** 
  57:Middlewares/Third_Party/FatFs/src/diskio.c ****   if(disk.is_initialized[pdrv] == 0)
  85              		.loc 1 57 3 view .LVU13
  86              		.loc 1 57 25 is_stmt 0 view .LVU14
  87 0002 084B     		ldr	r3, .L7
  88 0004 1B5C     		ldrb	r3, [r3, r0]
  89              		.loc 1 57 5 view .LVU15
  90 0006 002B     		cmp	r3, #0
  91 0008 0AD1     		bne	.L6
  58:Middlewares/Third_Party/FatFs/src/diskio.c ****   {
  59:Middlewares/Third_Party/FatFs/src/diskio.c ****     disk.is_initialized[pdrv] = 1;
  92              		.loc 1 59 5 is_stmt 1 view .LVU16
  93              		.loc 1 59 31 is_stmt 0 view .LVU17
  94 000a 064B     		ldr	r3, .L7
  95 000c 0122     		movs	r2, #1
  96 000e 1A54     		strb	r2, [r3, r0]
  60:Middlewares/Third_Party/FatFs/src/diskio.c ****     stat = disk.drv[pdrv]->disk_initialize(disk.lun[pdrv]);
  97              		.loc 1 60 5 is_stmt 1 view .LVU18
  98              		.loc 1 60 20 is_stmt 0 view .LVU19
  99 0010 8200     		lsls	r2, r0, #2
 100 0012 9A18     		adds	r2, r3, r2
 101 0014 5268     		ldr	r2, [r2, #4]
 102              		.loc 1 60 26 view .LVU20
 103 0016 1268     		ldr	r2, [r2]
 104              		.loc 1 60 12 view .LVU21
 105 0018 1B18     		adds	r3, r3, r0
 106 001a 187A     		ldrb	r0, [r3, #8]
 107              	.LVL5:
 108              		.loc 1 60 12 view .LVU22
 109 001c 9047     		blx	r2
 110              	.LVL6:
 111              	.L5:
  61:Middlewares/Third_Party/FatFs/src/diskio.c ****   }
  62:Middlewares/Third_Party/FatFs/src/diskio.c ****   return stat;
 112              		.loc 1 62 3 is_stmt 1 view .LVU23
ARM GAS  C:\Users\sante\AppData\Local\Temp\ccGZAlio.s 			page 4


  63:Middlewares/Third_Party/FatFs/src/diskio.c **** }
 113              		.loc 1 63 1 is_stmt 0 view .LVU24
 114              		@ sp needed
 115 001e 10BD     		pop	{r4, pc}
 116              	.LVL7:
 117              	.L6:
  55:Middlewares/Third_Party/FatFs/src/diskio.c **** 
 118              		.loc 1 55 11 view .LVU25
 119 0020 0020     		movs	r0, #0
 120              	.LVL8:
  55:Middlewares/Third_Party/FatFs/src/diskio.c **** 
 121              		.loc 1 55 11 view .LVU26
 122 0022 FCE7     		b	.L5
 123              	.L8:
 124              		.align	2
 125              	.L7:
 126 0024 00000000 		.word	disk
 127              		.cfi_endproc
 128              	.LFE494:
 130              		.section	.text.disk_read,"ax",%progbits
 131              		.align	1
 132              		.global	disk_read
 133              		.syntax unified
 134              		.code	16
 135              		.thumb_func
 137              	disk_read:
 138              	.LVL9:
 139              	.LFB495:
  64:Middlewares/Third_Party/FatFs/src/diskio.c **** 
  65:Middlewares/Third_Party/FatFs/src/diskio.c **** /**
  66:Middlewares/Third_Party/FatFs/src/diskio.c ****   * @brief  Reads Sector(s)
  67:Middlewares/Third_Party/FatFs/src/diskio.c ****   * @param  pdrv: Physical drive number (0..)
  68:Middlewares/Third_Party/FatFs/src/diskio.c ****   * @param  *buff: Data buffer to store read data
  69:Middlewares/Third_Party/FatFs/src/diskio.c ****   * @param  sector: Sector address (LBA)
  70:Middlewares/Third_Party/FatFs/src/diskio.c ****   * @param  count: Number of sectors to read (1..128)
  71:Middlewares/Third_Party/FatFs/src/diskio.c ****   * @retval DRESULT: Operation result
  72:Middlewares/Third_Party/FatFs/src/diskio.c ****   */
  73:Middlewares/Third_Party/FatFs/src/diskio.c **** DRESULT disk_read (
  74:Middlewares/Third_Party/FatFs/src/diskio.c **** 	BYTE pdrv,		/* Physical drive nmuber to identify the drive */
  75:Middlewares/Third_Party/FatFs/src/diskio.c **** 	BYTE *buff,		/* Data buffer to store read data */
  76:Middlewares/Third_Party/FatFs/src/diskio.c **** 	DWORD sector,	        /* Sector address in LBA */
  77:Middlewares/Third_Party/FatFs/src/diskio.c **** 	UINT count		/* Number of sectors to read */
  78:Middlewares/Third_Party/FatFs/src/diskio.c **** )
  79:Middlewares/Third_Party/FatFs/src/diskio.c **** {
 140              		.loc 1 79 1 is_stmt 1 view -0
 141              		.cfi_startproc
 142              		@ args = 0, pretend = 0, frame = 0
 143              		@ frame_needed = 0, uses_anonymous_args = 0
 144              		.loc 1 79 1 is_stmt 0 view .LVU28
 145 0000 70B5     		push	{r4, r5, r6, lr}
 146              		.cfi_def_cfa_offset 16
 147              		.cfi_offset 4, -16
 148              		.cfi_offset 5, -12
 149              		.cfi_offset 6, -8
 150              		.cfi_offset 14, -4
  80:Middlewares/Third_Party/FatFs/src/diskio.c ****   DRESULT res;
 151              		.loc 1 80 3 is_stmt 1 view .LVU29
ARM GAS  C:\Users\sante\AppData\Local\Temp\ccGZAlio.s 			page 5


  81:Middlewares/Third_Party/FatFs/src/diskio.c **** 
  82:Middlewares/Third_Party/FatFs/src/diskio.c ****   res = disk.drv[pdrv]->disk_read(disk.lun[pdrv], buff, sector, count);
 152              		.loc 1 82 3 view .LVU30
 153              		.loc 1 82 17 is_stmt 0 view .LVU31
 154 0002 044C     		ldr	r4, .L10
 155 0004 8500     		lsls	r5, r0, #2
 156 0006 6519     		adds	r5, r4, r5
 157 0008 6D68     		ldr	r5, [r5, #4]
 158              		.loc 1 82 23 view .LVU32
 159 000a AD68     		ldr	r5, [r5, #8]
 160              		.loc 1 82 9 view .LVU33
 161 000c 2418     		adds	r4, r4, r0
 162 000e 207A     		ldrb	r0, [r4, #8]
 163              	.LVL10:
 164              		.loc 1 82 9 view .LVU34
 165 0010 A847     		blx	r5
 166              	.LVL11:
  83:Middlewares/Third_Party/FatFs/src/diskio.c ****   return res;
 167              		.loc 1 83 3 is_stmt 1 view .LVU35
  84:Middlewares/Third_Party/FatFs/src/diskio.c **** }
 168              		.loc 1 84 1 is_stmt 0 view .LVU36
 169              		@ sp needed
 170 0012 70BD     		pop	{r4, r5, r6, pc}
 171              	.L11:
 172              		.align	2
 173              	.L10:
 174 0014 00000000 		.word	disk
 175              		.cfi_endproc
 176              	.LFE495:
 178              		.section	.text.disk_write,"ax",%progbits
 179              		.align	1
 180              		.global	disk_write
 181              		.syntax unified
 182              		.code	16
 183              		.thumb_func
 185              	disk_write:
 186              	.LVL12:
 187              	.LFB496:
  85:Middlewares/Third_Party/FatFs/src/diskio.c **** 
  86:Middlewares/Third_Party/FatFs/src/diskio.c **** /**
  87:Middlewares/Third_Party/FatFs/src/diskio.c ****   * @brief  Writes Sector(s)
  88:Middlewares/Third_Party/FatFs/src/diskio.c ****   * @param  pdrv: Physical drive number (0..)
  89:Middlewares/Third_Party/FatFs/src/diskio.c ****   * @param  *buff: Data to be written
  90:Middlewares/Third_Party/FatFs/src/diskio.c ****   * @param  sector: Sector address (LBA)
  91:Middlewares/Third_Party/FatFs/src/diskio.c ****   * @param  count: Number of sectors to write (1..128)
  92:Middlewares/Third_Party/FatFs/src/diskio.c ****   * @retval DRESULT: Operation result
  93:Middlewares/Third_Party/FatFs/src/diskio.c ****   */
  94:Middlewares/Third_Party/FatFs/src/diskio.c **** #if _USE_WRITE == 1
  95:Middlewares/Third_Party/FatFs/src/diskio.c **** DRESULT disk_write (
  96:Middlewares/Third_Party/FatFs/src/diskio.c **** 	BYTE pdrv,		/* Physical drive nmuber to identify the drive */
  97:Middlewares/Third_Party/FatFs/src/diskio.c **** 	const BYTE *buff,	/* Data to be written */
  98:Middlewares/Third_Party/FatFs/src/diskio.c **** 	DWORD sector,		/* Sector address in LBA */
  99:Middlewares/Third_Party/FatFs/src/diskio.c **** 	UINT count        	/* Number of sectors to write */
 100:Middlewares/Third_Party/FatFs/src/diskio.c **** )
 101:Middlewares/Third_Party/FatFs/src/diskio.c **** {
 188              		.loc 1 101 1 is_stmt 1 view -0
 189              		.cfi_startproc
ARM GAS  C:\Users\sante\AppData\Local\Temp\ccGZAlio.s 			page 6


 190              		@ args = 0, pretend = 0, frame = 0
 191              		@ frame_needed = 0, uses_anonymous_args = 0
 192              		.loc 1 101 1 is_stmt 0 view .LVU38
 193 0000 70B5     		push	{r4, r5, r6, lr}
 194              		.cfi_def_cfa_offset 16
 195              		.cfi_offset 4, -16
 196              		.cfi_offset 5, -12
 197              		.cfi_offset 6, -8
 198              		.cfi_offset 14, -4
 102:Middlewares/Third_Party/FatFs/src/diskio.c ****   DRESULT res;
 199              		.loc 1 102 3 is_stmt 1 view .LVU39
 103:Middlewares/Third_Party/FatFs/src/diskio.c **** 
 104:Middlewares/Third_Party/FatFs/src/diskio.c ****   res = disk.drv[pdrv]->disk_write(disk.lun[pdrv], buff, sector, count);
 200              		.loc 1 104 3 view .LVU40
 201              		.loc 1 104 17 is_stmt 0 view .LVU41
 202 0002 044C     		ldr	r4, .L13
 203 0004 8500     		lsls	r5, r0, #2
 204 0006 6519     		adds	r5, r4, r5
 205 0008 6D68     		ldr	r5, [r5, #4]
 206              		.loc 1 104 23 view .LVU42
 207 000a ED68     		ldr	r5, [r5, #12]
 208              		.loc 1 104 9 view .LVU43
 209 000c 2418     		adds	r4, r4, r0
 210 000e 207A     		ldrb	r0, [r4, #8]
 211              	.LVL13:
 212              		.loc 1 104 9 view .LVU44
 213 0010 A847     		blx	r5
 214              	.LVL14:
 105:Middlewares/Third_Party/FatFs/src/diskio.c ****   return res;
 215              		.loc 1 105 3 is_stmt 1 view .LVU45
 106:Middlewares/Third_Party/FatFs/src/diskio.c **** }
 216              		.loc 1 106 1 is_stmt 0 view .LVU46
 217              		@ sp needed
 218 0012 70BD     		pop	{r4, r5, r6, pc}
 219              	.L14:
 220              		.align	2
 221              	.L13:
 222 0014 00000000 		.word	disk
 223              		.cfi_endproc
 224              	.LFE496:
 226              		.section	.text.disk_ioctl,"ax",%progbits
 227              		.align	1
 228              		.global	disk_ioctl
 229              		.syntax unified
 230              		.code	16
 231              		.thumb_func
 233              	disk_ioctl:
 234              	.LVL15:
 235              	.LFB497:
 107:Middlewares/Third_Party/FatFs/src/diskio.c **** #endif /* _USE_WRITE == 1 */
 108:Middlewares/Third_Party/FatFs/src/diskio.c **** 
 109:Middlewares/Third_Party/FatFs/src/diskio.c **** /**
 110:Middlewares/Third_Party/FatFs/src/diskio.c ****   * @brief  I/O control operation
 111:Middlewares/Third_Party/FatFs/src/diskio.c ****   * @param  pdrv: Physical drive number (0..)
 112:Middlewares/Third_Party/FatFs/src/diskio.c ****   * @param  cmd: Control code
 113:Middlewares/Third_Party/FatFs/src/diskio.c ****   * @param  *buff: Buffer to send/receive control data
 114:Middlewares/Third_Party/FatFs/src/diskio.c ****   * @retval DRESULT: Operation result
ARM GAS  C:\Users\sante\AppData\Local\Temp\ccGZAlio.s 			page 7


 115:Middlewares/Third_Party/FatFs/src/diskio.c ****   */
 116:Middlewares/Third_Party/FatFs/src/diskio.c **** #if _USE_IOCTL == 1
 117:Middlewares/Third_Party/FatFs/src/diskio.c **** DRESULT disk_ioctl (
 118:Middlewares/Third_Party/FatFs/src/diskio.c **** 	BYTE pdrv,		/* Physical drive nmuber (0..) */
 119:Middlewares/Third_Party/FatFs/src/diskio.c **** 	BYTE cmd,		/* Control code */
 120:Middlewares/Third_Party/FatFs/src/diskio.c **** 	void *buff		/* Buffer to send/receive control data */
 121:Middlewares/Third_Party/FatFs/src/diskio.c **** )
 122:Middlewares/Third_Party/FatFs/src/diskio.c **** {
 236              		.loc 1 122 1 is_stmt 1 view -0
 237              		.cfi_startproc
 238              		@ args = 0, pretend = 0, frame = 0
 239              		@ frame_needed = 0, uses_anonymous_args = 0
 240              		.loc 1 122 1 is_stmt 0 view .LVU48
 241 0000 10B5     		push	{r4, lr}
 242              		.cfi_def_cfa_offset 8
 243              		.cfi_offset 4, -8
 244              		.cfi_offset 14, -4
 123:Middlewares/Third_Party/FatFs/src/diskio.c ****   DRESULT res;
 245              		.loc 1 123 3 is_stmt 1 view .LVU49
 124:Middlewares/Third_Party/FatFs/src/diskio.c **** 
 125:Middlewares/Third_Party/FatFs/src/diskio.c ****   res = disk.drv[pdrv]->disk_ioctl(disk.lun[pdrv], cmd, buff);
 246              		.loc 1 125 3 view .LVU50
 247              		.loc 1 125 17 is_stmt 0 view .LVU51
 248 0002 044B     		ldr	r3, .L16
 249 0004 8400     		lsls	r4, r0, #2
 250 0006 1C19     		adds	r4, r3, r4
 251 0008 6468     		ldr	r4, [r4, #4]
 252              		.loc 1 125 23 view .LVU52
 253 000a 2469     		ldr	r4, [r4, #16]
 254              		.loc 1 125 9 view .LVU53
 255 000c 1B18     		adds	r3, r3, r0
 256 000e 187A     		ldrb	r0, [r3, #8]
 257              	.LVL16:
 258              		.loc 1 125 9 view .LVU54
 259 0010 A047     		blx	r4
 260              	.LVL17:
 126:Middlewares/Third_Party/FatFs/src/diskio.c ****   return res;
 261              		.loc 1 126 3 is_stmt 1 view .LVU55
 127:Middlewares/Third_Party/FatFs/src/diskio.c **** }
 262              		.loc 1 127 1 is_stmt 0 view .LVU56
 263              		@ sp needed
 264 0012 10BD     		pop	{r4, pc}
 265              	.L17:
 266              		.align	2
 267              	.L16:
 268 0014 00000000 		.word	disk
 269              		.cfi_endproc
 270              	.LFE497:
 272              		.section	.text.get_fattime,"ax",%progbits
 273              		.align	1
 274              		.weak	get_fattime
 275              		.syntax unified
 276              		.code	16
 277              		.thumb_func
 279              	get_fattime:
 280              	.LFB498:
 128:Middlewares/Third_Party/FatFs/src/diskio.c **** #endif /* _USE_IOCTL == 1 */
ARM GAS  C:\Users\sante\AppData\Local\Temp\ccGZAlio.s 			page 8


 129:Middlewares/Third_Party/FatFs/src/diskio.c **** 
 130:Middlewares/Third_Party/FatFs/src/diskio.c **** /**
 131:Middlewares/Third_Party/FatFs/src/diskio.c ****   * @brief  Gets Time from RTC
 132:Middlewares/Third_Party/FatFs/src/diskio.c ****   * @param  None
 133:Middlewares/Third_Party/FatFs/src/diskio.c ****   * @retval Time in DWORD
 134:Middlewares/Third_Party/FatFs/src/diskio.c ****   */
 135:Middlewares/Third_Party/FatFs/src/diskio.c **** __weak DWORD get_fattime (void)
 136:Middlewares/Third_Party/FatFs/src/diskio.c **** {
 281              		.loc 1 136 1 is_stmt 1 view -0
 282              		.cfi_startproc
 283              		@ args = 0, pretend = 0, frame = 0
 284              		@ frame_needed = 0, uses_anonymous_args = 0
 285              		@ link register save eliminated.
 137:Middlewares/Third_Party/FatFs/src/diskio.c ****   return 0;
 286              		.loc 1 137 3 view .LVU58
 138:Middlewares/Third_Party/FatFs/src/diskio.c **** }
 287              		.loc 1 138 1 is_stmt 0 view .LVU59
 288 0000 0020     		movs	r0, #0
 289              		@ sp needed
 290 0002 7047     		bx	lr
 291              		.cfi_endproc
 292              	.LFE498:
 294              		.text
 295              	.Letext0:
 296              		.file 2 "Middlewares/Third_Party/FatFs/src/integer.h"
 297              		.file 3 "Middlewares/Third_Party/FatFs/src/diskio.h"
 298              		.file 4 "C:/Users/sante/AppData/Roaming/Code/User/globalStorage/bmd.stm32-for-vscode/@xpack-dev-to
 299              		.file 5 "C:/Users/sante/AppData/Roaming/Code/User/globalStorage/bmd.stm32-for-vscode/@xpack-dev-to
 300              		.file 6 "Middlewares/Third_Party/FatFs/src/ff_gen_drv.h"
 301              		.file 7 "Drivers/STM32G0xx_HAL_Driver/Inc/stm32g0xx_ll_dma.h"
ARM GAS  C:\Users\sante\AppData\Local\Temp\ccGZAlio.s 			page 9


DEFINED SYMBOLS
                            *ABS*:00000000 diskio.c
C:\Users\sante\AppData\Local\Temp\ccGZAlio.s:19     .text.disk_status:00000000 $t
C:\Users\sante\AppData\Local\Temp\ccGZAlio.s:25     .text.disk_status:00000000 disk_status
C:\Users\sante\AppData\Local\Temp\ccGZAlio.s:60     .text.disk_status:00000014 $d
C:\Users\sante\AppData\Local\Temp\ccGZAlio.s:65     .text.disk_initialize:00000000 $t
C:\Users\sante\AppData\Local\Temp\ccGZAlio.s:71     .text.disk_initialize:00000000 disk_initialize
C:\Users\sante\AppData\Local\Temp\ccGZAlio.s:126    .text.disk_initialize:00000024 $d
C:\Users\sante\AppData\Local\Temp\ccGZAlio.s:131    .text.disk_read:00000000 $t
C:\Users\sante\AppData\Local\Temp\ccGZAlio.s:137    .text.disk_read:00000000 disk_read
C:\Users\sante\AppData\Local\Temp\ccGZAlio.s:174    .text.disk_read:00000014 $d
C:\Users\sante\AppData\Local\Temp\ccGZAlio.s:179    .text.disk_write:00000000 $t
C:\Users\sante\AppData\Local\Temp\ccGZAlio.s:185    .text.disk_write:00000000 disk_write
C:\Users\sante\AppData\Local\Temp\ccGZAlio.s:222    .text.disk_write:00000014 $d
C:\Users\sante\AppData\Local\Temp\ccGZAlio.s:227    .text.disk_ioctl:00000000 $t
C:\Users\sante\AppData\Local\Temp\ccGZAlio.s:233    .text.disk_ioctl:00000000 disk_ioctl
C:\Users\sante\AppData\Local\Temp\ccGZAlio.s:268    .text.disk_ioctl:00000014 $d
C:\Users\sante\AppData\Local\Temp\ccGZAlio.s:273    .text.get_fattime:00000000 $t
C:\Users\sante\AppData\Local\Temp\ccGZAlio.s:279    .text.get_fattime:00000000 get_fattime

UNDEFINED SYMBOLS
disk
