ARM GAS  C:\Users\sante\AppData\Local\Temp\ccafYmCw.s 			page 1


   1              		.cpu cortex-m0plus
   2              		.arch armv6s-m
   3              		.fpu softvfp
   4              		.eabi_attribute 20, 1
   5              		.eabi_attribute 21, 1
   6              		.eabi_attribute 23, 3
   7              		.eabi_attribute 24, 1
   8              		.eabi_attribute 25, 1
   9              		.eabi_attribute 26, 1
  10              		.eabi_attribute 30, 1
  11              		.eabi_attribute 34, 0
  12              		.eabi_attribute 18, 4
  13              		.file	"ff_gen_drv.c"
  14              		.text
  15              	.Ltext0:
  16              		.cfi_sections	.debug_frame
  17              		.file 1 "Middlewares/Third_Party/FatFs/src/ff_gen_drv.c"
  18              		.section	.text.FATFS_LinkDriverEx,"ax",%progbits
  19              		.align	1
  20              		.global	FATFS_LinkDriverEx
  21              		.syntax unified
  22              		.code	16
  23              		.thumb_func
  25              	FATFS_LinkDriverEx:
  26              	.LVL0:
  27              	.LFB493:
   1:Middlewares/Third_Party/FatFs/src/ff_gen_drv.c **** /**
   2:Middlewares/Third_Party/FatFs/src/ff_gen_drv.c ****   ******************************************************************************
   3:Middlewares/Third_Party/FatFs/src/ff_gen_drv.c ****   * @file    ff_gen_drv.c
   4:Middlewares/Third_Party/FatFs/src/ff_gen_drv.c ****   * @author  MCD Application Team
   5:Middlewares/Third_Party/FatFs/src/ff_gen_drv.c ****   * @brief   FatFs generic low level driver.
   6:Middlewares/Third_Party/FatFs/src/ff_gen_drv.c ****   *****************************************************************************
   7:Middlewares/Third_Party/FatFs/src/ff_gen_drv.c ****   * @attention
   8:Middlewares/Third_Party/FatFs/src/ff_gen_drv.c ****   *
   9:Middlewares/Third_Party/FatFs/src/ff_gen_drv.c ****   * Copyright (c) 2017 STMicroelectronics. All rights reserved.
  10:Middlewares/Third_Party/FatFs/src/ff_gen_drv.c ****   *
  11:Middlewares/Third_Party/FatFs/src/ff_gen_drv.c ****   * This software component is licensed by ST under BSD 3-Clause license,
  12:Middlewares/Third_Party/FatFs/src/ff_gen_drv.c ****   * the "License"; You may not use this file except in compliance with the
  13:Middlewares/Third_Party/FatFs/src/ff_gen_drv.c ****   * License. You may obtain a copy of the License at:
  14:Middlewares/Third_Party/FatFs/src/ff_gen_drv.c ****   *                       opensource.org/licenses/BSD-3-Clause
  15:Middlewares/Third_Party/FatFs/src/ff_gen_drv.c ****   *
  16:Middlewares/Third_Party/FatFs/src/ff_gen_drv.c ****   ******************************************************************************
  17:Middlewares/Third_Party/FatFs/src/ff_gen_drv.c **** **/
  18:Middlewares/Third_Party/FatFs/src/ff_gen_drv.c **** /* Includes ------------------------------------------------------------------*/
  19:Middlewares/Third_Party/FatFs/src/ff_gen_drv.c **** #include "ff_gen_drv.h"
  20:Middlewares/Third_Party/FatFs/src/ff_gen_drv.c **** 
  21:Middlewares/Third_Party/FatFs/src/ff_gen_drv.c **** /* Private typedef -----------------------------------------------------------*/
  22:Middlewares/Third_Party/FatFs/src/ff_gen_drv.c **** /* Private define ------------------------------------------------------------*/
  23:Middlewares/Third_Party/FatFs/src/ff_gen_drv.c **** /* Private variables ---------------------------------------------------------*/
  24:Middlewares/Third_Party/FatFs/src/ff_gen_drv.c **** Disk_drvTypeDef disk = {{0},{0},{0},0};
  25:Middlewares/Third_Party/FatFs/src/ff_gen_drv.c **** 
  26:Middlewares/Third_Party/FatFs/src/ff_gen_drv.c **** /* Private function prototypes -----------------------------------------------*/
  27:Middlewares/Third_Party/FatFs/src/ff_gen_drv.c **** /* Private functions ---------------------------------------------------------*/
  28:Middlewares/Third_Party/FatFs/src/ff_gen_drv.c **** 
  29:Middlewares/Third_Party/FatFs/src/ff_gen_drv.c **** /**
  30:Middlewares/Third_Party/FatFs/src/ff_gen_drv.c ****   * @brief  Links a compatible diskio driver/lun id and increments the number of active
  31:Middlewares/Third_Party/FatFs/src/ff_gen_drv.c ****   *         linked drivers.
ARM GAS  C:\Users\sante\AppData\Local\Temp\ccafYmCw.s 			page 2


  32:Middlewares/Third_Party/FatFs/src/ff_gen_drv.c ****   * @note   The number of linked drivers (volumes) is up to 10 due to FatFs limits.
  33:Middlewares/Third_Party/FatFs/src/ff_gen_drv.c ****   * @param  drv: pointer to the disk IO Driver structure
  34:Middlewares/Third_Party/FatFs/src/ff_gen_drv.c ****   * @param  path: pointer to the logical drive path
  35:Middlewares/Third_Party/FatFs/src/ff_gen_drv.c ****   * @param  lun : only used for USB Key Disk to add multi-lun management
  36:Middlewares/Third_Party/FatFs/src/ff_gen_drv.c ****             else the parameter must be equal to 0
  37:Middlewares/Third_Party/FatFs/src/ff_gen_drv.c ****   * @retval Returns 0 in case of success, otherwise 1.
  38:Middlewares/Third_Party/FatFs/src/ff_gen_drv.c ****   */
  39:Middlewares/Third_Party/FatFs/src/ff_gen_drv.c **** uint8_t FATFS_LinkDriverEx(const Diskio_drvTypeDef *drv, char *path, uint8_t lun)
  40:Middlewares/Third_Party/FatFs/src/ff_gen_drv.c **** {
  28              		.loc 1 40 1 view -0
  29              		.cfi_startproc
  30              		@ args = 0, pretend = 0, frame = 0
  31              		@ frame_needed = 0, uses_anonymous_args = 0
  32              		.loc 1 40 1 is_stmt 0 view .LVU1
  33 0000 70B5     		push	{r4, r5, r6, lr}
  34              		.cfi_def_cfa_offset 16
  35              		.cfi_offset 4, -16
  36              		.cfi_offset 5, -12
  37              		.cfi_offset 6, -8
  38              		.cfi_offset 14, -4
  39 0002 0400     		movs	r4, r0
  41:Middlewares/Third_Party/FatFs/src/ff_gen_drv.c ****   uint8_t ret = 1;
  40              		.loc 1 41 3 is_stmt 1 view .LVU2
  41              	.LVL1:
  42:Middlewares/Third_Party/FatFs/src/ff_gen_drv.c ****   uint8_t DiskNum = 0;
  42              		.loc 1 42 3 view .LVU3
  43:Middlewares/Third_Party/FatFs/src/ff_gen_drv.c **** 
  44:Middlewares/Third_Party/FatFs/src/ff_gen_drv.c ****   if(disk.nbr < _VOLUMES)
  43              		.loc 1 44 3 view .LVU4
  44              		.loc 1 44 10 is_stmt 0 view .LVU5
  45 0004 0F4B     		ldr	r3, .L4
  46 0006 5B7A     		ldrb	r3, [r3, #9]
  47 0008 D8B2     		uxtb	r0, r3
  48              	.LVL2:
  49              		.loc 1 44 5 view .LVU6
  50 000a 002B     		cmp	r3, #0
  51 000c 17D1     		bne	.L3
  45:Middlewares/Third_Party/FatFs/src/ff_gen_drv.c ****   {
  46:Middlewares/Third_Party/FatFs/src/ff_gen_drv.c ****     disk.is_initialized[disk.nbr] = 0;
  52              		.loc 1 46 5 is_stmt 1 view .LVU7
  53              		.loc 1 46 29 is_stmt 0 view .LVU8
  54 000e 0D4B     		ldr	r3, .L4
  55 0010 5D7A     		ldrb	r5, [r3, #9]
  56 0012 EDB2     		uxtb	r5, r5
  57              		.loc 1 46 35 view .LVU9
  58 0014 0026     		movs	r6, #0
  59 0016 5E55     		strb	r6, [r3, r5]
  47:Middlewares/Third_Party/FatFs/src/ff_gen_drv.c ****     disk.drv[disk.nbr] = drv;
  60              		.loc 1 47 5 is_stmt 1 view .LVU10
  61              		.loc 1 47 18 is_stmt 0 view .LVU11
  62 0018 5D7A     		ldrb	r5, [r3, #9]
  63              		.loc 1 47 24 view .LVU12
  64 001a AD00     		lsls	r5, r5, #2
  65 001c 5D19     		adds	r5, r3, r5
  66 001e 6C60     		str	r4, [r5, #4]
  48:Middlewares/Third_Party/FatFs/src/ff_gen_drv.c ****     disk.lun[disk.nbr] = lun;
  67              		.loc 1 48 5 is_stmt 1 view .LVU13
ARM GAS  C:\Users\sante\AppData\Local\Temp\ccafYmCw.s 			page 3


  68              		.loc 1 48 18 is_stmt 0 view .LVU14
  69 0020 5C7A     		ldrb	r4, [r3, #9]
  70              	.LVL3:
  71              		.loc 1 48 24 view .LVU15
  72 0022 1C19     		adds	r4, r3, r4
  73 0024 2272     		strb	r2, [r4, #8]
  49:Middlewares/Third_Party/FatFs/src/ff_gen_drv.c ****     DiskNum = disk.nbr++;
  74              		.loc 1 49 5 is_stmt 1 view .LVU16
  75              		.loc 1 49 19 is_stmt 0 view .LVU17
  76 0026 5A7A     		ldrb	r2, [r3, #9]
  77              	.LVL4:
  78              		.loc 1 49 23 view .LVU18
  79 0028 541C     		adds	r4, r2, #1
  80              	.LVL5:
  81              		.loc 1 49 23 view .LVU19
  82 002a E4B2     		uxtb	r4, r4
  83 002c 5C72     		strb	r4, [r3, #9]
  84              	.LVL6:
  50:Middlewares/Third_Party/FatFs/src/ff_gen_drv.c ****     path[0] = DiskNum + '0';
  85              		.loc 1 50 5 is_stmt 1 view .LVU20
  86              		.loc 1 50 23 is_stmt 0 view .LVU21
  87 002e 3032     		adds	r2, r2, #48
  88              	.LVL7:
  89              		.loc 1 50 13 view .LVU22
  90 0030 0A70     		strb	r2, [r1]
  91              	.LVL8:
  51:Middlewares/Third_Party/FatFs/src/ff_gen_drv.c ****     path[1] = ':';
  92              		.loc 1 51 5 is_stmt 1 view .LVU23
  93              		.loc 1 51 13 is_stmt 0 view .LVU24
  94 0032 3A23     		movs	r3, #58
  95 0034 4B70     		strb	r3, [r1, #1]
  52:Middlewares/Third_Party/FatFs/src/ff_gen_drv.c ****     path[2] = '/';
  96              		.loc 1 52 5 is_stmt 1 view .LVU25
  97              		.loc 1 52 13 is_stmt 0 view .LVU26
  98 0036 0B3B     		subs	r3, r3, #11
  99 0038 8B70     		strb	r3, [r1, #2]
  53:Middlewares/Third_Party/FatFs/src/ff_gen_drv.c ****     path[3] = 0;
 100              		.loc 1 53 5 is_stmt 1 view .LVU27
 101              		.loc 1 53 13 is_stmt 0 view .LVU28
 102 003a CE70     		strb	r6, [r1, #3]
  54:Middlewares/Third_Party/FatFs/src/ff_gen_drv.c ****     ret = 0;
 103              		.loc 1 54 5 is_stmt 1 view .LVU29
 104              	.LVL9:
 105              	.L2:
  55:Middlewares/Third_Party/FatFs/src/ff_gen_drv.c ****   }
  56:Middlewares/Third_Party/FatFs/src/ff_gen_drv.c **** 
  57:Middlewares/Third_Party/FatFs/src/ff_gen_drv.c ****   return ret;
 106              		.loc 1 57 3 view .LVU30
  58:Middlewares/Third_Party/FatFs/src/ff_gen_drv.c **** }
 107              		.loc 1 58 1 is_stmt 0 view .LVU31
 108              		@ sp needed
 109 003c 70BD     		pop	{r4, r5, r6, pc}
 110              	.LVL10:
 111              	.L3:
  41:Middlewares/Third_Party/FatFs/src/ff_gen_drv.c ****   uint8_t DiskNum = 0;
 112              		.loc 1 41 11 view .LVU32
 113 003e 0120     		movs	r0, #1
ARM GAS  C:\Users\sante\AppData\Local\Temp\ccafYmCw.s 			page 4


 114 0040 FCE7     		b	.L2
 115              	.L5:
 116 0042 C046     		.align	2
 117              	.L4:
 118 0044 00000000 		.word	disk
 119              		.cfi_endproc
 120              	.LFE493:
 122              		.section	.text.FATFS_LinkDriver,"ax",%progbits
 123              		.align	1
 124              		.global	FATFS_LinkDriver
 125              		.syntax unified
 126              		.code	16
 127              		.thumb_func
 129              	FATFS_LinkDriver:
 130              	.LVL11:
 131              	.LFB494:
  59:Middlewares/Third_Party/FatFs/src/ff_gen_drv.c **** 
  60:Middlewares/Third_Party/FatFs/src/ff_gen_drv.c **** /**
  61:Middlewares/Third_Party/FatFs/src/ff_gen_drv.c ****   * @brief  Links a compatible diskio driver and increments the number of active
  62:Middlewares/Third_Party/FatFs/src/ff_gen_drv.c ****   *         linked drivers.
  63:Middlewares/Third_Party/FatFs/src/ff_gen_drv.c ****   * @note   The number of linked drivers (volumes) is up to 10 due to FatFs limits
  64:Middlewares/Third_Party/FatFs/src/ff_gen_drv.c ****   * @param  drv: pointer to the disk IO Driver structure
  65:Middlewares/Third_Party/FatFs/src/ff_gen_drv.c ****   * @param  path: pointer to the logical drive path
  66:Middlewares/Third_Party/FatFs/src/ff_gen_drv.c ****   * @retval Returns 0 in case of success, otherwise 1.
  67:Middlewares/Third_Party/FatFs/src/ff_gen_drv.c ****   */
  68:Middlewares/Third_Party/FatFs/src/ff_gen_drv.c **** uint8_t FATFS_LinkDriver(const Diskio_drvTypeDef *drv, char *path)
  69:Middlewares/Third_Party/FatFs/src/ff_gen_drv.c **** {
 132              		.loc 1 69 1 is_stmt 1 view -0
 133              		.cfi_startproc
 134              		@ args = 0, pretend = 0, frame = 0
 135              		@ frame_needed = 0, uses_anonymous_args = 0
 136              		.loc 1 69 1 is_stmt 0 view .LVU34
 137 0000 10B5     		push	{r4, lr}
 138              		.cfi_def_cfa_offset 8
 139              		.cfi_offset 4, -8
 140              		.cfi_offset 14, -4
  70:Middlewares/Third_Party/FatFs/src/ff_gen_drv.c ****   return FATFS_LinkDriverEx(drv, path, 0);
 141              		.loc 1 70 3 is_stmt 1 view .LVU35
 142              		.loc 1 70 10 is_stmt 0 view .LVU36
 143 0002 0022     		movs	r2, #0
 144 0004 FFF7FEFF 		bl	FATFS_LinkDriverEx
 145              	.LVL12:
  71:Middlewares/Third_Party/FatFs/src/ff_gen_drv.c **** }
 146              		.loc 1 71 1 view .LVU37
 147              		@ sp needed
 148 0008 10BD     		pop	{r4, pc}
 149              		.cfi_endproc
 150              	.LFE494:
 152              		.section	.text.FATFS_UnLinkDriverEx,"ax",%progbits
 153              		.align	1
 154              		.global	FATFS_UnLinkDriverEx
 155              		.syntax unified
 156              		.code	16
 157              		.thumb_func
 159              	FATFS_UnLinkDriverEx:
 160              	.LVL13:
 161              	.LFB495:
ARM GAS  C:\Users\sante\AppData\Local\Temp\ccafYmCw.s 			page 5


  72:Middlewares/Third_Party/FatFs/src/ff_gen_drv.c **** 
  73:Middlewares/Third_Party/FatFs/src/ff_gen_drv.c **** /**
  74:Middlewares/Third_Party/FatFs/src/ff_gen_drv.c ****   * @brief  Unlinks a diskio driver and decrements the number of active linked
  75:Middlewares/Third_Party/FatFs/src/ff_gen_drv.c ****   *         drivers.
  76:Middlewares/Third_Party/FatFs/src/ff_gen_drv.c ****   * @param  path: pointer to the logical drive path
  77:Middlewares/Third_Party/FatFs/src/ff_gen_drv.c ****   * @param  lun : not used
  78:Middlewares/Third_Party/FatFs/src/ff_gen_drv.c ****   * @retval Returns 0 in case of success, otherwise 1.
  79:Middlewares/Third_Party/FatFs/src/ff_gen_drv.c ****   */
  80:Middlewares/Third_Party/FatFs/src/ff_gen_drv.c **** uint8_t FATFS_UnLinkDriverEx(char *path, uint8_t lun)
  81:Middlewares/Third_Party/FatFs/src/ff_gen_drv.c **** {
 162              		.loc 1 81 1 is_stmt 1 view -0
 163              		.cfi_startproc
 164              		@ args = 0, pretend = 0, frame = 0
 165              		@ frame_needed = 0, uses_anonymous_args = 0
 166              		@ link register save eliminated.
  82:Middlewares/Third_Party/FatFs/src/ff_gen_drv.c ****   uint8_t DiskNum = 0;
 167              		.loc 1 82 3 view .LVU39
  83:Middlewares/Third_Party/FatFs/src/ff_gen_drv.c ****   uint8_t ret = 1;
 168              		.loc 1 83 3 view .LVU40
  84:Middlewares/Third_Party/FatFs/src/ff_gen_drv.c **** 
  85:Middlewares/Third_Party/FatFs/src/ff_gen_drv.c ****   if(disk.nbr >= 1)
 169              		.loc 1 85 3 view .LVU41
 170              		.loc 1 85 10 is_stmt 0 view .LVU42
 171 0000 0D4B     		ldr	r3, .L11
 172 0002 5B7A     		ldrb	r3, [r3, #9]
 173              		.loc 1 85 5 view .LVU43
 174 0004 002B     		cmp	r3, #0
 175 0006 13D0     		beq	.L9
  86:Middlewares/Third_Party/FatFs/src/ff_gen_drv.c ****   {
  87:Middlewares/Third_Party/FatFs/src/ff_gen_drv.c ****     DiskNum = path[0] - '0';
 176              		.loc 1 87 5 is_stmt 1 view .LVU44
 177              		.loc 1 87 19 is_stmt 0 view .LVU45
 178 0008 0378     		ldrb	r3, [r0]
 179              		.loc 1 87 13 view .LVU46
 180 000a 303B     		subs	r3, r3, #48
 181 000c DBB2     		uxtb	r3, r3
 182              	.LVL14:
  88:Middlewares/Third_Party/FatFs/src/ff_gen_drv.c ****     if(disk.drv[DiskNum] != 0)
 183              		.loc 1 88 5 is_stmt 1 view .LVU47
 184              		.loc 1 88 16 is_stmt 0 view .LVU48
 185 000e 0A4A     		ldr	r2, .L11
 186 0010 9900     		lsls	r1, r3, #2
 187              	.LVL15:
 188              		.loc 1 88 16 view .LVU49
 189 0012 5218     		adds	r2, r2, r1
 190 0014 5268     		ldr	r2, [r2, #4]
 191              		.loc 1 88 7 view .LVU50
 192 0016 002A     		cmp	r2, #0
 193 0018 0CD0     		beq	.L10
  89:Middlewares/Third_Party/FatFs/src/ff_gen_drv.c ****     {
  90:Middlewares/Third_Party/FatFs/src/ff_gen_drv.c ****       disk.drv[DiskNum] = 0;
 194              		.loc 1 90 7 is_stmt 1 view .LVU51
 195              		.loc 1 90 25 is_stmt 0 view .LVU52
 196 001a 074A     		ldr	r2, .L11
 197 001c 5118     		adds	r1, r2, r1
 198 001e 0020     		movs	r0, #0
 199              	.LVL16:
ARM GAS  C:\Users\sante\AppData\Local\Temp\ccafYmCw.s 			page 6


 200              		.loc 1 90 25 view .LVU53
 201 0020 4860     		str	r0, [r1, #4]
  91:Middlewares/Third_Party/FatFs/src/ff_gen_drv.c ****       disk.lun[DiskNum] = 0;
 202              		.loc 1 91 7 is_stmt 1 view .LVU54
 203              		.loc 1 91 25 is_stmt 0 view .LVU55
 204 0022 D318     		adds	r3, r2, r3
 205              	.LVL17:
 206              		.loc 1 91 25 view .LVU56
 207 0024 1872     		strb	r0, [r3, #8]
  92:Middlewares/Third_Party/FatFs/src/ff_gen_drv.c ****       disk.nbr--;
 208              		.loc 1 92 7 is_stmt 1 view .LVU57
 209              		.loc 1 92 11 is_stmt 0 view .LVU58
 210 0026 537A     		ldrb	r3, [r2, #9]
 211              		.loc 1 92 15 view .LVU59
 212 0028 013B     		subs	r3, r3, #1
 213 002a DBB2     		uxtb	r3, r3
 214 002c 5372     		strb	r3, [r2, #9]
  93:Middlewares/Third_Party/FatFs/src/ff_gen_drv.c ****       ret = 0;
 215              		.loc 1 93 7 is_stmt 1 view .LVU60
 216              	.LVL18:
 217              		.loc 1 93 7 is_stmt 0 view .LVU61
 218 002e 00E0     		b	.L8
 219              	.LVL19:
 220              	.L9:
  83:Middlewares/Third_Party/FatFs/src/ff_gen_drv.c **** 
 221              		.loc 1 83 11 view .LVU62
 222 0030 0120     		movs	r0, #1
 223              	.LVL20:
 224              	.L8:
  94:Middlewares/Third_Party/FatFs/src/ff_gen_drv.c ****     }
  95:Middlewares/Third_Party/FatFs/src/ff_gen_drv.c ****   }
  96:Middlewares/Third_Party/FatFs/src/ff_gen_drv.c **** 
  97:Middlewares/Third_Party/FatFs/src/ff_gen_drv.c ****   return ret;
 225              		.loc 1 97 3 is_stmt 1 view .LVU63
  98:Middlewares/Third_Party/FatFs/src/ff_gen_drv.c **** }
 226              		.loc 1 98 1 is_stmt 0 view .LVU64
 227              		@ sp needed
 228 0032 7047     		bx	lr
 229              	.LVL21:
 230              	.L10:
  83:Middlewares/Third_Party/FatFs/src/ff_gen_drv.c **** 
 231              		.loc 1 83 11 view .LVU65
 232 0034 0120     		movs	r0, #1
 233              	.LVL22:
  83:Middlewares/Third_Party/FatFs/src/ff_gen_drv.c **** 
 234              		.loc 1 83 11 view .LVU66
 235 0036 FCE7     		b	.L8
 236              	.L12:
 237              		.align	2
 238              	.L11:
 239 0038 00000000 		.word	disk
 240              		.cfi_endproc
 241              	.LFE495:
 243              		.section	.text.FATFS_UnLinkDriver,"ax",%progbits
 244              		.align	1
 245              		.global	FATFS_UnLinkDriver
 246              		.syntax unified
ARM GAS  C:\Users\sante\AppData\Local\Temp\ccafYmCw.s 			page 7


 247              		.code	16
 248              		.thumb_func
 250              	FATFS_UnLinkDriver:
 251              	.LVL23:
 252              	.LFB496:
  99:Middlewares/Third_Party/FatFs/src/ff_gen_drv.c **** 
 100:Middlewares/Third_Party/FatFs/src/ff_gen_drv.c **** /**
 101:Middlewares/Third_Party/FatFs/src/ff_gen_drv.c ****   * @brief  Unlinks a diskio driver and decrements the number of active linked
 102:Middlewares/Third_Party/FatFs/src/ff_gen_drv.c ****   *         drivers.
 103:Middlewares/Third_Party/FatFs/src/ff_gen_drv.c ****   * @param  path: pointer to the logical drive path
 104:Middlewares/Third_Party/FatFs/src/ff_gen_drv.c ****   * @retval Returns 0 in case of success, otherwise 1.
 105:Middlewares/Third_Party/FatFs/src/ff_gen_drv.c ****   */
 106:Middlewares/Third_Party/FatFs/src/ff_gen_drv.c **** uint8_t FATFS_UnLinkDriver(char *path)
 107:Middlewares/Third_Party/FatFs/src/ff_gen_drv.c **** {
 253              		.loc 1 107 1 is_stmt 1 view -0
 254              		.cfi_startproc
 255              		@ args = 0, pretend = 0, frame = 0
 256              		@ frame_needed = 0, uses_anonymous_args = 0
 257              		.loc 1 107 1 is_stmt 0 view .LVU68
 258 0000 10B5     		push	{r4, lr}
 259              		.cfi_def_cfa_offset 8
 260              		.cfi_offset 4, -8
 261              		.cfi_offset 14, -4
 108:Middlewares/Third_Party/FatFs/src/ff_gen_drv.c ****   return FATFS_UnLinkDriverEx(path, 0);
 262              		.loc 1 108 3 is_stmt 1 view .LVU69
 263              		.loc 1 108 10 is_stmt 0 view .LVU70
 264 0002 0021     		movs	r1, #0
 265 0004 FFF7FEFF 		bl	FATFS_UnLinkDriverEx
 266              	.LVL24:
 109:Middlewares/Third_Party/FatFs/src/ff_gen_drv.c **** }
 267              		.loc 1 109 1 view .LVU71
 268              		@ sp needed
 269 0008 10BD     		pop	{r4, pc}
 270              		.cfi_endproc
 271              	.LFE496:
 273              		.section	.text.FATFS_GetAttachedDriversNbr,"ax",%progbits
 274              		.align	1
 275              		.global	FATFS_GetAttachedDriversNbr
 276              		.syntax unified
 277              		.code	16
 278              		.thumb_func
 280              	FATFS_GetAttachedDriversNbr:
 281              	.LFB497:
 110:Middlewares/Third_Party/FatFs/src/ff_gen_drv.c **** 
 111:Middlewares/Third_Party/FatFs/src/ff_gen_drv.c **** /**
 112:Middlewares/Third_Party/FatFs/src/ff_gen_drv.c ****   * @brief  Gets number of linked drivers to the FatFs module.
 113:Middlewares/Third_Party/FatFs/src/ff_gen_drv.c ****   * @param  None
 114:Middlewares/Third_Party/FatFs/src/ff_gen_drv.c ****   * @retval Number of attached drivers.
 115:Middlewares/Third_Party/FatFs/src/ff_gen_drv.c ****   */
 116:Middlewares/Third_Party/FatFs/src/ff_gen_drv.c **** uint8_t FATFS_GetAttachedDriversNbr(void)
 117:Middlewares/Third_Party/FatFs/src/ff_gen_drv.c **** {
 282              		.loc 1 117 1 is_stmt 1 view -0
 283              		.cfi_startproc
 284              		@ args = 0, pretend = 0, frame = 0
 285              		@ frame_needed = 0, uses_anonymous_args = 0
 286              		@ link register save eliminated.
 118:Middlewares/Third_Party/FatFs/src/ff_gen_drv.c ****   return disk.nbr;
ARM GAS  C:\Users\sante\AppData\Local\Temp\ccafYmCw.s 			page 8


 287              		.loc 1 118 3 view .LVU73
 288              		.loc 1 118 14 is_stmt 0 view .LVU74
 289 0000 014B     		ldr	r3, .L15
 290 0002 587A     		ldrb	r0, [r3, #9]
 291 0004 C0B2     		uxtb	r0, r0
 119:Middlewares/Third_Party/FatFs/src/ff_gen_drv.c **** }
 292              		.loc 1 119 1 view .LVU75
 293              		@ sp needed
 294 0006 7047     		bx	lr
 295              	.L16:
 296              		.align	2
 297              	.L15:
 298 0008 00000000 		.word	disk
 299              		.cfi_endproc
 300              	.LFE497:
 302              		.global	disk
 303              		.section	.bss.disk,"aw",%nobits
 304              		.align	2
 307              	disk:
 308 0000 00000000 		.space	12
 308      00000000 
 308      00000000 
 309              		.text
 310              	.Letext0:
 311              		.file 2 "Middlewares/Third_Party/FatFs/src/integer.h"
 312              		.file 3 "Middlewares/Third_Party/FatFs/src/diskio.h"
 313              		.file 4 "C:/Users/sante/AppData/Roaming/Code/User/globalStorage/bmd.stm32-for-vscode/@xpack-dev-to
 314              		.file 5 "C:/Users/sante/AppData/Roaming/Code/User/globalStorage/bmd.stm32-for-vscode/@xpack-dev-to
 315              		.file 6 "Middlewares/Third_Party/FatFs/src/ff_gen_drv.h"
 316              		.file 7 "Drivers/STM32G0xx_HAL_Driver/Inc/stm32g0xx_ll_dma.h"
ARM GAS  C:\Users\sante\AppData\Local\Temp\ccafYmCw.s 			page 9


DEFINED SYMBOLS
                            *ABS*:00000000 ff_gen_drv.c
C:\Users\sante\AppData\Local\Temp\ccafYmCw.s:19     .text.FATFS_LinkDriverEx:00000000 $t
C:\Users\sante\AppData\Local\Temp\ccafYmCw.s:25     .text.FATFS_LinkDriverEx:00000000 FATFS_LinkDriverEx
C:\Users\sante\AppData\Local\Temp\ccafYmCw.s:118    .text.FATFS_LinkDriverEx:00000044 $d
C:\Users\sante\AppData\Local\Temp\ccafYmCw.s:307    .bss.disk:00000000 disk
C:\Users\sante\AppData\Local\Temp\ccafYmCw.s:123    .text.FATFS_LinkDriver:00000000 $t
C:\Users\sante\AppData\Local\Temp\ccafYmCw.s:129    .text.FATFS_LinkDriver:00000000 FATFS_LinkDriver
C:\Users\sante\AppData\Local\Temp\ccafYmCw.s:153    .text.FATFS_UnLinkDriverEx:00000000 $t
C:\Users\sante\AppData\Local\Temp\ccafYmCw.s:159    .text.FATFS_UnLinkDriverEx:00000000 FATFS_UnLinkDriverEx
C:\Users\sante\AppData\Local\Temp\ccafYmCw.s:239    .text.FATFS_UnLinkDriverEx:00000038 $d
C:\Users\sante\AppData\Local\Temp\ccafYmCw.s:244    .text.FATFS_UnLinkDriver:00000000 $t
C:\Users\sante\AppData\Local\Temp\ccafYmCw.s:250    .text.FATFS_UnLinkDriver:00000000 FATFS_UnLinkDriver
C:\Users\sante\AppData\Local\Temp\ccafYmCw.s:274    .text.FATFS_GetAttachedDriversNbr:00000000 $t
C:\Users\sante\AppData\Local\Temp\ccafYmCw.s:280    .text.FATFS_GetAttachedDriversNbr:00000000 FATFS_GetAttachedDriversNbr
C:\Users\sante\AppData\Local\Temp\ccafYmCw.s:298    .text.FATFS_GetAttachedDriversNbr:00000008 $d
C:\Users\sante\AppData\Local\Temp\ccafYmCw.s:304    .bss.disk:00000000 $d

NO UNDEFINED SYMBOLS
