ARM GAS  C:\Users\sante\AppData\Local\Temp\cc6OZohg.s 			page 1


   1              		.cpu cortex-m0plus
   2              		.arch armv6s-m
   3              		.fpu softvfp
   4              		.eabi_attribute 20, 1
   5              		.eabi_attribute 21, 1
   6              		.eabi_attribute 23, 3
   7              		.eabi_attribute 24, 1
   8              		.eabi_attribute 25, 1
   9              		.eabi_attribute 26, 1
  10              		.eabi_attribute 30, 1
  11              		.eabi_attribute 34, 0
  12              		.eabi_attribute 18, 4
  13              		.file	"stm32g0xx_hal_dma_ex.c"
  14              		.text
  15              	.Ltext0:
  16              		.cfi_sections	.debug_frame
  17              		.file 1 "Drivers/STM32G0xx_HAL_Driver/Src/stm32g0xx_hal_dma_ex.c"
  18              		.section	.text.HAL_DMAEx_ConfigMuxSync,"ax",%progbits
  19              		.align	1
  20              		.global	HAL_DMAEx_ConfigMuxSync
  21              		.syntax unified
  22              		.code	16
  23              		.thumb_func
  25              	HAL_DMAEx_ConfigMuxSync:
  26              	.LVL0:
  27              	.LFB493:
   1:Drivers/STM32G0xx_HAL_Driver/Src/stm32g0xx_hal_dma_ex.c **** /**
   2:Drivers/STM32G0xx_HAL_Driver/Src/stm32g0xx_hal_dma_ex.c ****   ******************************************************************************
   3:Drivers/STM32G0xx_HAL_Driver/Src/stm32g0xx_hal_dma_ex.c ****   * @file    stm32g0xx_hal_dma_ex.c
   4:Drivers/STM32G0xx_HAL_Driver/Src/stm32g0xx_hal_dma_ex.c ****   * @author  MCD Application Team
   5:Drivers/STM32G0xx_HAL_Driver/Src/stm32g0xx_hal_dma_ex.c ****   * @brief   DMA Extension HAL module driver
   6:Drivers/STM32G0xx_HAL_Driver/Src/stm32g0xx_hal_dma_ex.c ****   *         This file provides firmware functions to manage the following
   7:Drivers/STM32G0xx_HAL_Driver/Src/stm32g0xx_hal_dma_ex.c ****   *         functionalities of the DMA Extension peripheral:
   8:Drivers/STM32G0xx_HAL_Driver/Src/stm32g0xx_hal_dma_ex.c ****   *           + Extended features functions
   9:Drivers/STM32G0xx_HAL_Driver/Src/stm32g0xx_hal_dma_ex.c ****   *
  10:Drivers/STM32G0xx_HAL_Driver/Src/stm32g0xx_hal_dma_ex.c ****   @verbatim
  11:Drivers/STM32G0xx_HAL_Driver/Src/stm32g0xx_hal_dma_ex.c ****   ==============================================================================
  12:Drivers/STM32G0xx_HAL_Driver/Src/stm32g0xx_hal_dma_ex.c ****                         ##### How to use this driver #####
  13:Drivers/STM32G0xx_HAL_Driver/Src/stm32g0xx_hal_dma_ex.c ****   ==============================================================================
  14:Drivers/STM32G0xx_HAL_Driver/Src/stm32g0xx_hal_dma_ex.c ****   [..]
  15:Drivers/STM32G0xx_HAL_Driver/Src/stm32g0xx_hal_dma_ex.c ****   The DMA Extension HAL driver can be used as follows:
  16:Drivers/STM32G0xx_HAL_Driver/Src/stm32g0xx_hal_dma_ex.c ****    (+) Configure the DMAMUX Synchronization Block using HAL_DMAEx_ConfigMuxSync function.
  17:Drivers/STM32G0xx_HAL_Driver/Src/stm32g0xx_hal_dma_ex.c ****    (+) Configure the DMAMUX Request Generator Block using HAL_DMAEx_ConfigMuxRequestGenerator funct
  18:Drivers/STM32G0xx_HAL_Driver/Src/stm32g0xx_hal_dma_ex.c ****        Functions HAL_DMAEx_EnableMuxRequestGenerator and HAL_DMAEx_DisableMuxRequestGenerator can t
  19:Drivers/STM32G0xx_HAL_Driver/Src/stm32g0xx_hal_dma_ex.c ****        to respectively enable/disable the request generator.
  20:Drivers/STM32G0xx_HAL_Driver/Src/stm32g0xx_hal_dma_ex.c **** 
  21:Drivers/STM32G0xx_HAL_Driver/Src/stm32g0xx_hal_dma_ex.c ****    (+) To handle the DMAMUX Interrupts, the function  HAL_DMAEx_MUX_IRQHandler should be called fro
  22:Drivers/STM32G0xx_HAL_Driver/Src/stm32g0xx_hal_dma_ex.c ****        the DMAMUX IRQ handler i.e DMAMUX1_OVR_IRQHandler.
  23:Drivers/STM32G0xx_HAL_Driver/Src/stm32g0xx_hal_dma_ex.c ****        As only one interrupt line is available for all DMAMUX channels and request generators , HAL
  24:Drivers/STM32G0xx_HAL_Driver/Src/stm32g0xx_hal_dma_ex.c ****        called with, as parameter, the appropriate DMA handle as many as used DMAs in the user proje
  25:Drivers/STM32G0xx_HAL_Driver/Src/stm32g0xx_hal_dma_ex.c ****       (exception done if a given DMA is not using the DMAMUX SYNC block neither a request generator
  26:Drivers/STM32G0xx_HAL_Driver/Src/stm32g0xx_hal_dma_ex.c **** 
  27:Drivers/STM32G0xx_HAL_Driver/Src/stm32g0xx_hal_dma_ex.c ****   @endverbatim
  28:Drivers/STM32G0xx_HAL_Driver/Src/stm32g0xx_hal_dma_ex.c ****   ******************************************************************************
  29:Drivers/STM32G0xx_HAL_Driver/Src/stm32g0xx_hal_dma_ex.c ****   * @attention
  30:Drivers/STM32G0xx_HAL_Driver/Src/stm32g0xx_hal_dma_ex.c ****   *
  31:Drivers/STM32G0xx_HAL_Driver/Src/stm32g0xx_hal_dma_ex.c ****   * Copyright (c) 2018 STMicroelectronics.
ARM GAS  C:\Users\sante\AppData\Local\Temp\cc6OZohg.s 			page 2


  32:Drivers/STM32G0xx_HAL_Driver/Src/stm32g0xx_hal_dma_ex.c ****   * All rights reserved.
  33:Drivers/STM32G0xx_HAL_Driver/Src/stm32g0xx_hal_dma_ex.c ****   *
  34:Drivers/STM32G0xx_HAL_Driver/Src/stm32g0xx_hal_dma_ex.c ****   * This software is licensed under terms that can be found in the LICENSE file
  35:Drivers/STM32G0xx_HAL_Driver/Src/stm32g0xx_hal_dma_ex.c ****   * in the root directory of this software component.
  36:Drivers/STM32G0xx_HAL_Driver/Src/stm32g0xx_hal_dma_ex.c ****   * If no LICENSE file comes with this software, it is provided AS-IS.
  37:Drivers/STM32G0xx_HAL_Driver/Src/stm32g0xx_hal_dma_ex.c ****   *
  38:Drivers/STM32G0xx_HAL_Driver/Src/stm32g0xx_hal_dma_ex.c ****   ******************************************************************************
  39:Drivers/STM32G0xx_HAL_Driver/Src/stm32g0xx_hal_dma_ex.c ****   */
  40:Drivers/STM32G0xx_HAL_Driver/Src/stm32g0xx_hal_dma_ex.c **** 
  41:Drivers/STM32G0xx_HAL_Driver/Src/stm32g0xx_hal_dma_ex.c **** /* Includes ------------------------------------------------------------------*/
  42:Drivers/STM32G0xx_HAL_Driver/Src/stm32g0xx_hal_dma_ex.c **** #include "stm32g0xx_hal.h"
  43:Drivers/STM32G0xx_HAL_Driver/Src/stm32g0xx_hal_dma_ex.c **** 
  44:Drivers/STM32G0xx_HAL_Driver/Src/stm32g0xx_hal_dma_ex.c **** /** @addtogroup STM32G0xx_HAL_Driver
  45:Drivers/STM32G0xx_HAL_Driver/Src/stm32g0xx_hal_dma_ex.c ****   * @{
  46:Drivers/STM32G0xx_HAL_Driver/Src/stm32g0xx_hal_dma_ex.c ****   */
  47:Drivers/STM32G0xx_HAL_Driver/Src/stm32g0xx_hal_dma_ex.c **** 
  48:Drivers/STM32G0xx_HAL_Driver/Src/stm32g0xx_hal_dma_ex.c **** /** @defgroup DMAEx DMAEx
  49:Drivers/STM32G0xx_HAL_Driver/Src/stm32g0xx_hal_dma_ex.c ****   * @brief DMA Extended HAL module driver
  50:Drivers/STM32G0xx_HAL_Driver/Src/stm32g0xx_hal_dma_ex.c ****   * @{
  51:Drivers/STM32G0xx_HAL_Driver/Src/stm32g0xx_hal_dma_ex.c ****   */
  52:Drivers/STM32G0xx_HAL_Driver/Src/stm32g0xx_hal_dma_ex.c **** 
  53:Drivers/STM32G0xx_HAL_Driver/Src/stm32g0xx_hal_dma_ex.c **** #ifdef HAL_DMA_MODULE_ENABLED
  54:Drivers/STM32G0xx_HAL_Driver/Src/stm32g0xx_hal_dma_ex.c **** 
  55:Drivers/STM32G0xx_HAL_Driver/Src/stm32g0xx_hal_dma_ex.c **** /* Private typedef -----------------------------------------------------------*/
  56:Drivers/STM32G0xx_HAL_Driver/Src/stm32g0xx_hal_dma_ex.c **** /* Private define ------------------------------------------------------------*/
  57:Drivers/STM32G0xx_HAL_Driver/Src/stm32g0xx_hal_dma_ex.c **** /* Private macro -------------------------------------------------------------*/
  58:Drivers/STM32G0xx_HAL_Driver/Src/stm32g0xx_hal_dma_ex.c **** /* Private variables ---------------------------------------------------------*/
  59:Drivers/STM32G0xx_HAL_Driver/Src/stm32g0xx_hal_dma_ex.c **** /* Private Constants ---------------------------------------------------------*/
  60:Drivers/STM32G0xx_HAL_Driver/Src/stm32g0xx_hal_dma_ex.c **** /* Private function prototypes -----------------------------------------------*/
  61:Drivers/STM32G0xx_HAL_Driver/Src/stm32g0xx_hal_dma_ex.c **** /* Exported functions --------------------------------------------------------*/
  62:Drivers/STM32G0xx_HAL_Driver/Src/stm32g0xx_hal_dma_ex.c **** 
  63:Drivers/STM32G0xx_HAL_Driver/Src/stm32g0xx_hal_dma_ex.c **** 
  64:Drivers/STM32G0xx_HAL_Driver/Src/stm32g0xx_hal_dma_ex.c **** /** @defgroup DMAEx_Exported_Functions DMAEx Exported Functions
  65:Drivers/STM32G0xx_HAL_Driver/Src/stm32g0xx_hal_dma_ex.c ****   * @{
  66:Drivers/STM32G0xx_HAL_Driver/Src/stm32g0xx_hal_dma_ex.c ****   */
  67:Drivers/STM32G0xx_HAL_Driver/Src/stm32g0xx_hal_dma_ex.c **** 
  68:Drivers/STM32G0xx_HAL_Driver/Src/stm32g0xx_hal_dma_ex.c **** /** @defgroup DMAEx_Exported_Functions_Group1 DMAEx Extended features functions
  69:Drivers/STM32G0xx_HAL_Driver/Src/stm32g0xx_hal_dma_ex.c ****   *  @brief   Extended features functions
  70:Drivers/STM32G0xx_HAL_Driver/Src/stm32g0xx_hal_dma_ex.c ****   *
  71:Drivers/STM32G0xx_HAL_Driver/Src/stm32g0xx_hal_dma_ex.c **** @verbatim
  72:Drivers/STM32G0xx_HAL_Driver/Src/stm32g0xx_hal_dma_ex.c ****  ===============================================================================
  73:Drivers/STM32G0xx_HAL_Driver/Src/stm32g0xx_hal_dma_ex.c ****                 #####  Extended features functions  #####
  74:Drivers/STM32G0xx_HAL_Driver/Src/stm32g0xx_hal_dma_ex.c ****  ===============================================================================
  75:Drivers/STM32G0xx_HAL_Driver/Src/stm32g0xx_hal_dma_ex.c ****     [..]  This section provides functions allowing to:
  76:Drivers/STM32G0xx_HAL_Driver/Src/stm32g0xx_hal_dma_ex.c **** 
  77:Drivers/STM32G0xx_HAL_Driver/Src/stm32g0xx_hal_dma_ex.c ****     (+) Configure the DMAMUX Synchronization Block using HAL_DMAEx_ConfigMuxSync function.
  78:Drivers/STM32G0xx_HAL_Driver/Src/stm32g0xx_hal_dma_ex.c ****     (+) Configure the DMAMUX Request Generator Block using HAL_DMAEx_ConfigMuxRequestGenerator func
  79:Drivers/STM32G0xx_HAL_Driver/Src/stm32g0xx_hal_dma_ex.c ****        Functions HAL_DMAEx_EnableMuxRequestGenerator and HAL_DMAEx_DisableMuxRequestGenerator can t
  80:Drivers/STM32G0xx_HAL_Driver/Src/stm32g0xx_hal_dma_ex.c ****        to respectively enable/disable the request generator.
  81:Drivers/STM32G0xx_HAL_Driver/Src/stm32g0xx_hal_dma_ex.c ****     (+) Handle DMAMUX interrupts using HAL_DMAEx_MUX_IRQHandler : should be called from
  82:Drivers/STM32G0xx_HAL_Driver/Src/stm32g0xx_hal_dma_ex.c ****         the DMAMUX IRQ handler
  83:Drivers/STM32G0xx_HAL_Driver/Src/stm32g0xx_hal_dma_ex.c **** 
  84:Drivers/STM32G0xx_HAL_Driver/Src/stm32g0xx_hal_dma_ex.c **** @endverbatim
  85:Drivers/STM32G0xx_HAL_Driver/Src/stm32g0xx_hal_dma_ex.c ****   * @{
  86:Drivers/STM32G0xx_HAL_Driver/Src/stm32g0xx_hal_dma_ex.c ****   */
  87:Drivers/STM32G0xx_HAL_Driver/Src/stm32g0xx_hal_dma_ex.c **** 
  88:Drivers/STM32G0xx_HAL_Driver/Src/stm32g0xx_hal_dma_ex.c **** /**
ARM GAS  C:\Users\sante\AppData\Local\Temp\cc6OZohg.s 			page 3


  89:Drivers/STM32G0xx_HAL_Driver/Src/stm32g0xx_hal_dma_ex.c ****   * @brief Configure the DMAMUX synchronization parameters for a given DMA channel (instance).
  90:Drivers/STM32G0xx_HAL_Driver/Src/stm32g0xx_hal_dma_ex.c ****   * @param hdma Pointer to a DMA_HandleTypeDef structure that contains
  91:Drivers/STM32G0xx_HAL_Driver/Src/stm32g0xx_hal_dma_ex.c ****   *             the configuration information for the specified DMA channel.
  92:Drivers/STM32G0xx_HAL_Driver/Src/stm32g0xx_hal_dma_ex.c ****   * @param pSyncConfig Pointer to HAL_DMA_MuxSyncConfigTypeDef contains the DMAMUX synchronization 
  93:Drivers/STM32G0xx_HAL_Driver/Src/stm32g0xx_hal_dma_ex.c ****   * @retval HAL status
  94:Drivers/STM32G0xx_HAL_Driver/Src/stm32g0xx_hal_dma_ex.c ****   */
  95:Drivers/STM32G0xx_HAL_Driver/Src/stm32g0xx_hal_dma_ex.c **** HAL_StatusTypeDef HAL_DMAEx_ConfigMuxSync(DMA_HandleTypeDef *hdma, HAL_DMA_MuxSyncConfigTypeDef *pS
  96:Drivers/STM32G0xx_HAL_Driver/Src/stm32g0xx_hal_dma_ex.c **** {
  28              		.loc 1 96 1 view -0
  29              		.cfi_startproc
  30              		@ args = 0, pretend = 0, frame = 0
  31              		@ frame_needed = 0, uses_anonymous_args = 0
  32              		.loc 1 96 1 is_stmt 0 view .LVU1
  33 0000 70B5     		push	{r4, r5, r6, lr}
  34              		.cfi_def_cfa_offset 16
  35              		.cfi_offset 4, -16
  36              		.cfi_offset 5, -12
  37              		.cfi_offset 6, -8
  38              		.cfi_offset 14, -4
  97:Drivers/STM32G0xx_HAL_Driver/Src/stm32g0xx_hal_dma_ex.c ****   /* Check the parameters */
  98:Drivers/STM32G0xx_HAL_Driver/Src/stm32g0xx_hal_dma_ex.c ****   assert_param(IS_DMA_ALL_INSTANCE(hdma->Instance));
  39              		.loc 1 98 3 is_stmt 1 view .LVU2
  99:Drivers/STM32G0xx_HAL_Driver/Src/stm32g0xx_hal_dma_ex.c **** 
 100:Drivers/STM32G0xx_HAL_Driver/Src/stm32g0xx_hal_dma_ex.c ****   assert_param(IS_DMAMUX_SYNC_SIGNAL_ID(pSyncConfig->SyncSignalID));
  40              		.loc 1 100 3 view .LVU3
 101:Drivers/STM32G0xx_HAL_Driver/Src/stm32g0xx_hal_dma_ex.c **** 
 102:Drivers/STM32G0xx_HAL_Driver/Src/stm32g0xx_hal_dma_ex.c ****   assert_param(IS_DMAMUX_SYNC_POLARITY(pSyncConfig-> SyncPolarity));
  41              		.loc 1 102 3 view .LVU4
 103:Drivers/STM32G0xx_HAL_Driver/Src/stm32g0xx_hal_dma_ex.c ****   assert_param(IS_DMAMUX_SYNC_STATE(pSyncConfig->SyncEnable));
  42              		.loc 1 103 3 view .LVU5
 104:Drivers/STM32G0xx_HAL_Driver/Src/stm32g0xx_hal_dma_ex.c ****   assert_param(IS_DMAMUX_SYNC_EVENT(pSyncConfig->EventEnable));
  43              		.loc 1 104 3 view .LVU6
 105:Drivers/STM32G0xx_HAL_Driver/Src/stm32g0xx_hal_dma_ex.c ****   assert_param(IS_DMAMUX_SYNC_REQUEST_NUMBER(pSyncConfig->RequestNumber));
  44              		.loc 1 105 3 view .LVU7
 106:Drivers/STM32G0xx_HAL_Driver/Src/stm32g0xx_hal_dma_ex.c **** 
 107:Drivers/STM32G0xx_HAL_Driver/Src/stm32g0xx_hal_dma_ex.c ****   /*Check if the DMA state is ready */
 108:Drivers/STM32G0xx_HAL_Driver/Src/stm32g0xx_hal_dma_ex.c ****   if (hdma->State == HAL_DMA_STATE_READY)
  45              		.loc 1 108 3 view .LVU8
  46              		.loc 1 108 11 is_stmt 0 view .LVU9
  47 0002 2523     		movs	r3, #37
  48 0004 C35C     		ldrb	r3, [r0, r3]
  49              		.loc 1 108 6 view .LVU10
  50 0006 012B     		cmp	r3, #1
  51 0008 1DD1     		bne	.L2
 109:Drivers/STM32G0xx_HAL_Driver/Src/stm32g0xx_hal_dma_ex.c ****   {
 110:Drivers/STM32G0xx_HAL_Driver/Src/stm32g0xx_hal_dma_ex.c ****     /* Process Locked */
 111:Drivers/STM32G0xx_HAL_Driver/Src/stm32g0xx_hal_dma_ex.c ****     __HAL_LOCK(hdma);
  52              		.loc 1 111 5 is_stmt 1 view .LVU11
  53              		.loc 1 111 5 view .LVU12
  54 000a 2333     		adds	r3, r3, #35
  55 000c C35C     		ldrb	r3, [r0, r3]
  56 000e 012B     		cmp	r3, #1
  57 0010 1DD0     		beq	.L4
  58              		.loc 1 111 5 discriminator 2 view .LVU13
  59 0012 2424     		movs	r4, #36
  60 0014 0123     		movs	r3, #1
  61 0016 0355     		strb	r3, [r0, r4]
ARM GAS  C:\Users\sante\AppData\Local\Temp\cc6OZohg.s 			page 4


  62              		.loc 1 111 5 view .LVU14
 112:Drivers/STM32G0xx_HAL_Driver/Src/stm32g0xx_hal_dma_ex.c **** 
 113:Drivers/STM32G0xx_HAL_Driver/Src/stm32g0xx_hal_dma_ex.c ****     /* Set the new synchronization parameters (and keep the request ID filled during the Init)*/
 114:Drivers/STM32G0xx_HAL_Driver/Src/stm32g0xx_hal_dma_ex.c ****     MODIFY_REG(hdma->DMAmuxChannel->CCR, \
  63              		.loc 1 114 5 view .LVU15
  64 0018 856C     		ldr	r5, [r0, #72]
  65 001a 2E68     		ldr	r6, [r5]
  66 001c 7E33     		adds	r3, r3, #126
  67 001e 1E40     		ands	r6, r3
  68 0020 0B68     		ldr	r3, [r1]
  69 0022 CA68     		ldr	r2, [r1, #12]
  70 0024 013A     		subs	r2, r2, #1
  71 0026 D204     		lsls	r2, r2, #19
  72 0028 1343     		orrs	r3, r2
  73 002a 4A68     		ldr	r2, [r1, #4]
  74 002c 1343     		orrs	r3, r2
  75 002e 0A7A     		ldrb	r2, [r1, #8]
  76 0030 1204     		lsls	r2, r2, #16
  77 0032 1343     		orrs	r3, r2
  78 0034 4A7A     		ldrb	r2, [r1, #9]
  79 0036 5202     		lsls	r2, r2, #9
  80 0038 1343     		orrs	r3, r2
  81 003a 3343     		orrs	r3, r6
  82 003c 2B60     		str	r3, [r5]
 115:Drivers/STM32G0xx_HAL_Driver/Src/stm32g0xx_hal_dma_ex.c ****                (~DMAMUX_CxCR_DMAREQ_ID), \
 116:Drivers/STM32G0xx_HAL_Driver/Src/stm32g0xx_hal_dma_ex.c ****                (pSyncConfig->SyncSignalID | ((pSyncConfig->RequestNumber - 1U) << DMAMUX_CxCR_NBREQ
 117:Drivers/STM32G0xx_HAL_Driver/Src/stm32g0xx_hal_dma_ex.c ****                 pSyncConfig->SyncPolarity | ((uint32_t)pSyncConfig->SyncEnable << DMAMUX_CxCR_SE_Po
 118:Drivers/STM32G0xx_HAL_Driver/Src/stm32g0xx_hal_dma_ex.c ****                 ((uint32_t)pSyncConfig->EventEnable << DMAMUX_CxCR_EGE_Pos)));
 119:Drivers/STM32G0xx_HAL_Driver/Src/stm32g0xx_hal_dma_ex.c **** 
 120:Drivers/STM32G0xx_HAL_Driver/Src/stm32g0xx_hal_dma_ex.c ****     /* Process UnLocked */
 121:Drivers/STM32G0xx_HAL_Driver/Src/stm32g0xx_hal_dma_ex.c ****     __HAL_UNLOCK(hdma);
  83              		.loc 1 121 5 view .LVU16
  84              		.loc 1 121 5 view .LVU17
  85 003e 0023     		movs	r3, #0
  86 0040 0355     		strb	r3, [r0, r4]
  87              		.loc 1 121 5 view .LVU18
 122:Drivers/STM32G0xx_HAL_Driver/Src/stm32g0xx_hal_dma_ex.c **** 
 123:Drivers/STM32G0xx_HAL_Driver/Src/stm32g0xx_hal_dma_ex.c ****     return HAL_OK;
  88              		.loc 1 123 5 view .LVU19
  89              		.loc 1 123 12 is_stmt 0 view .LVU20
  90 0042 0020     		movs	r0, #0
  91              	.LVL1:
  92              		.loc 1 123 12 view .LVU21
  93 0044 02E0     		b	.L3
  94              	.LVL2:
  95              	.L2:
 124:Drivers/STM32G0xx_HAL_Driver/Src/stm32g0xx_hal_dma_ex.c ****   }
 125:Drivers/STM32G0xx_HAL_Driver/Src/stm32g0xx_hal_dma_ex.c ****   else
 126:Drivers/STM32G0xx_HAL_Driver/Src/stm32g0xx_hal_dma_ex.c ****   {
 127:Drivers/STM32G0xx_HAL_Driver/Src/stm32g0xx_hal_dma_ex.c ****     /* Set the error code to busy */
 128:Drivers/STM32G0xx_HAL_Driver/Src/stm32g0xx_hal_dma_ex.c ****     hdma->ErrorCode = HAL_DMA_ERROR_BUSY;
  96              		.loc 1 128 5 is_stmt 1 view .LVU22
  97              		.loc 1 128 21 is_stmt 0 view .LVU23
  98 0046 8023     		movs	r3, #128
  99 0048 C363     		str	r3, [r0, #60]
 129:Drivers/STM32G0xx_HAL_Driver/Src/stm32g0xx_hal_dma_ex.c **** 
 130:Drivers/STM32G0xx_HAL_Driver/Src/stm32g0xx_hal_dma_ex.c ****     /* Return error status */
ARM GAS  C:\Users\sante\AppData\Local\Temp\cc6OZohg.s 			page 5


 131:Drivers/STM32G0xx_HAL_Driver/Src/stm32g0xx_hal_dma_ex.c ****     return HAL_ERROR;
 100              		.loc 1 131 5 is_stmt 1 view .LVU24
 101              		.loc 1 131 12 is_stmt 0 view .LVU25
 102 004a 0120     		movs	r0, #1
 103              	.LVL3:
 104              	.L3:
 132:Drivers/STM32G0xx_HAL_Driver/Src/stm32g0xx_hal_dma_ex.c ****   }
 133:Drivers/STM32G0xx_HAL_Driver/Src/stm32g0xx_hal_dma_ex.c **** }
 105              		.loc 1 133 1 view .LVU26
 106              		@ sp needed
 107 004c 70BD     		pop	{r4, r5, r6, pc}
 108              	.LVL4:
 109              	.L4:
 111:Drivers/STM32G0xx_HAL_Driver/Src/stm32g0xx_hal_dma_ex.c **** 
 110              		.loc 1 111 5 discriminator 1 view .LVU27
 111 004e 0220     		movs	r0, #2
 112              	.LVL5:
 111:Drivers/STM32G0xx_HAL_Driver/Src/stm32g0xx_hal_dma_ex.c **** 
 113              		.loc 1 111 5 discriminator 1 view .LVU28
 114 0050 FCE7     		b	.L3
 115              		.cfi_endproc
 116              	.LFE493:
 118              		.section	.text.HAL_DMAEx_ConfigMuxRequestGenerator,"ax",%progbits
 119              		.align	1
 120              		.global	HAL_DMAEx_ConfigMuxRequestGenerator
 121              		.syntax unified
 122              		.code	16
 123              		.thumb_func
 125              	HAL_DMAEx_ConfigMuxRequestGenerator:
 126              	.LVL6:
 127              	.LFB494:
 134:Drivers/STM32G0xx_HAL_Driver/Src/stm32g0xx_hal_dma_ex.c **** 
 135:Drivers/STM32G0xx_HAL_Driver/Src/stm32g0xx_hal_dma_ex.c **** /**
 136:Drivers/STM32G0xx_HAL_Driver/Src/stm32g0xx_hal_dma_ex.c ****   * @brief Configure the DMAMUX request generator block used by the given DMA channel (instance).
 137:Drivers/STM32G0xx_HAL_Driver/Src/stm32g0xx_hal_dma_ex.c ****   * @param hdma Pointer to a DMA_HandleTypeDef structure that contains
 138:Drivers/STM32G0xx_HAL_Driver/Src/stm32g0xx_hal_dma_ex.c ****   *             the configuration information for the specified DMA channel.
 139:Drivers/STM32G0xx_HAL_Driver/Src/stm32g0xx_hal_dma_ex.c ****   * @param pRequestGeneratorConfig Pointer to HAL_DMA_MuxRequestGeneratorConfigTypeDef
 140:Drivers/STM32G0xx_HAL_Driver/Src/stm32g0xx_hal_dma_ex.c ****   *                                contains the request generator parameters.
 141:Drivers/STM32G0xx_HAL_Driver/Src/stm32g0xx_hal_dma_ex.c ****   *
 142:Drivers/STM32G0xx_HAL_Driver/Src/stm32g0xx_hal_dma_ex.c ****   * @retval HAL status
 143:Drivers/STM32G0xx_HAL_Driver/Src/stm32g0xx_hal_dma_ex.c ****   */
 144:Drivers/STM32G0xx_HAL_Driver/Src/stm32g0xx_hal_dma_ex.c **** HAL_StatusTypeDef HAL_DMAEx_ConfigMuxRequestGenerator(DMA_HandleTypeDef *hdma,
 145:Drivers/STM32G0xx_HAL_Driver/Src/stm32g0xx_hal_dma_ex.c ****                                                       HAL_DMA_MuxRequestGeneratorConfigTypeDef *pRe
 146:Drivers/STM32G0xx_HAL_Driver/Src/stm32g0xx_hal_dma_ex.c **** {
 128              		.loc 1 146 1 is_stmt 1 view -0
 129              		.cfi_startproc
 130              		@ args = 0, pretend = 0, frame = 0
 131              		@ frame_needed = 0, uses_anonymous_args = 0
 132              		.loc 1 146 1 is_stmt 0 view .LVU30
 133 0000 30B5     		push	{r4, r5, lr}
 134              		.cfi_def_cfa_offset 12
 135              		.cfi_offset 4, -12
 136              		.cfi_offset 5, -8
 137              		.cfi_offset 14, -4
 147:Drivers/STM32G0xx_HAL_Driver/Src/stm32g0xx_hal_dma_ex.c ****   HAL_StatusTypeDef status;
 138              		.loc 1 147 3 is_stmt 1 view .LVU31
 148:Drivers/STM32G0xx_HAL_Driver/Src/stm32g0xx_hal_dma_ex.c ****   HAL_DMA_StateTypeDef temp_state = hdma->State;
ARM GAS  C:\Users\sante\AppData\Local\Temp\cc6OZohg.s 			page 6


 139              		.loc 1 148 3 view .LVU32
 140              		.loc 1 148 24 is_stmt 0 view .LVU33
 141 0002 2523     		movs	r3, #37
 142 0004 C35C     		ldrb	r3, [r0, r3]
 143 0006 DBB2     		uxtb	r3, r3
 144              	.LVL7:
 149:Drivers/STM32G0xx_HAL_Driver/Src/stm32g0xx_hal_dma_ex.c **** 
 150:Drivers/STM32G0xx_HAL_Driver/Src/stm32g0xx_hal_dma_ex.c ****   /* Check the parameters */
 151:Drivers/STM32G0xx_HAL_Driver/Src/stm32g0xx_hal_dma_ex.c ****   assert_param(IS_DMA_ALL_INSTANCE(hdma->Instance));
 145              		.loc 1 151 3 is_stmt 1 view .LVU34
 152:Drivers/STM32G0xx_HAL_Driver/Src/stm32g0xx_hal_dma_ex.c **** 
 153:Drivers/STM32G0xx_HAL_Driver/Src/stm32g0xx_hal_dma_ex.c ****   assert_param(IS_DMAMUX_REQUEST_GEN_SIGNAL_ID(pRequestGeneratorConfig->SignalID));
 146              		.loc 1 153 3 view .LVU35
 154:Drivers/STM32G0xx_HAL_Driver/Src/stm32g0xx_hal_dma_ex.c **** 
 155:Drivers/STM32G0xx_HAL_Driver/Src/stm32g0xx_hal_dma_ex.c ****   assert_param(IS_DMAMUX_REQUEST_GEN_POLARITY(pRequestGeneratorConfig->Polarity));
 147              		.loc 1 155 3 view .LVU36
 156:Drivers/STM32G0xx_HAL_Driver/Src/stm32g0xx_hal_dma_ex.c ****   assert_param(IS_DMAMUX_REQUEST_GEN_REQUEST_NUMBER(pRequestGeneratorConfig->RequestNumber));
 148              		.loc 1 156 3 view .LVU37
 157:Drivers/STM32G0xx_HAL_Driver/Src/stm32g0xx_hal_dma_ex.c **** 
 158:Drivers/STM32G0xx_HAL_Driver/Src/stm32g0xx_hal_dma_ex.c ****   /* check if the DMA state is ready
 159:Drivers/STM32G0xx_HAL_Driver/Src/stm32g0xx_hal_dma_ex.c ****      and DMA is using a DMAMUX request generator block
 160:Drivers/STM32G0xx_HAL_Driver/Src/stm32g0xx_hal_dma_ex.c ****   */
 161:Drivers/STM32G0xx_HAL_Driver/Src/stm32g0xx_hal_dma_ex.c ****   if (hdma->DMAmuxRequestGen == 0U)
 149              		.loc 1 161 3 view .LVU38
 150              		.loc 1 161 11 is_stmt 0 view .LVU39
 151 0008 426D     		ldr	r2, [r0, #84]
 152              		.loc 1 161 6 view .LVU40
 153 000a 002A     		cmp	r2, #0
 154 000c 08D0     		beq	.L11
 162:Drivers/STM32G0xx_HAL_Driver/Src/stm32g0xx_hal_dma_ex.c ****   {
 163:Drivers/STM32G0xx_HAL_Driver/Src/stm32g0xx_hal_dma_ex.c ****     /* Set the error code to busy */
 164:Drivers/STM32G0xx_HAL_Driver/Src/stm32g0xx_hal_dma_ex.c ****     hdma->ErrorCode = HAL_DMA_ERROR_PARAM;
 165:Drivers/STM32G0xx_HAL_Driver/Src/stm32g0xx_hal_dma_ex.c **** 
 166:Drivers/STM32G0xx_HAL_Driver/Src/stm32g0xx_hal_dma_ex.c ****     /* error status */
 167:Drivers/STM32G0xx_HAL_Driver/Src/stm32g0xx_hal_dma_ex.c ****     status = HAL_ERROR;
 168:Drivers/STM32G0xx_HAL_Driver/Src/stm32g0xx_hal_dma_ex.c ****   }
 169:Drivers/STM32G0xx_HAL_Driver/Src/stm32g0xx_hal_dma_ex.c ****   else if (((hdma->DMAmuxRequestGen->RGCR & DMAMUX_RGxCR_GE) == 0U) && (temp_state == HAL_DMA_STATE
 155              		.loc 1 169 8 is_stmt 1 view .LVU41
 156              		.loc 1 169 36 is_stmt 0 view .LVU42
 157 000e 1468     		ldr	r4, [r2]
 158              		.loc 1 169 11 view .LVU43
 159 0010 E403     		lsls	r4, r4, #15
 160 0012 01D4     		bmi	.L8
 161              		.loc 1 169 69 discriminator 1 view .LVU44
 162 0014 012B     		cmp	r3, #1
 163 0016 07D0     		beq	.L12
 164              	.L8:
 170:Drivers/STM32G0xx_HAL_Driver/Src/stm32g0xx_hal_dma_ex.c ****   {
 171:Drivers/STM32G0xx_HAL_Driver/Src/stm32g0xx_hal_dma_ex.c ****     /* RequestGenerator must be disable prior to the configuration i.e GE bit is 0 */
 172:Drivers/STM32G0xx_HAL_Driver/Src/stm32g0xx_hal_dma_ex.c **** 
 173:Drivers/STM32G0xx_HAL_Driver/Src/stm32g0xx_hal_dma_ex.c ****     /* Process Locked */
 174:Drivers/STM32G0xx_HAL_Driver/Src/stm32g0xx_hal_dma_ex.c ****     __HAL_LOCK(hdma);
 175:Drivers/STM32G0xx_HAL_Driver/Src/stm32g0xx_hal_dma_ex.c **** 
 176:Drivers/STM32G0xx_HAL_Driver/Src/stm32g0xx_hal_dma_ex.c ****     /* Set the request generator new parameters*/
 177:Drivers/STM32G0xx_HAL_Driver/Src/stm32g0xx_hal_dma_ex.c ****     hdma->DMAmuxRequestGen->RGCR = pRequestGeneratorConfig->SignalID | \
 178:Drivers/STM32G0xx_HAL_Driver/Src/stm32g0xx_hal_dma_ex.c ****                                    ((pRequestGeneratorConfig->RequestNumber - 1U) << DMAMUX_RGxCR_G
 179:Drivers/STM32G0xx_HAL_Driver/Src/stm32g0xx_hal_dma_ex.c ****                                    pRequestGeneratorConfig->Polarity;
ARM GAS  C:\Users\sante\AppData\Local\Temp\cc6OZohg.s 			page 7


 180:Drivers/STM32G0xx_HAL_Driver/Src/stm32g0xx_hal_dma_ex.c ****     /* Process UnLocked */
 181:Drivers/STM32G0xx_HAL_Driver/Src/stm32g0xx_hal_dma_ex.c ****     __HAL_UNLOCK(hdma);
 182:Drivers/STM32G0xx_HAL_Driver/Src/stm32g0xx_hal_dma_ex.c **** 
 183:Drivers/STM32G0xx_HAL_Driver/Src/stm32g0xx_hal_dma_ex.c ****     return HAL_OK;
 184:Drivers/STM32G0xx_HAL_Driver/Src/stm32g0xx_hal_dma_ex.c ****   }
 185:Drivers/STM32G0xx_HAL_Driver/Src/stm32g0xx_hal_dma_ex.c ****   else
 186:Drivers/STM32G0xx_HAL_Driver/Src/stm32g0xx_hal_dma_ex.c ****   {
 187:Drivers/STM32G0xx_HAL_Driver/Src/stm32g0xx_hal_dma_ex.c ****     /* Set the error code to busy */
 188:Drivers/STM32G0xx_HAL_Driver/Src/stm32g0xx_hal_dma_ex.c ****     hdma->ErrorCode = HAL_DMA_ERROR_BUSY;
 165              		.loc 1 188 5 is_stmt 1 view .LVU45
 166              		.loc 1 188 21 is_stmt 0 view .LVU46
 167 0018 8023     		movs	r3, #128
 168              	.LVL8:
 169              		.loc 1 188 21 view .LVU47
 170 001a C363     		str	r3, [r0, #60]
 189:Drivers/STM32G0xx_HAL_Driver/Src/stm32g0xx_hal_dma_ex.c **** 
 190:Drivers/STM32G0xx_HAL_Driver/Src/stm32g0xx_hal_dma_ex.c ****     /* error status */
 191:Drivers/STM32G0xx_HAL_Driver/Src/stm32g0xx_hal_dma_ex.c ****     status = HAL_ERROR;
 171              		.loc 1 191 5 is_stmt 1 view .LVU48
 172              	.LVL9:
 192:Drivers/STM32G0xx_HAL_Driver/Src/stm32g0xx_hal_dma_ex.c ****   }
 193:Drivers/STM32G0xx_HAL_Driver/Src/stm32g0xx_hal_dma_ex.c **** 
 194:Drivers/STM32G0xx_HAL_Driver/Src/stm32g0xx_hal_dma_ex.c ****   return status;
 173              		.loc 1 194 10 is_stmt 0 view .LVU49
 174 001c 0120     		movs	r0, #1
 175              	.LVL10:
 176              	.L7:
 195:Drivers/STM32G0xx_HAL_Driver/Src/stm32g0xx_hal_dma_ex.c **** }
 177              		.loc 1 195 1 view .LVU50
 178              		@ sp needed
 179 001e 30BD     		pop	{r4, r5, pc}
 180              	.LVL11:
 181              	.L11:
 164:Drivers/STM32G0xx_HAL_Driver/Src/stm32g0xx_hal_dma_ex.c **** 
 182              		.loc 1 164 5 is_stmt 1 view .LVU51
 164:Drivers/STM32G0xx_HAL_Driver/Src/stm32g0xx_hal_dma_ex.c **** 
 183              		.loc 1 164 21 is_stmt 0 view .LVU52
 184 0020 4023     		movs	r3, #64
 185              	.LVL12:
 164:Drivers/STM32G0xx_HAL_Driver/Src/stm32g0xx_hal_dma_ex.c **** 
 186              		.loc 1 164 21 view .LVU53
 187 0022 C363     		str	r3, [r0, #60]
 167:Drivers/STM32G0xx_HAL_Driver/Src/stm32g0xx_hal_dma_ex.c ****   }
 188              		.loc 1 167 5 is_stmt 1 view .LVU54
 189              	.LVL13:
 194:Drivers/STM32G0xx_HAL_Driver/Src/stm32g0xx_hal_dma_ex.c **** }
 190              		.loc 1 194 10 is_stmt 0 view .LVU55
 191 0024 0120     		movs	r0, #1
 192              	.LVL14:
 194:Drivers/STM32G0xx_HAL_Driver/Src/stm32g0xx_hal_dma_ex.c **** }
 193              		.loc 1 194 10 view .LVU56
 194 0026 FAE7     		b	.L7
 195              	.LVL15:
 196              	.L12:
 174:Drivers/STM32G0xx_HAL_Driver/Src/stm32g0xx_hal_dma_ex.c **** 
 197              		.loc 1 174 5 is_stmt 1 view .LVU57
 174:Drivers/STM32G0xx_HAL_Driver/Src/stm32g0xx_hal_dma_ex.c **** 
ARM GAS  C:\Users\sante\AppData\Local\Temp\cc6OZohg.s 			page 8


 198              		.loc 1 174 5 view .LVU58
 199 0028 2333     		adds	r3, r3, #35
 200              	.LVL16:
 174:Drivers/STM32G0xx_HAL_Driver/Src/stm32g0xx_hal_dma_ex.c **** 
 201              		.loc 1 174 5 is_stmt 0 view .LVU59
 202 002a C35C     		ldrb	r3, [r0, r3]
 203              	.LVL17:
 174:Drivers/STM32G0xx_HAL_Driver/Src/stm32g0xx_hal_dma_ex.c **** 
 204              		.loc 1 174 5 view .LVU60
 205 002c 012B     		cmp	r3, #1
 206 002e 0ED0     		beq	.L9
 174:Drivers/STM32G0xx_HAL_Driver/Src/stm32g0xx_hal_dma_ex.c **** 
 207              		.loc 1 174 5 is_stmt 1 discriminator 2 view .LVU61
 208 0030 2425     		movs	r5, #36
 209 0032 0123     		movs	r3, #1
 210 0034 4355     		strb	r3, [r0, r5]
 174:Drivers/STM32G0xx_HAL_Driver/Src/stm32g0xx_hal_dma_ex.c **** 
 211              		.loc 1 174 5 view .LVU62
 177:Drivers/STM32G0xx_HAL_Driver/Src/stm32g0xx_hal_dma_ex.c ****                                    ((pRequestGeneratorConfig->RequestNumber - 1U) << DMAMUX_RGxCR_G
 212              		.loc 1 177 5 view .LVU63
 177:Drivers/STM32G0xx_HAL_Driver/Src/stm32g0xx_hal_dma_ex.c ****                                    ((pRequestGeneratorConfig->RequestNumber - 1U) << DMAMUX_RGxCR_G
 213              		.loc 1 177 59 is_stmt 0 view .LVU64
 214 0036 0B68     		ldr	r3, [r1]
 178:Drivers/STM32G0xx_HAL_Driver/Src/stm32g0xx_hal_dma_ex.c ****                                    pRequestGeneratorConfig->Polarity;
 215              		.loc 1 178 61 view .LVU65
 216 0038 8C68     		ldr	r4, [r1, #8]
 178:Drivers/STM32G0xx_HAL_Driver/Src/stm32g0xx_hal_dma_ex.c ****                                    pRequestGeneratorConfig->Polarity;
 217              		.loc 1 178 77 view .LVU66
 218 003a 013C     		subs	r4, r4, #1
 178:Drivers/STM32G0xx_HAL_Driver/Src/stm32g0xx_hal_dma_ex.c ****                                    pRequestGeneratorConfig->Polarity;
 219              		.loc 1 178 83 view .LVU67
 220 003c E404     		lsls	r4, r4, #19
 177:Drivers/STM32G0xx_HAL_Driver/Src/stm32g0xx_hal_dma_ex.c ****                                    ((pRequestGeneratorConfig->RequestNumber - 1U) << DMAMUX_RGxCR_G
 221              		.loc 1 177 70 view .LVU68
 222 003e 2343     		orrs	r3, r4
 179:Drivers/STM32G0xx_HAL_Driver/Src/stm32g0xx_hal_dma_ex.c ****     /* Process UnLocked */
 223              		.loc 1 179 59 view .LVU69
 224 0040 4968     		ldr	r1, [r1, #4]
 225              	.LVL18:
 178:Drivers/STM32G0xx_HAL_Driver/Src/stm32g0xx_hal_dma_ex.c ****                                    pRequestGeneratorConfig->Polarity;
 226              		.loc 1 178 111 view .LVU70
 227 0042 0B43     		orrs	r3, r1
 177:Drivers/STM32G0xx_HAL_Driver/Src/stm32g0xx_hal_dma_ex.c ****                                    ((pRequestGeneratorConfig->RequestNumber - 1U) << DMAMUX_RGxCR_G
 228              		.loc 1 177 34 view .LVU71
 229 0044 1360     		str	r3, [r2]
 181:Drivers/STM32G0xx_HAL_Driver/Src/stm32g0xx_hal_dma_ex.c **** 
 230              		.loc 1 181 5 is_stmt 1 view .LVU72
 181:Drivers/STM32G0xx_HAL_Driver/Src/stm32g0xx_hal_dma_ex.c **** 
 231              		.loc 1 181 5 view .LVU73
 232 0046 0023     		movs	r3, #0
 233 0048 4355     		strb	r3, [r0, r5]
 181:Drivers/STM32G0xx_HAL_Driver/Src/stm32g0xx_hal_dma_ex.c **** 
 234              		.loc 1 181 5 view .LVU74
 183:Drivers/STM32G0xx_HAL_Driver/Src/stm32g0xx_hal_dma_ex.c ****   }
 235              		.loc 1 183 5 view .LVU75
 183:Drivers/STM32G0xx_HAL_Driver/Src/stm32g0xx_hal_dma_ex.c ****   }
 236              		.loc 1 183 12 is_stmt 0 view .LVU76
ARM GAS  C:\Users\sante\AppData\Local\Temp\cc6OZohg.s 			page 9


 237 004a 0020     		movs	r0, #0
 238              	.LVL19:
 183:Drivers/STM32G0xx_HAL_Driver/Src/stm32g0xx_hal_dma_ex.c ****   }
 239              		.loc 1 183 12 view .LVU77
 240 004c E7E7     		b	.L7
 241              	.LVL20:
 242              	.L9:
 174:Drivers/STM32G0xx_HAL_Driver/Src/stm32g0xx_hal_dma_ex.c **** 
 243              		.loc 1 174 5 discriminator 1 view .LVU78
 244 004e 0220     		movs	r0, #2
 245              	.LVL21:
 174:Drivers/STM32G0xx_HAL_Driver/Src/stm32g0xx_hal_dma_ex.c **** 
 246              		.loc 1 174 5 discriminator 1 view .LVU79
 247 0050 E5E7     		b	.L7
 248              		.cfi_endproc
 249              	.LFE494:
 251              		.section	.text.HAL_DMAEx_EnableMuxRequestGenerator,"ax",%progbits
 252              		.align	1
 253              		.global	HAL_DMAEx_EnableMuxRequestGenerator
 254              		.syntax unified
 255              		.code	16
 256              		.thumb_func
 258              	HAL_DMAEx_EnableMuxRequestGenerator:
 259              	.LVL22:
 260              	.LFB495:
 196:Drivers/STM32G0xx_HAL_Driver/Src/stm32g0xx_hal_dma_ex.c **** 
 197:Drivers/STM32G0xx_HAL_Driver/Src/stm32g0xx_hal_dma_ex.c **** /**
 198:Drivers/STM32G0xx_HAL_Driver/Src/stm32g0xx_hal_dma_ex.c ****   * @brief Enable the DMAMUX request generator block used by the given DMA channel (instance).
 199:Drivers/STM32G0xx_HAL_Driver/Src/stm32g0xx_hal_dma_ex.c ****   * @param hdma Pointer to a DMA_HandleTypeDef structure that contains
 200:Drivers/STM32G0xx_HAL_Driver/Src/stm32g0xx_hal_dma_ex.c ****   *             the configuration information for the specified DMA channel.
 201:Drivers/STM32G0xx_HAL_Driver/Src/stm32g0xx_hal_dma_ex.c ****   * @retval HAL status
 202:Drivers/STM32G0xx_HAL_Driver/Src/stm32g0xx_hal_dma_ex.c ****   */
 203:Drivers/STM32G0xx_HAL_Driver/Src/stm32g0xx_hal_dma_ex.c **** HAL_StatusTypeDef HAL_DMAEx_EnableMuxRequestGenerator(DMA_HandleTypeDef *hdma)
 204:Drivers/STM32G0xx_HAL_Driver/Src/stm32g0xx_hal_dma_ex.c **** {
 261              		.loc 1 204 1 is_stmt 1 view -0
 262              		.cfi_startproc
 263              		@ args = 0, pretend = 0, frame = 0
 264              		@ frame_needed = 0, uses_anonymous_args = 0
 265              		@ link register save eliminated.
 205:Drivers/STM32G0xx_HAL_Driver/Src/stm32g0xx_hal_dma_ex.c ****   /* Check the parameters */
 206:Drivers/STM32G0xx_HAL_Driver/Src/stm32g0xx_hal_dma_ex.c ****   assert_param(IS_DMA_ALL_INSTANCE(hdma->Instance));
 266              		.loc 1 206 3 view .LVU81
 207:Drivers/STM32G0xx_HAL_Driver/Src/stm32g0xx_hal_dma_ex.c **** 
 208:Drivers/STM32G0xx_HAL_Driver/Src/stm32g0xx_hal_dma_ex.c ****   /* check if the DMA state is ready
 209:Drivers/STM32G0xx_HAL_Driver/Src/stm32g0xx_hal_dma_ex.c ****      and DMA is using a DMAMUX request generator block
 210:Drivers/STM32G0xx_HAL_Driver/Src/stm32g0xx_hal_dma_ex.c ****   */
 211:Drivers/STM32G0xx_HAL_Driver/Src/stm32g0xx_hal_dma_ex.c ****   if ((hdma->State != HAL_DMA_STATE_RESET) && (hdma->DMAmuxRequestGen != 0))
 267              		.loc 1 211 3 view .LVU82
 268              		.loc 1 211 12 is_stmt 0 view .LVU83
 269 0000 2523     		movs	r3, #37
 270 0002 C35C     		ldrb	r3, [r0, r3]
 271              		.loc 1 211 6 view .LVU84
 272 0004 002B     		cmp	r3, #0
 273 0006 09D0     		beq	.L15
 274              		.loc 1 211 52 discriminator 1 view .LVU85
 275 0008 436D     		ldr	r3, [r0, #84]
 276              		.loc 1 211 44 discriminator 1 view .LVU86
ARM GAS  C:\Users\sante\AppData\Local\Temp\cc6OZohg.s 			page 10


 277 000a 002B     		cmp	r3, #0
 278 000c 08D0     		beq	.L16
 212:Drivers/STM32G0xx_HAL_Driver/Src/stm32g0xx_hal_dma_ex.c ****   {
 213:Drivers/STM32G0xx_HAL_Driver/Src/stm32g0xx_hal_dma_ex.c **** 
 214:Drivers/STM32G0xx_HAL_Driver/Src/stm32g0xx_hal_dma_ex.c ****     /* Enable the request generator*/
 215:Drivers/STM32G0xx_HAL_Driver/Src/stm32g0xx_hal_dma_ex.c ****     hdma->DMAmuxRequestGen->RGCR |= DMAMUX_RGxCR_GE;
 279              		.loc 1 215 5 is_stmt 1 view .LVU87
 280              		.loc 1 215 27 is_stmt 0 view .LVU88
 281 000e 1968     		ldr	r1, [r3]
 282              		.loc 1 215 34 view .LVU89
 283 0010 8022     		movs	r2, #128
 284 0012 5202     		lsls	r2, r2, #9
 285 0014 0A43     		orrs	r2, r1
 286 0016 1A60     		str	r2, [r3]
 216:Drivers/STM32G0xx_HAL_Driver/Src/stm32g0xx_hal_dma_ex.c **** 
 217:Drivers/STM32G0xx_HAL_Driver/Src/stm32g0xx_hal_dma_ex.c ****     return HAL_OK;
 287              		.loc 1 217 5 is_stmt 1 view .LVU90
 288              		.loc 1 217 12 is_stmt 0 view .LVU91
 289 0018 0020     		movs	r0, #0
 290              	.LVL23:
 291              	.L14:
 218:Drivers/STM32G0xx_HAL_Driver/Src/stm32g0xx_hal_dma_ex.c ****   }
 219:Drivers/STM32G0xx_HAL_Driver/Src/stm32g0xx_hal_dma_ex.c ****   else
 220:Drivers/STM32G0xx_HAL_Driver/Src/stm32g0xx_hal_dma_ex.c ****   {
 221:Drivers/STM32G0xx_HAL_Driver/Src/stm32g0xx_hal_dma_ex.c ****     return HAL_ERROR;
 222:Drivers/STM32G0xx_HAL_Driver/Src/stm32g0xx_hal_dma_ex.c ****   }
 223:Drivers/STM32G0xx_HAL_Driver/Src/stm32g0xx_hal_dma_ex.c **** }
 292              		.loc 1 223 1 view .LVU92
 293              		@ sp needed
 294 001a 7047     		bx	lr
 295              	.LVL24:
 296              	.L15:
 221:Drivers/STM32G0xx_HAL_Driver/Src/stm32g0xx_hal_dma_ex.c ****   }
 297              		.loc 1 221 12 view .LVU93
 298 001c 0120     		movs	r0, #1
 299              	.LVL25:
 221:Drivers/STM32G0xx_HAL_Driver/Src/stm32g0xx_hal_dma_ex.c ****   }
 300              		.loc 1 221 12 view .LVU94
 301 001e FCE7     		b	.L14
 302              	.LVL26:
 303              	.L16:
 221:Drivers/STM32G0xx_HAL_Driver/Src/stm32g0xx_hal_dma_ex.c ****   }
 304              		.loc 1 221 12 view .LVU95
 305 0020 0120     		movs	r0, #1
 306              	.LVL27:
 221:Drivers/STM32G0xx_HAL_Driver/Src/stm32g0xx_hal_dma_ex.c ****   }
 307              		.loc 1 221 12 view .LVU96
 308 0022 FAE7     		b	.L14
 309              		.cfi_endproc
 310              	.LFE495:
 312              		.section	.text.HAL_DMAEx_DisableMuxRequestGenerator,"ax",%progbits
 313              		.align	1
 314              		.global	HAL_DMAEx_DisableMuxRequestGenerator
 315              		.syntax unified
 316              		.code	16
 317              		.thumb_func
 319              	HAL_DMAEx_DisableMuxRequestGenerator:
ARM GAS  C:\Users\sante\AppData\Local\Temp\cc6OZohg.s 			page 11


 320              	.LVL28:
 321              	.LFB496:
 224:Drivers/STM32G0xx_HAL_Driver/Src/stm32g0xx_hal_dma_ex.c **** 
 225:Drivers/STM32G0xx_HAL_Driver/Src/stm32g0xx_hal_dma_ex.c **** /**
 226:Drivers/STM32G0xx_HAL_Driver/Src/stm32g0xx_hal_dma_ex.c ****   * @brief Disable the DMAMUX request generator block used by the given DMA channel (instance).
 227:Drivers/STM32G0xx_HAL_Driver/Src/stm32g0xx_hal_dma_ex.c ****   * @param hdma Pointer to a DMA_HandleTypeDef structure that contains
 228:Drivers/STM32G0xx_HAL_Driver/Src/stm32g0xx_hal_dma_ex.c ****   *             the configuration information for the specified DMA channel.
 229:Drivers/STM32G0xx_HAL_Driver/Src/stm32g0xx_hal_dma_ex.c ****   * @retval HAL status
 230:Drivers/STM32G0xx_HAL_Driver/Src/stm32g0xx_hal_dma_ex.c ****   */
 231:Drivers/STM32G0xx_HAL_Driver/Src/stm32g0xx_hal_dma_ex.c **** HAL_StatusTypeDef HAL_DMAEx_DisableMuxRequestGenerator(DMA_HandleTypeDef *hdma)
 232:Drivers/STM32G0xx_HAL_Driver/Src/stm32g0xx_hal_dma_ex.c **** {
 322              		.loc 1 232 1 is_stmt 1 view -0
 323              		.cfi_startproc
 324              		@ args = 0, pretend = 0, frame = 0
 325              		@ frame_needed = 0, uses_anonymous_args = 0
 326              		@ link register save eliminated.
 233:Drivers/STM32G0xx_HAL_Driver/Src/stm32g0xx_hal_dma_ex.c ****   /* Check the parameters */
 234:Drivers/STM32G0xx_HAL_Driver/Src/stm32g0xx_hal_dma_ex.c ****   assert_param(IS_DMA_ALL_INSTANCE(hdma->Instance));
 327              		.loc 1 234 3 view .LVU98
 235:Drivers/STM32G0xx_HAL_Driver/Src/stm32g0xx_hal_dma_ex.c **** 
 236:Drivers/STM32G0xx_HAL_Driver/Src/stm32g0xx_hal_dma_ex.c ****   /* check if the DMA state is ready
 237:Drivers/STM32G0xx_HAL_Driver/Src/stm32g0xx_hal_dma_ex.c ****      and DMA is using a DMAMUX request generator block
 238:Drivers/STM32G0xx_HAL_Driver/Src/stm32g0xx_hal_dma_ex.c ****   */
 239:Drivers/STM32G0xx_HAL_Driver/Src/stm32g0xx_hal_dma_ex.c ****   if ((hdma->State != HAL_DMA_STATE_RESET) && (hdma->DMAmuxRequestGen != 0))
 328              		.loc 1 239 3 view .LVU99
 329              		.loc 1 239 12 is_stmt 0 view .LVU100
 330 0000 2523     		movs	r3, #37
 331 0002 C35C     		ldrb	r3, [r0, r3]
 332              		.loc 1 239 6 view .LVU101
 333 0004 002B     		cmp	r3, #0
 334 0006 08D0     		beq	.L19
 335              		.loc 1 239 52 discriminator 1 view .LVU102
 336 0008 436D     		ldr	r3, [r0, #84]
 337              		.loc 1 239 44 discriminator 1 view .LVU103
 338 000a 002B     		cmp	r3, #0
 339 000c 07D0     		beq	.L20
 240:Drivers/STM32G0xx_HAL_Driver/Src/stm32g0xx_hal_dma_ex.c ****   {
 241:Drivers/STM32G0xx_HAL_Driver/Src/stm32g0xx_hal_dma_ex.c **** 
 242:Drivers/STM32G0xx_HAL_Driver/Src/stm32g0xx_hal_dma_ex.c ****     /* Disable the request generator*/
 243:Drivers/STM32G0xx_HAL_Driver/Src/stm32g0xx_hal_dma_ex.c ****     hdma->DMAmuxRequestGen->RGCR &= ~DMAMUX_RGxCR_GE;
 340              		.loc 1 243 5 is_stmt 1 view .LVU104
 341              		.loc 1 243 27 is_stmt 0 view .LVU105
 342 000e 1A68     		ldr	r2, [r3]
 343              		.loc 1 243 34 view .LVU106
 344 0010 0449     		ldr	r1, .L21
 345 0012 0A40     		ands	r2, r1
 346 0014 1A60     		str	r2, [r3]
 244:Drivers/STM32G0xx_HAL_Driver/Src/stm32g0xx_hal_dma_ex.c **** 
 245:Drivers/STM32G0xx_HAL_Driver/Src/stm32g0xx_hal_dma_ex.c ****     return HAL_OK;
 347              		.loc 1 245 5 is_stmt 1 view .LVU107
 348              		.loc 1 245 12 is_stmt 0 view .LVU108
 349 0016 0020     		movs	r0, #0
 350              	.LVL29:
 351              	.L18:
 246:Drivers/STM32G0xx_HAL_Driver/Src/stm32g0xx_hal_dma_ex.c ****   }
 247:Drivers/STM32G0xx_HAL_Driver/Src/stm32g0xx_hal_dma_ex.c ****   else
 248:Drivers/STM32G0xx_HAL_Driver/Src/stm32g0xx_hal_dma_ex.c ****   {
ARM GAS  C:\Users\sante\AppData\Local\Temp\cc6OZohg.s 			page 12


 249:Drivers/STM32G0xx_HAL_Driver/Src/stm32g0xx_hal_dma_ex.c ****     return HAL_ERROR;
 250:Drivers/STM32G0xx_HAL_Driver/Src/stm32g0xx_hal_dma_ex.c ****   }
 251:Drivers/STM32G0xx_HAL_Driver/Src/stm32g0xx_hal_dma_ex.c **** }
 352              		.loc 1 251 1 view .LVU109
 353              		@ sp needed
 354 0018 7047     		bx	lr
 355              	.LVL30:
 356              	.L19:
 249:Drivers/STM32G0xx_HAL_Driver/Src/stm32g0xx_hal_dma_ex.c ****   }
 357              		.loc 1 249 12 view .LVU110
 358 001a 0120     		movs	r0, #1
 359              	.LVL31:
 249:Drivers/STM32G0xx_HAL_Driver/Src/stm32g0xx_hal_dma_ex.c ****   }
 360              		.loc 1 249 12 view .LVU111
 361 001c FCE7     		b	.L18
 362              	.LVL32:
 363              	.L20:
 249:Drivers/STM32G0xx_HAL_Driver/Src/stm32g0xx_hal_dma_ex.c ****   }
 364              		.loc 1 249 12 view .LVU112
 365 001e 0120     		movs	r0, #1
 366              	.LVL33:
 249:Drivers/STM32G0xx_HAL_Driver/Src/stm32g0xx_hal_dma_ex.c ****   }
 367              		.loc 1 249 12 view .LVU113
 368 0020 FAE7     		b	.L18
 369              	.L22:
 370 0022 C046     		.align	2
 371              	.L21:
 372 0024 FFFFFEFF 		.word	-65537
 373              		.cfi_endproc
 374              	.LFE496:
 376              		.section	.text.HAL_DMAEx_MUX_IRQHandler,"ax",%progbits
 377              		.align	1
 378              		.global	HAL_DMAEx_MUX_IRQHandler
 379              		.syntax unified
 380              		.code	16
 381              		.thumb_func
 383              	HAL_DMAEx_MUX_IRQHandler:
 384              	.LVL34:
 385              	.LFB497:
 252:Drivers/STM32G0xx_HAL_Driver/Src/stm32g0xx_hal_dma_ex.c **** 
 253:Drivers/STM32G0xx_HAL_Driver/Src/stm32g0xx_hal_dma_ex.c **** /**
 254:Drivers/STM32G0xx_HAL_Driver/Src/stm32g0xx_hal_dma_ex.c ****   * @brief Handles DMAMUX interrupt request.
 255:Drivers/STM32G0xx_HAL_Driver/Src/stm32g0xx_hal_dma_ex.c ****   * @param hdma Pointer to a DMA_HandleTypeDef structure that contains
 256:Drivers/STM32G0xx_HAL_Driver/Src/stm32g0xx_hal_dma_ex.c ****   *             the configuration information for the specified DMA channel.
 257:Drivers/STM32G0xx_HAL_Driver/Src/stm32g0xx_hal_dma_ex.c ****   * @retval None
 258:Drivers/STM32G0xx_HAL_Driver/Src/stm32g0xx_hal_dma_ex.c ****   */
 259:Drivers/STM32G0xx_HAL_Driver/Src/stm32g0xx_hal_dma_ex.c **** void HAL_DMAEx_MUX_IRQHandler(DMA_HandleTypeDef *hdma)
 260:Drivers/STM32G0xx_HAL_Driver/Src/stm32g0xx_hal_dma_ex.c **** {
 386              		.loc 1 260 1 is_stmt 1 view -0
 387              		.cfi_startproc
 388              		@ args = 0, pretend = 0, frame = 0
 389              		@ frame_needed = 0, uses_anonymous_args = 0
 390              		.loc 1 260 1 is_stmt 0 view .LVU115
 391 0000 10B5     		push	{r4, lr}
 392              		.cfi_def_cfa_offset 8
 393              		.cfi_offset 4, -8
 394              		.cfi_offset 14, -4
ARM GAS  C:\Users\sante\AppData\Local\Temp\cc6OZohg.s 			page 13


 395 0002 0400     		movs	r4, r0
 261:Drivers/STM32G0xx_HAL_Driver/Src/stm32g0xx_hal_dma_ex.c ****   /* Check for DMAMUX Synchronization overrun */
 262:Drivers/STM32G0xx_HAL_Driver/Src/stm32g0xx_hal_dma_ex.c ****   if ((hdma->DMAmuxChannelStatus->CSR & hdma->DMAmuxChannelStatusMask) != 0U)
 396              		.loc 1 262 3 is_stmt 1 view .LVU116
 397              		.loc 1 262 12 is_stmt 0 view .LVU117
 398 0004 C36C     		ldr	r3, [r0, #76]
 399              		.loc 1 262 33 view .LVU118
 400 0006 1B68     		ldr	r3, [r3]
 401              		.loc 1 262 45 view .LVU119
 402 0008 026D     		ldr	r2, [r0, #80]
 403              		.loc 1 262 6 view .LVU120
 404 000a 1A42     		tst	r2, r3
 405 000c 10D0     		beq	.L24
 263:Drivers/STM32G0xx_HAL_Driver/Src/stm32g0xx_hal_dma_ex.c ****   {
 264:Drivers/STM32G0xx_HAL_Driver/Src/stm32g0xx_hal_dma_ex.c ****     /* Disable the synchro overrun interrupt */
 265:Drivers/STM32G0xx_HAL_Driver/Src/stm32g0xx_hal_dma_ex.c ****     hdma->DMAmuxChannel->CCR &= ~DMAMUX_CxCR_SOIE;
 406              		.loc 1 265 5 is_stmt 1 view .LVU121
 407              		.loc 1 265 9 is_stmt 0 view .LVU122
 408 000e 826C     		ldr	r2, [r0, #72]
 409              		.loc 1 265 24 view .LVU123
 410 0010 1368     		ldr	r3, [r2]
 411              		.loc 1 265 30 view .LVU124
 412 0012 1449     		ldr	r1, .L26
 413 0014 0B40     		ands	r3, r1
 414 0016 1360     		str	r3, [r2]
 266:Drivers/STM32G0xx_HAL_Driver/Src/stm32g0xx_hal_dma_ex.c **** 
 267:Drivers/STM32G0xx_HAL_Driver/Src/stm32g0xx_hal_dma_ex.c ****     /* Clear the DMAMUX synchro overrun flag */
 268:Drivers/STM32G0xx_HAL_Driver/Src/stm32g0xx_hal_dma_ex.c ****     hdma->DMAmuxChannelStatus->CFR = hdma->DMAmuxChannelStatusMask;
 415              		.loc 1 268 5 is_stmt 1 view .LVU125
 416              		.loc 1 268 9 is_stmt 0 view .LVU126
 417 0018 C36C     		ldr	r3, [r0, #76]
 418              		.loc 1 268 42 view .LVU127
 419 001a 026D     		ldr	r2, [r0, #80]
 420              		.loc 1 268 36 view .LVU128
 421 001c 5A60     		str	r2, [r3, #4]
 269:Drivers/STM32G0xx_HAL_Driver/Src/stm32g0xx_hal_dma_ex.c **** 
 270:Drivers/STM32G0xx_HAL_Driver/Src/stm32g0xx_hal_dma_ex.c ****     /* Update error code */
 271:Drivers/STM32G0xx_HAL_Driver/Src/stm32g0xx_hal_dma_ex.c ****     hdma->ErrorCode |= HAL_DMA_ERROR_SYNC;
 422              		.loc 1 271 5 is_stmt 1 view .LVU129
 423              		.loc 1 271 9 is_stmt 0 view .LVU130
 424 001e C26B     		ldr	r2, [r0, #60]
 425              		.loc 1 271 21 view .LVU131
 426 0020 8023     		movs	r3, #128
 427 0022 9B00     		lsls	r3, r3, #2
 428 0024 1343     		orrs	r3, r2
 429 0026 C363     		str	r3, [r0, #60]
 272:Drivers/STM32G0xx_HAL_Driver/Src/stm32g0xx_hal_dma_ex.c **** 
 273:Drivers/STM32G0xx_HAL_Driver/Src/stm32g0xx_hal_dma_ex.c ****     if (hdma->XferErrorCallback != NULL)
 430              		.loc 1 273 5 is_stmt 1 view .LVU132
 431              		.loc 1 273 13 is_stmt 0 view .LVU133
 432 0028 436B     		ldr	r3, [r0, #52]
 433              		.loc 1 273 8 view .LVU134
 434 002a 002B     		cmp	r3, #0
 435 002c 00D0     		beq	.L24
 274:Drivers/STM32G0xx_HAL_Driver/Src/stm32g0xx_hal_dma_ex.c ****     {
 275:Drivers/STM32G0xx_HAL_Driver/Src/stm32g0xx_hal_dma_ex.c ****       /* Transfer error callback */
 276:Drivers/STM32G0xx_HAL_Driver/Src/stm32g0xx_hal_dma_ex.c ****       hdma->XferErrorCallback(hdma);
ARM GAS  C:\Users\sante\AppData\Local\Temp\cc6OZohg.s 			page 14


 436              		.loc 1 276 7 is_stmt 1 view .LVU135
 437 002e 9847     		blx	r3
 438              	.LVL35:
 439              	.L24:
 277:Drivers/STM32G0xx_HAL_Driver/Src/stm32g0xx_hal_dma_ex.c ****     }
 278:Drivers/STM32G0xx_HAL_Driver/Src/stm32g0xx_hal_dma_ex.c ****   }
 279:Drivers/STM32G0xx_HAL_Driver/Src/stm32g0xx_hal_dma_ex.c **** 
 280:Drivers/STM32G0xx_HAL_Driver/Src/stm32g0xx_hal_dma_ex.c ****   if (hdma->DMAmuxRequestGen != 0)
 440              		.loc 1 280 3 view .LVU136
 441              		.loc 1 280 11 is_stmt 0 view .LVU137
 442 0030 636D     		ldr	r3, [r4, #84]
 443              		.loc 1 280 6 view .LVU138
 444 0032 002B     		cmp	r3, #0
 445 0034 15D0     		beq	.L23
 281:Drivers/STM32G0xx_HAL_Driver/Src/stm32g0xx_hal_dma_ex.c ****   {
 282:Drivers/STM32G0xx_HAL_Driver/Src/stm32g0xx_hal_dma_ex.c ****     /* if using a DMAMUX request generator block Check for DMAMUX request generator overrun */
 283:Drivers/STM32G0xx_HAL_Driver/Src/stm32g0xx_hal_dma_ex.c ****     if ((hdma->DMAmuxRequestGenStatus->RGSR & hdma->DMAmuxRequestGenStatusMask) != 0U)
 446              		.loc 1 283 5 is_stmt 1 view .LVU139
 447              		.loc 1 283 14 is_stmt 0 view .LVU140
 448 0036 A26D     		ldr	r2, [r4, #88]
 449              		.loc 1 283 38 view .LVU141
 450 0038 1268     		ldr	r2, [r2]
 451              		.loc 1 283 51 view .LVU142
 452 003a E16D     		ldr	r1, [r4, #92]
 453              		.loc 1 283 8 view .LVU143
 454 003c 1142     		tst	r1, r2
 455 003e 10D0     		beq	.L23
 284:Drivers/STM32G0xx_HAL_Driver/Src/stm32g0xx_hal_dma_ex.c ****     {
 285:Drivers/STM32G0xx_HAL_Driver/Src/stm32g0xx_hal_dma_ex.c ****       /* Disable the request gen overrun interrupt */
 286:Drivers/STM32G0xx_HAL_Driver/Src/stm32g0xx_hal_dma_ex.c ****       hdma->DMAmuxRequestGen->RGCR &= ~DMAMUX_RGxCR_OIE;
 456              		.loc 1 286 7 is_stmt 1 view .LVU144
 457              		.loc 1 286 29 is_stmt 0 view .LVU145
 458 0040 1A68     		ldr	r2, [r3]
 459              		.loc 1 286 36 view .LVU146
 460 0042 0849     		ldr	r1, .L26
 461 0044 0A40     		ands	r2, r1
 462 0046 1A60     		str	r2, [r3]
 287:Drivers/STM32G0xx_HAL_Driver/Src/stm32g0xx_hal_dma_ex.c **** 
 288:Drivers/STM32G0xx_HAL_Driver/Src/stm32g0xx_hal_dma_ex.c ****       /* Clear the DMAMUX request generator overrun flag */
 289:Drivers/STM32G0xx_HAL_Driver/Src/stm32g0xx_hal_dma_ex.c ****       hdma->DMAmuxRequestGenStatus->RGCFR = hdma->DMAmuxRequestGenStatusMask;
 463              		.loc 1 289 7 is_stmt 1 view .LVU147
 464              		.loc 1 289 11 is_stmt 0 view .LVU148
 465 0048 A36D     		ldr	r3, [r4, #88]
 466              		.loc 1 289 49 view .LVU149
 467 004a E26D     		ldr	r2, [r4, #92]
 468              		.loc 1 289 43 view .LVU150
 469 004c 5A60     		str	r2, [r3, #4]
 290:Drivers/STM32G0xx_HAL_Driver/Src/stm32g0xx_hal_dma_ex.c **** 
 291:Drivers/STM32G0xx_HAL_Driver/Src/stm32g0xx_hal_dma_ex.c ****       /* Update error code */
 292:Drivers/STM32G0xx_HAL_Driver/Src/stm32g0xx_hal_dma_ex.c ****       hdma->ErrorCode |= HAL_DMA_ERROR_REQGEN;
 470              		.loc 1 292 7 is_stmt 1 view .LVU151
 471              		.loc 1 292 11 is_stmt 0 view .LVU152
 472 004e E26B     		ldr	r2, [r4, #60]
 473              		.loc 1 292 23 view .LVU153
 474 0050 8023     		movs	r3, #128
 475 0052 DB00     		lsls	r3, r3, #3
 476 0054 1343     		orrs	r3, r2
ARM GAS  C:\Users\sante\AppData\Local\Temp\cc6OZohg.s 			page 15


 477 0056 E363     		str	r3, [r4, #60]
 293:Drivers/STM32G0xx_HAL_Driver/Src/stm32g0xx_hal_dma_ex.c **** 
 294:Drivers/STM32G0xx_HAL_Driver/Src/stm32g0xx_hal_dma_ex.c ****       if (hdma->XferErrorCallback != NULL)
 478              		.loc 1 294 7 is_stmt 1 view .LVU154
 479              		.loc 1 294 15 is_stmt 0 view .LVU155
 480 0058 636B     		ldr	r3, [r4, #52]
 481              		.loc 1 294 10 view .LVU156
 482 005a 002B     		cmp	r3, #0
 483 005c 01D0     		beq	.L23
 295:Drivers/STM32G0xx_HAL_Driver/Src/stm32g0xx_hal_dma_ex.c ****       {
 296:Drivers/STM32G0xx_HAL_Driver/Src/stm32g0xx_hal_dma_ex.c ****         /* Transfer error callback */
 297:Drivers/STM32G0xx_HAL_Driver/Src/stm32g0xx_hal_dma_ex.c ****         hdma->XferErrorCallback(hdma);
 484              		.loc 1 297 9 is_stmt 1 view .LVU157
 485 005e 2000     		movs	r0, r4
 486 0060 9847     		blx	r3
 487              	.LVL36:
 488              	.L23:
 298:Drivers/STM32G0xx_HAL_Driver/Src/stm32g0xx_hal_dma_ex.c ****       }
 299:Drivers/STM32G0xx_HAL_Driver/Src/stm32g0xx_hal_dma_ex.c ****     }
 300:Drivers/STM32G0xx_HAL_Driver/Src/stm32g0xx_hal_dma_ex.c ****   }
 301:Drivers/STM32G0xx_HAL_Driver/Src/stm32g0xx_hal_dma_ex.c **** }
 489              		.loc 1 301 1 is_stmt 0 view .LVU158
 490              		@ sp needed
 491              	.LVL37:
 492              		.loc 1 301 1 view .LVU159
 493 0062 10BD     		pop	{r4, pc}
 494              	.L27:
 495              		.align	2
 496              	.L26:
 497 0064 FFFEFFFF 		.word	-257
 498              		.cfi_endproc
 499              	.LFE497:
 501              		.text
 502              	.Letext0:
 503              		.file 2 "C:/Users/sante/AppData/Roaming/Code/User/globalStorage/bmd.stm32-for-vscode/@xpack-dev-to
 504              		.file 3 "C:/Users/sante/AppData/Roaming/Code/User/globalStorage/bmd.stm32-for-vscode/@xpack-dev-to
 505              		.file 4 "Drivers/CMSIS/Device/ST/STM32G0xx/Include/stm32g0b1xx.h"
 506              		.file 5 "Drivers/CMSIS/Device/ST/STM32G0xx/Include/stm32g0xx.h"
 507              		.file 6 "Drivers/STM32G0xx_HAL_Driver/Inc/stm32g0xx_hal_def.h"
 508              		.file 7 "Drivers/STM32G0xx_HAL_Driver/Inc/stm32g0xx_hal_dma.h"
 509              		.file 8 "Drivers/STM32G0xx_HAL_Driver/Inc/stm32g0xx_hal_dma_ex.h"
 510              		.file 9 "Drivers/STM32G0xx_HAL_Driver/Inc/stm32g0xx_ll_dma.h"
ARM GAS  C:\Users\sante\AppData\Local\Temp\cc6OZohg.s 			page 16


DEFINED SYMBOLS
                            *ABS*:00000000 stm32g0xx_hal_dma_ex.c
C:\Users\sante\AppData\Local\Temp\cc6OZohg.s:19     .text.HAL_DMAEx_ConfigMuxSync:00000000 $t
C:\Users\sante\AppData\Local\Temp\cc6OZohg.s:25     .text.HAL_DMAEx_ConfigMuxSync:00000000 HAL_DMAEx_ConfigMuxSync
C:\Users\sante\AppData\Local\Temp\cc6OZohg.s:119    .text.HAL_DMAEx_ConfigMuxRequestGenerator:00000000 $t
C:\Users\sante\AppData\Local\Temp\cc6OZohg.s:125    .text.HAL_DMAEx_ConfigMuxRequestGenerator:00000000 HAL_DMAEx_ConfigMuxRequestGenerator
C:\Users\sante\AppData\Local\Temp\cc6OZohg.s:252    .text.HAL_DMAEx_EnableMuxRequestGenerator:00000000 $t
C:\Users\sante\AppData\Local\Temp\cc6OZohg.s:258    .text.HAL_DMAEx_EnableMuxRequestGenerator:00000000 HAL_DMAEx_EnableMuxRequestGenerator
C:\Users\sante\AppData\Local\Temp\cc6OZohg.s:313    .text.HAL_DMAEx_DisableMuxRequestGenerator:00000000 $t
C:\Users\sante\AppData\Local\Temp\cc6OZohg.s:319    .text.HAL_DMAEx_DisableMuxRequestGenerator:00000000 HAL_DMAEx_DisableMuxRequestGenerator
C:\Users\sante\AppData\Local\Temp\cc6OZohg.s:372    .text.HAL_DMAEx_DisableMuxRequestGenerator:00000024 $d
C:\Users\sante\AppData\Local\Temp\cc6OZohg.s:377    .text.HAL_DMAEx_MUX_IRQHandler:00000000 $t
C:\Users\sante\AppData\Local\Temp\cc6OZohg.s:383    .text.HAL_DMAEx_MUX_IRQHandler:00000000 HAL_DMAEx_MUX_IRQHandler
C:\Users\sante\AppData\Local\Temp\cc6OZohg.s:497    .text.HAL_DMAEx_MUX_IRQHandler:00000064 $d

NO UNDEFINED SYMBOLS
