ARM GAS  C:\Users\sante\AppData\Local\Temp\ccrdisCD.s 			page 1


   1              		.cpu cortex-m0plus
   2              		.arch armv6s-m
   3              		.fpu softvfp
   4              		.eabi_attribute 20, 1
   5              		.eabi_attribute 21, 1
   6              		.eabi_attribute 23, 3
   7              		.eabi_attribute 24, 1
   8              		.eabi_attribute 25, 1
   9              		.eabi_attribute 26, 1
  10              		.eabi_attribute 30, 1
  11              		.eabi_attribute 34, 0
  12              		.eabi_attribute 18, 4
  13              		.file	"stm32g0xx_hal_pwr.c"
  14              		.text
  15              	.Ltext0:
  16              		.cfi_sections	.debug_frame
  17              		.file 1 "Drivers/STM32G0xx_HAL_Driver/Src/stm32g0xx_hal_pwr.c"
  18              		.section	.text.HAL_PWR_DeInit,"ax",%progbits
  19              		.align	1
  20              		.global	HAL_PWR_DeInit
  21              		.syntax unified
  22              		.code	16
  23              		.thumb_func
  25              	HAL_PWR_DeInit:
  26              	.LFB493:
   1:Drivers/STM32G0xx_HAL_Driver/Src/stm32g0xx_hal_pwr.c **** /**
   2:Drivers/STM32G0xx_HAL_Driver/Src/stm32g0xx_hal_pwr.c ****   ******************************************************************************
   3:Drivers/STM32G0xx_HAL_Driver/Src/stm32g0xx_hal_pwr.c ****   * @file    stm32g0xx_hal_pwr.c
   4:Drivers/STM32G0xx_HAL_Driver/Src/stm32g0xx_hal_pwr.c ****   * @author  MCD Application Team
   5:Drivers/STM32G0xx_HAL_Driver/Src/stm32g0xx_hal_pwr.c ****   * @brief   PWR HAL module driver.
   6:Drivers/STM32G0xx_HAL_Driver/Src/stm32g0xx_hal_pwr.c ****   *          This file provides firmware functions to manage the following
   7:Drivers/STM32G0xx_HAL_Driver/Src/stm32g0xx_hal_pwr.c ****   *          functionalities of the Power Controller (PWR) peripheral:
   8:Drivers/STM32G0xx_HAL_Driver/Src/stm32g0xx_hal_pwr.c ****   *           + Initialization/de-initialization functions
   9:Drivers/STM32G0xx_HAL_Driver/Src/stm32g0xx_hal_pwr.c ****   *           + Peripheral Control functions
  10:Drivers/STM32G0xx_HAL_Driver/Src/stm32g0xx_hal_pwr.c ****   *
  11:Drivers/STM32G0xx_HAL_Driver/Src/stm32g0xx_hal_pwr.c ****   ******************************************************************************
  12:Drivers/STM32G0xx_HAL_Driver/Src/stm32g0xx_hal_pwr.c ****   * @attention
  13:Drivers/STM32G0xx_HAL_Driver/Src/stm32g0xx_hal_pwr.c ****   *
  14:Drivers/STM32G0xx_HAL_Driver/Src/stm32g0xx_hal_pwr.c ****   * Copyright (c) 2018 STMicroelectronics.
  15:Drivers/STM32G0xx_HAL_Driver/Src/stm32g0xx_hal_pwr.c ****   * All rights reserved.
  16:Drivers/STM32G0xx_HAL_Driver/Src/stm32g0xx_hal_pwr.c ****   *
  17:Drivers/STM32G0xx_HAL_Driver/Src/stm32g0xx_hal_pwr.c ****   * This software is licensed under terms that can be found in the LICENSE file
  18:Drivers/STM32G0xx_HAL_Driver/Src/stm32g0xx_hal_pwr.c ****   * in the root directory of this software component.
  19:Drivers/STM32G0xx_HAL_Driver/Src/stm32g0xx_hal_pwr.c ****   * If no LICENSE file comes with this software, it is provided AS-IS.
  20:Drivers/STM32G0xx_HAL_Driver/Src/stm32g0xx_hal_pwr.c ****   *
  21:Drivers/STM32G0xx_HAL_Driver/Src/stm32g0xx_hal_pwr.c ****   ******************************************************************************
  22:Drivers/STM32G0xx_HAL_Driver/Src/stm32g0xx_hal_pwr.c ****   */
  23:Drivers/STM32G0xx_HAL_Driver/Src/stm32g0xx_hal_pwr.c **** 
  24:Drivers/STM32G0xx_HAL_Driver/Src/stm32g0xx_hal_pwr.c **** /* Includes ------------------------------------------------------------------*/
  25:Drivers/STM32G0xx_HAL_Driver/Src/stm32g0xx_hal_pwr.c **** #include "stm32g0xx_hal.h"
  26:Drivers/STM32G0xx_HAL_Driver/Src/stm32g0xx_hal_pwr.c **** 
  27:Drivers/STM32G0xx_HAL_Driver/Src/stm32g0xx_hal_pwr.c **** /** @addtogroup STM32G0xx_HAL_Driver
  28:Drivers/STM32G0xx_HAL_Driver/Src/stm32g0xx_hal_pwr.c ****   * @{
  29:Drivers/STM32G0xx_HAL_Driver/Src/stm32g0xx_hal_pwr.c ****   */
  30:Drivers/STM32G0xx_HAL_Driver/Src/stm32g0xx_hal_pwr.c **** 
  31:Drivers/STM32G0xx_HAL_Driver/Src/stm32g0xx_hal_pwr.c **** /** @addtogroup PWR
  32:Drivers/STM32G0xx_HAL_Driver/Src/stm32g0xx_hal_pwr.c ****   * @{
ARM GAS  C:\Users\sante\AppData\Local\Temp\ccrdisCD.s 			page 2


  33:Drivers/STM32G0xx_HAL_Driver/Src/stm32g0xx_hal_pwr.c ****   */
  34:Drivers/STM32G0xx_HAL_Driver/Src/stm32g0xx_hal_pwr.c **** 
  35:Drivers/STM32G0xx_HAL_Driver/Src/stm32g0xx_hal_pwr.c **** #ifdef HAL_PWR_MODULE_ENABLED
  36:Drivers/STM32G0xx_HAL_Driver/Src/stm32g0xx_hal_pwr.c **** 
  37:Drivers/STM32G0xx_HAL_Driver/Src/stm32g0xx_hal_pwr.c **** /* Private typedef -----------------------------------------------------------*/
  38:Drivers/STM32G0xx_HAL_Driver/Src/stm32g0xx_hal_pwr.c **** /* Private define ------------------------------------------------------------*/
  39:Drivers/STM32G0xx_HAL_Driver/Src/stm32g0xx_hal_pwr.c **** /** @defgroup PWR_Private_Defines PWR Private Defines
  40:Drivers/STM32G0xx_HAL_Driver/Src/stm32g0xx_hal_pwr.c ****   * @{
  41:Drivers/STM32G0xx_HAL_Driver/Src/stm32g0xx_hal_pwr.c ****   */
  42:Drivers/STM32G0xx_HAL_Driver/Src/stm32g0xx_hal_pwr.c **** 
  43:Drivers/STM32G0xx_HAL_Driver/Src/stm32g0xx_hal_pwr.c **** /**
  44:Drivers/STM32G0xx_HAL_Driver/Src/stm32g0xx_hal_pwr.c ****   * @}
  45:Drivers/STM32G0xx_HAL_Driver/Src/stm32g0xx_hal_pwr.c ****   */
  46:Drivers/STM32G0xx_HAL_Driver/Src/stm32g0xx_hal_pwr.c **** 
  47:Drivers/STM32G0xx_HAL_Driver/Src/stm32g0xx_hal_pwr.c **** /* Private macro -------------------------------------------------------------*/
  48:Drivers/STM32G0xx_HAL_Driver/Src/stm32g0xx_hal_pwr.c **** /* Private variables ---------------------------------------------------------*/
  49:Drivers/STM32G0xx_HAL_Driver/Src/stm32g0xx_hal_pwr.c **** /* Private function prototypes -----------------------------------------------*/
  50:Drivers/STM32G0xx_HAL_Driver/Src/stm32g0xx_hal_pwr.c **** /* Exported functions --------------------------------------------------------*/
  51:Drivers/STM32G0xx_HAL_Driver/Src/stm32g0xx_hal_pwr.c **** /** @addtogroup PWR_Exported_Functions  PWR Exported Functions
  52:Drivers/STM32G0xx_HAL_Driver/Src/stm32g0xx_hal_pwr.c ****   * @{
  53:Drivers/STM32G0xx_HAL_Driver/Src/stm32g0xx_hal_pwr.c ****   */
  54:Drivers/STM32G0xx_HAL_Driver/Src/stm32g0xx_hal_pwr.c **** 
  55:Drivers/STM32G0xx_HAL_Driver/Src/stm32g0xx_hal_pwr.c **** /** @addtogroup PWR_Exported_Functions_Group1  Initialization and de-initialization functions
  56:Drivers/STM32G0xx_HAL_Driver/Src/stm32g0xx_hal_pwr.c ****   * @brief  Initialization and de-initialization functions
  57:Drivers/STM32G0xx_HAL_Driver/Src/stm32g0xx_hal_pwr.c ****   *
  58:Drivers/STM32G0xx_HAL_Driver/Src/stm32g0xx_hal_pwr.c **** @verbatim
  59:Drivers/STM32G0xx_HAL_Driver/Src/stm32g0xx_hal_pwr.c ****  ===============================================================================
  60:Drivers/STM32G0xx_HAL_Driver/Src/stm32g0xx_hal_pwr.c ****               ##### Initialization and de-initialization functions #####
  61:Drivers/STM32G0xx_HAL_Driver/Src/stm32g0xx_hal_pwr.c ****  ===============================================================================
  62:Drivers/STM32G0xx_HAL_Driver/Src/stm32g0xx_hal_pwr.c ****     [..]
  63:Drivers/STM32G0xx_HAL_Driver/Src/stm32g0xx_hal_pwr.c **** 
  64:Drivers/STM32G0xx_HAL_Driver/Src/stm32g0xx_hal_pwr.c **** @endverbatim
  65:Drivers/STM32G0xx_HAL_Driver/Src/stm32g0xx_hal_pwr.c ****   * @{
  66:Drivers/STM32G0xx_HAL_Driver/Src/stm32g0xx_hal_pwr.c ****   */
  67:Drivers/STM32G0xx_HAL_Driver/Src/stm32g0xx_hal_pwr.c **** 
  68:Drivers/STM32G0xx_HAL_Driver/Src/stm32g0xx_hal_pwr.c **** /**
  69:Drivers/STM32G0xx_HAL_Driver/Src/stm32g0xx_hal_pwr.c ****   * @brief  Deinitialize the HAL PWR peripheral registers to their default reset
  70:Drivers/STM32G0xx_HAL_Driver/Src/stm32g0xx_hal_pwr.c ****             values.
  71:Drivers/STM32G0xx_HAL_Driver/Src/stm32g0xx_hal_pwr.c ****   * @retval None
  72:Drivers/STM32G0xx_HAL_Driver/Src/stm32g0xx_hal_pwr.c ****   */
  73:Drivers/STM32G0xx_HAL_Driver/Src/stm32g0xx_hal_pwr.c **** void HAL_PWR_DeInit(void)
  74:Drivers/STM32G0xx_HAL_Driver/Src/stm32g0xx_hal_pwr.c **** {
  27              		.loc 1 74 1 view -0
  28              		.cfi_startproc
  29              		@ args = 0, pretend = 0, frame = 0
  30              		@ frame_needed = 0, uses_anonymous_args = 0
  31              		@ link register save eliminated.
  75:Drivers/STM32G0xx_HAL_Driver/Src/stm32g0xx_hal_pwr.c ****   __HAL_RCC_PWR_FORCE_RESET();
  32              		.loc 1 75 3 view .LVU1
  33 0000 054B     		ldr	r3, .L2
  34 0002 D96A     		ldr	r1, [r3, #44]
  35 0004 8022     		movs	r2, #128
  36 0006 5205     		lsls	r2, r2, #21
  37 0008 0A43     		orrs	r2, r1
  38 000a DA62     		str	r2, [r3, #44]
  76:Drivers/STM32G0xx_HAL_Driver/Src/stm32g0xx_hal_pwr.c ****   __HAL_RCC_PWR_RELEASE_RESET();
  39              		.loc 1 76 3 view .LVU2
ARM GAS  C:\Users\sante\AppData\Local\Temp\ccrdisCD.s 			page 3


  40 000c DA6A     		ldr	r2, [r3, #44]
  41 000e 0349     		ldr	r1, .L2+4
  42 0010 0A40     		ands	r2, r1
  43 0012 DA62     		str	r2, [r3, #44]
  77:Drivers/STM32G0xx_HAL_Driver/Src/stm32g0xx_hal_pwr.c **** }
  44              		.loc 1 77 1 is_stmt 0 view .LVU3
  45              		@ sp needed
  46 0014 7047     		bx	lr
  47              	.L3:
  48 0016 C046     		.align	2
  49              	.L2:
  50 0018 00100240 		.word	1073876992
  51 001c FFFFFFEF 		.word	-268435457
  52              		.cfi_endproc
  53              	.LFE493:
  55              		.section	.text.HAL_PWR_EnableBkUpAccess,"ax",%progbits
  56              		.align	1
  57              		.global	HAL_PWR_EnableBkUpAccess
  58              		.syntax unified
  59              		.code	16
  60              		.thumb_func
  62              	HAL_PWR_EnableBkUpAccess:
  63              	.LFB494:
  78:Drivers/STM32G0xx_HAL_Driver/Src/stm32g0xx_hal_pwr.c **** 
  79:Drivers/STM32G0xx_HAL_Driver/Src/stm32g0xx_hal_pwr.c **** /**
  80:Drivers/STM32G0xx_HAL_Driver/Src/stm32g0xx_hal_pwr.c ****   * @}
  81:Drivers/STM32G0xx_HAL_Driver/Src/stm32g0xx_hal_pwr.c ****   */
  82:Drivers/STM32G0xx_HAL_Driver/Src/stm32g0xx_hal_pwr.c **** 
  83:Drivers/STM32G0xx_HAL_Driver/Src/stm32g0xx_hal_pwr.c **** /** @addtogroup PWR_Exported_Functions_Group2  Peripheral Control functions
  84:Drivers/STM32G0xx_HAL_Driver/Src/stm32g0xx_hal_pwr.c ****   *  @brief Low Power modes configuration functions
  85:Drivers/STM32G0xx_HAL_Driver/Src/stm32g0xx_hal_pwr.c ****   *
  86:Drivers/STM32G0xx_HAL_Driver/Src/stm32g0xx_hal_pwr.c **** @verbatim
  87:Drivers/STM32G0xx_HAL_Driver/Src/stm32g0xx_hal_pwr.c **** 
  88:Drivers/STM32G0xx_HAL_Driver/Src/stm32g0xx_hal_pwr.c ****  ===============================================================================
  89:Drivers/STM32G0xx_HAL_Driver/Src/stm32g0xx_hal_pwr.c ****                  ##### Peripheral Control functions #####
  90:Drivers/STM32G0xx_HAL_Driver/Src/stm32g0xx_hal_pwr.c ****  ===============================================================================
  91:Drivers/STM32G0xx_HAL_Driver/Src/stm32g0xx_hal_pwr.c **** 
  92:Drivers/STM32G0xx_HAL_Driver/Src/stm32g0xx_hal_pwr.c ****     [..]
  93:Drivers/STM32G0xx_HAL_Driver/Src/stm32g0xx_hal_pwr.c ****     *** WakeUp pin configuration ***
  94:Drivers/STM32G0xx_HAL_Driver/Src/stm32g0xx_hal_pwr.c ****     ================================
  95:Drivers/STM32G0xx_HAL_Driver/Src/stm32g0xx_hal_pwr.c ****     [..]
  96:Drivers/STM32G0xx_HAL_Driver/Src/stm32g0xx_hal_pwr.c ****       (+) WakeUp pins are used to wakeup the system from Standby mode or
  97:Drivers/STM32G0xx_HAL_Driver/Src/stm32g0xx_hal_pwr.c ****           Shutdown mode. WakeUp pins polarity can be set to configure event
  98:Drivers/STM32G0xx_HAL_Driver/Src/stm32g0xx_hal_pwr.c ****           detection on high level (rising edge) or low level (falling edge).
  99:Drivers/STM32G0xx_HAL_Driver/Src/stm32g0xx_hal_pwr.c **** 
 100:Drivers/STM32G0xx_HAL_Driver/Src/stm32g0xx_hal_pwr.c ****     *** Low Power mode configuration ***
 101:Drivers/STM32G0xx_HAL_Driver/Src/stm32g0xx_hal_pwr.c ****     =====================================
 102:Drivers/STM32G0xx_HAL_Driver/Src/stm32g0xx_hal_pwr.c ****     [..]
 103:Drivers/STM32G0xx_HAL_Driver/Src/stm32g0xx_hal_pwr.c ****       The devices feature 7 low-power modes:
 104:Drivers/STM32G0xx_HAL_Driver/Src/stm32g0xx_hal_pwr.c ****       (+) Low-power run mode: core and peripherals are running at low frequency.
 105:Drivers/STM32G0xx_HAL_Driver/Src/stm32g0xx_hal_pwr.c ****           Regulator is in low power mode.
 106:Drivers/STM32G0xx_HAL_Driver/Src/stm32g0xx_hal_pwr.c ****       (+) Sleep mode: Cortex-M0+ core stopped, peripherals kept running,
 107:Drivers/STM32G0xx_HAL_Driver/Src/stm32g0xx_hal_pwr.c ****           regulator is main mode.
 108:Drivers/STM32G0xx_HAL_Driver/Src/stm32g0xx_hal_pwr.c ****       (+) Low-power Sleep mode: Cortex-M0+ core stopped, peripherals kept running
 109:Drivers/STM32G0xx_HAL_Driver/Src/stm32g0xx_hal_pwr.c ****           and regulator in low power mode.
 110:Drivers/STM32G0xx_HAL_Driver/Src/stm32g0xx_hal_pwr.c ****       (+) Stop 0 mode: all clocks are stopped except LSI and LSE, regulator is
 111:Drivers/STM32G0xx_HAL_Driver/Src/stm32g0xx_hal_pwr.c ****            main mode.
ARM GAS  C:\Users\sante\AppData\Local\Temp\ccrdisCD.s 			page 4


 112:Drivers/STM32G0xx_HAL_Driver/Src/stm32g0xx_hal_pwr.c ****       (+) Stop 1 mode: all clocks are stopped except LSI and LSE, main regulator
 113:Drivers/STM32G0xx_HAL_Driver/Src/stm32g0xx_hal_pwr.c ****           off, low power regulator on.
 114:Drivers/STM32G0xx_HAL_Driver/Src/stm32g0xx_hal_pwr.c ****       (+) Standby mode: all clocks are stopped except LSI and LSE, regulator is
 115:Drivers/STM32G0xx_HAL_Driver/Src/stm32g0xx_hal_pwr.c ****           disable.
 116:Drivers/STM32G0xx_HAL_Driver/Src/stm32g0xx_hal_pwr.c ****       (+) Shutdown mode: all clocks are stopped except LSE, regulator is
 117:Drivers/STM32G0xx_HAL_Driver/Src/stm32g0xx_hal_pwr.c ****           disable.
 118:Drivers/STM32G0xx_HAL_Driver/Src/stm32g0xx_hal_pwr.c **** 
 119:Drivers/STM32G0xx_HAL_Driver/Src/stm32g0xx_hal_pwr.c ****    *** Low-power run mode ***
 120:Drivers/STM32G0xx_HAL_Driver/Src/stm32g0xx_hal_pwr.c ****    ==========================
 121:Drivers/STM32G0xx_HAL_Driver/Src/stm32g0xx_hal_pwr.c ****     [..]
 122:Drivers/STM32G0xx_HAL_Driver/Src/stm32g0xx_hal_pwr.c ****       (+) Entry: (from main run mode)
 123:Drivers/STM32G0xx_HAL_Driver/Src/stm32g0xx_hal_pwr.c ****           (++) set LPR bit with HAL_PWREx_EnableLowPowerRunMode() API after
 124:Drivers/STM32G0xx_HAL_Driver/Src/stm32g0xx_hal_pwr.c ****                having decreased the system clock below 2 MHz.
 125:Drivers/STM32G0xx_HAL_Driver/Src/stm32g0xx_hal_pwr.c ****       (+) Exit:
 126:Drivers/STM32G0xx_HAL_Driver/Src/stm32g0xx_hal_pwr.c ****           (++) clear LPR bit then wait for REGLPF bit to be reset with
 127:Drivers/STM32G0xx_HAL_Driver/Src/stm32g0xx_hal_pwr.c ****                HAL_PWREx_DisableLowPowerRunMode() API. Only then can the
 128:Drivers/STM32G0xx_HAL_Driver/Src/stm32g0xx_hal_pwr.c ****                system clock frequency be increased above 2 MHz.
 129:Drivers/STM32G0xx_HAL_Driver/Src/stm32g0xx_hal_pwr.c **** 
 130:Drivers/STM32G0xx_HAL_Driver/Src/stm32g0xx_hal_pwr.c ****    *** Sleep mode / Low-power sleep mode ***
 131:Drivers/STM32G0xx_HAL_Driver/Src/stm32g0xx_hal_pwr.c ****    =========================================
 132:Drivers/STM32G0xx_HAL_Driver/Src/stm32g0xx_hal_pwr.c ****     [..]
 133:Drivers/STM32G0xx_HAL_Driver/Src/stm32g0xx_hal_pwr.c ****       (+) Entry:
 134:Drivers/STM32G0xx_HAL_Driver/Src/stm32g0xx_hal_pwr.c ****           The Sleep & Low-power Sleep modes are entered through
 135:Drivers/STM32G0xx_HAL_Driver/Src/stm32g0xx_hal_pwr.c ****           HAL_PWR_EnterSLEEPMode() API specifying whether or not the regulator
 136:Drivers/STM32G0xx_HAL_Driver/Src/stm32g0xx_hal_pwr.c ****           is forced to low-power mode and if exit is interrupt or event
 137:Drivers/STM32G0xx_HAL_Driver/Src/stm32g0xx_hal_pwr.c ****           triggered.
 138:Drivers/STM32G0xx_HAL_Driver/Src/stm32g0xx_hal_pwr.c ****           (++) PWR_MAINREGULATOR_ON: Sleep mode (regulator in main mode).
 139:Drivers/STM32G0xx_HAL_Driver/Src/stm32g0xx_hal_pwr.c ****           (++) PWR_LOWPOWERREGULATOR_ON: Low-power Sleep mode (regulator in low
 140:Drivers/STM32G0xx_HAL_Driver/Src/stm32g0xx_hal_pwr.c ****                power mode). In this case, the system clock frequency must have
 141:Drivers/STM32G0xx_HAL_Driver/Src/stm32g0xx_hal_pwr.c ****                been decreased below 2 MHz beforehand.
 142:Drivers/STM32G0xx_HAL_Driver/Src/stm32g0xx_hal_pwr.c ****           (++) PWR_SLEEPENTRY_WFI: Core enters sleep mode with WFI instruction
 143:Drivers/STM32G0xx_HAL_Driver/Src/stm32g0xx_hal_pwr.c ****           (++) PWR_SLEEPENTRY_WFE: Core enters sleep mode with WFE instruction
 144:Drivers/STM32G0xx_HAL_Driver/Src/stm32g0xx_hal_pwr.c ****       (+) WFI Exit:
 145:Drivers/STM32G0xx_HAL_Driver/Src/stm32g0xx_hal_pwr.c ****         (++) Any interrupt enabled in nested vectored interrupt controller (NVIC)
 146:Drivers/STM32G0xx_HAL_Driver/Src/stm32g0xx_hal_pwr.c ****       (+) WFE Exit:
 147:Drivers/STM32G0xx_HAL_Driver/Src/stm32g0xx_hal_pwr.c ****         (++) Any wakeup event if cortex is configured with SEVONPEND = 0
 148:Drivers/STM32G0xx_HAL_Driver/Src/stm32g0xx_hal_pwr.c ****         (++) Interrupt even when disabled in NVIC if cortex is configured with
 149:Drivers/STM32G0xx_HAL_Driver/Src/stm32g0xx_hal_pwr.c ****              SEVONPEND = 1
 150:Drivers/STM32G0xx_HAL_Driver/Src/stm32g0xx_hal_pwr.c ****     [..]  When exiting the Low-power Sleep mode by issuing an interrupt or a wakeup event,
 151:Drivers/STM32G0xx_HAL_Driver/Src/stm32g0xx_hal_pwr.c ****           the MCU is in Low-power Run mode.
 152:Drivers/STM32G0xx_HAL_Driver/Src/stm32g0xx_hal_pwr.c **** 
 153:Drivers/STM32G0xx_HAL_Driver/Src/stm32g0xx_hal_pwr.c ****    *** Stop 0 & Stop 1 modes ***
 154:Drivers/STM32G0xx_HAL_Driver/Src/stm32g0xx_hal_pwr.c ****    =============================
 155:Drivers/STM32G0xx_HAL_Driver/Src/stm32g0xx_hal_pwr.c ****     [..]
 156:Drivers/STM32G0xx_HAL_Driver/Src/stm32g0xx_hal_pwr.c ****       (+) Entry:
 157:Drivers/STM32G0xx_HAL_Driver/Src/stm32g0xx_hal_pwr.c ****           The Stop modes are entered through the following APIs:
 158:Drivers/STM32G0xx_HAL_Driver/Src/stm32g0xx_hal_pwr.c ****           (++) HAL_PWR_EnterSTOPMode() with following settings:
 159:Drivers/STM32G0xx_HAL_Driver/Src/stm32g0xx_hal_pwr.c ****               (+++) PWR_MAINREGULATOR_ON to enter STOP0 mode.
 160:Drivers/STM32G0xx_HAL_Driver/Src/stm32g0xx_hal_pwr.c ****               (+++) PWR_LOWPOWERREGULATOR_ON to enter STOP1 mode.
 161:Drivers/STM32G0xx_HAL_Driver/Src/stm32g0xx_hal_pwr.c ****       (+) Exit (interrupt or event-triggered, specified when entering STOP mode):
 162:Drivers/STM32G0xx_HAL_Driver/Src/stm32g0xx_hal_pwr.c ****           (++) PWR_STOPENTRY_WFI: enter Stop mode with WFI instruction
 163:Drivers/STM32G0xx_HAL_Driver/Src/stm32g0xx_hal_pwr.c ****           (++) PWR_STOPENTRY_WFE: enter Stop mode with WFE instruction
 164:Drivers/STM32G0xx_HAL_Driver/Src/stm32g0xx_hal_pwr.c ****       (+) WFI Exit:
 165:Drivers/STM32G0xx_HAL_Driver/Src/stm32g0xx_hal_pwr.c ****           (++) Any EXTI line (internal or external) configured in interrupt mode
 166:Drivers/STM32G0xx_HAL_Driver/Src/stm32g0xx_hal_pwr.c ****                with corresponding interrupt enable in NVIC
 167:Drivers/STM32G0xx_HAL_Driver/Src/stm32g0xx_hal_pwr.c ****       (+) WFE Exit:
 168:Drivers/STM32G0xx_HAL_Driver/Src/stm32g0xx_hal_pwr.c ****           (++) Any EXTI line (internal or external) configured in event mode if
ARM GAS  C:\Users\sante\AppData\Local\Temp\ccrdisCD.s 			page 5


 169:Drivers/STM32G0xx_HAL_Driver/Src/stm32g0xx_hal_pwr.c ****                cortex is configured with SEVONPEND = 0
 170:Drivers/STM32G0xx_HAL_Driver/Src/stm32g0xx_hal_pwr.c ****           (++) Any EXTI line configured in interrupt mode (even if the
 171:Drivers/STM32G0xx_HAL_Driver/Src/stm32g0xx_hal_pwr.c ****                corresponding EXTI Interrupt vector is disabled in the NVIC) if
 172:Drivers/STM32G0xx_HAL_Driver/Src/stm32g0xx_hal_pwr.c ****                cortex is configured with SEVONPEND = 0. The interrupt source can
 173:Drivers/STM32G0xx_HAL_Driver/Src/stm32g0xx_hal_pwr.c ****                be external interrupts or peripherals with wakeup capability.
 174:Drivers/STM32G0xx_HAL_Driver/Src/stm32g0xx_hal_pwr.c ****     [..]  When exiting Stop, the MCU is either in Run mode or in Low-power Run mode
 175:Drivers/STM32G0xx_HAL_Driver/Src/stm32g0xx_hal_pwr.c ****           depending on the LPR bit setting.
 176:Drivers/STM32G0xx_HAL_Driver/Src/stm32g0xx_hal_pwr.c **** 
 177:Drivers/STM32G0xx_HAL_Driver/Src/stm32g0xx_hal_pwr.c ****    *** Standby mode ***
 178:Drivers/STM32G0xx_HAL_Driver/Src/stm32g0xx_hal_pwr.c ****    ====================
 179:Drivers/STM32G0xx_HAL_Driver/Src/stm32g0xx_hal_pwr.c ****     [..] In Standby mode, it is possible to keep backup SRAM content (defined as
 180:Drivers/STM32G0xx_HAL_Driver/Src/stm32g0xx_hal_pwr.c ****          full SRAM) keeping low power regulator on. This is achievable by setting
 181:Drivers/STM32G0xx_HAL_Driver/Src/stm32g0xx_hal_pwr.c ****          Ram retention bit calling HAL_PWREx_EnableSRAMRetention API. This increases
 182:Drivers/STM32G0xx_HAL_Driver/Src/stm32g0xx_hal_pwr.c ****          power consumption.
 183:Drivers/STM32G0xx_HAL_Driver/Src/stm32g0xx_hal_pwr.c ****          Its also possible to define I/O states using APIs:
 184:Drivers/STM32G0xx_HAL_Driver/Src/stm32g0xx_hal_pwr.c ****          HAL_PWREx_EnableGPIOPullUp, HAL_PWREx_EnableGPIOPullDown &
 185:Drivers/STM32G0xx_HAL_Driver/Src/stm32g0xx_hal_pwr.c ****          HAL_PWREx_EnablePullUpPullDownConfig
 186:Drivers/STM32G0xx_HAL_Driver/Src/stm32g0xx_hal_pwr.c ****       (+) Entry:
 187:Drivers/STM32G0xx_HAL_Driver/Src/stm32g0xx_hal_pwr.c ****           (++) The Standby mode is entered through HAL_PWR_EnterSTANDBYMode() API, by
 188:Drivers/STM32G0xx_HAL_Driver/Src/stm32g0xx_hal_pwr.c ****                setting SLEEPDEEP in Cortex control register.
 189:Drivers/STM32G0xx_HAL_Driver/Src/stm32g0xx_hal_pwr.c ****       (+) Exit:
 190:Drivers/STM32G0xx_HAL_Driver/Src/stm32g0xx_hal_pwr.c ****           (++) WKUP pin edge detection, RTC event (wakeup, alarm, timestamp),
 191:Drivers/STM32G0xx_HAL_Driver/Src/stm32g0xx_hal_pwr.c ****                tamper event (internal & external), LSE CSS detection, reset on
 192:Drivers/STM32G0xx_HAL_Driver/Src/stm32g0xx_hal_pwr.c ****                NRST pin, IWDG reset & BOR reset.
 193:Drivers/STM32G0xx_HAL_Driver/Src/stm32g0xx_hal_pwr.c ****     [..] Exiting Standby generates a power reset: Cortex is reset and execute
 194:Drivers/STM32G0xx_HAL_Driver/Src/stm32g0xx_hal_pwr.c ****          Reset handler vector, all registers in the Vcore domain are set to
 195:Drivers/STM32G0xx_HAL_Driver/Src/stm32g0xx_hal_pwr.c ****          their reset value. Registers outside the VCORE domain (RTC, WKUP, IWDG,
 196:Drivers/STM32G0xx_HAL_Driver/Src/stm32g0xx_hal_pwr.c ****          and Standby/Shutdown modes control) are not impacted.
 197:Drivers/STM32G0xx_HAL_Driver/Src/stm32g0xx_hal_pwr.c **** 
 198:Drivers/STM32G0xx_HAL_Driver/Src/stm32g0xx_hal_pwr.c ****     *** Shutdown mode ***
 199:Drivers/STM32G0xx_HAL_Driver/Src/stm32g0xx_hal_pwr.c ****    ======================
 200:Drivers/STM32G0xx_HAL_Driver/Src/stm32g0xx_hal_pwr.c ****     [..]
 201:Drivers/STM32G0xx_HAL_Driver/Src/stm32g0xx_hal_pwr.c ****       In Shutdown mode,
 202:Drivers/STM32G0xx_HAL_Driver/Src/stm32g0xx_hal_pwr.c ****         voltage regulator is disabled, all clocks are off except LSE, RRS bit is
 203:Drivers/STM32G0xx_HAL_Driver/Src/stm32g0xx_hal_pwr.c ****         cleared. SRAM and registers contents are lost except for backup domain
 204:Drivers/STM32G0xx_HAL_Driver/Src/stm32g0xx_hal_pwr.c ****         registers.
 205:Drivers/STM32G0xx_HAL_Driver/Src/stm32g0xx_hal_pwr.c ****       (+) Entry:
 206:Drivers/STM32G0xx_HAL_Driver/Src/stm32g0xx_hal_pwr.c ****           (++) The Shutdown mode is entered through HAL_PWREx_EnterSHUTDOWNMode() API,
 207:Drivers/STM32G0xx_HAL_Driver/Src/stm32g0xx_hal_pwr.c ****                by setting SLEEPDEEP in Cortex control register.
 208:Drivers/STM32G0xx_HAL_Driver/Src/stm32g0xx_hal_pwr.c ****       (+) Exit:
 209:Drivers/STM32G0xx_HAL_Driver/Src/stm32g0xx_hal_pwr.c ****           (++) WKUP pin edge detection, RTC event (wakeup, alarm, timestamp),
 210:Drivers/STM32G0xx_HAL_Driver/Src/stm32g0xx_hal_pwr.c ****                tamper event (internal & external), LSE CSS detection, reset on
 211:Drivers/STM32G0xx_HAL_Driver/Src/stm32g0xx_hal_pwr.c ****                NRST pin.
 212:Drivers/STM32G0xx_HAL_Driver/Src/stm32g0xx_hal_pwr.c ****     [..] Exiting Shutdown generates a brown out reset: Cortex is reset and execute
 213:Drivers/STM32G0xx_HAL_Driver/Src/stm32g0xx_hal_pwr.c ****          Reset handler vector, all registers are set to their reset value but ones
 214:Drivers/STM32G0xx_HAL_Driver/Src/stm32g0xx_hal_pwr.c ****          in backup domain.
 215:Drivers/STM32G0xx_HAL_Driver/Src/stm32g0xx_hal_pwr.c **** 
 216:Drivers/STM32G0xx_HAL_Driver/Src/stm32g0xx_hal_pwr.c **** @endverbatim
 217:Drivers/STM32G0xx_HAL_Driver/Src/stm32g0xx_hal_pwr.c ****   * @{
 218:Drivers/STM32G0xx_HAL_Driver/Src/stm32g0xx_hal_pwr.c ****   */
 219:Drivers/STM32G0xx_HAL_Driver/Src/stm32g0xx_hal_pwr.c **** 
 220:Drivers/STM32G0xx_HAL_Driver/Src/stm32g0xx_hal_pwr.c **** /**
 221:Drivers/STM32G0xx_HAL_Driver/Src/stm32g0xx_hal_pwr.c ****   * @brief  Enable access to the backup domain
 222:Drivers/STM32G0xx_HAL_Driver/Src/stm32g0xx_hal_pwr.c ****   *         (RTC & TAMP registers, backup registers, RCC BDCR register).
 223:Drivers/STM32G0xx_HAL_Driver/Src/stm32g0xx_hal_pwr.c ****   * @note   After reset, the backup domain is protected against
 224:Drivers/STM32G0xx_HAL_Driver/Src/stm32g0xx_hal_pwr.c ****   *         possible unwanted write accesses. All RTC & TAMP registers (backup
 225:Drivers/STM32G0xx_HAL_Driver/Src/stm32g0xx_hal_pwr.c ****   *         registers included) and RCC BDCR register are concerned.
ARM GAS  C:\Users\sante\AppData\Local\Temp\ccrdisCD.s 			page 6


 226:Drivers/STM32G0xx_HAL_Driver/Src/stm32g0xx_hal_pwr.c ****   * @retval None
 227:Drivers/STM32G0xx_HAL_Driver/Src/stm32g0xx_hal_pwr.c ****   */
 228:Drivers/STM32G0xx_HAL_Driver/Src/stm32g0xx_hal_pwr.c **** void HAL_PWR_EnableBkUpAccess(void)
 229:Drivers/STM32G0xx_HAL_Driver/Src/stm32g0xx_hal_pwr.c **** {
  64              		.loc 1 229 1 is_stmt 1 view -0
  65              		.cfi_startproc
  66              		@ args = 0, pretend = 0, frame = 0
  67              		@ frame_needed = 0, uses_anonymous_args = 0
  68              		@ link register save eliminated.
 230:Drivers/STM32G0xx_HAL_Driver/Src/stm32g0xx_hal_pwr.c ****   SET_BIT(PWR->CR1, PWR_CR1_DBP);
  69              		.loc 1 230 3 view .LVU5
  70 0000 034A     		ldr	r2, .L5
  71 0002 1168     		ldr	r1, [r2]
  72 0004 8023     		movs	r3, #128
  73 0006 5B00     		lsls	r3, r3, #1
  74 0008 0B43     		orrs	r3, r1
  75 000a 1360     		str	r3, [r2]
 231:Drivers/STM32G0xx_HAL_Driver/Src/stm32g0xx_hal_pwr.c **** }
  76              		.loc 1 231 1 is_stmt 0 view .LVU6
  77              		@ sp needed
  78 000c 7047     		bx	lr
  79              	.L6:
  80 000e C046     		.align	2
  81              	.L5:
  82 0010 00700040 		.word	1073770496
  83              		.cfi_endproc
  84              	.LFE494:
  86              		.section	.text.HAL_PWR_DisableBkUpAccess,"ax",%progbits
  87              		.align	1
  88              		.global	HAL_PWR_DisableBkUpAccess
  89              		.syntax unified
  90              		.code	16
  91              		.thumb_func
  93              	HAL_PWR_DisableBkUpAccess:
  94              	.LFB495:
 232:Drivers/STM32G0xx_HAL_Driver/Src/stm32g0xx_hal_pwr.c **** 
 233:Drivers/STM32G0xx_HAL_Driver/Src/stm32g0xx_hal_pwr.c **** 
 234:Drivers/STM32G0xx_HAL_Driver/Src/stm32g0xx_hal_pwr.c **** /**
 235:Drivers/STM32G0xx_HAL_Driver/Src/stm32g0xx_hal_pwr.c ****   * @brief  Disable access to the backup domain
 236:Drivers/STM32G0xx_HAL_Driver/Src/stm32g0xx_hal_pwr.c ****   * @retval None
 237:Drivers/STM32G0xx_HAL_Driver/Src/stm32g0xx_hal_pwr.c ****   */
 238:Drivers/STM32G0xx_HAL_Driver/Src/stm32g0xx_hal_pwr.c **** void HAL_PWR_DisableBkUpAccess(void)
 239:Drivers/STM32G0xx_HAL_Driver/Src/stm32g0xx_hal_pwr.c **** {
  95              		.loc 1 239 1 is_stmt 1 view -0
  96              		.cfi_startproc
  97              		@ args = 0, pretend = 0, frame = 0
  98              		@ frame_needed = 0, uses_anonymous_args = 0
  99              		@ link register save eliminated.
 240:Drivers/STM32G0xx_HAL_Driver/Src/stm32g0xx_hal_pwr.c ****   CLEAR_BIT(PWR->CR1, PWR_CR1_DBP);
 100              		.loc 1 240 3 view .LVU8
 101 0000 024A     		ldr	r2, .L8
 102 0002 1368     		ldr	r3, [r2]
 103 0004 0249     		ldr	r1, .L8+4
 104 0006 0B40     		ands	r3, r1
 105 0008 1360     		str	r3, [r2]
 241:Drivers/STM32G0xx_HAL_Driver/Src/stm32g0xx_hal_pwr.c **** }
 106              		.loc 1 241 1 is_stmt 0 view .LVU9
ARM GAS  C:\Users\sante\AppData\Local\Temp\ccrdisCD.s 			page 7


 107              		@ sp needed
 108 000a 7047     		bx	lr
 109              	.L9:
 110              		.align	2
 111              	.L8:
 112 000c 00700040 		.word	1073770496
 113 0010 FFFEFFFF 		.word	-257
 114              		.cfi_endproc
 115              	.LFE495:
 117              		.section	.text.HAL_PWR_EnableWakeUpPin,"ax",%progbits
 118              		.align	1
 119              		.global	HAL_PWR_EnableWakeUpPin
 120              		.syntax unified
 121              		.code	16
 122              		.thumb_func
 124              	HAL_PWR_EnableWakeUpPin:
 125              	.LVL0:
 126              	.LFB496:
 242:Drivers/STM32G0xx_HAL_Driver/Src/stm32g0xx_hal_pwr.c **** 
 243:Drivers/STM32G0xx_HAL_Driver/Src/stm32g0xx_hal_pwr.c **** /**
 244:Drivers/STM32G0xx_HAL_Driver/Src/stm32g0xx_hal_pwr.c ****   * @brief  Enable the WakeUp PINx functionality.
 245:Drivers/STM32G0xx_HAL_Driver/Src/stm32g0xx_hal_pwr.c ****   * @param  WakeUpPinPolarity Specifies which Wake-Up pin to enable.
 246:Drivers/STM32G0xx_HAL_Driver/Src/stm32g0xx_hal_pwr.c ****   *         This parameter can be one of the following legacy values which set
 247:Drivers/STM32G0xx_HAL_Driver/Src/stm32g0xx_hal_pwr.c ****   *         the default polarity i.e. detection on high level (rising edge):
 248:Drivers/STM32G0xx_HAL_Driver/Src/stm32g0xx_hal_pwr.c ****   *           @arg @ref PWR_WAKEUP_PIN1, PWR_WAKEUP_PIN2, PWR_WAKEUP_PIN3(*),
 249:Drivers/STM32G0xx_HAL_Driver/Src/stm32g0xx_hal_pwr.c ****   *                     PWR_WAKEUP_PIN4, PWR_WAKEUP_PIN5(*),PWR_WAKEUP_PIN6
 250:Drivers/STM32G0xx_HAL_Driver/Src/stm32g0xx_hal_pwr.c ****   *         or one of the following value where the user can explicitly specify
 251:Drivers/STM32G0xx_HAL_Driver/Src/stm32g0xx_hal_pwr.c ****   *         the enabled pin and the chosen polarity:
 252:Drivers/STM32G0xx_HAL_Driver/Src/stm32g0xx_hal_pwr.c ****   *           @arg @ref PWR_WAKEUP_PIN1_HIGH or PWR_WAKEUP_PIN1_LOW
 253:Drivers/STM32G0xx_HAL_Driver/Src/stm32g0xx_hal_pwr.c ****   *           @arg @ref PWR_WAKEUP_PIN2_HIGH or PWR_WAKEUP_PIN2_LOW
 254:Drivers/STM32G0xx_HAL_Driver/Src/stm32g0xx_hal_pwr.c ****   *           @arg @ref PWR_WAKEUP_PIN3_HIGH or PWR_WAKEUP_PIN3_LOW (*)
 255:Drivers/STM32G0xx_HAL_Driver/Src/stm32g0xx_hal_pwr.c ****   *           @arg @ref PWR_WAKEUP_PIN4_HIGH or PWR_WAKEUP_PIN4_LOW
 256:Drivers/STM32G0xx_HAL_Driver/Src/stm32g0xx_hal_pwr.c ****   *           @arg @ref PWR_WAKEUP_PIN5_HIGH or PWR_WAKEUP_PIN5_LOW (*)
 257:Drivers/STM32G0xx_HAL_Driver/Src/stm32g0xx_hal_pwr.c ****   *           @arg @ref PWR_WAKEUP_PIN6_HIGH or PWR_WAKEUP_PIN6_LOW
 258:Drivers/STM32G0xx_HAL_Driver/Src/stm32g0xx_hal_pwr.c ****   * @note  PWR_WAKEUP_PINx and PWR_WAKEUP_PINx_HIGH are equivalent.
 259:Drivers/STM32G0xx_HAL_Driver/Src/stm32g0xx_hal_pwr.c ****   * @note (*) availability depends on devices
 260:Drivers/STM32G0xx_HAL_Driver/Src/stm32g0xx_hal_pwr.c ****   * @retval None
 261:Drivers/STM32G0xx_HAL_Driver/Src/stm32g0xx_hal_pwr.c ****   */
 262:Drivers/STM32G0xx_HAL_Driver/Src/stm32g0xx_hal_pwr.c **** void HAL_PWR_EnableWakeUpPin(uint32_t WakeUpPinPolarity)
 263:Drivers/STM32G0xx_HAL_Driver/Src/stm32g0xx_hal_pwr.c **** {
 127              		.loc 1 263 1 is_stmt 1 view -0
 128              		.cfi_startproc
 129              		@ args = 0, pretend = 0, frame = 0
 130              		@ frame_needed = 0, uses_anonymous_args = 0
 131              		@ link register save eliminated.
 264:Drivers/STM32G0xx_HAL_Driver/Src/stm32g0xx_hal_pwr.c ****   assert_param(IS_PWR_WAKEUP_PIN(WakeUpPinPolarity));
 132              		.loc 1 264 3 view .LVU11
 265:Drivers/STM32G0xx_HAL_Driver/Src/stm32g0xx_hal_pwr.c **** 
 266:Drivers/STM32G0xx_HAL_Driver/Src/stm32g0xx_hal_pwr.c ****   /* Specifies the Wake-Up pin polarity for the event detection
 267:Drivers/STM32G0xx_HAL_Driver/Src/stm32g0xx_hal_pwr.c ****     (rising or falling edge) */
 268:Drivers/STM32G0xx_HAL_Driver/Src/stm32g0xx_hal_pwr.c ****   MODIFY_REG(PWR->CR4, (PWR_CR4_WP & WakeUpPinPolarity), (WakeUpPinPolarity >> PWR_WUP_POLARITY_SHI
 133              		.loc 1 268 3 view .LVU12
 134 0000 0549     		ldr	r1, .L11
 135 0002 CA68     		ldr	r2, [r1, #12]
 136 0004 3F23     		movs	r3, #63
 137 0006 0340     		ands	r3, r0
 138 0008 9A43     		bics	r2, r3
ARM GAS  C:\Users\sante\AppData\Local\Temp\ccrdisCD.s 			page 8


 139 000a 000A     		lsrs	r0, r0, #8
 140              	.LVL1:
 141              		.loc 1 268 3 is_stmt 0 view .LVU13
 142 000c 0243     		orrs	r2, r0
 143 000e CA60     		str	r2, [r1, #12]
 269:Drivers/STM32G0xx_HAL_Driver/Src/stm32g0xx_hal_pwr.c **** 
 270:Drivers/STM32G0xx_HAL_Driver/Src/stm32g0xx_hal_pwr.c ****   /* Enable wake-up pin */
 271:Drivers/STM32G0xx_HAL_Driver/Src/stm32g0xx_hal_pwr.c ****   SET_BIT(PWR->CR3, (PWR_CR3_EWUP & WakeUpPinPolarity));
 144              		.loc 1 271 3 is_stmt 1 view .LVU14
 145 0010 8A68     		ldr	r2, [r1, #8]
 146 0012 1343     		orrs	r3, r2
 147 0014 8B60     		str	r3, [r1, #8]
 272:Drivers/STM32G0xx_HAL_Driver/Src/stm32g0xx_hal_pwr.c **** }
 148              		.loc 1 272 1 is_stmt 0 view .LVU15
 149              		@ sp needed
 150 0016 7047     		bx	lr
 151              	.L12:
 152              		.align	2
 153              	.L11:
 154 0018 00700040 		.word	1073770496
 155              		.cfi_endproc
 156              	.LFE496:
 158              		.section	.text.HAL_PWR_DisableWakeUpPin,"ax",%progbits
 159              		.align	1
 160              		.global	HAL_PWR_DisableWakeUpPin
 161              		.syntax unified
 162              		.code	16
 163              		.thumb_func
 165              	HAL_PWR_DisableWakeUpPin:
 166              	.LVL2:
 167              	.LFB497:
 273:Drivers/STM32G0xx_HAL_Driver/Src/stm32g0xx_hal_pwr.c **** 
 274:Drivers/STM32G0xx_HAL_Driver/Src/stm32g0xx_hal_pwr.c **** 
 275:Drivers/STM32G0xx_HAL_Driver/Src/stm32g0xx_hal_pwr.c **** /**
 276:Drivers/STM32G0xx_HAL_Driver/Src/stm32g0xx_hal_pwr.c ****   * @brief  Disable the WakeUp PINx functionality.
 277:Drivers/STM32G0xx_HAL_Driver/Src/stm32g0xx_hal_pwr.c ****   * @param  WakeUpPinx Specifies the Power Wake-Up pin to disable.
 278:Drivers/STM32G0xx_HAL_Driver/Src/stm32g0xx_hal_pwr.c ****   *         This parameter can be one of the following values:
 279:Drivers/STM32G0xx_HAL_Driver/Src/stm32g0xx_hal_pwr.c ****   *           @arg @ref PWR_WAKEUP_PIN1, PWR_WAKEUP_PIN2,PWR_WAKEUP_PIN3(*),
 280:Drivers/STM32G0xx_HAL_Driver/Src/stm32g0xx_hal_pwr.c ****   *                     PWR_WAKEUP_PIN4,PWR_WAKEUP_PIN5(*),PWR_WAKEUP_PIN6
 281:Drivers/STM32G0xx_HAL_Driver/Src/stm32g0xx_hal_pwr.c ****   * @note (*) availability depends on devices
 282:Drivers/STM32G0xx_HAL_Driver/Src/stm32g0xx_hal_pwr.c ****   * @retval None
 283:Drivers/STM32G0xx_HAL_Driver/Src/stm32g0xx_hal_pwr.c ****   */
 284:Drivers/STM32G0xx_HAL_Driver/Src/stm32g0xx_hal_pwr.c **** void HAL_PWR_DisableWakeUpPin(uint32_t WakeUpPinx)
 285:Drivers/STM32G0xx_HAL_Driver/Src/stm32g0xx_hal_pwr.c **** {
 168              		.loc 1 285 1 is_stmt 1 view -0
 169              		.cfi_startproc
 170              		@ args = 0, pretend = 0, frame = 0
 171              		@ frame_needed = 0, uses_anonymous_args = 0
 172              		@ link register save eliminated.
 286:Drivers/STM32G0xx_HAL_Driver/Src/stm32g0xx_hal_pwr.c ****   assert_param(IS_PWR_WAKEUP_PIN(WakeUpPinx));
 173              		.loc 1 286 3 view .LVU17
 287:Drivers/STM32G0xx_HAL_Driver/Src/stm32g0xx_hal_pwr.c **** 
 288:Drivers/STM32G0xx_HAL_Driver/Src/stm32g0xx_hal_pwr.c ****   CLEAR_BIT(PWR->CR3, (PWR_CR3_EWUP & WakeUpPinx));
 174              		.loc 1 288 3 view .LVU18
 175 0000 0349     		ldr	r1, .L14
 176 0002 8B68     		ldr	r3, [r1, #8]
 177 0004 3F22     		movs	r2, #63
ARM GAS  C:\Users\sante\AppData\Local\Temp\ccrdisCD.s 			page 9


 178 0006 0240     		ands	r2, r0
 179 0008 9343     		bics	r3, r2
 180 000a 8B60     		str	r3, [r1, #8]
 289:Drivers/STM32G0xx_HAL_Driver/Src/stm32g0xx_hal_pwr.c **** }
 181              		.loc 1 289 1 is_stmt 0 view .LVU19
 182              		@ sp needed
 183 000c 7047     		bx	lr
 184              	.L15:
 185 000e C046     		.align	2
 186              	.L14:
 187 0010 00700040 		.word	1073770496
 188              		.cfi_endproc
 189              	.LFE497:
 191              		.section	.text.HAL_PWR_EnterSLEEPMode,"ax",%progbits
 192              		.align	1
 193              		.global	HAL_PWR_EnterSLEEPMode
 194              		.syntax unified
 195              		.code	16
 196              		.thumb_func
 198              	HAL_PWR_EnterSLEEPMode:
 199              	.LVL3:
 200              	.LFB498:
 290:Drivers/STM32G0xx_HAL_Driver/Src/stm32g0xx_hal_pwr.c **** 
 291:Drivers/STM32G0xx_HAL_Driver/Src/stm32g0xx_hal_pwr.c **** 
 292:Drivers/STM32G0xx_HAL_Driver/Src/stm32g0xx_hal_pwr.c **** /**
 293:Drivers/STM32G0xx_HAL_Driver/Src/stm32g0xx_hal_pwr.c ****   * @brief  Enter Sleep or Low-power Sleep mode.
 294:Drivers/STM32G0xx_HAL_Driver/Src/stm32g0xx_hal_pwr.c ****   * @note   In Sleep/Low-power Sleep mode, all I/O pins keep the same state as
 295:Drivers/STM32G0xx_HAL_Driver/Src/stm32g0xx_hal_pwr.c ****   *         in Run mode.
 296:Drivers/STM32G0xx_HAL_Driver/Src/stm32g0xx_hal_pwr.c ****   * @param  Regulator Specifies the regulator state in Sleep/Low-power Sleep
 297:Drivers/STM32G0xx_HAL_Driver/Src/stm32g0xx_hal_pwr.c ****   *         mode. This parameter can be one of the following values:
 298:Drivers/STM32G0xx_HAL_Driver/Src/stm32g0xx_hal_pwr.c ****   *           @arg @ref PWR_MAINREGULATOR_ON Sleep mode (regulator in main mode)
 299:Drivers/STM32G0xx_HAL_Driver/Src/stm32g0xx_hal_pwr.c ****   *           @arg @ref PWR_LOWPOWERREGULATOR_ON Low-power Sleep mode (regulator
 300:Drivers/STM32G0xx_HAL_Driver/Src/stm32g0xx_hal_pwr.c ****   *                     in low-power mode)
 301:Drivers/STM32G0xx_HAL_Driver/Src/stm32g0xx_hal_pwr.c ****   * @note   Low-power Sleep mode is entered from Low-power Run mode only. In
 302:Drivers/STM32G0xx_HAL_Driver/Src/stm32g0xx_hal_pwr.c ****   *         case Regulator parameter is set to Low Power but MCU is in Run mode,
 303:Drivers/STM32G0xx_HAL_Driver/Src/stm32g0xx_hal_pwr.c ****   *         we will first enter in Low-power Run mode. Therefore, user should
 304:Drivers/STM32G0xx_HAL_Driver/Src/stm32g0xx_hal_pwr.c ****   *         take care that HCLK frequency is less than 2 MHz.
 305:Drivers/STM32G0xx_HAL_Driver/Src/stm32g0xx_hal_pwr.c ****   * @note   When exiting Low-power Sleep mode, the MCU is in Low-power Run mode.
 306:Drivers/STM32G0xx_HAL_Driver/Src/stm32g0xx_hal_pwr.c ****   *         To switch back to Run mode, user must call
 307:Drivers/STM32G0xx_HAL_Driver/Src/stm32g0xx_hal_pwr.c ****   *         HAL_PWREx_DisableLowPowerRunMode() API.
 308:Drivers/STM32G0xx_HAL_Driver/Src/stm32g0xx_hal_pwr.c ****   * @param  SLEEPEntry Specifies if Sleep mode is entered with WFI or WFE
 309:Drivers/STM32G0xx_HAL_Driver/Src/stm32g0xx_hal_pwr.c ****   *         instruction. This parameter can be one of the following values:
 310:Drivers/STM32G0xx_HAL_Driver/Src/stm32g0xx_hal_pwr.c ****   *           @arg @ref PWR_SLEEPENTRY_WFI enter Sleep or Low-power Sleep
 311:Drivers/STM32G0xx_HAL_Driver/Src/stm32g0xx_hal_pwr.c ****   *                     mode with WFI instruction
 312:Drivers/STM32G0xx_HAL_Driver/Src/stm32g0xx_hal_pwr.c ****   *           @arg @ref PWR_SLEEPENTRY_WFE enter Sleep or Low-power Sleep
 313:Drivers/STM32G0xx_HAL_Driver/Src/stm32g0xx_hal_pwr.c ****   *                     mode with WFE instruction
 314:Drivers/STM32G0xx_HAL_Driver/Src/stm32g0xx_hal_pwr.c ****   * @note   When WFI entry is used, tick interrupt have to be disabled if not
 315:Drivers/STM32G0xx_HAL_Driver/Src/stm32g0xx_hal_pwr.c ****   *         desired as the interrupt wake up source.
 316:Drivers/STM32G0xx_HAL_Driver/Src/stm32g0xx_hal_pwr.c ****   * @retval None
 317:Drivers/STM32G0xx_HAL_Driver/Src/stm32g0xx_hal_pwr.c ****   */
 318:Drivers/STM32G0xx_HAL_Driver/Src/stm32g0xx_hal_pwr.c **** void HAL_PWR_EnterSLEEPMode(uint32_t Regulator, uint8_t SLEEPEntry)
 319:Drivers/STM32G0xx_HAL_Driver/Src/stm32g0xx_hal_pwr.c **** {
 201              		.loc 1 319 1 is_stmt 1 view -0
 202              		.cfi_startproc
 203              		@ args = 0, pretend = 0, frame = 0
 204              		@ frame_needed = 0, uses_anonymous_args = 0
 205              		.loc 1 319 1 is_stmt 0 view .LVU21
ARM GAS  C:\Users\sante\AppData\Local\Temp\ccrdisCD.s 			page 10


 206 0000 10B5     		push	{r4, lr}
 207              		.cfi_def_cfa_offset 8
 208              		.cfi_offset 4, -8
 209              		.cfi_offset 14, -4
 210 0002 0C00     		movs	r4, r1
 320:Drivers/STM32G0xx_HAL_Driver/Src/stm32g0xx_hal_pwr.c ****   /* Check the parameters */
 321:Drivers/STM32G0xx_HAL_Driver/Src/stm32g0xx_hal_pwr.c ****   assert_param(IS_PWR_REGULATOR(Regulator));
 211              		.loc 1 321 3 is_stmt 1 view .LVU22
 322:Drivers/STM32G0xx_HAL_Driver/Src/stm32g0xx_hal_pwr.c ****   assert_param(IS_PWR_SLEEP_ENTRY(SLEEPEntry));
 212              		.loc 1 322 3 view .LVU23
 323:Drivers/STM32G0xx_HAL_Driver/Src/stm32g0xx_hal_pwr.c **** 
 324:Drivers/STM32G0xx_HAL_Driver/Src/stm32g0xx_hal_pwr.c ****   /* Set Regulator parameter */
 325:Drivers/STM32G0xx_HAL_Driver/Src/stm32g0xx_hal_pwr.c ****   if (Regulator != PWR_MAINREGULATOR_ON)
 213              		.loc 1 325 3 view .LVU24
 214              		.loc 1 325 6 is_stmt 0 view .LVU25
 215 0004 0028     		cmp	r0, #0
 216 0006 11D0     		beq	.L17
 326:Drivers/STM32G0xx_HAL_Driver/Src/stm32g0xx_hal_pwr.c ****   {
 327:Drivers/STM32G0xx_HAL_Driver/Src/stm32g0xx_hal_pwr.c ****     /* If in run mode, first move to low-power run mode.
 328:Drivers/STM32G0xx_HAL_Driver/Src/stm32g0xx_hal_pwr.c ****        The system clock frequency must be below 2 MHz at this point. */
 329:Drivers/STM32G0xx_HAL_Driver/Src/stm32g0xx_hal_pwr.c ****     if ((PWR->SR2 & PWR_SR2_REGLPF) == 0x00u)
 217              		.loc 1 329 5 is_stmt 1 view .LVU26
 218              		.loc 1 329 13 is_stmt 0 view .LVU27
 219 0008 0E4B     		ldr	r3, .L25
 220 000a 5B69     		ldr	r3, [r3, #20]
 221              		.loc 1 329 8 view .LVU28
 222 000c 9B05     		lsls	r3, r3, #22
 223 000e 0AD5     		bpl	.L23
 224              	.LVL4:
 225              	.L18:
 330:Drivers/STM32G0xx_HAL_Driver/Src/stm32g0xx_hal_pwr.c ****     {
 331:Drivers/STM32G0xx_HAL_Driver/Src/stm32g0xx_hal_pwr.c ****       HAL_PWREx_EnableLowPowerRunMode();
 332:Drivers/STM32G0xx_HAL_Driver/Src/stm32g0xx_hal_pwr.c ****     }
 333:Drivers/STM32G0xx_HAL_Driver/Src/stm32g0xx_hal_pwr.c ****   }
 334:Drivers/STM32G0xx_HAL_Driver/Src/stm32g0xx_hal_pwr.c ****   else
 335:Drivers/STM32G0xx_HAL_Driver/Src/stm32g0xx_hal_pwr.c ****   {
 336:Drivers/STM32G0xx_HAL_Driver/Src/stm32g0xx_hal_pwr.c ****     /* If in low-power run mode at this point, exit it */
 337:Drivers/STM32G0xx_HAL_Driver/Src/stm32g0xx_hal_pwr.c ****     if ((PWR->SR2 & PWR_SR2_REGLPF) != 0x00u)
 338:Drivers/STM32G0xx_HAL_Driver/Src/stm32g0xx_hal_pwr.c ****     {
 339:Drivers/STM32G0xx_HAL_Driver/Src/stm32g0xx_hal_pwr.c ****       if (HAL_PWREx_DisableLowPowerRunMode() != HAL_OK)
 340:Drivers/STM32G0xx_HAL_Driver/Src/stm32g0xx_hal_pwr.c ****       {
 341:Drivers/STM32G0xx_HAL_Driver/Src/stm32g0xx_hal_pwr.c ****         return ;
 342:Drivers/STM32G0xx_HAL_Driver/Src/stm32g0xx_hal_pwr.c ****       }
 343:Drivers/STM32G0xx_HAL_Driver/Src/stm32g0xx_hal_pwr.c ****     }
 344:Drivers/STM32G0xx_HAL_Driver/Src/stm32g0xx_hal_pwr.c ****   }
 345:Drivers/STM32G0xx_HAL_Driver/Src/stm32g0xx_hal_pwr.c **** 
 346:Drivers/STM32G0xx_HAL_Driver/Src/stm32g0xx_hal_pwr.c ****   /* Clear SLEEPDEEP bit of Cortex System Control Register */
 347:Drivers/STM32G0xx_HAL_Driver/Src/stm32g0xx_hal_pwr.c ****   CLEAR_BIT(SCB->SCR, ((uint32_t)SCB_SCR_SLEEPDEEP_Msk));
 226              		.loc 1 347 3 is_stmt 1 view .LVU29
 227 0010 0D4A     		ldr	r2, .L25+4
 228 0012 1369     		ldr	r3, [r2, #16]
 229 0014 0421     		movs	r1, #4
 230 0016 8B43     		bics	r3, r1
 231 0018 1361     		str	r3, [r2, #16]
 348:Drivers/STM32G0xx_HAL_Driver/Src/stm32g0xx_hal_pwr.c **** 
 349:Drivers/STM32G0xx_HAL_Driver/Src/stm32g0xx_hal_pwr.c ****   /* Select SLEEP mode entry -------------------------------------------------*/
 350:Drivers/STM32G0xx_HAL_Driver/Src/stm32g0xx_hal_pwr.c ****   if (SLEEPEntry == PWR_SLEEPENTRY_WFI)
ARM GAS  C:\Users\sante\AppData\Local\Temp\ccrdisCD.s 			page 11


 232              		.loc 1 350 3 view .LVU30
 233              		.loc 1 350 6 is_stmt 0 view .LVU31
 234 001a 012C     		cmp	r4, #1
 235 001c 0FD0     		beq	.L24
 351:Drivers/STM32G0xx_HAL_Driver/Src/stm32g0xx_hal_pwr.c ****   {
 352:Drivers/STM32G0xx_HAL_Driver/Src/stm32g0xx_hal_pwr.c ****     /* Request Wait For Interrupt */
 353:Drivers/STM32G0xx_HAL_Driver/Src/stm32g0xx_hal_pwr.c ****     __WFI();
 354:Drivers/STM32G0xx_HAL_Driver/Src/stm32g0xx_hal_pwr.c ****   }
 355:Drivers/STM32G0xx_HAL_Driver/Src/stm32g0xx_hal_pwr.c ****   else
 356:Drivers/STM32G0xx_HAL_Driver/Src/stm32g0xx_hal_pwr.c ****   {
 357:Drivers/STM32G0xx_HAL_Driver/Src/stm32g0xx_hal_pwr.c ****     /* Request Wait For Event */
 358:Drivers/STM32G0xx_HAL_Driver/Src/stm32g0xx_hal_pwr.c ****     __SEV();
 236              		.loc 1 358 5 is_stmt 1 view .LVU32
 237              		.syntax divided
 238              	@ 358 "Drivers/STM32G0xx_HAL_Driver/Src/stm32g0xx_hal_pwr.c" 1
 239 001e 40BF     		sev
 240              	@ 0 "" 2
 359:Drivers/STM32G0xx_HAL_Driver/Src/stm32g0xx_hal_pwr.c ****     __WFE();
 241              		.loc 1 359 5 view .LVU33
 242              	@ 359 "Drivers/STM32G0xx_HAL_Driver/Src/stm32g0xx_hal_pwr.c" 1
 243 0020 20BF     		wfe
 244              	@ 0 "" 2
 360:Drivers/STM32G0xx_HAL_Driver/Src/stm32g0xx_hal_pwr.c ****     __WFE();
 245              		.loc 1 360 5 view .LVU34
 246              	@ 360 "Drivers/STM32G0xx_HAL_Driver/Src/stm32g0xx_hal_pwr.c" 1
 247 0022 20BF     		wfe
 248              	@ 0 "" 2
 249              		.thumb
 250              		.syntax unified
 251              	.L16:
 361:Drivers/STM32G0xx_HAL_Driver/Src/stm32g0xx_hal_pwr.c ****   }
 362:Drivers/STM32G0xx_HAL_Driver/Src/stm32g0xx_hal_pwr.c **** }
 252              		.loc 1 362 1 is_stmt 0 view .LVU35
 253              		@ sp needed
 254              	.LVL5:
 255              		.loc 1 362 1 view .LVU36
 256 0024 10BD     		pop	{r4, pc}
 257              	.LVL6:
 258              	.L23:
 331:Drivers/STM32G0xx_HAL_Driver/Src/stm32g0xx_hal_pwr.c ****     }
 259              		.loc 1 331 7 is_stmt 1 view .LVU37
 260 0026 FFF7FEFF 		bl	HAL_PWREx_EnableLowPowerRunMode
 261              	.LVL7:
 331:Drivers/STM32G0xx_HAL_Driver/Src/stm32g0xx_hal_pwr.c ****     }
 262              		.loc 1 331 7 is_stmt 0 view .LVU38
 263 002a F1E7     		b	.L18
 264              	.LVL8:
 265              	.L17:
 337:Drivers/STM32G0xx_HAL_Driver/Src/stm32g0xx_hal_pwr.c ****     {
 266              		.loc 1 337 5 is_stmt 1 view .LVU39
 337:Drivers/STM32G0xx_HAL_Driver/Src/stm32g0xx_hal_pwr.c ****     {
 267              		.loc 1 337 13 is_stmt 0 view .LVU40
 268 002c 054B     		ldr	r3, .L25
 269 002e 5B69     		ldr	r3, [r3, #20]
 337:Drivers/STM32G0xx_HAL_Driver/Src/stm32g0xx_hal_pwr.c ****     {
 270              		.loc 1 337 8 view .LVU41
 271 0030 9B05     		lsls	r3, r3, #22
ARM GAS  C:\Users\sante\AppData\Local\Temp\ccrdisCD.s 			page 12


 272 0032 EDD5     		bpl	.L18
 339:Drivers/STM32G0xx_HAL_Driver/Src/stm32g0xx_hal_pwr.c ****       {
 273              		.loc 1 339 7 is_stmt 1 view .LVU42
 339:Drivers/STM32G0xx_HAL_Driver/Src/stm32g0xx_hal_pwr.c ****       {
 274              		.loc 1 339 11 is_stmt 0 view .LVU43
 275 0034 FFF7FEFF 		bl	HAL_PWREx_DisableLowPowerRunMode
 276              	.LVL9:
 339:Drivers/STM32G0xx_HAL_Driver/Src/stm32g0xx_hal_pwr.c ****       {
 277              		.loc 1 339 10 discriminator 1 view .LVU44
 278 0038 0028     		cmp	r0, #0
 279 003a E9D0     		beq	.L18
 280 003c F2E7     		b	.L16
 281              	.L24:
 353:Drivers/STM32G0xx_HAL_Driver/Src/stm32g0xx_hal_pwr.c ****   }
 282              		.loc 1 353 5 is_stmt 1 view .LVU45
 283              		.syntax divided
 284              	@ 353 "Drivers/STM32G0xx_HAL_Driver/Src/stm32g0xx_hal_pwr.c" 1
 285 003e 30BF     		wfi
 286              	@ 0 "" 2
 287              		.thumb
 288              		.syntax unified
 289 0040 F0E7     		b	.L16
 290              	.L26:
 291 0042 C046     		.align	2
 292              	.L25:
 293 0044 00700040 		.word	1073770496
 294 0048 00ED00E0 		.word	-536810240
 295              		.cfi_endproc
 296              	.LFE498:
 298              		.section	.text.HAL_PWR_EnterSTOPMode,"ax",%progbits
 299              		.align	1
 300              		.global	HAL_PWR_EnterSTOPMode
 301              		.syntax unified
 302              		.code	16
 303              		.thumb_func
 305              	HAL_PWR_EnterSTOPMode:
 306              	.LVL10:
 307              	.LFB499:
 363:Drivers/STM32G0xx_HAL_Driver/Src/stm32g0xx_hal_pwr.c **** 
 364:Drivers/STM32G0xx_HAL_Driver/Src/stm32g0xx_hal_pwr.c **** 
 365:Drivers/STM32G0xx_HAL_Driver/Src/stm32g0xx_hal_pwr.c **** /**
 366:Drivers/STM32G0xx_HAL_Driver/Src/stm32g0xx_hal_pwr.c ****   * @brief  Enter Stop mode
 367:Drivers/STM32G0xx_HAL_Driver/Src/stm32g0xx_hal_pwr.c ****   * @note   This API is named HAL_PWR_EnterSTOPMode to ensure compatibility with
 368:Drivers/STM32G0xx_HAL_Driver/Src/stm32g0xx_hal_pwr.c ****   *         legacy code running on devices where only "Stop mode" is mentioned
 369:Drivers/STM32G0xx_HAL_Driver/Src/stm32g0xx_hal_pwr.c ****   *         with main or low power regulator ON.
 370:Drivers/STM32G0xx_HAL_Driver/Src/stm32g0xx_hal_pwr.c ****   * @note   In Stop mode, all I/O pins keep the same state as in Run mode.
 371:Drivers/STM32G0xx_HAL_Driver/Src/stm32g0xx_hal_pwr.c ****   * @note   All clocks in the VCORE domain are stopped; the PLL, the HSI and the
 372:Drivers/STM32G0xx_HAL_Driver/Src/stm32g0xx_hal_pwr.c ****   *         HSE oscillators are disabled. Some peripherals with the wakeup
 373:Drivers/STM32G0xx_HAL_Driver/Src/stm32g0xx_hal_pwr.c ****   *         capability can switch on the HSI to receive a frame, and switch off
 374:Drivers/STM32G0xx_HAL_Driver/Src/stm32g0xx_hal_pwr.c ****   *         the HSI after receiving the frame if it is not a wakeup frame.
 375:Drivers/STM32G0xx_HAL_Driver/Src/stm32g0xx_hal_pwr.c ****   *         SRAM and register contents are preserved.
 376:Drivers/STM32G0xx_HAL_Driver/Src/stm32g0xx_hal_pwr.c ****   *         The BOR is available.
 377:Drivers/STM32G0xx_HAL_Driver/Src/stm32g0xx_hal_pwr.c ****   *         The voltage regulator can be configured either in normal (Stop 0) or
 378:Drivers/STM32G0xx_HAL_Driver/Src/stm32g0xx_hal_pwr.c ****   *         low-power mode (Stop 1).
 379:Drivers/STM32G0xx_HAL_Driver/Src/stm32g0xx_hal_pwr.c ****   * @note   When exiting Stop 0 or Stop 1 mode by issuing an interrupt or a
 380:Drivers/STM32G0xx_HAL_Driver/Src/stm32g0xx_hal_pwr.c ****   *         wakeup event, the HSI RC oscillator is selected as system clock
 381:Drivers/STM32G0xx_HAL_Driver/Src/stm32g0xx_hal_pwr.c ****   * @note   When the voltage regulator operates in low power mode (Stop 1),
ARM GAS  C:\Users\sante\AppData\Local\Temp\ccrdisCD.s 			page 13


 382:Drivers/STM32G0xx_HAL_Driver/Src/stm32g0xx_hal_pwr.c ****   *         an additional startup delay is incurred when waking up. By keeping
 383:Drivers/STM32G0xx_HAL_Driver/Src/stm32g0xx_hal_pwr.c ****   *         the internal regulator ON during Stop mode (Stop 0), the consumption
 384:Drivers/STM32G0xx_HAL_Driver/Src/stm32g0xx_hal_pwr.c ****   *         is higher although the startup time is reduced.
 385:Drivers/STM32G0xx_HAL_Driver/Src/stm32g0xx_hal_pwr.c ****   * @param  Regulator Specifies the regulator state in Stop mode
 386:Drivers/STM32G0xx_HAL_Driver/Src/stm32g0xx_hal_pwr.c ****   *         This parameter can be one of the following values:
 387:Drivers/STM32G0xx_HAL_Driver/Src/stm32g0xx_hal_pwr.c ****   *            @arg @ref PWR_MAINREGULATOR_ON  Stop 0 mode (main regulator ON)
 388:Drivers/STM32G0xx_HAL_Driver/Src/stm32g0xx_hal_pwr.c ****   *            @arg @ref PWR_LOWPOWERREGULATOR_ON  Stop 1 mode (low power
 389:Drivers/STM32G0xx_HAL_Driver/Src/stm32g0xx_hal_pwr.c ****   *                                                regulator ON)
 390:Drivers/STM32G0xx_HAL_Driver/Src/stm32g0xx_hal_pwr.c ****   * @param  STOPEntry Specifies Stop 0 or Stop 1 mode is entered with WFI or
 391:Drivers/STM32G0xx_HAL_Driver/Src/stm32g0xx_hal_pwr.c ****   *         WFE instruction. This parameter can be one of the following values:
 392:Drivers/STM32G0xx_HAL_Driver/Src/stm32g0xx_hal_pwr.c ****   *            @arg @ref PWR_STOPENTRY_WFI  Enter Stop 0 or Stop 1 mode with WFI
 393:Drivers/STM32G0xx_HAL_Driver/Src/stm32g0xx_hal_pwr.c ****   *                                         instruction.
 394:Drivers/STM32G0xx_HAL_Driver/Src/stm32g0xx_hal_pwr.c ****   *            @arg @ref PWR_STOPENTRY_WFE  Enter Stop 0 or Stop 1 mode with WFE
 395:Drivers/STM32G0xx_HAL_Driver/Src/stm32g0xx_hal_pwr.c ****   *                                         instruction.
 396:Drivers/STM32G0xx_HAL_Driver/Src/stm32g0xx_hal_pwr.c ****   * @retval None
 397:Drivers/STM32G0xx_HAL_Driver/Src/stm32g0xx_hal_pwr.c ****   */
 398:Drivers/STM32G0xx_HAL_Driver/Src/stm32g0xx_hal_pwr.c **** void HAL_PWR_EnterSTOPMode(uint32_t Regulator, uint8_t STOPEntry)
 399:Drivers/STM32G0xx_HAL_Driver/Src/stm32g0xx_hal_pwr.c **** {
 308              		.loc 1 399 1 view -0
 309              		.cfi_startproc
 310              		@ args = 0, pretend = 0, frame = 0
 311              		@ frame_needed = 0, uses_anonymous_args = 0
 312              		@ link register save eliminated.
 400:Drivers/STM32G0xx_HAL_Driver/Src/stm32g0xx_hal_pwr.c ****   /* Check the parameters */
 401:Drivers/STM32G0xx_HAL_Driver/Src/stm32g0xx_hal_pwr.c ****   assert_param(IS_PWR_REGULATOR(Regulator));
 313              		.loc 1 401 3 view .LVU47
 402:Drivers/STM32G0xx_HAL_Driver/Src/stm32g0xx_hal_pwr.c ****   assert_param(IS_PWR_STOP_ENTRY(STOPEntry));
 314              		.loc 1 402 3 view .LVU48
 403:Drivers/STM32G0xx_HAL_Driver/Src/stm32g0xx_hal_pwr.c **** 
 404:Drivers/STM32G0xx_HAL_Driver/Src/stm32g0xx_hal_pwr.c ****   if (Regulator != PWR_MAINREGULATOR_ON)
 315              		.loc 1 404 3 view .LVU49
 316              		.loc 1 404 6 is_stmt 0 view .LVU50
 317 0000 0028     		cmp	r0, #0
 318 0002 16D0     		beq	.L28
 405:Drivers/STM32G0xx_HAL_Driver/Src/stm32g0xx_hal_pwr.c ****   {
 406:Drivers/STM32G0xx_HAL_Driver/Src/stm32g0xx_hal_pwr.c ****     /* Stop mode with Low-Power Regulator */
 407:Drivers/STM32G0xx_HAL_Driver/Src/stm32g0xx_hal_pwr.c ****     MODIFY_REG(PWR->CR1, PWR_CR1_LPMS, PWR_LOWPOWERMODE_STOP1);
 319              		.loc 1 407 5 is_stmt 1 view .LVU51
 320 0004 0F4A     		ldr	r2, .L33
 321 0006 1368     		ldr	r3, [r2]
 322 0008 0720     		movs	r0, #7
 323              	.LVL11:
 324              		.loc 1 407 5 is_stmt 0 view .LVU52
 325 000a 8343     		bics	r3, r0
 326 000c 0638     		subs	r0, r0, #6
 327 000e 0343     		orrs	r3, r0
 328 0010 1360     		str	r3, [r2]
 329              	.L29:
 408:Drivers/STM32G0xx_HAL_Driver/Src/stm32g0xx_hal_pwr.c ****   }
 409:Drivers/STM32G0xx_HAL_Driver/Src/stm32g0xx_hal_pwr.c ****   else
 410:Drivers/STM32G0xx_HAL_Driver/Src/stm32g0xx_hal_pwr.c ****   {
 411:Drivers/STM32G0xx_HAL_Driver/Src/stm32g0xx_hal_pwr.c ****     /* Stop mode with Main Regulator */
 412:Drivers/STM32G0xx_HAL_Driver/Src/stm32g0xx_hal_pwr.c ****     MODIFY_REG(PWR->CR1, PWR_CR1_LPMS, PWR_LOWPOWERMODE_STOP0);
 413:Drivers/STM32G0xx_HAL_Driver/Src/stm32g0xx_hal_pwr.c ****   }
 414:Drivers/STM32G0xx_HAL_Driver/Src/stm32g0xx_hal_pwr.c **** 
 415:Drivers/STM32G0xx_HAL_Driver/Src/stm32g0xx_hal_pwr.c ****   /* Set SLEEPDEEP bit of Cortex System Control Register */
 416:Drivers/STM32G0xx_HAL_Driver/Src/stm32g0xx_hal_pwr.c ****   SET_BIT(SCB->SCR, ((uint32_t)SCB_SCR_SLEEPDEEP_Msk));
ARM GAS  C:\Users\sante\AppData\Local\Temp\ccrdisCD.s 			page 14


 330              		.loc 1 416 3 is_stmt 1 view .LVU53
 331 0012 0D4A     		ldr	r2, .L33+4
 332 0014 1369     		ldr	r3, [r2, #16]
 333 0016 0420     		movs	r0, #4
 334 0018 0343     		orrs	r3, r0
 335 001a 1361     		str	r3, [r2, #16]
 417:Drivers/STM32G0xx_HAL_Driver/Src/stm32g0xx_hal_pwr.c **** 
 418:Drivers/STM32G0xx_HAL_Driver/Src/stm32g0xx_hal_pwr.c ****   /* Select Stop mode entry --------------------------------------------------*/
 419:Drivers/STM32G0xx_HAL_Driver/Src/stm32g0xx_hal_pwr.c ****   if (STOPEntry == PWR_STOPENTRY_WFI)
 336              		.loc 1 419 3 view .LVU54
 337              		.loc 1 419 6 is_stmt 0 view .LVU55
 338 001c 0129     		cmp	r1, #1
 339 001e 0ED0     		beq	.L32
 420:Drivers/STM32G0xx_HAL_Driver/Src/stm32g0xx_hal_pwr.c ****   {
 421:Drivers/STM32G0xx_HAL_Driver/Src/stm32g0xx_hal_pwr.c ****     /* Request Wait For Interrupt */
 422:Drivers/STM32G0xx_HAL_Driver/Src/stm32g0xx_hal_pwr.c ****     __WFI();
 423:Drivers/STM32G0xx_HAL_Driver/Src/stm32g0xx_hal_pwr.c ****   }
 424:Drivers/STM32G0xx_HAL_Driver/Src/stm32g0xx_hal_pwr.c ****   else
 425:Drivers/STM32G0xx_HAL_Driver/Src/stm32g0xx_hal_pwr.c ****   {
 426:Drivers/STM32G0xx_HAL_Driver/Src/stm32g0xx_hal_pwr.c ****     /* Request Wait For Event */
 427:Drivers/STM32G0xx_HAL_Driver/Src/stm32g0xx_hal_pwr.c ****     __SEV();
 340              		.loc 1 427 5 is_stmt 1 view .LVU56
 341              		.syntax divided
 342              	@ 427 "Drivers/STM32G0xx_HAL_Driver/Src/stm32g0xx_hal_pwr.c" 1
 343 0020 40BF     		sev
 344              	@ 0 "" 2
 428:Drivers/STM32G0xx_HAL_Driver/Src/stm32g0xx_hal_pwr.c ****     __WFE();
 345              		.loc 1 428 5 view .LVU57
 346              	@ 428 "Drivers/STM32G0xx_HAL_Driver/Src/stm32g0xx_hal_pwr.c" 1
 347 0022 20BF     		wfe
 348              	@ 0 "" 2
 429:Drivers/STM32G0xx_HAL_Driver/Src/stm32g0xx_hal_pwr.c ****     __WFE();
 349              		.loc 1 429 5 view .LVU58
 350              	@ 429 "Drivers/STM32G0xx_HAL_Driver/Src/stm32g0xx_hal_pwr.c" 1
 351 0024 20BF     		wfe
 352              	@ 0 "" 2
 353              		.thumb
 354              		.syntax unified
 355              	.L31:
 430:Drivers/STM32G0xx_HAL_Driver/Src/stm32g0xx_hal_pwr.c ****   }
 431:Drivers/STM32G0xx_HAL_Driver/Src/stm32g0xx_hal_pwr.c **** 
 432:Drivers/STM32G0xx_HAL_Driver/Src/stm32g0xx_hal_pwr.c ****   /* Reset SLEEPDEEP bit of Cortex System Control Register */
 433:Drivers/STM32G0xx_HAL_Driver/Src/stm32g0xx_hal_pwr.c ****   CLEAR_BIT(SCB->SCR, ((uint32_t)SCB_SCR_SLEEPDEEP_Msk));
 356              		.loc 1 433 3 view .LVU59
 357 0026 084A     		ldr	r2, .L33+4
 358 0028 1369     		ldr	r3, [r2, #16]
 359 002a 0421     		movs	r1, #4
 360              	.LVL12:
 361              		.loc 1 433 3 is_stmt 0 view .LVU60
 362 002c 8B43     		bics	r3, r1
 363 002e 1361     		str	r3, [r2, #16]
 434:Drivers/STM32G0xx_HAL_Driver/Src/stm32g0xx_hal_pwr.c **** }
 364              		.loc 1 434 1 view .LVU61
 365              		@ sp needed
 366 0030 7047     		bx	lr
 367              	.LVL13:
 368              	.L28:
ARM GAS  C:\Users\sante\AppData\Local\Temp\ccrdisCD.s 			page 15


 412:Drivers/STM32G0xx_HAL_Driver/Src/stm32g0xx_hal_pwr.c ****   }
 369              		.loc 1 412 5 is_stmt 1 view .LVU62
 370 0032 044A     		ldr	r2, .L33
 371 0034 1368     		ldr	r3, [r2]
 372 0036 0720     		movs	r0, #7
 373              	.LVL14:
 412:Drivers/STM32G0xx_HAL_Driver/Src/stm32g0xx_hal_pwr.c ****   }
 374              		.loc 1 412 5 is_stmt 0 view .LVU63
 375 0038 8343     		bics	r3, r0
 376 003a 1360     		str	r3, [r2]
 377 003c E9E7     		b	.L29
 378              	.L32:
 422:Drivers/STM32G0xx_HAL_Driver/Src/stm32g0xx_hal_pwr.c ****   }
 379              		.loc 1 422 5 is_stmt 1 view .LVU64
 380              		.syntax divided
 381              	@ 422 "Drivers/STM32G0xx_HAL_Driver/Src/stm32g0xx_hal_pwr.c" 1
 382 003e 30BF     		wfi
 383              	@ 0 "" 2
 384              		.thumb
 385              		.syntax unified
 386 0040 F1E7     		b	.L31
 387              	.L34:
 388 0042 C046     		.align	2
 389              	.L33:
 390 0044 00700040 		.word	1073770496
 391 0048 00ED00E0 		.word	-536810240
 392              		.cfi_endproc
 393              	.LFE499:
 395              		.section	.text.HAL_PWR_EnterSTANDBYMode,"ax",%progbits
 396              		.align	1
 397              		.global	HAL_PWR_EnterSTANDBYMode
 398              		.syntax unified
 399              		.code	16
 400              		.thumb_func
 402              	HAL_PWR_EnterSTANDBYMode:
 403              	.LFB500:
 435:Drivers/STM32G0xx_HAL_Driver/Src/stm32g0xx_hal_pwr.c **** 
 436:Drivers/STM32G0xx_HAL_Driver/Src/stm32g0xx_hal_pwr.c **** 
 437:Drivers/STM32G0xx_HAL_Driver/Src/stm32g0xx_hal_pwr.c **** /**
 438:Drivers/STM32G0xx_HAL_Driver/Src/stm32g0xx_hal_pwr.c ****   * @brief  Enter Standby mode.
 439:Drivers/STM32G0xx_HAL_Driver/Src/stm32g0xx_hal_pwr.c ****   * @note   In Standby mode, the PLL, the HSI and the HSE oscillators are
 440:Drivers/STM32G0xx_HAL_Driver/Src/stm32g0xx_hal_pwr.c ****   *         switched off. The voltage regulator is disabled. SRAM and register
 441:Drivers/STM32G0xx_HAL_Driver/Src/stm32g0xx_hal_pwr.c ****   *         contents are lost except for registers in the Backup domain and
 442:Drivers/STM32G0xx_HAL_Driver/Src/stm32g0xx_hal_pwr.c ****   *         Standby circuitry. BOR is available.
 443:Drivers/STM32G0xx_HAL_Driver/Src/stm32g0xx_hal_pwr.c ****   * @note   The I/Os can be configured either with a pull-up or pull-down or can
 444:Drivers/STM32G0xx_HAL_Driver/Src/stm32g0xx_hal_pwr.c ****   *         be kept in analog state.
 445:Drivers/STM32G0xx_HAL_Driver/Src/stm32g0xx_hal_pwr.c ****   *         HAL_PWREx_EnableGPIOPullUp() and HAL_PWREx_EnableGPIOPullDown()
 446:Drivers/STM32G0xx_HAL_Driver/Src/stm32g0xx_hal_pwr.c ****   *         respectively enable Pull Up and PullDown state.
 447:Drivers/STM32G0xx_HAL_Driver/Src/stm32g0xx_hal_pwr.c ****   *         HAL_PWREx_DisableGPIOPullUp() & HAL_PWREx_DisableGPIOPullDown()
 448:Drivers/STM32G0xx_HAL_Driver/Src/stm32g0xx_hal_pwr.c ****   *         disable the same. These states are effective in Standby mode only if
 449:Drivers/STM32G0xx_HAL_Driver/Src/stm32g0xx_hal_pwr.c ****   *         APC bit is set through HAL_PWREx_EnablePullUpPullDownConfig() API.
 450:Drivers/STM32G0xx_HAL_Driver/Src/stm32g0xx_hal_pwr.c ****   * @note   Sram content can be kept setting RRS through HAL_PWREx_EnableSRAMRetention()
 451:Drivers/STM32G0xx_HAL_Driver/Src/stm32g0xx_hal_pwr.c ****   * @retval None
 452:Drivers/STM32G0xx_HAL_Driver/Src/stm32g0xx_hal_pwr.c ****   */
 453:Drivers/STM32G0xx_HAL_Driver/Src/stm32g0xx_hal_pwr.c **** void HAL_PWR_EnterSTANDBYMode(void)
 454:Drivers/STM32G0xx_HAL_Driver/Src/stm32g0xx_hal_pwr.c **** {
 404              		.loc 1 454 1 view -0
ARM GAS  C:\Users\sante\AppData\Local\Temp\ccrdisCD.s 			page 16


 405              		.cfi_startproc
 406              		@ args = 0, pretend = 0, frame = 0
 407              		@ frame_needed = 0, uses_anonymous_args = 0
 408              		@ link register save eliminated.
 455:Drivers/STM32G0xx_HAL_Driver/Src/stm32g0xx_hal_pwr.c ****   /* Set Stand-by mode */
 456:Drivers/STM32G0xx_HAL_Driver/Src/stm32g0xx_hal_pwr.c ****   MODIFY_REG(PWR->CR1, PWR_CR1_LPMS, PWR_LOWPOWERMODE_STANDBY);
 409              		.loc 1 456 3 view .LVU66
 410 0000 064A     		ldr	r2, .L36
 411 0002 1368     		ldr	r3, [r2]
 412 0004 0721     		movs	r1, #7
 413 0006 8B43     		bics	r3, r1
 414 0008 0439     		subs	r1, r1, #4
 415 000a 0B43     		orrs	r3, r1
 416 000c 1360     		str	r3, [r2]
 457:Drivers/STM32G0xx_HAL_Driver/Src/stm32g0xx_hal_pwr.c **** 
 458:Drivers/STM32G0xx_HAL_Driver/Src/stm32g0xx_hal_pwr.c ****   /* Set SLEEPDEEP bit of Cortex System Control Register */
 459:Drivers/STM32G0xx_HAL_Driver/Src/stm32g0xx_hal_pwr.c ****   SET_BIT(SCB->SCR, ((uint32_t)SCB_SCR_SLEEPDEEP_Msk));
 417              		.loc 1 459 3 view .LVU67
 418 000e 044A     		ldr	r2, .L36+4
 419 0010 1369     		ldr	r3, [r2, #16]
 420 0012 0131     		adds	r1, r1, #1
 421 0014 0B43     		orrs	r3, r1
 422 0016 1361     		str	r3, [r2, #16]
 460:Drivers/STM32G0xx_HAL_Driver/Src/stm32g0xx_hal_pwr.c **** 
 461:Drivers/STM32G0xx_HAL_Driver/Src/stm32g0xx_hal_pwr.c ****   /* This option is used to ensure that store operations are completed */
 462:Drivers/STM32G0xx_HAL_Driver/Src/stm32g0xx_hal_pwr.c **** #if defined ( __CC_ARM)
 463:Drivers/STM32G0xx_HAL_Driver/Src/stm32g0xx_hal_pwr.c ****   __force_stores();
 464:Drivers/STM32G0xx_HAL_Driver/Src/stm32g0xx_hal_pwr.c **** #endif /* __CC_ARM */
 465:Drivers/STM32G0xx_HAL_Driver/Src/stm32g0xx_hal_pwr.c **** 
 466:Drivers/STM32G0xx_HAL_Driver/Src/stm32g0xx_hal_pwr.c ****   /* Request Wait For Interrupt */
 467:Drivers/STM32G0xx_HAL_Driver/Src/stm32g0xx_hal_pwr.c ****   __WFI();
 423              		.loc 1 467 3 view .LVU68
 424              		.syntax divided
 425              	@ 467 "Drivers/STM32G0xx_HAL_Driver/Src/stm32g0xx_hal_pwr.c" 1
 426 0018 30BF     		wfi
 427              	@ 0 "" 2
 468:Drivers/STM32G0xx_HAL_Driver/Src/stm32g0xx_hal_pwr.c **** }
 428              		.loc 1 468 1 is_stmt 0 view .LVU69
 429              		.thumb
 430              		.syntax unified
 431              		@ sp needed
 432 001a 7047     		bx	lr
 433              	.L37:
 434              		.align	2
 435              	.L36:
 436 001c 00700040 		.word	1073770496
 437 0020 00ED00E0 		.word	-536810240
 438              		.cfi_endproc
 439              	.LFE500:
 441              		.section	.text.HAL_PWR_EnableSleepOnExit,"ax",%progbits
 442              		.align	1
 443              		.global	HAL_PWR_EnableSleepOnExit
 444              		.syntax unified
 445              		.code	16
 446              		.thumb_func
 448              	HAL_PWR_EnableSleepOnExit:
 449              	.LFB501:
ARM GAS  C:\Users\sante\AppData\Local\Temp\ccrdisCD.s 			page 17


 469:Drivers/STM32G0xx_HAL_Driver/Src/stm32g0xx_hal_pwr.c **** 
 470:Drivers/STM32G0xx_HAL_Driver/Src/stm32g0xx_hal_pwr.c **** 
 471:Drivers/STM32G0xx_HAL_Driver/Src/stm32g0xx_hal_pwr.c **** /**
 472:Drivers/STM32G0xx_HAL_Driver/Src/stm32g0xx_hal_pwr.c ****   * @brief  Enable Sleep-On-Exit Cortex feature
 473:Drivers/STM32G0xx_HAL_Driver/Src/stm32g0xx_hal_pwr.c ****   * @note   Set SLEEPONEXIT bit of SCR register. When this bit is set, the
 474:Drivers/STM32G0xx_HAL_Driver/Src/stm32g0xx_hal_pwr.c ****   *         processor enters SLEEP or DEEPSLEEP mode when an interruption
 475:Drivers/STM32G0xx_HAL_Driver/Src/stm32g0xx_hal_pwr.c ****   *         handling is over returning to thread mode. Setting this bit is
 476:Drivers/STM32G0xx_HAL_Driver/Src/stm32g0xx_hal_pwr.c ****   *         useful when the processor is expected to run only on interruptions
 477:Drivers/STM32G0xx_HAL_Driver/Src/stm32g0xx_hal_pwr.c ****   *         handling.
 478:Drivers/STM32G0xx_HAL_Driver/Src/stm32g0xx_hal_pwr.c ****   * @retval None
 479:Drivers/STM32G0xx_HAL_Driver/Src/stm32g0xx_hal_pwr.c ****   */
 480:Drivers/STM32G0xx_HAL_Driver/Src/stm32g0xx_hal_pwr.c **** void HAL_PWR_EnableSleepOnExit(void)
 481:Drivers/STM32G0xx_HAL_Driver/Src/stm32g0xx_hal_pwr.c **** {
 450              		.loc 1 481 1 is_stmt 1 view -0
 451              		.cfi_startproc
 452              		@ args = 0, pretend = 0, frame = 0
 453              		@ frame_needed = 0, uses_anonymous_args = 0
 454              		@ link register save eliminated.
 482:Drivers/STM32G0xx_HAL_Driver/Src/stm32g0xx_hal_pwr.c ****   /* Set SLEEPONEXIT bit of Cortex System Control Register */
 483:Drivers/STM32G0xx_HAL_Driver/Src/stm32g0xx_hal_pwr.c ****   SET_BIT(SCB->SCR, ((uint32_t)SCB_SCR_SLEEPONEXIT_Msk));
 455              		.loc 1 483 3 view .LVU71
 456 0000 024A     		ldr	r2, .L39
 457 0002 1369     		ldr	r3, [r2, #16]
 458 0004 0221     		movs	r1, #2
 459 0006 0B43     		orrs	r3, r1
 460 0008 1361     		str	r3, [r2, #16]
 484:Drivers/STM32G0xx_HAL_Driver/Src/stm32g0xx_hal_pwr.c **** }
 461              		.loc 1 484 1 is_stmt 0 view .LVU72
 462              		@ sp needed
 463 000a 7047     		bx	lr
 464              	.L40:
 465              		.align	2
 466              	.L39:
 467 000c 00ED00E0 		.word	-536810240
 468              		.cfi_endproc
 469              	.LFE501:
 471              		.section	.text.HAL_PWR_DisableSleepOnExit,"ax",%progbits
 472              		.align	1
 473              		.global	HAL_PWR_DisableSleepOnExit
 474              		.syntax unified
 475              		.code	16
 476              		.thumb_func
 478              	HAL_PWR_DisableSleepOnExit:
 479              	.LFB502:
 485:Drivers/STM32G0xx_HAL_Driver/Src/stm32g0xx_hal_pwr.c **** 
 486:Drivers/STM32G0xx_HAL_Driver/Src/stm32g0xx_hal_pwr.c **** 
 487:Drivers/STM32G0xx_HAL_Driver/Src/stm32g0xx_hal_pwr.c **** /**
 488:Drivers/STM32G0xx_HAL_Driver/Src/stm32g0xx_hal_pwr.c ****   * @brief  Disable Sleep-On-Exit Cortex feature
 489:Drivers/STM32G0xx_HAL_Driver/Src/stm32g0xx_hal_pwr.c ****   * @note   Clear SLEEPONEXIT bit of SCR register. When this bit is set, the
 490:Drivers/STM32G0xx_HAL_Driver/Src/stm32g0xx_hal_pwr.c ****   *         processor enters SLEEP or DEEPSLEEP mode when an interruption
 491:Drivers/STM32G0xx_HAL_Driver/Src/stm32g0xx_hal_pwr.c ****   *         handling is over.
 492:Drivers/STM32G0xx_HAL_Driver/Src/stm32g0xx_hal_pwr.c ****   * @retval None
 493:Drivers/STM32G0xx_HAL_Driver/Src/stm32g0xx_hal_pwr.c ****   */
 494:Drivers/STM32G0xx_HAL_Driver/Src/stm32g0xx_hal_pwr.c **** void HAL_PWR_DisableSleepOnExit(void)
 495:Drivers/STM32G0xx_HAL_Driver/Src/stm32g0xx_hal_pwr.c **** {
 480              		.loc 1 495 1 is_stmt 1 view -0
 481              		.cfi_startproc
ARM GAS  C:\Users\sante\AppData\Local\Temp\ccrdisCD.s 			page 18


 482              		@ args = 0, pretend = 0, frame = 0
 483              		@ frame_needed = 0, uses_anonymous_args = 0
 484              		@ link register save eliminated.
 496:Drivers/STM32G0xx_HAL_Driver/Src/stm32g0xx_hal_pwr.c ****   /* Clear SLEEPONEXIT bit of Cortex System Control Register */
 497:Drivers/STM32G0xx_HAL_Driver/Src/stm32g0xx_hal_pwr.c ****   CLEAR_BIT(SCB->SCR, ((uint32_t)SCB_SCR_SLEEPONEXIT_Msk));
 485              		.loc 1 497 3 view .LVU74
 486 0000 024A     		ldr	r2, .L42
 487 0002 1369     		ldr	r3, [r2, #16]
 488 0004 0221     		movs	r1, #2
 489 0006 8B43     		bics	r3, r1
 490 0008 1361     		str	r3, [r2, #16]
 498:Drivers/STM32G0xx_HAL_Driver/Src/stm32g0xx_hal_pwr.c **** }
 491              		.loc 1 498 1 is_stmt 0 view .LVU75
 492              		@ sp needed
 493 000a 7047     		bx	lr
 494              	.L43:
 495              		.align	2
 496              	.L42:
 497 000c 00ED00E0 		.word	-536810240
 498              		.cfi_endproc
 499              	.LFE502:
 501              		.section	.text.HAL_PWR_EnableSEVOnPend,"ax",%progbits
 502              		.align	1
 503              		.global	HAL_PWR_EnableSEVOnPend
 504              		.syntax unified
 505              		.code	16
 506              		.thumb_func
 508              	HAL_PWR_EnableSEVOnPend:
 509              	.LFB503:
 499:Drivers/STM32G0xx_HAL_Driver/Src/stm32g0xx_hal_pwr.c **** 
 500:Drivers/STM32G0xx_HAL_Driver/Src/stm32g0xx_hal_pwr.c **** 
 501:Drivers/STM32G0xx_HAL_Driver/Src/stm32g0xx_hal_pwr.c **** /**
 502:Drivers/STM32G0xx_HAL_Driver/Src/stm32g0xx_hal_pwr.c ****   * @brief  Enable Cortex Sev On Pending feature.
 503:Drivers/STM32G0xx_HAL_Driver/Src/stm32g0xx_hal_pwr.c ****   * @note   Set SEVONPEND bit of SCR register. When this bit is set, enabled
 504:Drivers/STM32G0xx_HAL_Driver/Src/stm32g0xx_hal_pwr.c ****   *         events and all interrupts, including disabled ones can wakeup
 505:Drivers/STM32G0xx_HAL_Driver/Src/stm32g0xx_hal_pwr.c ****   *         processor from WFE.
 506:Drivers/STM32G0xx_HAL_Driver/Src/stm32g0xx_hal_pwr.c ****   * @retval None
 507:Drivers/STM32G0xx_HAL_Driver/Src/stm32g0xx_hal_pwr.c ****   */
 508:Drivers/STM32G0xx_HAL_Driver/Src/stm32g0xx_hal_pwr.c **** void HAL_PWR_EnableSEVOnPend(void)
 509:Drivers/STM32G0xx_HAL_Driver/Src/stm32g0xx_hal_pwr.c **** {
 510              		.loc 1 509 1 is_stmt 1 view -0
 511              		.cfi_startproc
 512              		@ args = 0, pretend = 0, frame = 0
 513              		@ frame_needed = 0, uses_anonymous_args = 0
 514              		@ link register save eliminated.
 510:Drivers/STM32G0xx_HAL_Driver/Src/stm32g0xx_hal_pwr.c ****   /* Set SEVONPEND bit of Cortex System Control Register */
 511:Drivers/STM32G0xx_HAL_Driver/Src/stm32g0xx_hal_pwr.c ****   SET_BIT(SCB->SCR, ((uint32_t)SCB_SCR_SEVONPEND_Msk));
 515              		.loc 1 511 3 view .LVU77
 516 0000 024A     		ldr	r2, .L45
 517 0002 1369     		ldr	r3, [r2, #16]
 518 0004 1021     		movs	r1, #16
 519 0006 0B43     		orrs	r3, r1
 520 0008 1361     		str	r3, [r2, #16]
 512:Drivers/STM32G0xx_HAL_Driver/Src/stm32g0xx_hal_pwr.c **** }
 521              		.loc 1 512 1 is_stmt 0 view .LVU78
 522              		@ sp needed
 523 000a 7047     		bx	lr
ARM GAS  C:\Users\sante\AppData\Local\Temp\ccrdisCD.s 			page 19


 524              	.L46:
 525              		.align	2
 526              	.L45:
 527 000c 00ED00E0 		.word	-536810240
 528              		.cfi_endproc
 529              	.LFE503:
 531              		.section	.text.HAL_PWR_DisableSEVOnPend,"ax",%progbits
 532              		.align	1
 533              		.global	HAL_PWR_DisableSEVOnPend
 534              		.syntax unified
 535              		.code	16
 536              		.thumb_func
 538              	HAL_PWR_DisableSEVOnPend:
 539              	.LFB504:
 513:Drivers/STM32G0xx_HAL_Driver/Src/stm32g0xx_hal_pwr.c **** 
 514:Drivers/STM32G0xx_HAL_Driver/Src/stm32g0xx_hal_pwr.c **** 
 515:Drivers/STM32G0xx_HAL_Driver/Src/stm32g0xx_hal_pwr.c **** /**
 516:Drivers/STM32G0xx_HAL_Driver/Src/stm32g0xx_hal_pwr.c ****   * @brief  Disable Cortex Sev On Pending feature.
 517:Drivers/STM32G0xx_HAL_Driver/Src/stm32g0xx_hal_pwr.c ****   * @note   Clear SEVONPEND bit of SCR register. When this bit is clear, only
 518:Drivers/STM32G0xx_HAL_Driver/Src/stm32g0xx_hal_pwr.c ****   *         enable interrupts or events can wakeup processor from WFE
 519:Drivers/STM32G0xx_HAL_Driver/Src/stm32g0xx_hal_pwr.c ****   * @retval None
 520:Drivers/STM32G0xx_HAL_Driver/Src/stm32g0xx_hal_pwr.c ****   */
 521:Drivers/STM32G0xx_HAL_Driver/Src/stm32g0xx_hal_pwr.c **** void HAL_PWR_DisableSEVOnPend(void)
 522:Drivers/STM32G0xx_HAL_Driver/Src/stm32g0xx_hal_pwr.c **** {
 540              		.loc 1 522 1 is_stmt 1 view -0
 541              		.cfi_startproc
 542              		@ args = 0, pretend = 0, frame = 0
 543              		@ frame_needed = 0, uses_anonymous_args = 0
 544              		@ link register save eliminated.
 523:Drivers/STM32G0xx_HAL_Driver/Src/stm32g0xx_hal_pwr.c ****   /* Clear SEVONPEND bit of Cortex System Control Register */
 524:Drivers/STM32G0xx_HAL_Driver/Src/stm32g0xx_hal_pwr.c ****   CLEAR_BIT(SCB->SCR, ((uint32_t)SCB_SCR_SEVONPEND_Msk));
 545              		.loc 1 524 3 view .LVU80
 546 0000 024A     		ldr	r2, .L48
 547 0002 1369     		ldr	r3, [r2, #16]
 548 0004 1021     		movs	r1, #16
 549 0006 8B43     		bics	r3, r1
 550 0008 1361     		str	r3, [r2, #16]
 525:Drivers/STM32G0xx_HAL_Driver/Src/stm32g0xx_hal_pwr.c **** }
 551              		.loc 1 525 1 is_stmt 0 view .LVU81
 552              		@ sp needed
 553 000a 7047     		bx	lr
 554              	.L49:
 555              		.align	2
 556              	.L48:
 557 000c 00ED00E0 		.word	-536810240
 558              		.cfi_endproc
 559              	.LFE504:
 561              		.text
 562              	.Letext0:
 563              		.file 2 "C:/Users/sante/AppData/Roaming/Code/User/globalStorage/bmd.stm32-for-vscode/@xpack-dev-to
 564              		.file 3 "C:/Users/sante/AppData/Roaming/Code/User/globalStorage/bmd.stm32-for-vscode/@xpack-dev-to
 565              		.file 4 "Drivers/CMSIS/Include/core_cm0plus.h"
 566              		.file 5 "Drivers/CMSIS/Device/ST/STM32G0xx/Include/stm32g0b1xx.h"
 567              		.file 6 "Drivers/STM32G0xx_HAL_Driver/Inc/stm32g0xx_hal_def.h"
 568              		.file 7 "Drivers/STM32G0xx_HAL_Driver/Inc/stm32g0xx_ll_dma.h"
 569              		.file 8 "Drivers/STM32G0xx_HAL_Driver/Inc/stm32g0xx_hal_pwr_ex.h"
ARM GAS  C:\Users\sante\AppData\Local\Temp\ccrdisCD.s 			page 20


DEFINED SYMBOLS
                            *ABS*:00000000 stm32g0xx_hal_pwr.c
C:\Users\sante\AppData\Local\Temp\ccrdisCD.s:19     .text.HAL_PWR_DeInit:00000000 $t
C:\Users\sante\AppData\Local\Temp\ccrdisCD.s:25     .text.HAL_PWR_DeInit:00000000 HAL_PWR_DeInit
C:\Users\sante\AppData\Local\Temp\ccrdisCD.s:50     .text.HAL_PWR_DeInit:00000018 $d
C:\Users\sante\AppData\Local\Temp\ccrdisCD.s:56     .text.HAL_PWR_EnableBkUpAccess:00000000 $t
C:\Users\sante\AppData\Local\Temp\ccrdisCD.s:62     .text.HAL_PWR_EnableBkUpAccess:00000000 HAL_PWR_EnableBkUpAccess
C:\Users\sante\AppData\Local\Temp\ccrdisCD.s:82     .text.HAL_PWR_EnableBkUpAccess:00000010 $d
C:\Users\sante\AppData\Local\Temp\ccrdisCD.s:87     .text.HAL_PWR_DisableBkUpAccess:00000000 $t
C:\Users\sante\AppData\Local\Temp\ccrdisCD.s:93     .text.HAL_PWR_DisableBkUpAccess:00000000 HAL_PWR_DisableBkUpAccess
C:\Users\sante\AppData\Local\Temp\ccrdisCD.s:112    .text.HAL_PWR_DisableBkUpAccess:0000000c $d
C:\Users\sante\AppData\Local\Temp\ccrdisCD.s:118    .text.HAL_PWR_EnableWakeUpPin:00000000 $t
C:\Users\sante\AppData\Local\Temp\ccrdisCD.s:124    .text.HAL_PWR_EnableWakeUpPin:00000000 HAL_PWR_EnableWakeUpPin
C:\Users\sante\AppData\Local\Temp\ccrdisCD.s:154    .text.HAL_PWR_EnableWakeUpPin:00000018 $d
C:\Users\sante\AppData\Local\Temp\ccrdisCD.s:159    .text.HAL_PWR_DisableWakeUpPin:00000000 $t
C:\Users\sante\AppData\Local\Temp\ccrdisCD.s:165    .text.HAL_PWR_DisableWakeUpPin:00000000 HAL_PWR_DisableWakeUpPin
C:\Users\sante\AppData\Local\Temp\ccrdisCD.s:187    .text.HAL_PWR_DisableWakeUpPin:00000010 $d
C:\Users\sante\AppData\Local\Temp\ccrdisCD.s:192    .text.HAL_PWR_EnterSLEEPMode:00000000 $t
C:\Users\sante\AppData\Local\Temp\ccrdisCD.s:198    .text.HAL_PWR_EnterSLEEPMode:00000000 HAL_PWR_EnterSLEEPMode
C:\Users\sante\AppData\Local\Temp\ccrdisCD.s:293    .text.HAL_PWR_EnterSLEEPMode:00000044 $d
C:\Users\sante\AppData\Local\Temp\ccrdisCD.s:299    .text.HAL_PWR_EnterSTOPMode:00000000 $t
C:\Users\sante\AppData\Local\Temp\ccrdisCD.s:305    .text.HAL_PWR_EnterSTOPMode:00000000 HAL_PWR_EnterSTOPMode
C:\Users\sante\AppData\Local\Temp\ccrdisCD.s:390    .text.HAL_PWR_EnterSTOPMode:00000044 $d
C:\Users\sante\AppData\Local\Temp\ccrdisCD.s:396    .text.HAL_PWR_EnterSTANDBYMode:00000000 $t
C:\Users\sante\AppData\Local\Temp\ccrdisCD.s:402    .text.HAL_PWR_EnterSTANDBYMode:00000000 HAL_PWR_EnterSTANDBYMode
C:\Users\sante\AppData\Local\Temp\ccrdisCD.s:436    .text.HAL_PWR_EnterSTANDBYMode:0000001c $d
C:\Users\sante\AppData\Local\Temp\ccrdisCD.s:442    .text.HAL_PWR_EnableSleepOnExit:00000000 $t
C:\Users\sante\AppData\Local\Temp\ccrdisCD.s:448    .text.HAL_PWR_EnableSleepOnExit:00000000 HAL_PWR_EnableSleepOnExit
C:\Users\sante\AppData\Local\Temp\ccrdisCD.s:467    .text.HAL_PWR_EnableSleepOnExit:0000000c $d
C:\Users\sante\AppData\Local\Temp\ccrdisCD.s:472    .text.HAL_PWR_DisableSleepOnExit:00000000 $t
C:\Users\sante\AppData\Local\Temp\ccrdisCD.s:478    .text.HAL_PWR_DisableSleepOnExit:00000000 HAL_PWR_DisableSleepOnExit
C:\Users\sante\AppData\Local\Temp\ccrdisCD.s:497    .text.HAL_PWR_DisableSleepOnExit:0000000c $d
C:\Users\sante\AppData\Local\Temp\ccrdisCD.s:502    .text.HAL_PWR_EnableSEVOnPend:00000000 $t
C:\Users\sante\AppData\Local\Temp\ccrdisCD.s:508    .text.HAL_PWR_EnableSEVOnPend:00000000 HAL_PWR_EnableSEVOnPend
C:\Users\sante\AppData\Local\Temp\ccrdisCD.s:527    .text.HAL_PWR_EnableSEVOnPend:0000000c $d
C:\Users\sante\AppData\Local\Temp\ccrdisCD.s:532    .text.HAL_PWR_DisableSEVOnPend:00000000 $t
C:\Users\sante\AppData\Local\Temp\ccrdisCD.s:538    .text.HAL_PWR_DisableSEVOnPend:00000000 HAL_PWR_DisableSEVOnPend
C:\Users\sante\AppData\Local\Temp\ccrdisCD.s:557    .text.HAL_PWR_DisableSEVOnPend:0000000c $d

UNDEFINED SYMBOLS
HAL_PWREx_EnableLowPowerRunMode
HAL_PWREx_DisableLowPowerRunMode
