ARM GAS  /tmp/cc2tgUNe.s 			page 1


   1              		.cpu cortex-m0plus
   2              		.arch armv6s-m
   3              		.fpu softvfp
   4              		.eabi_attribute 20, 1
   5              		.eabi_attribute 21, 1
   6              		.eabi_attribute 23, 3
   7              		.eabi_attribute 24, 1
   8              		.eabi_attribute 25, 1
   9              		.eabi_attribute 26, 1
  10              		.eabi_attribute 30, 1
  11              		.eabi_attribute 34, 0
  12              		.eabi_attribute 18, 4
  13              		.file	"stm32c0xx_hal_msp.c"
  14              		.text
  15              	.Ltext0:
  16              		.cfi_sections	.debug_frame
  17              		.file 1 "Core/Src/stm32c0xx_hal_msp.c"
  18              		.section	.text.HAL_MspInit,"ax",%progbits
  19              		.align	1
  20              		.global	HAL_MspInit
  21              		.syntax unified
  22              		.code	16
  23              		.thumb_func
  25              	HAL_MspInit:
  26              	.LFB358:
   1:Core/Src/stm32c0xx_hal_msp.c **** /* USER CODE BEGIN Header */
   2:Core/Src/stm32c0xx_hal_msp.c **** /**
   3:Core/Src/stm32c0xx_hal_msp.c ****   ******************************************************************************
   4:Core/Src/stm32c0xx_hal_msp.c ****   * @file         stm32c0xx_hal_msp.c
   5:Core/Src/stm32c0xx_hal_msp.c ****   * @brief        This file provides code for the MSP Initialization
   6:Core/Src/stm32c0xx_hal_msp.c ****   *               and de-Initialization codes.
   7:Core/Src/stm32c0xx_hal_msp.c ****   ******************************************************************************
   8:Core/Src/stm32c0xx_hal_msp.c ****   * @attention
   9:Core/Src/stm32c0xx_hal_msp.c ****   *
  10:Core/Src/stm32c0xx_hal_msp.c ****   * Copyright (c) 2026 STMicroelectronics.
  11:Core/Src/stm32c0xx_hal_msp.c ****   * All rights reserved.
  12:Core/Src/stm32c0xx_hal_msp.c ****   *
  13:Core/Src/stm32c0xx_hal_msp.c ****   * This software is licensed under terms that can be found in the LICENSE file
  14:Core/Src/stm32c0xx_hal_msp.c ****   * in the root directory of this software component.
  15:Core/Src/stm32c0xx_hal_msp.c ****   * If no LICENSE file comes with this software, it is provided AS-IS.
  16:Core/Src/stm32c0xx_hal_msp.c ****   *
  17:Core/Src/stm32c0xx_hal_msp.c ****   ******************************************************************************
  18:Core/Src/stm32c0xx_hal_msp.c ****   */
  19:Core/Src/stm32c0xx_hal_msp.c **** /* USER CODE END Header */
  20:Core/Src/stm32c0xx_hal_msp.c **** 
  21:Core/Src/stm32c0xx_hal_msp.c **** /* Includes ------------------------------------------------------------------*/
  22:Core/Src/stm32c0xx_hal_msp.c **** #include "main.h"
  23:Core/Src/stm32c0xx_hal_msp.c **** /* USER CODE BEGIN Includes */
  24:Core/Src/stm32c0xx_hal_msp.c **** 
  25:Core/Src/stm32c0xx_hal_msp.c **** /* USER CODE END Includes */
  26:Core/Src/stm32c0xx_hal_msp.c **** extern DMA_HandleTypeDef hdma_adc1;
  27:Core/Src/stm32c0xx_hal_msp.c **** 
  28:Core/Src/stm32c0xx_hal_msp.c **** /* Private typedef -----------------------------------------------------------*/
  29:Core/Src/stm32c0xx_hal_msp.c **** /* USER CODE BEGIN TD */
  30:Core/Src/stm32c0xx_hal_msp.c **** 
  31:Core/Src/stm32c0xx_hal_msp.c **** /* USER CODE END TD */
  32:Core/Src/stm32c0xx_hal_msp.c **** 
ARM GAS  /tmp/cc2tgUNe.s 			page 2


  33:Core/Src/stm32c0xx_hal_msp.c **** /* Private define ------------------------------------------------------------*/
  34:Core/Src/stm32c0xx_hal_msp.c **** /* USER CODE BEGIN Define */
  35:Core/Src/stm32c0xx_hal_msp.c **** 
  36:Core/Src/stm32c0xx_hal_msp.c **** /* USER CODE END Define */
  37:Core/Src/stm32c0xx_hal_msp.c **** 
  38:Core/Src/stm32c0xx_hal_msp.c **** /* Private macro -------------------------------------------------------------*/
  39:Core/Src/stm32c0xx_hal_msp.c **** /* USER CODE BEGIN Macro */
  40:Core/Src/stm32c0xx_hal_msp.c **** 
  41:Core/Src/stm32c0xx_hal_msp.c **** /* USER CODE END Macro */
  42:Core/Src/stm32c0xx_hal_msp.c **** 
  43:Core/Src/stm32c0xx_hal_msp.c **** /* Private variables ---------------------------------------------------------*/
  44:Core/Src/stm32c0xx_hal_msp.c **** /* USER CODE BEGIN PV */
  45:Core/Src/stm32c0xx_hal_msp.c **** 
  46:Core/Src/stm32c0xx_hal_msp.c **** /* USER CODE END PV */
  47:Core/Src/stm32c0xx_hal_msp.c **** 
  48:Core/Src/stm32c0xx_hal_msp.c **** /* Private function prototypes -----------------------------------------------*/
  49:Core/Src/stm32c0xx_hal_msp.c **** /* USER CODE BEGIN PFP */
  50:Core/Src/stm32c0xx_hal_msp.c **** 
  51:Core/Src/stm32c0xx_hal_msp.c **** /* USER CODE END PFP */
  52:Core/Src/stm32c0xx_hal_msp.c **** 
  53:Core/Src/stm32c0xx_hal_msp.c **** /* External functions --------------------------------------------------------*/
  54:Core/Src/stm32c0xx_hal_msp.c **** /* USER CODE BEGIN ExternalFunctions */
  55:Core/Src/stm32c0xx_hal_msp.c **** 
  56:Core/Src/stm32c0xx_hal_msp.c **** /* USER CODE END ExternalFunctions */
  57:Core/Src/stm32c0xx_hal_msp.c **** 
  58:Core/Src/stm32c0xx_hal_msp.c **** /* USER CODE BEGIN 0 */
  59:Core/Src/stm32c0xx_hal_msp.c **** 
  60:Core/Src/stm32c0xx_hal_msp.c **** /* USER CODE END 0 */
  61:Core/Src/stm32c0xx_hal_msp.c **** /**
  62:Core/Src/stm32c0xx_hal_msp.c ****   * Initializes the Global MSP.
  63:Core/Src/stm32c0xx_hal_msp.c ****   */
  64:Core/Src/stm32c0xx_hal_msp.c **** void HAL_MspInit(void)
  65:Core/Src/stm32c0xx_hal_msp.c **** {
  27              		.loc 1 65 1 view -0
  28              		.cfi_startproc
  29              		@ args = 0, pretend = 0, frame = 8
  30              		@ frame_needed = 0, uses_anonymous_args = 0
  31              		@ link register save eliminated.
  32 0000 82B0     		sub	sp, sp, #8
  33              	.LCFI0:
  34              		.cfi_def_cfa_offset 8
  66:Core/Src/stm32c0xx_hal_msp.c **** 
  67:Core/Src/stm32c0xx_hal_msp.c ****   /* USER CODE BEGIN MspInit 0 */
  68:Core/Src/stm32c0xx_hal_msp.c **** 
  69:Core/Src/stm32c0xx_hal_msp.c ****   /* USER CODE END MspInit 0 */
  70:Core/Src/stm32c0xx_hal_msp.c **** 
  71:Core/Src/stm32c0xx_hal_msp.c ****   __HAL_RCC_SYSCFG_CLK_ENABLE();
  35              		.loc 1 71 3 view .LVU1
  36              	.LBB2:
  37              		.loc 1 71 3 view .LVU2
  38              		.loc 1 71 3 view .LVU3
  39 0002 0A4B     		ldr	r3, .L2
  40 0004 196C     		ldr	r1, [r3, #64]
  41 0006 0122     		movs	r2, #1
  42 0008 1143     		orrs	r1, r2
  43 000a 1964     		str	r1, [r3, #64]
  44              		.loc 1 71 3 view .LVU4
ARM GAS  /tmp/cc2tgUNe.s 			page 3


  45 000c 196C     		ldr	r1, [r3, #64]
  46 000e 0A40     		ands	r2, r1
  47 0010 0092     		str	r2, [sp]
  48              		.loc 1 71 3 view .LVU5
  49 0012 009A     		ldr	r2, [sp]
  50              	.LBE2:
  51              		.loc 1 71 3 view .LVU6
  72:Core/Src/stm32c0xx_hal_msp.c ****   __HAL_RCC_PWR_CLK_ENABLE();
  52              		.loc 1 72 3 view .LVU7
  53              	.LBB3:
  54              		.loc 1 72 3 view .LVU8
  55              		.loc 1 72 3 view .LVU9
  56 0014 DA6B     		ldr	r2, [r3, #60]
  57 0016 8021     		movs	r1, #128
  58 0018 4905     		lsls	r1, r1, #21
  59 001a 0A43     		orrs	r2, r1
  60 001c DA63     		str	r2, [r3, #60]
  61              		.loc 1 72 3 view .LVU10
  62 001e DB6B     		ldr	r3, [r3, #60]
  63 0020 0B40     		ands	r3, r1
  64 0022 0193     		str	r3, [sp, #4]
  65              		.loc 1 72 3 view .LVU11
  66 0024 019B     		ldr	r3, [sp, #4]
  67              	.LBE3:
  68              		.loc 1 72 3 view .LVU12
  73:Core/Src/stm32c0xx_hal_msp.c **** 
  74:Core/Src/stm32c0xx_hal_msp.c ****   /* System interrupt init*/
  75:Core/Src/stm32c0xx_hal_msp.c **** 
  76:Core/Src/stm32c0xx_hal_msp.c ****   /* USER CODE BEGIN MspInit 1 */
  77:Core/Src/stm32c0xx_hal_msp.c **** 
  78:Core/Src/stm32c0xx_hal_msp.c ****   /* USER CODE END MspInit 1 */
  79:Core/Src/stm32c0xx_hal_msp.c **** }
  69              		.loc 1 79 1 is_stmt 0 view .LVU13
  70 0026 02B0     		add	sp, sp, #8
  71              		@ sp needed
  72 0028 7047     		bx	lr
  73              	.L3:
  74 002a C046     		.align	2
  75              	.L2:
  76 002c 00100240 		.word	1073876992
  77              		.cfi_endproc
  78              	.LFE358:
  80              		.section	.text.HAL_ADC_MspInit,"ax",%progbits
  81              		.align	1
  82              		.global	HAL_ADC_MspInit
  83              		.syntax unified
  84              		.code	16
  85              		.thumb_func
  87              	HAL_ADC_MspInit:
  88              	.LVL0:
  89              	.LFB359:
  80:Core/Src/stm32c0xx_hal_msp.c **** 
  81:Core/Src/stm32c0xx_hal_msp.c **** /**
  82:Core/Src/stm32c0xx_hal_msp.c ****   * @brief ADC MSP Initialization
  83:Core/Src/stm32c0xx_hal_msp.c ****   * This function configures the hardware resources used in this example
  84:Core/Src/stm32c0xx_hal_msp.c ****   * @param hadc: ADC handle pointer
  85:Core/Src/stm32c0xx_hal_msp.c ****   * @retval None
ARM GAS  /tmp/cc2tgUNe.s 			page 4


  86:Core/Src/stm32c0xx_hal_msp.c ****   */
  87:Core/Src/stm32c0xx_hal_msp.c **** void HAL_ADC_MspInit(ADC_HandleTypeDef* hadc)
  88:Core/Src/stm32c0xx_hal_msp.c **** {
  90              		.loc 1 88 1 is_stmt 1 view -0
  91              		.cfi_startproc
  92              		@ args = 0, pretend = 0, frame = 64
  93              		@ frame_needed = 0, uses_anonymous_args = 0
  94              		.loc 1 88 1 is_stmt 0 view .LVU15
  95 0000 30B5     		push	{r4, r5, lr}
  96              	.LCFI1:
  97              		.cfi_def_cfa_offset 12
  98              		.cfi_offset 4, -12
  99              		.cfi_offset 5, -8
 100              		.cfi_offset 14, -4
 101 0002 91B0     		sub	sp, sp, #68
 102              	.LCFI2:
 103              		.cfi_def_cfa_offset 80
 104 0004 0400     		movs	r4, r0
  89:Core/Src/stm32c0xx_hal_msp.c ****   GPIO_InitTypeDef GPIO_InitStruct = {0};
 105              		.loc 1 89 3 is_stmt 1 view .LVU16
 106              		.loc 1 89 20 is_stmt 0 view .LVU17
 107 0006 1422     		movs	r2, #20
 108 0008 0021     		movs	r1, #0
 109 000a 0BA8     		add	r0, sp, #44
 110              	.LVL1:
 111              		.loc 1 89 20 view .LVU18
 112 000c FFF7FEFF 		bl	memset
 113              	.LVL2:
  90:Core/Src/stm32c0xx_hal_msp.c ****   RCC_PeriphCLKInitTypeDef PeriphClkInit = {0};
 114              		.loc 1 90 3 is_stmt 1 view .LVU19
 115              		.loc 1 90 28 is_stmt 0 view .LVU20
 116 0010 2022     		movs	r2, #32
 117 0012 0021     		movs	r1, #0
 118 0014 03A8     		add	r0, sp, #12
 119 0016 FFF7FEFF 		bl	memset
 120              	.LVL3:
  91:Core/Src/stm32c0xx_hal_msp.c ****   if(hadc->Instance==ADC1)
 121              		.loc 1 91 3 is_stmt 1 view .LVU21
 122              		.loc 1 91 10 is_stmt 0 view .LVU22
 123 001a 2268     		ldr	r2, [r4]
 124              		.loc 1 91 5 view .LVU23
 125 001c 234B     		ldr	r3, .L11
 126 001e 9A42     		cmp	r2, r3
 127 0020 01D0     		beq	.L8
 128              	.L4:
  92:Core/Src/stm32c0xx_hal_msp.c ****   {
  93:Core/Src/stm32c0xx_hal_msp.c ****     /* USER CODE BEGIN ADC1_MspInit 0 */
  94:Core/Src/stm32c0xx_hal_msp.c **** 
  95:Core/Src/stm32c0xx_hal_msp.c ****     /* USER CODE END ADC1_MspInit 0 */
  96:Core/Src/stm32c0xx_hal_msp.c **** 
  97:Core/Src/stm32c0xx_hal_msp.c ****   /** Initializes the peripherals clocks
  98:Core/Src/stm32c0xx_hal_msp.c ****   */
  99:Core/Src/stm32c0xx_hal_msp.c ****     PeriphClkInit.PeriphClockSelection = RCC_PERIPHCLK_ADC;
 100:Core/Src/stm32c0xx_hal_msp.c ****     PeriphClkInit.AdcClockSelection = RCC_ADCCLKSOURCE_SYSCLK;
 101:Core/Src/stm32c0xx_hal_msp.c ****     if (HAL_RCCEx_PeriphCLKConfig(&PeriphClkInit) != HAL_OK)
 102:Core/Src/stm32c0xx_hal_msp.c ****     {
 103:Core/Src/stm32c0xx_hal_msp.c ****       Error_Handler();
ARM GAS  /tmp/cc2tgUNe.s 			page 5


 104:Core/Src/stm32c0xx_hal_msp.c ****     }
 105:Core/Src/stm32c0xx_hal_msp.c **** 
 106:Core/Src/stm32c0xx_hal_msp.c ****     /* Peripheral clock enable */
 107:Core/Src/stm32c0xx_hal_msp.c ****     __HAL_RCC_ADC_CLK_ENABLE();
 108:Core/Src/stm32c0xx_hal_msp.c **** 
 109:Core/Src/stm32c0xx_hal_msp.c ****     __HAL_RCC_GPIOA_CLK_ENABLE();
 110:Core/Src/stm32c0xx_hal_msp.c ****     /**ADC1 GPIO Configuration
 111:Core/Src/stm32c0xx_hal_msp.c ****     PA0     ------> ADC1_IN0
 112:Core/Src/stm32c0xx_hal_msp.c ****     */
 113:Core/Src/stm32c0xx_hal_msp.c ****     GPIO_InitStruct.Pin = GPIO_PIN_0;
 114:Core/Src/stm32c0xx_hal_msp.c ****     GPIO_InitStruct.Mode = GPIO_MODE_ANALOG;
 115:Core/Src/stm32c0xx_hal_msp.c ****     GPIO_InitStruct.Pull = GPIO_NOPULL;
 116:Core/Src/stm32c0xx_hal_msp.c ****     HAL_GPIO_Init(GPIOA, &GPIO_InitStruct);
 117:Core/Src/stm32c0xx_hal_msp.c **** 
 118:Core/Src/stm32c0xx_hal_msp.c ****     /* ADC1 DMA Init */
 119:Core/Src/stm32c0xx_hal_msp.c ****     /* ADC1 Init */
 120:Core/Src/stm32c0xx_hal_msp.c ****     hdma_adc1.Instance = DMA1_Channel1;
 121:Core/Src/stm32c0xx_hal_msp.c ****     hdma_adc1.Init.Request = DMA_REQUEST_ADC1;
 122:Core/Src/stm32c0xx_hal_msp.c ****     hdma_adc1.Init.Direction = DMA_PERIPH_TO_MEMORY;
 123:Core/Src/stm32c0xx_hal_msp.c ****     hdma_adc1.Init.PeriphInc = DMA_PINC_DISABLE;
 124:Core/Src/stm32c0xx_hal_msp.c ****     hdma_adc1.Init.MemInc = DMA_MINC_ENABLE;
 125:Core/Src/stm32c0xx_hal_msp.c ****     hdma_adc1.Init.PeriphDataAlignment = DMA_PDATAALIGN_HALFWORD;
 126:Core/Src/stm32c0xx_hal_msp.c ****     hdma_adc1.Init.MemDataAlignment = DMA_MDATAALIGN_HALFWORD;
 127:Core/Src/stm32c0xx_hal_msp.c ****     hdma_adc1.Init.Mode = DMA_CIRCULAR;
 128:Core/Src/stm32c0xx_hal_msp.c ****     hdma_adc1.Init.Priority = DMA_PRIORITY_LOW;
 129:Core/Src/stm32c0xx_hal_msp.c ****     if (HAL_DMA_Init(&hdma_adc1) != HAL_OK)
 130:Core/Src/stm32c0xx_hal_msp.c ****     {
 131:Core/Src/stm32c0xx_hal_msp.c ****       Error_Handler();
 132:Core/Src/stm32c0xx_hal_msp.c ****     }
 133:Core/Src/stm32c0xx_hal_msp.c **** 
 134:Core/Src/stm32c0xx_hal_msp.c ****     __HAL_LINKDMA(hadc,DMA_Handle,hdma_adc1);
 135:Core/Src/stm32c0xx_hal_msp.c **** 
 136:Core/Src/stm32c0xx_hal_msp.c ****     /* USER CODE BEGIN ADC1_MspInit 1 */
 137:Core/Src/stm32c0xx_hal_msp.c **** 
 138:Core/Src/stm32c0xx_hal_msp.c ****     /* USER CODE END ADC1_MspInit 1 */
 139:Core/Src/stm32c0xx_hal_msp.c **** 
 140:Core/Src/stm32c0xx_hal_msp.c ****   }
 141:Core/Src/stm32c0xx_hal_msp.c **** 
 142:Core/Src/stm32c0xx_hal_msp.c **** }
 129              		.loc 1 142 1 view .LVU24
 130 0022 11B0     		add	sp, sp, #68
 131              		@ sp needed
 132              	.LVL4:
 133              		.loc 1 142 1 view .LVU25
 134 0024 30BD     		pop	{r4, r5, pc}
 135              	.LVL5:
 136              	.L8:
  99:Core/Src/stm32c0xx_hal_msp.c ****     PeriphClkInit.AdcClockSelection = RCC_ADCCLKSOURCE_SYSCLK;
 137              		.loc 1 99 5 is_stmt 1 view .LVU26
  99:Core/Src/stm32c0xx_hal_msp.c ****     PeriphClkInit.AdcClockSelection = RCC_ADCCLKSOURCE_SYSCLK;
 138              		.loc 1 99 40 is_stmt 0 view .LVU27
 139 0026 2023     		movs	r3, #32
 140 0028 0393     		str	r3, [sp, #12]
 100:Core/Src/stm32c0xx_hal_msp.c ****     if (HAL_RCCEx_PeriphCLKConfig(&PeriphClkInit) != HAL_OK)
 141              		.loc 1 100 5 is_stmt 1 view .LVU28
 101:Core/Src/stm32c0xx_hal_msp.c ****     {
 142              		.loc 1 101 5 view .LVU29
ARM GAS  /tmp/cc2tgUNe.s 			page 6


 101:Core/Src/stm32c0xx_hal_msp.c ****     {
 143              		.loc 1 101 9 is_stmt 0 view .LVU30
 144 002a 03A8     		add	r0, sp, #12
 145 002c FFF7FEFF 		bl	HAL_RCCEx_PeriphCLKConfig
 146              	.LVL6:
 101:Core/Src/stm32c0xx_hal_msp.c ****     {
 147              		.loc 1 101 8 discriminator 1 view .LVU31
 148 0030 0028     		cmp	r0, #0
 149 0032 34D1     		bne	.L9
 150              	.L6:
 107:Core/Src/stm32c0xx_hal_msp.c **** 
 151              		.loc 1 107 5 is_stmt 1 view .LVU32
 152              	.LBB4:
 107:Core/Src/stm32c0xx_hal_msp.c **** 
 153              		.loc 1 107 5 view .LVU33
 107:Core/Src/stm32c0xx_hal_msp.c **** 
 154              		.loc 1 107 5 view .LVU34
 155 0034 1E4B     		ldr	r3, .L11+4
 156 0036 1A6C     		ldr	r2, [r3, #64]
 157 0038 8021     		movs	r1, #128
 158 003a 4903     		lsls	r1, r1, #13
 159 003c 0A43     		orrs	r2, r1
 160 003e 1A64     		str	r2, [r3, #64]
 107:Core/Src/stm32c0xx_hal_msp.c **** 
 161              		.loc 1 107 5 view .LVU35
 162 0040 1A6C     		ldr	r2, [r3, #64]
 163 0042 0A40     		ands	r2, r1
 164 0044 0192     		str	r2, [sp, #4]
 107:Core/Src/stm32c0xx_hal_msp.c **** 
 165              		.loc 1 107 5 view .LVU36
 166 0046 019A     		ldr	r2, [sp, #4]
 167              	.LBE4:
 107:Core/Src/stm32c0xx_hal_msp.c **** 
 168              		.loc 1 107 5 view .LVU37
 109:Core/Src/stm32c0xx_hal_msp.c ****     /**ADC1 GPIO Configuration
 169              		.loc 1 109 5 view .LVU38
 170              	.LBB5:
 109:Core/Src/stm32c0xx_hal_msp.c ****     /**ADC1 GPIO Configuration
 171              		.loc 1 109 5 view .LVU39
 109:Core/Src/stm32c0xx_hal_msp.c ****     /**ADC1 GPIO Configuration
 172              		.loc 1 109 5 view .LVU40
 173 0048 596B     		ldr	r1, [r3, #52]
 174 004a 0122     		movs	r2, #1
 175 004c 1143     		orrs	r1, r2
 176 004e 5963     		str	r1, [r3, #52]
 109:Core/Src/stm32c0xx_hal_msp.c ****     /**ADC1 GPIO Configuration
 177              		.loc 1 109 5 view .LVU41
 178 0050 5B6B     		ldr	r3, [r3, #52]
 179 0052 1340     		ands	r3, r2
 180 0054 0293     		str	r3, [sp, #8]
 109:Core/Src/stm32c0xx_hal_msp.c ****     /**ADC1 GPIO Configuration
 181              		.loc 1 109 5 view .LVU42
 182 0056 029B     		ldr	r3, [sp, #8]
 183              	.LBE5:
 109:Core/Src/stm32c0xx_hal_msp.c ****     /**ADC1 GPIO Configuration
 184              		.loc 1 109 5 view .LVU43
 113:Core/Src/stm32c0xx_hal_msp.c ****     GPIO_InitStruct.Mode = GPIO_MODE_ANALOG;
ARM GAS  /tmp/cc2tgUNe.s 			page 7


 185              		.loc 1 113 5 view .LVU44
 113:Core/Src/stm32c0xx_hal_msp.c ****     GPIO_InitStruct.Mode = GPIO_MODE_ANALOG;
 186              		.loc 1 113 25 is_stmt 0 view .LVU45
 187 0058 0BA9     		add	r1, sp, #44
 188 005a 0B92     		str	r2, [sp, #44]
 114:Core/Src/stm32c0xx_hal_msp.c ****     GPIO_InitStruct.Pull = GPIO_NOPULL;
 189              		.loc 1 114 5 is_stmt 1 view .LVU46
 114:Core/Src/stm32c0xx_hal_msp.c ****     GPIO_InitStruct.Pull = GPIO_NOPULL;
 190              		.loc 1 114 26 is_stmt 0 view .LVU47
 191 005c 0323     		movs	r3, #3
 192 005e 4B60     		str	r3, [r1, #4]
 115:Core/Src/stm32c0xx_hal_msp.c ****     HAL_GPIO_Init(GPIOA, &GPIO_InitStruct);
 193              		.loc 1 115 5 is_stmt 1 view .LVU48
 115:Core/Src/stm32c0xx_hal_msp.c ****     HAL_GPIO_Init(GPIOA, &GPIO_InitStruct);
 194              		.loc 1 115 26 is_stmt 0 view .LVU49
 195 0060 0025     		movs	r5, #0
 196 0062 8D60     		str	r5, [r1, #8]
 116:Core/Src/stm32c0xx_hal_msp.c **** 
 197              		.loc 1 116 5 is_stmt 1 view .LVU50
 198 0064 A020     		movs	r0, #160
 199 0066 C005     		lsls	r0, r0, #23
 200 0068 FFF7FEFF 		bl	HAL_GPIO_Init
 201              	.LVL7:
 120:Core/Src/stm32c0xx_hal_msp.c ****     hdma_adc1.Init.Request = DMA_REQUEST_ADC1;
 202              		.loc 1 120 5 view .LVU51
 120:Core/Src/stm32c0xx_hal_msp.c ****     hdma_adc1.Init.Request = DMA_REQUEST_ADC1;
 203              		.loc 1 120 24 is_stmt 0 view .LVU52
 204 006c 1148     		ldr	r0, .L11+8
 205 006e 124B     		ldr	r3, .L11+12
 206 0070 0360     		str	r3, [r0]
 121:Core/Src/stm32c0xx_hal_msp.c ****     hdma_adc1.Init.Direction = DMA_PERIPH_TO_MEMORY;
 207              		.loc 1 121 5 is_stmt 1 view .LVU53
 121:Core/Src/stm32c0xx_hal_msp.c ****     hdma_adc1.Init.Direction = DMA_PERIPH_TO_MEMORY;
 208              		.loc 1 121 28 is_stmt 0 view .LVU54
 209 0072 0523     		movs	r3, #5
 210 0074 4360     		str	r3, [r0, #4]
 122:Core/Src/stm32c0xx_hal_msp.c ****     hdma_adc1.Init.PeriphInc = DMA_PINC_DISABLE;
 211              		.loc 1 122 5 is_stmt 1 view .LVU55
 122:Core/Src/stm32c0xx_hal_msp.c ****     hdma_adc1.Init.PeriphInc = DMA_PINC_DISABLE;
 212              		.loc 1 122 30 is_stmt 0 view .LVU56
 213 0076 8560     		str	r5, [r0, #8]
 123:Core/Src/stm32c0xx_hal_msp.c ****     hdma_adc1.Init.MemInc = DMA_MINC_ENABLE;
 214              		.loc 1 123 5 is_stmt 1 view .LVU57
 123:Core/Src/stm32c0xx_hal_msp.c ****     hdma_adc1.Init.MemInc = DMA_MINC_ENABLE;
 215              		.loc 1 123 30 is_stmt 0 view .LVU58
 216 0078 C560     		str	r5, [r0, #12]
 124:Core/Src/stm32c0xx_hal_msp.c ****     hdma_adc1.Init.PeriphDataAlignment = DMA_PDATAALIGN_HALFWORD;
 217              		.loc 1 124 5 is_stmt 1 view .LVU59
 124:Core/Src/stm32c0xx_hal_msp.c ****     hdma_adc1.Init.PeriphDataAlignment = DMA_PDATAALIGN_HALFWORD;
 218              		.loc 1 124 27 is_stmt 0 view .LVU60
 219 007a 7B33     		adds	r3, r3, #123
 220 007c 0361     		str	r3, [r0, #16]
 125:Core/Src/stm32c0xx_hal_msp.c ****     hdma_adc1.Init.MemDataAlignment = DMA_MDATAALIGN_HALFWORD;
 221              		.loc 1 125 5 is_stmt 1 view .LVU61
 125:Core/Src/stm32c0xx_hal_msp.c ****     hdma_adc1.Init.MemDataAlignment = DMA_MDATAALIGN_HALFWORD;
 222              		.loc 1 125 40 is_stmt 0 view .LVU62
 223 007e 8033     		adds	r3, r3, #128
ARM GAS  /tmp/cc2tgUNe.s 			page 8


 224 0080 4361     		str	r3, [r0, #20]
 126:Core/Src/stm32c0xx_hal_msp.c ****     hdma_adc1.Init.Mode = DMA_CIRCULAR;
 225              		.loc 1 126 5 is_stmt 1 view .LVU63
 126:Core/Src/stm32c0xx_hal_msp.c ****     hdma_adc1.Init.Mode = DMA_CIRCULAR;
 226              		.loc 1 126 37 is_stmt 0 view .LVU64
 227 0082 8023     		movs	r3, #128
 228 0084 DB00     		lsls	r3, r3, #3
 229 0086 8361     		str	r3, [r0, #24]
 127:Core/Src/stm32c0xx_hal_msp.c ****     hdma_adc1.Init.Priority = DMA_PRIORITY_LOW;
 230              		.loc 1 127 5 is_stmt 1 view .LVU65
 127:Core/Src/stm32c0xx_hal_msp.c ****     hdma_adc1.Init.Priority = DMA_PRIORITY_LOW;
 231              		.loc 1 127 25 is_stmt 0 view .LVU66
 232 0088 2023     		movs	r3, #32
 233 008a C361     		str	r3, [r0, #28]
 128:Core/Src/stm32c0xx_hal_msp.c ****     if (HAL_DMA_Init(&hdma_adc1) != HAL_OK)
 234              		.loc 1 128 5 is_stmt 1 view .LVU67
 128:Core/Src/stm32c0xx_hal_msp.c ****     if (HAL_DMA_Init(&hdma_adc1) != HAL_OK)
 235              		.loc 1 128 29 is_stmt 0 view .LVU68
 236 008c 0562     		str	r5, [r0, #32]
 129:Core/Src/stm32c0xx_hal_msp.c ****     {
 237              		.loc 1 129 5 is_stmt 1 view .LVU69
 129:Core/Src/stm32c0xx_hal_msp.c ****     {
 238              		.loc 1 129 9 is_stmt 0 view .LVU70
 239 008e FFF7FEFF 		bl	HAL_DMA_Init
 240              	.LVL8:
 129:Core/Src/stm32c0xx_hal_msp.c ****     {
 241              		.loc 1 129 8 discriminator 1 view .LVU71
 242 0092 0028     		cmp	r0, #0
 243 0094 06D1     		bne	.L10
 244              	.L7:
 134:Core/Src/stm32c0xx_hal_msp.c **** 
 245              		.loc 1 134 5 is_stmt 1 view .LVU72
 134:Core/Src/stm32c0xx_hal_msp.c **** 
 246              		.loc 1 134 5 view .LVU73
 247 0096 074B     		ldr	r3, .L11+8
 248 0098 2365     		str	r3, [r4, #80]
 134:Core/Src/stm32c0xx_hal_msp.c **** 
 249              		.loc 1 134 5 view .LVU74
 250 009a 9C62     		str	r4, [r3, #40]
 134:Core/Src/stm32c0xx_hal_msp.c **** 
 251              		.loc 1 134 5 discriminator 1 view .LVU75
 252              		.loc 1 142 1 is_stmt 0 view .LVU76
 253 009c C1E7     		b	.L4
 254              	.L9:
 103:Core/Src/stm32c0xx_hal_msp.c ****     }
 255              		.loc 1 103 7 is_stmt 1 view .LVU77
 256 009e FFF7FEFF 		bl	Error_Handler
 257              	.LVL9:
 258 00a2 C7E7     		b	.L6
 259              	.L10:
 131:Core/Src/stm32c0xx_hal_msp.c ****     }
 260              		.loc 1 131 7 view .LVU78
 261 00a4 FFF7FEFF 		bl	Error_Handler
 262              	.LVL10:
 263 00a8 F5E7     		b	.L7
 264              	.L12:
 265 00aa C046     		.align	2
ARM GAS  /tmp/cc2tgUNe.s 			page 9


 266              	.L11:
 267 00ac 00240140 		.word	1073816576
 268 00b0 00100240 		.word	1073876992
 269 00b4 00000000 		.word	hdma_adc1
 270 00b8 08000240 		.word	1073872904
 271              		.cfi_endproc
 272              	.LFE359:
 274              		.section	.text.HAL_ADC_MspDeInit,"ax",%progbits
 275              		.align	1
 276              		.global	HAL_ADC_MspDeInit
 277              		.syntax unified
 278              		.code	16
 279              		.thumb_func
 281              	HAL_ADC_MspDeInit:
 282              	.LVL11:
 283              	.LFB360:
 143:Core/Src/stm32c0xx_hal_msp.c **** 
 144:Core/Src/stm32c0xx_hal_msp.c **** /**
 145:Core/Src/stm32c0xx_hal_msp.c ****   * @brief ADC MSP De-Initialization
 146:Core/Src/stm32c0xx_hal_msp.c ****   * This function freeze the hardware resources used in this example
 147:Core/Src/stm32c0xx_hal_msp.c ****   * @param hadc: ADC handle pointer
 148:Core/Src/stm32c0xx_hal_msp.c ****   * @retval None
 149:Core/Src/stm32c0xx_hal_msp.c ****   */
 150:Core/Src/stm32c0xx_hal_msp.c **** void HAL_ADC_MspDeInit(ADC_HandleTypeDef* hadc)
 151:Core/Src/stm32c0xx_hal_msp.c **** {
 284              		.loc 1 151 1 view -0
 285              		.cfi_startproc
 286              		@ args = 0, pretend = 0, frame = 0
 287              		@ frame_needed = 0, uses_anonymous_args = 0
 288              		.loc 1 151 1 is_stmt 0 view .LVU80
 289 0000 10B5     		push	{r4, lr}
 290              	.LCFI3:
 291              		.cfi_def_cfa_offset 8
 292              		.cfi_offset 4, -8
 293              		.cfi_offset 14, -4
 294 0002 0400     		movs	r4, r0
 152:Core/Src/stm32c0xx_hal_msp.c ****   if(hadc->Instance==ADC1)
 295              		.loc 1 152 3 is_stmt 1 view .LVU81
 296              		.loc 1 152 10 is_stmt 0 view .LVU82
 297 0004 0268     		ldr	r2, [r0]
 298              		.loc 1 152 5 view .LVU83
 299 0006 094B     		ldr	r3, .L16
 300 0008 9A42     		cmp	r2, r3
 301 000a 00D0     		beq	.L15
 302              	.LVL12:
 303              	.L13:
 153:Core/Src/stm32c0xx_hal_msp.c ****   {
 154:Core/Src/stm32c0xx_hal_msp.c ****     /* USER CODE BEGIN ADC1_MspDeInit 0 */
 155:Core/Src/stm32c0xx_hal_msp.c **** 
 156:Core/Src/stm32c0xx_hal_msp.c ****     /* USER CODE END ADC1_MspDeInit 0 */
 157:Core/Src/stm32c0xx_hal_msp.c ****     /* Peripheral clock disable */
 158:Core/Src/stm32c0xx_hal_msp.c ****     __HAL_RCC_ADC_CLK_DISABLE();
 159:Core/Src/stm32c0xx_hal_msp.c **** 
 160:Core/Src/stm32c0xx_hal_msp.c ****     /**ADC1 GPIO Configuration
 161:Core/Src/stm32c0xx_hal_msp.c ****     PA0     ------> ADC1_IN0
 162:Core/Src/stm32c0xx_hal_msp.c ****     */
 163:Core/Src/stm32c0xx_hal_msp.c ****     HAL_GPIO_DeInit(GPIOA, GPIO_PIN_0);
ARM GAS  /tmp/cc2tgUNe.s 			page 10


 164:Core/Src/stm32c0xx_hal_msp.c **** 
 165:Core/Src/stm32c0xx_hal_msp.c ****     /* ADC1 DMA DeInit */
 166:Core/Src/stm32c0xx_hal_msp.c ****     HAL_DMA_DeInit(hadc->DMA_Handle);
 167:Core/Src/stm32c0xx_hal_msp.c ****     /* USER CODE BEGIN ADC1_MspDeInit 1 */
 168:Core/Src/stm32c0xx_hal_msp.c **** 
 169:Core/Src/stm32c0xx_hal_msp.c ****     /* USER CODE END ADC1_MspDeInit 1 */
 170:Core/Src/stm32c0xx_hal_msp.c ****   }
 171:Core/Src/stm32c0xx_hal_msp.c **** 
 172:Core/Src/stm32c0xx_hal_msp.c **** }
 304              		.loc 1 172 1 view .LVU84
 305              		@ sp needed
 306              	.LVL13:
 307              		.loc 1 172 1 view .LVU85
 308 000c 10BD     		pop	{r4, pc}
 309              	.LVL14:
 310              	.L15:
 158:Core/Src/stm32c0xx_hal_msp.c **** 
 311              		.loc 1 158 5 is_stmt 1 view .LVU86
 312 000e 084A     		ldr	r2, .L16+4
 313 0010 136C     		ldr	r3, [r2, #64]
 314 0012 0849     		ldr	r1, .L16+8
 315 0014 0B40     		ands	r3, r1
 316 0016 1364     		str	r3, [r2, #64]
 163:Core/Src/stm32c0xx_hal_msp.c **** 
 317              		.loc 1 163 5 view .LVU87
 318 0018 A020     		movs	r0, #160
 319              	.LVL15:
 163:Core/Src/stm32c0xx_hal_msp.c **** 
 320              		.loc 1 163 5 is_stmt 0 view .LVU88
 321 001a 0121     		movs	r1, #1
 322 001c C005     		lsls	r0, r0, #23
 323 001e FFF7FEFF 		bl	HAL_GPIO_DeInit
 324              	.LVL16:
 166:Core/Src/stm32c0xx_hal_msp.c ****     /* USER CODE BEGIN ADC1_MspDeInit 1 */
 325              		.loc 1 166 5 is_stmt 1 view .LVU89
 326 0022 206D     		ldr	r0, [r4, #80]
 327 0024 FFF7FEFF 		bl	HAL_DMA_DeInit
 328              	.LVL17:
 329              		.loc 1 172 1 is_stmt 0 view .LVU90
 330 0028 F0E7     		b	.L13
 331              	.L17:
 332 002a C046     		.align	2
 333              	.L16:
 334 002c 00240140 		.word	1073816576
 335 0030 00100240 		.word	1073876992
 336 0034 FFFFEFFF 		.word	-1048577
 337              		.cfi_endproc
 338              	.LFE360:
 340              		.section	.text.HAL_FDCAN_MspInit,"ax",%progbits
 341              		.align	1
 342              		.global	HAL_FDCAN_MspInit
 343              		.syntax unified
 344              		.code	16
 345              		.thumb_func
 347              	HAL_FDCAN_MspInit:
 348              	.LVL18:
 349              	.LFB361:
ARM GAS  /tmp/cc2tgUNe.s 			page 11


 173:Core/Src/stm32c0xx_hal_msp.c **** 
 174:Core/Src/stm32c0xx_hal_msp.c **** /**
 175:Core/Src/stm32c0xx_hal_msp.c ****   * @brief FDCAN MSP Initialization
 176:Core/Src/stm32c0xx_hal_msp.c ****   * This function configures the hardware resources used in this example
 177:Core/Src/stm32c0xx_hal_msp.c ****   * @param hfdcan: FDCAN handle pointer
 178:Core/Src/stm32c0xx_hal_msp.c ****   * @retval None
 179:Core/Src/stm32c0xx_hal_msp.c ****   */
 180:Core/Src/stm32c0xx_hal_msp.c **** void HAL_FDCAN_MspInit(FDCAN_HandleTypeDef* hfdcan)
 181:Core/Src/stm32c0xx_hal_msp.c **** {
 350              		.loc 1 181 1 is_stmt 1 view -0
 351              		.cfi_startproc
 352              		@ args = 0, pretend = 0, frame = 64
 353              		@ frame_needed = 0, uses_anonymous_args = 0
 354              		.loc 1 181 1 is_stmt 0 view .LVU92
 355 0000 F0B5     		push	{r4, r5, r6, r7, lr}
 356              	.LCFI4:
 357              		.cfi_def_cfa_offset 20
 358              		.cfi_offset 4, -20
 359              		.cfi_offset 5, -16
 360              		.cfi_offset 6, -12
 361              		.cfi_offset 7, -8
 362              		.cfi_offset 14, -4
 363 0002 91B0     		sub	sp, sp, #68
 364              	.LCFI5:
 365              		.cfi_def_cfa_offset 88
 366 0004 0400     		movs	r4, r0
 182:Core/Src/stm32c0xx_hal_msp.c ****   GPIO_InitTypeDef GPIO_InitStruct = {0};
 367              		.loc 1 182 3 is_stmt 1 view .LVU93
 368              		.loc 1 182 20 is_stmt 0 view .LVU94
 369 0006 1422     		movs	r2, #20
 370 0008 0021     		movs	r1, #0
 371 000a 0BA8     		add	r0, sp, #44
 372              	.LVL19:
 373              		.loc 1 182 20 view .LVU95
 374 000c FFF7FEFF 		bl	memset
 375              	.LVL20:
 183:Core/Src/stm32c0xx_hal_msp.c ****   RCC_PeriphCLKInitTypeDef PeriphClkInit = {0};
 376              		.loc 1 183 3 is_stmt 1 view .LVU96
 377              		.loc 1 183 28 is_stmt 0 view .LVU97
 378 0010 2022     		movs	r2, #32
 379 0012 0021     		movs	r1, #0
 380 0014 03A8     		add	r0, sp, #12
 381 0016 FFF7FEFF 		bl	memset
 382              	.LVL21:
 184:Core/Src/stm32c0xx_hal_msp.c ****   if(hfdcan->Instance==FDCAN1)
 383              		.loc 1 184 3 is_stmt 1 view .LVU98
 384              		.loc 1 184 12 is_stmt 0 view .LVU99
 385 001a 2268     		ldr	r2, [r4]
 386              		.loc 1 184 5 view .LVU100
 387 001c 214B     		ldr	r3, .L23
 388 001e 9A42     		cmp	r2, r3
 389 0020 01D0     		beq	.L21
 390              	.LVL22:
 391              	.L18:
 185:Core/Src/stm32c0xx_hal_msp.c ****   {
 186:Core/Src/stm32c0xx_hal_msp.c ****     /* USER CODE BEGIN FDCAN1_MspInit 0 */
 187:Core/Src/stm32c0xx_hal_msp.c **** 
ARM GAS  /tmp/cc2tgUNe.s 			page 12


 188:Core/Src/stm32c0xx_hal_msp.c ****     /* USER CODE END FDCAN1_MspInit 0 */
 189:Core/Src/stm32c0xx_hal_msp.c **** 
 190:Core/Src/stm32c0xx_hal_msp.c ****   /** Initializes the peripherals clocks
 191:Core/Src/stm32c0xx_hal_msp.c ****   */
 192:Core/Src/stm32c0xx_hal_msp.c ****     PeriphClkInit.PeriphClockSelection = RCC_PERIPHCLK_FDCAN1;
 193:Core/Src/stm32c0xx_hal_msp.c ****     PeriphClkInit.Fdcan1ClockSelection = RCC_FDCAN1CLKSOURCE_HSIKER;
 194:Core/Src/stm32c0xx_hal_msp.c ****     if (HAL_RCCEx_PeriphCLKConfig(&PeriphClkInit) != HAL_OK)
 195:Core/Src/stm32c0xx_hal_msp.c ****     {
 196:Core/Src/stm32c0xx_hal_msp.c ****       Error_Handler();
 197:Core/Src/stm32c0xx_hal_msp.c ****     }
 198:Core/Src/stm32c0xx_hal_msp.c **** 
 199:Core/Src/stm32c0xx_hal_msp.c ****     /* Peripheral clock enable */
 200:Core/Src/stm32c0xx_hal_msp.c ****     __HAL_RCC_FDCAN1_CLK_ENABLE();
 201:Core/Src/stm32c0xx_hal_msp.c **** 
 202:Core/Src/stm32c0xx_hal_msp.c ****     __HAL_RCC_GPIOA_CLK_ENABLE();
 203:Core/Src/stm32c0xx_hal_msp.c ****     __HAL_RCC_GPIOB_CLK_ENABLE();
 204:Core/Src/stm32c0xx_hal_msp.c ****     /**FDCAN1 GPIO Configuration
 205:Core/Src/stm32c0xx_hal_msp.c ****     PA12 [PA10]     ------> FDCAN1_TX
 206:Core/Src/stm32c0xx_hal_msp.c ****     PB5     ------> FDCAN1_RX
 207:Core/Src/stm32c0xx_hal_msp.c ****     */
 208:Core/Src/stm32c0xx_hal_msp.c ****     GPIO_InitStruct.Pin = GPIO_PIN_12;
 209:Core/Src/stm32c0xx_hal_msp.c ****     GPIO_InitStruct.Mode = GPIO_MODE_AF_PP;
 210:Core/Src/stm32c0xx_hal_msp.c ****     GPIO_InitStruct.Pull = GPIO_NOPULL;
 211:Core/Src/stm32c0xx_hal_msp.c ****     GPIO_InitStruct.Speed = GPIO_SPEED_FREQ_LOW;
 212:Core/Src/stm32c0xx_hal_msp.c ****     GPIO_InitStruct.Alternate = GPIO_AF4_FDCAN1;
 213:Core/Src/stm32c0xx_hal_msp.c ****     HAL_GPIO_Init(GPIOA, &GPIO_InitStruct);
 214:Core/Src/stm32c0xx_hal_msp.c **** 
 215:Core/Src/stm32c0xx_hal_msp.c ****     GPIO_InitStruct.Pin = GPIO_PIN_5;
 216:Core/Src/stm32c0xx_hal_msp.c ****     GPIO_InitStruct.Mode = GPIO_MODE_AF_PP;
 217:Core/Src/stm32c0xx_hal_msp.c ****     GPIO_InitStruct.Pull = GPIO_NOPULL;
 218:Core/Src/stm32c0xx_hal_msp.c ****     GPIO_InitStruct.Speed = GPIO_SPEED_FREQ_LOW;
 219:Core/Src/stm32c0xx_hal_msp.c ****     GPIO_InitStruct.Alternate = GPIO_AF4_FDCAN1;
 220:Core/Src/stm32c0xx_hal_msp.c ****     HAL_GPIO_Init(GPIOB, &GPIO_InitStruct);
 221:Core/Src/stm32c0xx_hal_msp.c **** 
 222:Core/Src/stm32c0xx_hal_msp.c ****     /* USER CODE BEGIN FDCAN1_MspInit 1 */
 223:Core/Src/stm32c0xx_hal_msp.c **** 
 224:Core/Src/stm32c0xx_hal_msp.c ****     /* USER CODE END FDCAN1_MspInit 1 */
 225:Core/Src/stm32c0xx_hal_msp.c **** 
 226:Core/Src/stm32c0xx_hal_msp.c ****   }
 227:Core/Src/stm32c0xx_hal_msp.c **** 
 228:Core/Src/stm32c0xx_hal_msp.c **** }
 392              		.loc 1 228 1 view .LVU101
 393 0022 11B0     		add	sp, sp, #68
 394              		@ sp needed
 395 0024 F0BD     		pop	{r4, r5, r6, r7, pc}
 396              	.LVL23:
 397              	.L21:
 192:Core/Src/stm32c0xx_hal_msp.c ****     PeriphClkInit.Fdcan1ClockSelection = RCC_FDCAN1CLKSOURCE_HSIKER;
 398              		.loc 1 192 5 is_stmt 1 view .LVU102
 192:Core/Src/stm32c0xx_hal_msp.c ****     PeriphClkInit.Fdcan1ClockSelection = RCC_FDCAN1CLKSOURCE_HSIKER;
 399              		.loc 1 192 40 is_stmt 0 view .LVU103
 400 0026 03A8     		add	r0, sp, #12
 401 0028 1023     		movs	r3, #16
 402 002a 0393     		str	r3, [sp, #12]
 193:Core/Src/stm32c0xx_hal_msp.c ****     if (HAL_RCCEx_PeriphCLKConfig(&PeriphClkInit) != HAL_OK)
 403              		.loc 1 193 5 is_stmt 1 view .LVU104
 193:Core/Src/stm32c0xx_hal_msp.c ****     if (HAL_RCCEx_PeriphCLKConfig(&PeriphClkInit) != HAL_OK)
ARM GAS  /tmp/cc2tgUNe.s 			page 13


 404              		.loc 1 193 40 is_stmt 0 view .LVU105
 405 002c F033     		adds	r3, r3, #240
 406 002e 4361     		str	r3, [r0, #20]
 194:Core/Src/stm32c0xx_hal_msp.c ****     {
 407              		.loc 1 194 5 is_stmt 1 view .LVU106
 194:Core/Src/stm32c0xx_hal_msp.c ****     {
 408              		.loc 1 194 9 is_stmt 0 view .LVU107
 409 0030 FFF7FEFF 		bl	HAL_RCCEx_PeriphCLKConfig
 410              	.LVL24:
 194:Core/Src/stm32c0xx_hal_msp.c ****     {
 411              		.loc 1 194 8 discriminator 1 view .LVU108
 412 0034 0028     		cmp	r0, #0
 413 0036 31D1     		bne	.L22
 414              	.L20:
 200:Core/Src/stm32c0xx_hal_msp.c **** 
 415              		.loc 1 200 5 is_stmt 1 view .LVU109
 416              	.LBB6:
 200:Core/Src/stm32c0xx_hal_msp.c **** 
 417              		.loc 1 200 5 view .LVU110
 200:Core/Src/stm32c0xx_hal_msp.c **** 
 418              		.loc 1 200 5 view .LVU111
 419 0038 1B4B     		ldr	r3, .L23+4
 420 003a DA6B     		ldr	r2, [r3, #60]
 421 003c 8021     		movs	r1, #128
 422 003e 4901     		lsls	r1, r1, #5
 423 0040 0A43     		orrs	r2, r1
 424 0042 DA63     		str	r2, [r3, #60]
 200:Core/Src/stm32c0xx_hal_msp.c **** 
 425              		.loc 1 200 5 view .LVU112
 426 0044 DA6B     		ldr	r2, [r3, #60]
 427 0046 0A40     		ands	r2, r1
 428 0048 0092     		str	r2, [sp]
 200:Core/Src/stm32c0xx_hal_msp.c **** 
 429              		.loc 1 200 5 view .LVU113
 430 004a 009A     		ldr	r2, [sp]
 431              	.LBE6:
 200:Core/Src/stm32c0xx_hal_msp.c **** 
 432              		.loc 1 200 5 view .LVU114
 202:Core/Src/stm32c0xx_hal_msp.c ****     __HAL_RCC_GPIOB_CLK_ENABLE();
 433              		.loc 1 202 5 view .LVU115
 434              	.LBB7:
 202:Core/Src/stm32c0xx_hal_msp.c ****     __HAL_RCC_GPIOB_CLK_ENABLE();
 435              		.loc 1 202 5 view .LVU116
 202:Core/Src/stm32c0xx_hal_msp.c ****     __HAL_RCC_GPIOB_CLK_ENABLE();
 436              		.loc 1 202 5 view .LVU117
 437 004c 586B     		ldr	r0, [r3, #52]
 438 004e 0122     		movs	r2, #1
 439 0050 1043     		orrs	r0, r2
 440 0052 5863     		str	r0, [r3, #52]
 202:Core/Src/stm32c0xx_hal_msp.c ****     __HAL_RCC_GPIOB_CLK_ENABLE();
 441              		.loc 1 202 5 view .LVU118
 442 0054 586B     		ldr	r0, [r3, #52]
 443 0056 0240     		ands	r2, r0
 444 0058 0192     		str	r2, [sp, #4]
 202:Core/Src/stm32c0xx_hal_msp.c ****     __HAL_RCC_GPIOB_CLK_ENABLE();
 445              		.loc 1 202 5 view .LVU119
 446 005a 019A     		ldr	r2, [sp, #4]
ARM GAS  /tmp/cc2tgUNe.s 			page 14


 447              	.LBE7:
 202:Core/Src/stm32c0xx_hal_msp.c ****     __HAL_RCC_GPIOB_CLK_ENABLE();
 448              		.loc 1 202 5 view .LVU120
 203:Core/Src/stm32c0xx_hal_msp.c ****     /**FDCAN1 GPIO Configuration
 449              		.loc 1 203 5 view .LVU121
 450              	.LBB8:
 203:Core/Src/stm32c0xx_hal_msp.c ****     /**FDCAN1 GPIO Configuration
 451              		.loc 1 203 5 view .LVU122
 203:Core/Src/stm32c0xx_hal_msp.c ****     /**FDCAN1 GPIO Configuration
 452              		.loc 1 203 5 view .LVU123
 453 005c 5A6B     		ldr	r2, [r3, #52]
 454 005e 0226     		movs	r6, #2
 455 0060 3243     		orrs	r2, r6
 456 0062 5A63     		str	r2, [r3, #52]
 203:Core/Src/stm32c0xx_hal_msp.c ****     /**FDCAN1 GPIO Configuration
 457              		.loc 1 203 5 view .LVU124
 458 0064 5B6B     		ldr	r3, [r3, #52]
 459 0066 3340     		ands	r3, r6
 460 0068 0293     		str	r3, [sp, #8]
 203:Core/Src/stm32c0xx_hal_msp.c ****     /**FDCAN1 GPIO Configuration
 461              		.loc 1 203 5 view .LVU125
 462 006a 029B     		ldr	r3, [sp, #8]
 463              	.LBE8:
 203:Core/Src/stm32c0xx_hal_msp.c ****     /**FDCAN1 GPIO Configuration
 464              		.loc 1 203 5 view .LVU126
 208:Core/Src/stm32c0xx_hal_msp.c ****     GPIO_InitStruct.Mode = GPIO_MODE_AF_PP;
 465              		.loc 1 208 5 view .LVU127
 208:Core/Src/stm32c0xx_hal_msp.c ****     GPIO_InitStruct.Mode = GPIO_MODE_AF_PP;
 466              		.loc 1 208 25 is_stmt 0 view .LVU128
 467 006c 0BAC     		add	r4, sp, #44
 468              	.LVL25:
 208:Core/Src/stm32c0xx_hal_msp.c ****     GPIO_InitStruct.Mode = GPIO_MODE_AF_PP;
 469              		.loc 1 208 25 view .LVU129
 470 006e 0B91     		str	r1, [sp, #44]
 209:Core/Src/stm32c0xx_hal_msp.c ****     GPIO_InitStruct.Pull = GPIO_NOPULL;
 471              		.loc 1 209 5 is_stmt 1 view .LVU130
 209:Core/Src/stm32c0xx_hal_msp.c ****     GPIO_InitStruct.Pull = GPIO_NOPULL;
 472              		.loc 1 209 26 is_stmt 0 view .LVU131
 473 0070 0C96     		str	r6, [sp, #48]
 210:Core/Src/stm32c0xx_hal_msp.c ****     GPIO_InitStruct.Speed = GPIO_SPEED_FREQ_LOW;
 474              		.loc 1 210 5 is_stmt 1 view .LVU132
 210:Core/Src/stm32c0xx_hal_msp.c ****     GPIO_InitStruct.Speed = GPIO_SPEED_FREQ_LOW;
 475              		.loc 1 210 26 is_stmt 0 view .LVU133
 476 0072 0025     		movs	r5, #0
 477 0074 0D95     		str	r5, [sp, #52]
 211:Core/Src/stm32c0xx_hal_msp.c ****     GPIO_InitStruct.Alternate = GPIO_AF4_FDCAN1;
 478              		.loc 1 211 5 is_stmt 1 view .LVU134
 211:Core/Src/stm32c0xx_hal_msp.c ****     GPIO_InitStruct.Alternate = GPIO_AF4_FDCAN1;
 479              		.loc 1 211 27 is_stmt 0 view .LVU135
 480 0076 0E95     		str	r5, [sp, #56]
 212:Core/Src/stm32c0xx_hal_msp.c ****     HAL_GPIO_Init(GPIOA, &GPIO_InitStruct);
 481              		.loc 1 212 5 is_stmt 1 view .LVU136
 212:Core/Src/stm32c0xx_hal_msp.c ****     HAL_GPIO_Init(GPIOA, &GPIO_InitStruct);
 482              		.loc 1 212 31 is_stmt 0 view .LVU137
 483 0078 0427     		movs	r7, #4
 484 007a 0F97     		str	r7, [sp, #60]
 213:Core/Src/stm32c0xx_hal_msp.c **** 
ARM GAS  /tmp/cc2tgUNe.s 			page 15


 485              		.loc 1 213 5 is_stmt 1 view .LVU138
 486 007c A020     		movs	r0, #160
 487 007e 2100     		movs	r1, r4
 488 0080 C005     		lsls	r0, r0, #23
 489 0082 FFF7FEFF 		bl	HAL_GPIO_Init
 490              	.LVL26:
 215:Core/Src/stm32c0xx_hal_msp.c ****     GPIO_InitStruct.Mode = GPIO_MODE_AF_PP;
 491              		.loc 1 215 5 view .LVU139
 215:Core/Src/stm32c0xx_hal_msp.c ****     GPIO_InitStruct.Mode = GPIO_MODE_AF_PP;
 492              		.loc 1 215 25 is_stmt 0 view .LVU140
 493 0086 2023     		movs	r3, #32
 494 0088 0B93     		str	r3, [sp, #44]
 216:Core/Src/stm32c0xx_hal_msp.c ****     GPIO_InitStruct.Pull = GPIO_NOPULL;
 495              		.loc 1 216 5 is_stmt 1 view .LVU141
 216:Core/Src/stm32c0xx_hal_msp.c ****     GPIO_InitStruct.Pull = GPIO_NOPULL;
 496              		.loc 1 216 26 is_stmt 0 view .LVU142
 497 008a 0C96     		str	r6, [sp, #48]
 217:Core/Src/stm32c0xx_hal_msp.c ****     GPIO_InitStruct.Speed = GPIO_SPEED_FREQ_LOW;
 498              		.loc 1 217 5 is_stmt 1 view .LVU143
 217:Core/Src/stm32c0xx_hal_msp.c ****     GPIO_InitStruct.Speed = GPIO_SPEED_FREQ_LOW;
 499              		.loc 1 217 26 is_stmt 0 view .LVU144
 500 008c 0D95     		str	r5, [sp, #52]
 218:Core/Src/stm32c0xx_hal_msp.c ****     GPIO_InitStruct.Alternate = GPIO_AF4_FDCAN1;
 501              		.loc 1 218 5 is_stmt 1 view .LVU145
 218:Core/Src/stm32c0xx_hal_msp.c ****     GPIO_InitStruct.Alternate = GPIO_AF4_FDCAN1;
 502              		.loc 1 218 27 is_stmt 0 view .LVU146
 503 008e 0E95     		str	r5, [sp, #56]
 219:Core/Src/stm32c0xx_hal_msp.c ****     HAL_GPIO_Init(GPIOB, &GPIO_InitStruct);
 504              		.loc 1 219 5 is_stmt 1 view .LVU147
 219:Core/Src/stm32c0xx_hal_msp.c ****     HAL_GPIO_Init(GPIOB, &GPIO_InitStruct);
 505              		.loc 1 219 31 is_stmt 0 view .LVU148
 506 0090 0F97     		str	r7, [sp, #60]
 220:Core/Src/stm32c0xx_hal_msp.c **** 
 507              		.loc 1 220 5 is_stmt 1 view .LVU149
 508 0092 2100     		movs	r1, r4
 509 0094 0548     		ldr	r0, .L23+8
 510 0096 FFF7FEFF 		bl	HAL_GPIO_Init
 511              	.LVL27:
 512              		.loc 1 228 1 is_stmt 0 view .LVU150
 513 009a C2E7     		b	.L18
 514              	.LVL28:
 515              	.L22:
 196:Core/Src/stm32c0xx_hal_msp.c ****     }
 516              		.loc 1 196 7 is_stmt 1 view .LVU151
 517 009c FFF7FEFF 		bl	Error_Handler
 518              	.LVL29:
 519 00a0 CAE7     		b	.L20
 520              	.L24:
 521 00a2 C046     		.align	2
 522              	.L23:
 523 00a4 00640040 		.word	1073767424
 524 00a8 00100240 		.word	1073876992
 525 00ac 00040050 		.word	1342178304
 526              		.cfi_endproc
 527              	.LFE361:
 529              		.section	.text.HAL_FDCAN_MspDeInit,"ax",%progbits
 530              		.align	1
ARM GAS  /tmp/cc2tgUNe.s 			page 16


 531              		.global	HAL_FDCAN_MspDeInit
 532              		.syntax unified
 533              		.code	16
 534              		.thumb_func
 536              	HAL_FDCAN_MspDeInit:
 537              	.LVL30:
 538              	.LFB362:
 229:Core/Src/stm32c0xx_hal_msp.c **** 
 230:Core/Src/stm32c0xx_hal_msp.c **** /**
 231:Core/Src/stm32c0xx_hal_msp.c ****   * @brief FDCAN MSP De-Initialization
 232:Core/Src/stm32c0xx_hal_msp.c ****   * This function freeze the hardware resources used in this example
 233:Core/Src/stm32c0xx_hal_msp.c ****   * @param hfdcan: FDCAN handle pointer
 234:Core/Src/stm32c0xx_hal_msp.c ****   * @retval None
 235:Core/Src/stm32c0xx_hal_msp.c ****   */
 236:Core/Src/stm32c0xx_hal_msp.c **** void HAL_FDCAN_MspDeInit(FDCAN_HandleTypeDef* hfdcan)
 237:Core/Src/stm32c0xx_hal_msp.c **** {
 539              		.loc 1 237 1 view -0
 540              		.cfi_startproc
 541              		@ args = 0, pretend = 0, frame = 0
 542              		@ frame_needed = 0, uses_anonymous_args = 0
 543              		.loc 1 237 1 is_stmt 0 view .LVU153
 544 0000 10B5     		push	{r4, lr}
 545              	.LCFI6:
 546              		.cfi_def_cfa_offset 8
 547              		.cfi_offset 4, -8
 548              		.cfi_offset 14, -4
 238:Core/Src/stm32c0xx_hal_msp.c ****   if(hfdcan->Instance==FDCAN1)
 549              		.loc 1 238 3 is_stmt 1 view .LVU154
 550              		.loc 1 238 12 is_stmt 0 view .LVU155
 551 0002 0268     		ldr	r2, [r0]
 552              		.loc 1 238 5 view .LVU156
 553 0004 094B     		ldr	r3, .L28
 554 0006 9A42     		cmp	r2, r3
 555 0008 00D0     		beq	.L27
 556              	.LVL31:
 557              	.L25:
 239:Core/Src/stm32c0xx_hal_msp.c ****   {
 240:Core/Src/stm32c0xx_hal_msp.c ****     /* USER CODE BEGIN FDCAN1_MspDeInit 0 */
 241:Core/Src/stm32c0xx_hal_msp.c **** 
 242:Core/Src/stm32c0xx_hal_msp.c ****     /* USER CODE END FDCAN1_MspDeInit 0 */
 243:Core/Src/stm32c0xx_hal_msp.c ****     /* Peripheral clock disable */
 244:Core/Src/stm32c0xx_hal_msp.c ****     __HAL_RCC_FDCAN1_CLK_DISABLE();
 245:Core/Src/stm32c0xx_hal_msp.c **** 
 246:Core/Src/stm32c0xx_hal_msp.c ****     /**FDCAN1 GPIO Configuration
 247:Core/Src/stm32c0xx_hal_msp.c ****     PA12 [PA10]     ------> FDCAN1_TX
 248:Core/Src/stm32c0xx_hal_msp.c ****     PB5     ------> FDCAN1_RX
 249:Core/Src/stm32c0xx_hal_msp.c ****     */
 250:Core/Src/stm32c0xx_hal_msp.c ****     HAL_GPIO_DeInit(GPIOA, GPIO_PIN_12);
 251:Core/Src/stm32c0xx_hal_msp.c **** 
 252:Core/Src/stm32c0xx_hal_msp.c ****     HAL_GPIO_DeInit(GPIOB, GPIO_PIN_5);
 253:Core/Src/stm32c0xx_hal_msp.c **** 
 254:Core/Src/stm32c0xx_hal_msp.c ****     /* USER CODE BEGIN FDCAN1_MspDeInit 1 */
 255:Core/Src/stm32c0xx_hal_msp.c **** 
 256:Core/Src/stm32c0xx_hal_msp.c ****     /* USER CODE END FDCAN1_MspDeInit 1 */
 257:Core/Src/stm32c0xx_hal_msp.c ****   }
 258:Core/Src/stm32c0xx_hal_msp.c **** 
 259:Core/Src/stm32c0xx_hal_msp.c **** }
ARM GAS  /tmp/cc2tgUNe.s 			page 17


 558              		.loc 1 259 1 view .LVU157
 559              		@ sp needed
 560 000a 10BD     		pop	{r4, pc}
 561              	.LVL32:
 562              	.L27:
 244:Core/Src/stm32c0xx_hal_msp.c **** 
 563              		.loc 1 244 5 is_stmt 1 view .LVU158
 564 000c 084A     		ldr	r2, .L28+4
 565 000e D36B     		ldr	r3, [r2, #60]
 566 0010 0849     		ldr	r1, .L28+8
 567 0012 0B40     		ands	r3, r1
 568 0014 D363     		str	r3, [r2, #60]
 250:Core/Src/stm32c0xx_hal_msp.c **** 
 569              		.loc 1 250 5 view .LVU159
 570 0016 8021     		movs	r1, #128
 571 0018 A020     		movs	r0, #160
 572              	.LVL33:
 250:Core/Src/stm32c0xx_hal_msp.c **** 
 573              		.loc 1 250 5 is_stmt 0 view .LVU160
 574 001a 4901     		lsls	r1, r1, #5
 575 001c C005     		lsls	r0, r0, #23
 576 001e FFF7FEFF 		bl	HAL_GPIO_DeInit
 577              	.LVL34:
 252:Core/Src/stm32c0xx_hal_msp.c **** 
 578              		.loc 1 252 5 is_stmt 1 view .LVU161
 579 0022 2021     		movs	r1, #32
 580 0024 0448     		ldr	r0, .L28+12
 581 0026 FFF7FEFF 		bl	HAL_GPIO_DeInit
 582              	.LVL35:
 583              		.loc 1 259 1 is_stmt 0 view .LVU162
 584 002a EEE7     		b	.L25
 585              	.L29:
 586              		.align	2
 587              	.L28:
 588 002c 00640040 		.word	1073767424
 589 0030 00100240 		.word	1073876992
 590 0034 FFEFFFFF 		.word	-4097
 591 0038 00040050 		.word	1342178304
 592              		.cfi_endproc
 593              	.LFE362:
 595              		.section	.text.HAL_TIM_Base_MspInit,"ax",%progbits
 596              		.align	1
 597              		.global	HAL_TIM_Base_MspInit
 598              		.syntax unified
 599              		.code	16
 600              		.thumb_func
 602              	HAL_TIM_Base_MspInit:
 603              	.LVL36:
 604              	.LFB363:
 260:Core/Src/stm32c0xx_hal_msp.c **** 
 261:Core/Src/stm32c0xx_hal_msp.c **** /**
 262:Core/Src/stm32c0xx_hal_msp.c ****   * @brief TIM_Base MSP Initialization
 263:Core/Src/stm32c0xx_hal_msp.c ****   * This function configures the hardware resources used in this example
 264:Core/Src/stm32c0xx_hal_msp.c ****   * @param htim_base: TIM_Base handle pointer
 265:Core/Src/stm32c0xx_hal_msp.c ****   * @retval None
 266:Core/Src/stm32c0xx_hal_msp.c ****   */
 267:Core/Src/stm32c0xx_hal_msp.c **** void HAL_TIM_Base_MspInit(TIM_HandleTypeDef* htim_base)
ARM GAS  /tmp/cc2tgUNe.s 			page 18


 268:Core/Src/stm32c0xx_hal_msp.c **** {
 605              		.loc 1 268 1 is_stmt 1 view -0
 606              		.cfi_startproc
 607              		@ args = 0, pretend = 0, frame = 8
 608              		@ frame_needed = 0, uses_anonymous_args = 0
 609              		@ link register save eliminated.
 610              		.loc 1 268 1 is_stmt 0 view .LVU164
 611 0000 82B0     		sub	sp, sp, #8
 612              	.LCFI7:
 613              		.cfi_def_cfa_offset 8
 269:Core/Src/stm32c0xx_hal_msp.c ****   if(htim_base->Instance==TIM2)
 614              		.loc 1 269 3 is_stmt 1 view .LVU165
 615              		.loc 1 269 15 is_stmt 0 view .LVU166
 616 0002 0268     		ldr	r2, [r0]
 617              		.loc 1 269 5 view .LVU167
 618 0004 8023     		movs	r3, #128
 619 0006 DB05     		lsls	r3, r3, #23
 620 0008 9A42     		cmp	r2, r3
 621 000a 01D0     		beq	.L32
 622              	.L30:
 270:Core/Src/stm32c0xx_hal_msp.c ****   {
 271:Core/Src/stm32c0xx_hal_msp.c ****     /* USER CODE BEGIN TIM2_MspInit 0 */
 272:Core/Src/stm32c0xx_hal_msp.c **** 
 273:Core/Src/stm32c0xx_hal_msp.c ****     /* USER CODE END TIM2_MspInit 0 */
 274:Core/Src/stm32c0xx_hal_msp.c ****     /* Peripheral clock enable */
 275:Core/Src/stm32c0xx_hal_msp.c ****     __HAL_RCC_TIM2_CLK_ENABLE();
 276:Core/Src/stm32c0xx_hal_msp.c ****     /* USER CODE BEGIN TIM2_MspInit 1 */
 277:Core/Src/stm32c0xx_hal_msp.c **** 
 278:Core/Src/stm32c0xx_hal_msp.c ****     /* USER CODE END TIM2_MspInit 1 */
 279:Core/Src/stm32c0xx_hal_msp.c **** 
 280:Core/Src/stm32c0xx_hal_msp.c ****   }
 281:Core/Src/stm32c0xx_hal_msp.c **** 
 282:Core/Src/stm32c0xx_hal_msp.c **** }
 623              		.loc 1 282 1 view .LVU168
 624 000c 02B0     		add	sp, sp, #8
 625              		@ sp needed
 626 000e 7047     		bx	lr
 627              	.L32:
 275:Core/Src/stm32c0xx_hal_msp.c ****     /* USER CODE BEGIN TIM2_MspInit 1 */
 628              		.loc 1 275 5 is_stmt 1 view .LVU169
 629              	.LBB9:
 275:Core/Src/stm32c0xx_hal_msp.c ****     /* USER CODE BEGIN TIM2_MspInit 1 */
 630              		.loc 1 275 5 view .LVU170
 275:Core/Src/stm32c0xx_hal_msp.c ****     /* USER CODE BEGIN TIM2_MspInit 1 */
 631              		.loc 1 275 5 view .LVU171
 632 0010 044A     		ldr	r2, .L33
 633 0012 D16B     		ldr	r1, [r2, #60]
 634 0014 0123     		movs	r3, #1
 635 0016 1943     		orrs	r1, r3
 636 0018 D163     		str	r1, [r2, #60]
 275:Core/Src/stm32c0xx_hal_msp.c ****     /* USER CODE BEGIN TIM2_MspInit 1 */
 637              		.loc 1 275 5 view .LVU172
 638 001a D26B     		ldr	r2, [r2, #60]
 639 001c 1340     		ands	r3, r2
 640 001e 0193     		str	r3, [sp, #4]
 275:Core/Src/stm32c0xx_hal_msp.c ****     /* USER CODE BEGIN TIM2_MspInit 1 */
 641              		.loc 1 275 5 view .LVU173
ARM GAS  /tmp/cc2tgUNe.s 			page 19


 642 0020 019B     		ldr	r3, [sp, #4]
 643              	.LBE9:
 275:Core/Src/stm32c0xx_hal_msp.c ****     /* USER CODE BEGIN TIM2_MspInit 1 */
 644              		.loc 1 275 5 discriminator 1 view .LVU174
 645              		.loc 1 282 1 is_stmt 0 view .LVU175
 646 0022 F3E7     		b	.L30
 647              	.L34:
 648              		.align	2
 649              	.L33:
 650 0024 00100240 		.word	1073876992
 651              		.cfi_endproc
 652              	.LFE363:
 654              		.section	.text.HAL_TIM_Base_MspDeInit,"ax",%progbits
 655              		.align	1
 656              		.global	HAL_TIM_Base_MspDeInit
 657              		.syntax unified
 658              		.code	16
 659              		.thumb_func
 661              	HAL_TIM_Base_MspDeInit:
 662              	.LVL37:
 663              	.LFB364:
 283:Core/Src/stm32c0xx_hal_msp.c **** 
 284:Core/Src/stm32c0xx_hal_msp.c **** /**
 285:Core/Src/stm32c0xx_hal_msp.c ****   * @brief TIM_Base MSP De-Initialization
 286:Core/Src/stm32c0xx_hal_msp.c ****   * This function freeze the hardware resources used in this example
 287:Core/Src/stm32c0xx_hal_msp.c ****   * @param htim_base: TIM_Base handle pointer
 288:Core/Src/stm32c0xx_hal_msp.c ****   * @retval None
 289:Core/Src/stm32c0xx_hal_msp.c ****   */
 290:Core/Src/stm32c0xx_hal_msp.c **** void HAL_TIM_Base_MspDeInit(TIM_HandleTypeDef* htim_base)
 291:Core/Src/stm32c0xx_hal_msp.c **** {
 664              		.loc 1 291 1 is_stmt 1 view -0
 665              		.cfi_startproc
 666              		@ args = 0, pretend = 0, frame = 0
 667              		@ frame_needed = 0, uses_anonymous_args = 0
 668              		@ link register save eliminated.
 292:Core/Src/stm32c0xx_hal_msp.c ****   if(htim_base->Instance==TIM2)
 669              		.loc 1 292 3 view .LVU177
 670              		.loc 1 292 15 is_stmt 0 view .LVU178
 671 0000 0268     		ldr	r2, [r0]
 672              		.loc 1 292 5 view .LVU179
 673 0002 8023     		movs	r3, #128
 674 0004 DB05     		lsls	r3, r3, #23
 675 0006 9A42     		cmp	r2, r3
 676 0008 00D0     		beq	.L37
 677              	.L35:
 293:Core/Src/stm32c0xx_hal_msp.c ****   {
 294:Core/Src/stm32c0xx_hal_msp.c ****     /* USER CODE BEGIN TIM2_MspDeInit 0 */
 295:Core/Src/stm32c0xx_hal_msp.c **** 
 296:Core/Src/stm32c0xx_hal_msp.c ****     /* USER CODE END TIM2_MspDeInit 0 */
 297:Core/Src/stm32c0xx_hal_msp.c ****     /* Peripheral clock disable */
 298:Core/Src/stm32c0xx_hal_msp.c ****     __HAL_RCC_TIM2_CLK_DISABLE();
 299:Core/Src/stm32c0xx_hal_msp.c ****     /* USER CODE BEGIN TIM2_MspDeInit 1 */
 300:Core/Src/stm32c0xx_hal_msp.c **** 
 301:Core/Src/stm32c0xx_hal_msp.c ****     /* USER CODE END TIM2_MspDeInit 1 */
 302:Core/Src/stm32c0xx_hal_msp.c ****   }
 303:Core/Src/stm32c0xx_hal_msp.c **** 
 304:Core/Src/stm32c0xx_hal_msp.c **** }
ARM GAS  /tmp/cc2tgUNe.s 			page 20


 678              		.loc 1 304 1 view .LVU180
 679              		@ sp needed
 680 000a 7047     		bx	lr
 681              	.L37:
 298:Core/Src/stm32c0xx_hal_msp.c ****     /* USER CODE BEGIN TIM2_MspDeInit 1 */
 682              		.loc 1 298 5 is_stmt 1 view .LVU181
 683 000c 024A     		ldr	r2, .L38
 684 000e D36B     		ldr	r3, [r2, #60]
 685 0010 0121     		movs	r1, #1
 686 0012 8B43     		bics	r3, r1
 687 0014 D363     		str	r3, [r2, #60]
 688              		.loc 1 304 1 is_stmt 0 view .LVU182
 689 0016 F8E7     		b	.L35
 690              	.L39:
 691              		.align	2
 692              	.L38:
 693 0018 00100240 		.word	1073876992
 694              		.cfi_endproc
 695              	.LFE364:
 697              		.text
 698              	.Letext0:
 699              		.file 2 "/usr/arm-none-eabi/include/machine/_default_types.h"
 700              		.file 3 "/usr/arm-none-eabi/include/sys/_stdint.h"
 701              		.file 4 "Drivers/CMSIS/Device/ST/STM32C0xx/Include/stm32c092xx.h"
 702              		.file 5 "Drivers/CMSIS/Device/ST/STM32C0xx/Include/stm32c0xx.h"
 703              		.file 6 "Drivers/STM32C0xx_HAL_Driver/Inc/stm32c0xx_hal_def.h"
 704              		.file 7 "Drivers/STM32C0xx_HAL_Driver/Inc/stm32c0xx_hal_rcc_ex.h"
 705              		.file 8 "Drivers/STM32C0xx_HAL_Driver/Inc/stm32c0xx_hal_gpio.h"
 706              		.file 9 "Drivers/STM32C0xx_HAL_Driver/Inc/stm32c0xx_hal_dma.h"
 707              		.file 10 "Drivers/STM32C0xx_HAL_Driver/Inc/stm32c0xx_hal_adc.h"
 708              		.file 11 "Drivers/STM32C0xx_HAL_Driver/Inc/stm32c0xx_hal_tim.h"
 709              		.file 12 "Drivers/STM32C0xx_HAL_Driver/Inc/stm32c0xx_hal_fdcan.h"
 710              		.file 13 "Core/Inc/main.h"
 711              		.file 14 "<built-in>"
ARM GAS  /tmp/cc2tgUNe.s 			page 21


DEFINED SYMBOLS
                            *ABS*:00000000 stm32c0xx_hal_msp.c
     /tmp/cc2tgUNe.s:19     .text.HAL_MspInit:00000000 $t
     /tmp/cc2tgUNe.s:25     .text.HAL_MspInit:00000000 HAL_MspInit
     /tmp/cc2tgUNe.s:76     .text.HAL_MspInit:0000002c $d
     /tmp/cc2tgUNe.s:81     .text.HAL_ADC_MspInit:00000000 $t
     /tmp/cc2tgUNe.s:87     .text.HAL_ADC_MspInit:00000000 HAL_ADC_MspInit
     /tmp/cc2tgUNe.s:267    .text.HAL_ADC_MspInit:000000ac $d
     /tmp/cc2tgUNe.s:275    .text.HAL_ADC_MspDeInit:00000000 $t
     /tmp/cc2tgUNe.s:281    .text.HAL_ADC_MspDeInit:00000000 HAL_ADC_MspDeInit
     /tmp/cc2tgUNe.s:334    .text.HAL_ADC_MspDeInit:0000002c $d
     /tmp/cc2tgUNe.s:341    .text.HAL_FDCAN_MspInit:00000000 $t
     /tmp/cc2tgUNe.s:347    .text.HAL_FDCAN_MspInit:00000000 HAL_FDCAN_MspInit
     /tmp/cc2tgUNe.s:523    .text.HAL_FDCAN_MspInit:000000a4 $d
     /tmp/cc2tgUNe.s:530    .text.HAL_FDCAN_MspDeInit:00000000 $t
     /tmp/cc2tgUNe.s:536    .text.HAL_FDCAN_MspDeInit:00000000 HAL_FDCAN_MspDeInit
     /tmp/cc2tgUNe.s:588    .text.HAL_FDCAN_MspDeInit:0000002c $d
     /tmp/cc2tgUNe.s:596    .text.HAL_TIM_Base_MspInit:00000000 $t
     /tmp/cc2tgUNe.s:602    .text.HAL_TIM_Base_MspInit:00000000 HAL_TIM_Base_MspInit
     /tmp/cc2tgUNe.s:650    .text.HAL_TIM_Base_MspInit:00000024 $d
     /tmp/cc2tgUNe.s:655    .text.HAL_TIM_Base_MspDeInit:00000000 $t
     /tmp/cc2tgUNe.s:661    .text.HAL_TIM_Base_MspDeInit:00000000 HAL_TIM_Base_MspDeInit
     /tmp/cc2tgUNe.s:693    .text.HAL_TIM_Base_MspDeInit:00000018 $d

UNDEFINED SYMBOLS
memset
HAL_RCCEx_PeriphCLKConfig
HAL_GPIO_Init
HAL_DMA_Init
Error_Handler
hdma_adc1
HAL_GPIO_DeInit
HAL_DMA_DeInit
