Archive member included to satisfy reference by file (symbol)

/usr/lib/gcc/arm-none-eabi/14.2.0/../../../../arm-none-eabi/lib/thumb/v6-m/nofp/libc_nano.a(libc_a-atexit.o)
                              /usr/lib/gcc/arm-none-eabi/14.2.0/../../../../arm-none-eabi/lib/thumb/v6-m/nofp/crt0.o (atexit)
/usr/lib/gcc/arm-none-eabi/14.2.0/../../../../arm-none-eabi/lib/thumb/v6-m/nofp/libc_nano.a(libc_a-exit.o)
                              /usr/lib/gcc/arm-none-eabi/14.2.0/../../../../arm-none-eabi/lib/thumb/v6-m/nofp/crt0.o (exit)
/usr/lib/gcc/arm-none-eabi/14.2.0/../../../../arm-none-eabi/lib/thumb/v6-m/nofp/libc_nano.a(libc_a-findfp.o)
                              /usr/lib/gcc/arm-none-eabi/14.2.0/../../../../arm-none-eabi/lib/thumb/v6-m/nofp/libc_nano.a(libc_a-exit.o) (__stdio_exit_handler)
/usr/lib/gcc/arm-none-eabi/14.2.0/../../../../arm-none-eabi/lib/thumb/v6-m/nofp/libc_nano.a(libc_a-fwalk.o)
                              /usr/lib/gcc/arm-none-eabi/14.2.0/../../../../arm-none-eabi/lib/thumb/v6-m/nofp/libc_nano.a(libc_a-findfp.o) (_fwalk_sglue)
/usr/lib/gcc/arm-none-eabi/14.2.0/../../../../arm-none-eabi/lib/thumb/v6-m/nofp/libc_nano.a(libc_a-stdio.o)
                              /usr/lib/gcc/arm-none-eabi/14.2.0/../../../../arm-none-eabi/lib/thumb/v6-m/nofp/libc_nano.a(libc_a-findfp.o) (__sread)
/usr/lib/gcc/arm-none-eabi/14.2.0/../../../../arm-none-eabi/lib/thumb/v6-m/nofp/libc_nano.a(libc_a-memset.o)
                              /usr/lib/gcc/arm-none-eabi/14.2.0/../../../../arm-none-eabi/lib/thumb/v6-m/nofp/crt0.o (memset)
/usr/lib/gcc/arm-none-eabi/14.2.0/../../../../arm-none-eabi/lib/thumb/v6-m/nofp/libc_nano.a(libc_a-closer.o)
                              /usr/lib/gcc/arm-none-eabi/14.2.0/../../../../arm-none-eabi/lib/thumb/v6-m/nofp/libc_nano.a(libc_a-stdio.o) (_close_r)
/usr/lib/gcc/arm-none-eabi/14.2.0/../../../../arm-none-eabi/lib/thumb/v6-m/nofp/libc_nano.a(libc_a-reent.o)
                              /usr/lib/gcc/arm-none-eabi/14.2.0/../../../../arm-none-eabi/lib/thumb/v6-m/nofp/libc_nano.a(libc_a-closer.o) (errno)
/usr/lib/gcc/arm-none-eabi/14.2.0/../../../../arm-none-eabi/lib/thumb/v6-m/nofp/libc_nano.a(libc_a-impure.o)
                              /usr/lib/gcc/arm-none-eabi/14.2.0/../../../../arm-none-eabi/lib/thumb/v6-m/nofp/libc_nano.a(libc_a-reent.o) (_impure_ptr)
/usr/lib/gcc/arm-none-eabi/14.2.0/../../../../arm-none-eabi/lib/thumb/v6-m/nofp/libc_nano.a(libc_a-lseekr.o)
                              /usr/lib/gcc/arm-none-eabi/14.2.0/../../../../arm-none-eabi/lib/thumb/v6-m/nofp/libc_nano.a(libc_a-stdio.o) (_lseek_r)
/usr/lib/gcc/arm-none-eabi/14.2.0/../../../../arm-none-eabi/lib/thumb/v6-m/nofp/libc_nano.a(libc_a-readr.o)
                              /usr/lib/gcc/arm-none-eabi/14.2.0/../../../../arm-none-eabi/lib/thumb/v6-m/nofp/libc_nano.a(libc_a-stdio.o) (_read_r)
/usr/lib/gcc/arm-none-eabi/14.2.0/../../../../arm-none-eabi/lib/thumb/v6-m/nofp/libc_nano.a(libc_a-writer.o)
                              /usr/lib/gcc/arm-none-eabi/14.2.0/../../../../arm-none-eabi/lib/thumb/v6-m/nofp/libc_nano.a(libc_a-stdio.o) (_write_r)
/usr/lib/gcc/arm-none-eabi/14.2.0/../../../../arm-none-eabi/lib/thumb/v6-m/nofp/libc_nano.a(libc_a-errno.o)
                              build/sysmem.o (__errno)
/usr/lib/gcc/arm-none-eabi/14.2.0/../../../../arm-none-eabi/lib/thumb/v6-m/nofp/libc_nano.a(libc_a-init.o)
                              /usr/lib/gcc/arm-none-eabi/14.2.0/../../../../arm-none-eabi/lib/thumb/v6-m/nofp/crt0.o (__libc_init_array)
/usr/lib/gcc/arm-none-eabi/14.2.0/../../../../arm-none-eabi/lib/thumb/v6-m/nofp/libc_nano.a(libc_a-fini.o)
                              /usr/lib/gcc/arm-none-eabi/14.2.0/../../../../arm-none-eabi/lib/thumb/v6-m/nofp/crt0.o (__libc_fini_array)
/usr/lib/gcc/arm-none-eabi/14.2.0/../../../../arm-none-eabi/lib/thumb/v6-m/nofp/libc_nano.a(libc_a-lock.o)
                              /usr/lib/gcc/arm-none-eabi/14.2.0/../../../../arm-none-eabi/lib/thumb/v6-m/nofp/libc_nano.a(libc_a-findfp.o) (__retarget_lock_init_recursive)
/usr/lib/gcc/arm-none-eabi/14.2.0/../../../../arm-none-eabi/lib/thumb/v6-m/nofp/libc_nano.a(libc_a-__atexit.o)
                              /usr/lib/gcc/arm-none-eabi/14.2.0/../../../../arm-none-eabi/lib/thumb/v6-m/nofp/libc_nano.a(libc_a-atexit.o) (__register_exitproc)
/usr/lib/gcc/arm-none-eabi/14.2.0/../../../../arm-none-eabi/lib/thumb/v6-m/nofp/libc_nano.a(libc_a-__call_atexit.o)
                              /usr/lib/gcc/arm-none-eabi/14.2.0/../../../../arm-none-eabi/lib/thumb/v6-m/nofp/libc_nano.a(libc_a-__atexit.o) (__call_exitprocs)
/usr/lib/gcc/arm-none-eabi/14.2.0/../../../../arm-none-eabi/lib/thumb/v6-m/nofp/libc_nano.a(libc_a-freer.o)
                              /usr/lib/gcc/arm-none-eabi/14.2.0/../../../../arm-none-eabi/lib/thumb/v6-m/nofp/libc_nano.a(libc_a-reent.o) (_free_r)
/usr/lib/gcc/arm-none-eabi/14.2.0/../../../../arm-none-eabi/lib/thumb/v6-m/nofp/libc_nano.a(libc_a-mallocr.o)
[...]
Memory Configuration

Name             Origin             Length             Attributes
RAM              0x20000000         0x00007800         xrw
FLASH            0x08000000         0x00040000         xr
*default*        0x00000000         0xffffffff

Linker script and memory map

LOAD /usr/lib/gcc/arm-none-eabi/14.2.0/thumb/v6-m/nofp/crti.o
LOAD /usr/lib/gcc/arm-none-eabi/14.2.0/thumb/v6-m/nofp/crtbegin.o
LOAD /usr/lib/gcc/arm-none-eabi/14.2.0/../../../../arm-none-eabi/lib/thumb/v6-m/nofp/crt0.o
LOAD build/main.o
LOAD build/stm32c0xx_it.o
LOAD build/stm32c0xx_hal_msp.o
LOAD build/stm32c0xx_hal.o
LOAD build/stm32c0xx_hal_adc.o
LOAD build/stm32c0xx_hal_adc_ex.o
LOAD build/stm32c0xx_hal_dma.o
LOAD build/stm32c0xx_hal_dma_ex.o
LOAD build/stm32c0xx_hal_rcc.o
LOAD build/stm32c0xx_hal_rcc_ex.o
LOAD build/stm32c0xx_hal_flash.o
LOAD build/stm32c0xx_hal_flash_ex.o
LOAD build/stm32c0xx_hal_gpio.o
LOAD build/stm32c0xx_hal_pwr.o
LOAD build/stm32c0xx_hal_pwr_ex.o
LOAD build/stm32c0xx_hal_cortex.o
LOAD build/stm32c0xx_hal_exti.o
LOAD build/stm32c0xx_hal_fdcan.o
LOAD build/system_stm32c0xx.o
LOAD build/sysmem.o
LOAD build/syscalls.o
LOAD build/startup_stm32c092xx.o
LOAD /usr/lib/gcc/arm-none-eabi/14.2.0/../../../../arm-none-eabi/lib/thumb/v6-m/nofp/libc_nano.a
LOAD /usr/lib/gcc/arm-none-eabi/14.2.0/../../../../arm-none-eabi/lib/thumb/v6-m/nofp/libm.a
LOAD /usr/lib/gcc/arm-none-eabi/14.2.0/../../../../arm-none-eabi/lib/thumb/v6-m/nofp/libnosys.a
START GROUP
LOAD /usr/lib/gcc/arm-none-eabi/14.2.0/thumb/v6-m/nofp/libgcc.a
LOAD /usr/lib/gcc/arm-none-eabi/14.2.0/../../../../arm-none-eabi/lib/thumb/v6-m/nofp/libc_nano.a
END GROUP
START GROUP
LOAD /usr/lib/gcc/arm-none-eabi/14.2.0/thumb/v6-m/nofp/libgcc.a
LOAD /usr/lib/gcc/arm-none-eabi/14.2.0/../../../../arm-none-eabi/lib/thumb/v6-m/nofp/libc_nano.a
END GROUP
LOAD /usr/lib/gcc/arm-none-eabi/14.2.0/thumb/v6-m/nofp/crtend.o
LOAD /usr/lib/gcc/arm-none-eabi/14.2.0/thumb/v6-m/nofp/crtn.o
                0x20007800                        _estack = (ORIGIN (RAM) + LENGTH (RAM))
                0x00000200                        _Min_Heap_Size = 0x200
                0x00000400                        _Min_Stack_Size = 0x400

.isr_vector     0x08000000       0xc0
                0x08000000                        . = ALIGN (0x4)
 *(.isr_vector)
 .isr_vector    0x08000000       0xc0 build/startup_stm32c092xx.o
                0x08000000                g_pfnVectors
                0x080000c0                        . = ALIGN (0x4)

.text           0x080000c0     0x1d3c
                0x080000c0                        . = ALIGN (0x4)
 *(.text)
 .text          0x080000c0       0x8c /usr/lib/gcc/arm-none-eabi/14.2.0/thumb/v6-m/nofp/libgcc.a(_udivsi3.o)
                0x080000c0                __udivsi3
                0x080000c0                __aeabi_uidiv
                0x08000138                __aeabi_uidivmod
 .text          0x0800014c        0x4 /usr/lib/gcc/arm-none-eabi/14.2.0/thumb/v6-m/nofp/libgcc.a(_dvmd_tls.o)
                0x0800014c                __aeabi_ldiv0
                0x0800014c                __aeabi_idiv0
 *(.text*)
 .text.__do_global_dtors_aux
                0x08000150       0x28 /usr/lib/gcc/arm-none-eabi/14.2.0/thumb/v6-m/nofp/crtbegin.o
 .text.frame_dummy
                0x08000178       0x20 /usr/lib/gcc/arm-none-eabi/14.2.0/thumb/v6-m/nofp/crtbegin.o
 .text.__NVIC_SystemReset
                0x08000198       0x1c build/main.o
 .text.MX_GPIO_Init
                0x080001b4       0x5c build/main.o
 .text.CAN_SendAck
                0x08000210       0x38 build/main.o
                0x08000210                CAN_SendAck
 .text.ADC_Read_VREFINT
                0x08000248       0x60 build/main.o
                0x08000248                ADC_Read_VREFINT
 .text.ADC_Get_VDDA_mV
                0x080002a8       0x20 build/main.o
                0x080002a8                ADC_Get_VDDA_mV
 .text.ADC_Read_PressureRaw
                0x080002c8       0x68 build/main.o
                0x080002c8                ADC_Read_PressureRaw
 .text.Pressure_Read_mV
                0x08000330       0x1c build/main.o
                0x08000330                Pressure_Read_mV
 .text.Error_Handler
                0x0800034c        0x4 build/main.o
                0x0800034c                Error_Handler
 .text.MX_ADC1_Init
                0x08000350       0x90 build/main.o
 .text.MX_FDCAN1_Init
                0x080003e0       0x80 build/main.o
 .text.SystemClock_Config
                0x08000460       0x6c build/main.o
                0x08000460                SystemClock_Config
 .text.main     0x080004cc       0x8c build/main.o
                0x080004cc                main
 .text.NMI_Handler
                0x08000558        0x2 build/stm32c0xx_it.o
                0x08000558                NMI_Handler
 .text.HardFault_Handler
                0x0800055a        0x2 build/stm32c0xx_it.o
                0x0800055a                HardFault_Handler
 .text.SVC_Handler
                0x0800055c        0x2 build/stm32c0xx_it.o
                0x0800055c                SVC_Handler
 .text.PendSV_Handler
                0x0800055e        0x2 build/stm32c0xx_it.o
                0x0800055e                PendSV_Handler
 .text.SysTick_Handler
                0x08000560        0x8 build/stm32c0xx_it.o
                0x08000560                SysTick_Handler
 .text.HAL_MspInit
                0x08000568       0x30 build/stm32c0xx_hal_msp.o
                0x08000568                HAL_MspInit
 .text.HAL_ADC_MspInit
                0x08000598       0x80 build/stm32c0xx_hal_msp.o
                0x08000598                HAL_ADC_MspInit
 .text.HAL_FDCAN_MspInit
                0x08000618       0xb0 build/stm32c0xx_hal_msp.o
                0x08000618                HAL_FDCAN_MspInit
 .text.HAL_InitTick
                0x080006c8       0x58 build/stm32c0xx_hal.o
                0x080006c8                HAL_InitTick
 .text.HAL_Init
                0x08000720       0x18 build/stm32c0xx_hal.o
                0x08000720                HAL_Init
 .text.HAL_IncTick
                0x08000738       0x18 build/stm32c0xx_hal.o
                0x08000738                HAL_IncTick
 .text.HAL_GetTick
                0x08000750        0xc build/stm32c0xx_hal.o
                0x08000750                HAL_GetTick
 .text.HAL_Delay
                0x0800075c       0x24 build/stm32c0xx_hal.o
                0x0800075c                HAL_Delay
 .text.HAL_ADC_Init
                0x08000780      0x240 build/stm32c0xx_hal_adc.o
                0x08000780                HAL_ADC_Init
 .text.HAL_ADC_PollForConversion
                0x080009c0       0xb8 build/stm32c0xx_hal_adc.o
                0x080009c0                HAL_ADC_PollForConversion
 .text.HAL_ADC_GetValue
                0x08000a78        0x6 build/stm32c0xx_hal_adc.o
                0x08000a78                HAL_ADC_GetValue
 *fill*         0x08000a7e        0x2 
 .text.HAL_ADC_ConfigChannel
                0x08000a80      0x280 build/stm32c0xx_hal_adc.o
                0x08000a80                HAL_ADC_ConfigChannel
 .text.ADC_ConversionStop
                0x08000d00       0x58 build/stm32c0xx_hal_adc.o
                0x08000d00                ADC_ConversionStop
 .text.ADC_Enable
                0x08000d58       0xc8 build/stm32c0xx_hal_adc.o
                0x08000d58                ADC_Enable
 .text.HAL_ADC_Start
                0x08000e20       0x68 build/stm32c0xx_hal_adc.o
                0x08000e20                HAL_ADC_Start
 .text.ADC_Disable
                0x08000e88       0x8c build/stm32c0xx_hal_adc.o
                0x08000e88                ADC_Disable
 .text.HAL_ADC_Stop
                0x08000f14       0x44 build/stm32c0xx_hal_adc.o
                0x08000f14                HAL_ADC_Stop
 .text.HAL_RCC_OscConfig
                0x08000f58      0x2bc build/stm32c0xx_hal_rcc.o
                0x08000f58                HAL_RCC_OscConfig
 .text.HAL_RCC_GetSysClockFreq
                0x08001214       0x70 build/stm32c0xx_hal_rcc.o
                0x08001214                HAL_RCC_GetSysClockFreq
 .text.HAL_RCC_ClockConfig
                0x08001284      0x190 build/stm32c0xx_hal_rcc.o
                0x08001284                HAL_RCC_ClockConfig
 .text.HAL_RCCEx_PeriphCLKConfig
                0x08001414      0x148 build/stm32c0xx_hal_rcc_ex.o
                0x08001414                HAL_RCCEx_PeriphCLKConfig
 .text.HAL_GPIO_Init
                0x0800155c      0x1bc build/stm32c0xx_hal_gpio.o
                0x0800155c                HAL_GPIO_Init
 .text.HAL_GPIO_WritePin
                0x08001718        0xc build/stm32c0xx_hal_gpio.o
                0x08001718                HAL_GPIO_WritePin
 .text.__NVIC_SetPriority
                0x08001724       0x60 build/stm32c0xx_hal_cortex.o
 .text.SysTick_Config
                0x08001784       0x38 build/stm32c0xx_hal_cortex.o
 .text.HAL_NVIC_SetPriority
                0x080017bc        0x8 build/stm32c0xx_hal_cortex.o
                0x080017bc                HAL_NVIC_SetPriority
 .text.HAL_SYSTICK_Config
                0x080017c4        0x8 build/stm32c0xx_hal_cortex.o
                0x080017c4                HAL_SYSTICK_Config
 .text.FDCAN_CalcultateRamBlockAddresses
                0x080017cc       0x70 build/stm32c0xx_hal_fdcan.o
 .text.FDCAN_CopyMessageToRAM
                0x0800183c       0x7c build/stm32c0xx_hal_fdcan.o
 .text.HAL_FDCAN_Init
                0x080018b8      0x1d8 build/stm32c0xx_hal_fdcan.o
                0x080018b8                HAL_FDCAN_Init
 .text.HAL_FDCAN_ConfigFilter
                0x08001a90       0x5e build/stm32c0xx_hal_fdcan.o
                0x08001a90                HAL_FDCAN_ConfigFilter
 .text.HAL_FDCAN_ConfigGlobalFilter
                0x08001aee       0x36 build/stm32c0xx_hal_fdcan.o
                0x08001aee                HAL_FDCAN_ConfigGlobalFilter
 .text.HAL_FDCAN_Start
                0x08001b24       0x2c build/stm32c0xx_hal_fdcan.o
                0x08001b24                HAL_FDCAN_Start
 .text.HAL_FDCAN_AddMessageToTxFifoQ
                0x08001b50       0x52 build/stm32c0xx_hal_fdcan.o
                0x08001b50                HAL_FDCAN_AddMessageToTxFifoQ
 *fill*         0x08001ba2        0x2 
 .text.HAL_FDCAN_GetRxMessage
                0x08001ba4      0x15c build/stm32c0xx_hal_fdcan.o
                0x08001ba4                HAL_FDCAN_GetRxMessage
 .text.HAL_FDCAN_GetRxFifoFillLevel
                0x08001d00       0x1c build/stm32c0xx_hal_fdcan.o
                0x08001d00                HAL_FDCAN_GetRxFifoFillLevel
 .text.HAL_FDCAN_GetTxFifoFreeLevel
                0x08001d1c        0xc build/stm32c0xx_hal_fdcan.o
                0x08001d1c                HAL_FDCAN_GetTxFifoFreeLevel
 .text.SystemInit
                0x08001d28       0x10 build/system_stm32c0xx.o
                0x08001d28                SystemInit
 .text.Reset_Handler
                0x08001d38       0x50 build/startup_stm32c092xx.o
                0x08001d38                Reset_Handler
 .text.Default_Handler
                0x08001d88        0x2 build/startup_stm32c092xx.o
                0x08001d88                TIM1_CC_IRQHandler
                0x08001d88                I2C1_IRQHandler
                0x08001d88                FDCAN1_IT1_IRQHandler
                0x08001d88                SPI1_IRQHandler
                0x08001d88                USART3_4_IRQHandler
                0x08001d88                EXTI2_3_IRQHandler
                0x08001d88                ADC1_IRQHandler
                0x08001d88                I2C2_IRQHandler
                0x08001d88                TIM17_IRQHandler
                0x08001d88                RTC_IRQHandler
                0x08001d88                TIM16_IRQHandler
                0x08001d88                TIM3_IRQHandler
                0x08001d88                EXTI4_15_IRQHandler
                0x08001d88                RCC_IRQHandler
                0x08001d88                DMA1_Channel1_IRQHandler
                0x08001d88                Default_Handler
                0x08001d88                TIM14_IRQHandler
                0x08001d88                TIM15_IRQHandler
                0x08001d88                EXTI0_1_IRQHandler
                0x08001d88                SPI2_IRQHandler
                0x08001d88                WWDG_IRQHandler
                0x08001d88                FDCAN1_IT0_IRQHandler
                0x08001d88                TIM2_IRQHandler
                0x08001d88                DMA1_Channel2_3_IRQHandler
                0x08001d88                DMAMUX1_DMA1_CH4_5_IRQHandler
                0x08001d88                USART2_IRQHandler
                0x08001d88                FLASH_IRQHandler
                0x08001d88                USART1_IRQHandler
                0x08001d88                TIM1_BRK_UP_TRG_COM_IRQHandler
 .text.memset   0x08001d8a       0x10 /usr/lib/gcc/arm-none-eabi/14.2.0/../../../../arm-none-eabi/lib/thumb/v6-m/nofp/libc_nano.a(libc_a-memset.o)
                0x08001d8a                memset
 *fill*         0x08001d9a        0x2 
 .text.__libc_init_array
                0x08001d9c       0x48 /usr/lib/gcc/arm-none-eabi/14.2.0/../../../../arm-none-eabi/lib/thumb/v6-m/nofp/libc_nano.a(libc_a-init.o)
                0x08001d9c                __libc_init_array
 *(.glue_7)
 .glue_7        0x08001de4        0x0 linker stubs
 *(.glue_7t)
 .glue_7t       0x08001de4        0x0 linker stubs
 *(.eh_frame)
 .eh_frame      0x08001de4        0x0 /usr/lib/gcc/arm-none-eabi/14.2.0/thumb/v6-m/nofp/crtbegin.o
 *(.init)
 .init          0x08001de4        0x4 /usr/lib/gcc/arm-none-eabi/14.2.0/thumb/v6-m/nofp/crti.o
                0x08001de4                _init
 .init          0x08001de8        0x8 /usr/lib/gcc/arm-none-eabi/14.2.0/thumb/v6-m/nofp/crtn.o
 *(.fini)
 .fini          0x08001df0        0x4 /usr/lib/gcc/arm-none-eabi/14.2.0/thumb/v6-m/nofp/crti.o
                0x08001df0                _fini
 .fini          0x08001df4        0x8 /usr/lib/gcc/arm-none-eabi/14.2.0/thumb/v6-m/nofp/crtn.o
                0x08001dfc                        . = ALIGN (0x4)
                0x08001dfc                        _etext = .

.vfp11_veneer   0x08001dfc        0x0
 .vfp11_veneer  0x08001dfc        0x0 linker stubs

.v4_bx          0x08001dfc        0x0
 .v4_bx         0x08001dfc        0x0 linker stubs

.iplt           0x08001dfc        0x0
 .iplt          0x08001dfc        0x0 /usr/lib/gcc/arm-none-eabi/14.2.0/thumb/v6-m/nofp/crtbegin.o

.rodata         0x08001dfc       0x50
                0x08001dfc                        . = ALIGN (0x4)
 *(.rodata)
 *(.rodata*)
 .rodata.DLCtoBytes
                0x08001dfc       0x10 build/stm32c0xx_hal_fdcan.o
 .rodata.AHBPrescTable
                0x08001e0c       0x40 build/system_stm32c0xx.o
                0x08001e0c                AHBPrescTable
                0x08001e4c                        . = ALIGN (0x4)

.ARM.extab      0x08001e4c        0x0
                0x08001e4c                        . = ALIGN (0x4)
 *(.ARM.extab* .gnu.linkonce.armextab.*)
                0x08001e4c                        . = ALIGN (0x4)

.ARM            0x08001e4c        0x0
                0x08001e4c                        . = ALIGN (0x4)
                0x08001e4c                        __exidx_start = .
 *(.ARM.exidx*)
                0x08001e4c                        __exidx_end = .
                0x08001e4c                        . = ALIGN (0x4)

.preinit_array  0x08001e4c        0x0
                0x08001e4c                        . = ALIGN (0x4)
                0x08001e4c                        PROVIDE (__preinit_array_start = .)
 *(.preinit_array*)
                0x08001e4c                        PROVIDE (__preinit_array_end = .)
                0x08001e4c                        . = ALIGN (0x4)

.init_array     0x08001e4c        0x4
                0x08001e4c                        . = ALIGN (0x4)
                0x08001e4c                        PROVIDE (__init_array_start = .)
 *(SORT_BY_NAME(.init_array.*))
 *(.init_array*)
 .init_array    0x08001e4c        0x4 /usr/lib/gcc/arm-none-eabi/14.2.0/thumb/v6-m/nofp/crtbegin.o
                0x08001e50                        PROVIDE (__init_array_end = .)
                0x08001e50                        . = ALIGN (0x4)

.fini_array     0x08001e50        0x4
                0x08001e50                        . = ALIGN (0x4)
                0x08001e50                        PROVIDE (__fini_array_start = .)
 *(SORT_BY_NAME(.fini_array.*))
 *(.fini_array*)
 .fini_array    0x08001e50        0x4 /usr/lib/gcc/arm-none-eabi/14.2.0/thumb/v6-m/nofp/crtbegin.o
                0x08001e54                        PROVIDE (__fini_array_end = .)
                0x08001e54                        . = ALIGN (0x4)
                0x08001e54                        _sidata = LOADADDR (.data)

.rel.dyn        0x08001e54        0x0
 .rel.iplt      0x08001e54        0x0 /usr/lib/gcc/arm-none-eabi/14.2.0/thumb/v6-m/nofp/crtbegin.o

.data           0x20000000        0xc load address 0x08001e54
                0x20000000                        . = ALIGN (0x4)
                0x20000000                        _sdata = .
 *(.data)
 *(.data*)
 .data.uwTickFreq
                0x20000000        0x1 build/stm32c0xx_hal.o
                0x20000000                uwTickFreq
 *fill*         0x20000001        0x3 
 .data.uwTickPrio
                0x20000004        0x4 build/stm32c0xx_hal.o
                0x20000004                uwTickPrio
 .data.SystemCoreClock
                0x20000008        0x4 build/system_stm32c0xx.o
                0x20000008                SystemCoreClock
 *(.RamFunc)
 *(.RamFunc*)
                0x2000000c                        . = ALIGN (0x4)
                0x2000000c                        _edata = .

.igot.plt       0x2000000c        0x0 load address 0x08001e60
 .igot.plt      0x2000000c        0x0 /usr/lib/gcc/arm-none-eabi/14.2.0/thumb/v6-m/nofp/crtbegin.o
                0x2000000c                        . = ALIGN (0x4)

.bss            0x2000000c       0xe8 load address 0x08001e60
                0x2000000c                        _sbss = .
                0x2000000c                        __bss_start__ = _sbss
 *(.bss)
 *(.bss*)
 .bss.completed.1
                0x2000000c        0x1 /usr/lib/gcc/arm-none-eabi/14.2.0/thumb/v6-m/nofp/crtbegin.o
 *fill*         0x2000000d        0x3 
 .bss.object.0  0x20000010       0x18 /usr/lib/gcc/arm-none-eabi/14.2.0/thumb/v6-m/nofp/crtbegin.o
 .bss.hfdcan1   0x20000028       0x64 build/main.o
                0x20000028                hfdcan1
 .bss.hadc1     0x2000008c       0x64 build/main.o
                0x2000008c                hadc1
 .bss.uwTick    0x200000f0        0x4 build/stm32c0xx_hal.o
                0x200000f0                uwTick
 *(COMMON)
                0x200000f4                        . = ALIGN (0x4)
                0x200000f4                        _ebss = .
                0x200000f4                        __bss_end__ = _ebss

._user_heap_stack
                0x200000f4      0x604 load address 0x08001e60
                0x200000f8                        . = ALIGN (0x8)
 *fill*         0x200000f4        0x4 
                [!provide]                        PROVIDE (end = .)
                0x200000f8                        PROVIDE (_end = .)
                0x200002f8                        . = (. + _Min_Heap_Size)
 *fill*         0x200000f8      0x200 
                0x200006f8                        . = (. + _Min_Stack_Size)
 *fill*         0x200002f8      0x400 
                0x200006f8                        . = ALIGN (0x8)

/DISCARD/
 libc.a(*)
 libm.a(*)
 libgcc.a(*)
OUTPUT(build/papyrus-pt.elf elf32-littlearm)
LOAD linker stubs
LOAD /usr/lib/gcc/arm-none-eabi/14.2.0/../../../../arm-none-eabi/lib/thumb/v6-m/nofp/libc.a
LOAD /usr/lib/gcc/arm-none-eabi/14.2.0/../../../../arm-none-eabi/lib/thumb/v6-m/nofp/libm.a
LOAD /usr/lib/gcc/arm-none-eabi/14.2.0/thumb/v6-m/nofp/libgcc.a

.ARM.attributes
                0x00000000       0x28
 .ARM.attributes
                0x00000000       0x1e /usr/lib/gcc/arm-none-eabi/14.2.0/thumb/v6-m/nofp/crti.o
 .ARM.attributes
                0x0000001e       0x2c /usr/lib/gcc/arm-none-eabi/14.2.0/thumb/v6-m/nofp/crtbegin.o
 .ARM.attributes
                0x0000004a       0x2c build/main.o
 .ARM.attributes
                0x00000076       0x2c build/stm32c0xx_it.o
 .ARM.attributes
                0x000000a2       0x2c build/stm32c0xx_hal_msp.o
 .ARM.attributes
                0x000000ce       0x2c build/stm32c0xx_hal.o
 .ARM.attributes
                0x000000fa       0x2c build/stm32c0xx_hal_adc.o
 .ARM.attributes
                0x00000126       0x2c build/stm32c0xx_hal_rcc.o
 .ARM.attributes
                0x00000152       0x2c build/stm32c0xx_hal_rcc_ex.o
 .ARM.attributes
                0x0000017e       0x2c build/stm32c0xx_hal_gpio.o
 .ARM.attributes
                0x000001aa       0x2c build/stm32c0xx_hal_cortex.o
 .ARM.attributes
                0x000001d6       0x2c build/stm32c0xx_hal_fdcan.o
 .ARM.attributes
                0x00000202       0x2c build/system_stm32c0xx.o
 .ARM.attributes
                0x0000022e       0x22 build/startup_stm32c092xx.o
 .ARM.attributes
                0x00000250       0x2c /usr/lib/gcc/arm-none-eabi/14.2.0/../../../../arm-none-eabi/lib/thumb/v6-m/nofp/libc_nano.a(libc_a-memset.o)
 .ARM.attributes
                0x0000027c       0x2c /usr/lib/gcc/arm-none-eabi/14.2.0/../../../../arm-none-eabi/lib/thumb/v6-m/nofp/libc_nano.a(libc_a-init.o)
 .ARM.attributes
                0x000002a8       0x1e /usr/lib/gcc/arm-none-eabi/14.2.0/thumb/v6-m/nofp/libgcc.a(_udivsi3.o)
 .ARM.attributes
                0x000002c6       0x1e /usr/lib/gcc/arm-none-eabi/14.2.0/thumb/v6-m/nofp/libgcc.a(_dvmd_tls.o)
 .ARM.attributes
                0x000002e4       0x1e /usr/lib/gcc/arm-none-eabi/14.2.0/thumb/v6-m/nofp/crtn.o

.comment        0x00000000       0x1e
 .comment       0x00000000       0x1e build/main.o
                                 0x1f (size before relaxing)
 .comment       0x0000001e       0x1f build/stm32c0xx_it.o
 .comment       0x0000001e       0x1f build/stm32c0xx_hal_msp.o
 .comment       0x0000001e       0x1f build/stm32c0xx_hal.o
 .comment       0x0000001e       0x1f build/stm32c0xx_hal_adc.o
 .comment       0x0000001e       0x1f build/stm32c0xx_hal_rcc.o
 .comment       0x0000001e       0x1f build/stm32c0xx_hal_rcc_ex.o
 .comment       0x0000001e       0x1f build/stm32c0xx_hal_gpio.o
 .comment       0x0000001e       0x1f build/stm32c0xx_hal_cortex.o
 .comment       0x0000001e       0x1f build/stm32c0xx_hal_fdcan.o
 .comment       0x0000001e       0x1f build/system_stm32c0xx.o
 .comment       0x0000001e       0x1f /usr/lib/gcc/arm-none-eabi/14.2.0/../../../../arm-none-eabi/lib/thumb/v6-m/nofp/libc_nano.a(libc_a-memset.o)
 .comment       0x0000001e       0x1f /usr/lib/gcc/arm-none-eabi/14.2.0/../../../../arm-none-eabi/lib/thumb/v6-m/nofp/libc_nano.a(libc_a-init.o)

.debug_info     0x00000000     0xb05b
 .debug_info    0x00000000     0x2049 build/main.o
 .debug_info    0x00002049      0x100 build/stm32c0xx_it.o
 .debug_info    0x00002149     0x13ed build/stm32c0xx_hal_msp.o
 .debug_info    0x00003536      0xa4c build/stm32c0xx_hal.o
 .debug_info    0x00003f82     0x2547 build/stm32c0xx_hal_adc.o
 .debug_info    0x000064c9      0xc6a build/stm32c0xx_hal_rcc.o
 .debug_info    0x00007133      0x721 build/stm32c0xx_hal_rcc_ex.o
 .debug_info    0x00007854      0x6c4 build/stm32c0xx_hal_gpio.o
 .debug_info    0x00007f18      0xb48 build/stm32c0xx_hal_cortex.o
 .debug_info    0x00008a60     0x1f5a build/stm32c0xx_hal_fdcan.o
 .debug_info    0x0000a9ba      0x40d build/system_stm32c0xx.o
 .debug_info    0x0000adc7       0x30 build/startup_stm32c092xx.o
 .debug_info    0x0000adf7       0xe0 /usr/lib/gcc/arm-none-eabi/14.2.0/../../../../arm-none-eabi/lib/thumb/v6-m/nofp/libc_nano.a(libc_a-memset.o)
 .debug_info    0x0000aed7      0x10b /usr/lib/gcc/arm-none-eabi/14.2.0/../../../../arm-none-eabi/lib/thumb/v6-m/nofp/libc_nano.a(libc_a-init.o)
 .debug_info    0x0000afe2       0x3d /usr/lib/gcc/arm-none-eabi/14.2.0/thumb/v6-m/nofp/libgcc.a(_udivsi3.o)
 .debug_info    0x0000b01f       0x3c /usr/lib/gcc/arm-none-eabi/14.2.0/thumb/v6-m/nofp/libgcc.a(_dvmd_tls.o)

.debug_abbrev   0x00000000     0x1baf
 .debug_abbrev  0x00000000      0x2ed build/main.o
 .debug_abbrev  0x000002ed       0x80 build/stm32c0xx_it.o
 .debug_abbrev  0x0000036d      0x1ee build/stm32c0xx_hal_msp.o
 .debug_abbrev  0x0000055b      0x341 build/stm32c0xx_hal.o
 .debug_abbrev  0x0000089c      0x33b build/stm32c0xx_hal_adc.o
 .debug_abbrev  0x00000bd7      0x2b7 build/stm32c0xx_hal_rcc.o
 .debug_abbrev  0x00000e8e      0x292 build/stm32c0xx_hal_rcc_ex.o
 .debug_abbrev  0x00001120      0x23a build/stm32c0xx_hal_gpio.o
 .debug_abbrev  0x0000135a      0x31d build/stm32c0xx_hal_cortex.o
 .debug_abbrev  0x00001677      0x232 build/stm32c0xx_hal_fdcan.o
 .debug_abbrev  0x000018a9      0x134 build/system_stm32c0xx.o
 .debug_abbrev  0x000019dd       0x1d build/startup_stm32c092xx.o
 .debug_abbrev  0x000019fa       0x9e /usr/lib/gcc/arm-none-eabi/14.2.0/../../../../arm-none-eabi/lib/thumb/v6-m/nofp/libc_nano.a(libc_a-memset.o)
 .debug_abbrev  0x00001a98       0xc9 /usr/lib/gcc/arm-none-eabi/14.2.0/../../../../arm-none-eabi/lib/thumb/v6-m/nofp/libc_nano.a(libc_a-init.o)
 .debug_abbrev  0x00001b61       0x28 /usr/lib/gcc/arm-none-eabi/14.2.0/thumb/v6-m/nofp/libgcc.a(_udivsi3.o)
 .debug_abbrev  0x00001b89       0x26 /usr/lib/gcc/arm-none-eabi/14.2.0/thumb/v6-m/nofp/libgcc.a(_dvmd_tls.o)

.debug_loc      0x00000000     0x5be0
 .debug_loc     0x00000000      0x2ed build/main.o
 .debug_loc     0x000002ed       0x20 build/stm32c0xx_it.o
 .debug_loc     0x0000030d      0x203 build/stm32c0xx_hal_msp.o
 .debug_loc     0x00000510      0x326 build/stm32c0xx_hal.o
 .debug_loc     0x00000836     0x1cba build/stm32c0xx_hal_adc.o
 .debug_loc     0x000024f0      0x843 build/stm32c0xx_hal_rcc.o
 .debug_loc     0x00002d33      0x571 build/stm32c0xx_hal_rcc_ex.o
 .debug_loc     0x000032a4      0x544 build/stm32c0xx_hal_gpio.o
 .debug_loc     0x000037e8      0x3ff build/stm32c0xx_hal_cortex.o
 .debug_loc     0x00003be7     0x1f6f build/stm32c0xx_hal_fdcan.o
 .debug_loc     0x00005b56       0x8a build/system_stm32c0xx.o

.debug_aranges  0x00000000      0x7d0
 .debug_aranges
                0x00000000       0x78 build/main.o
 .debug_aranges
                0x00000078       0x40 build/stm32c0xx_it.o
 .debug_aranges
                0x000000b8       0x40 build/stm32c0xx_hal_msp.o
 .debug_aranges
                0x000000f8       0xf0 build/stm32c0xx_hal.o
 .debug_aranges
                0x000001e8      0x118 build/stm32c0xx_hal_adc.o
 .debug_aranges
                0x00000300       0x90 build/stm32c0xx_hal_rcc.o
 .debug_aranges
                0x00000390       0x40 build/stm32c0xx_hal_rcc_ex.o
 .debug_aranges
                0x000003d0       0x68 build/stm32c0xx_hal_gpio.o
 .debug_aranges
                0x00000438       0xc0 build/stm32c0xx_hal_cortex.o
 .debug_aranges
                0x000004f8      0x208 build/stm32c0xx_hal_fdcan.o
 .debug_aranges
                0x00000700       0x28 build/system_stm32c0xx.o
 .debug_aranges
                0x00000728       0x28 build/startup_stm32c092xx.o
 .debug_aranges
                0x00000750       0x20 /usr/lib/gcc/arm-none-eabi/14.2.0/../../../../arm-none-eabi/lib/thumb/v6-m/nofp/libc_nano.a(libc_a-memset.o)
 .debug_aranges
                0x00000770       0x20 /usr/lib/gcc/arm-none-eabi/14.2.0/../../../../arm-none-eabi/lib/thumb/v6-m/nofp/libc_nano.a(libc_a-init.o)
 .debug_aranges
                0x00000790       0x20 /usr/lib/gcc/arm-none-eabi/14.2.0/thumb/v6-m/nofp/libgcc.a(_udivsi3.o)
 .debug_aranges
                0x000007b0       0x20 /usr/lib/gcc/arm-none-eabi/14.2.0/thumb/v6-m/nofp/libgcc.a(_dvmd_tls.o)

.debug_ranges   0x00000000      0x7e8
 .debug_ranges  0x00000000       0x68 build/main.o
 .debug_ranges  0x00000068       0x30 build/stm32c0xx_it.o
 .debug_ranges  0x00000098       0x30 build/stm32c0xx_hal_msp.o
 .debug_ranges  0x000000c8       0xe0 build/stm32c0xx_hal.o
 .debug_ranges  0x000001a8      0x1e0 build/stm32c0xx_hal_adc.o
 .debug_ranges  0x00000388       0xb8 build/stm32c0xx_hal_rcc.o
 .debug_ranges  0x00000440       0x58 build/stm32c0xx_hal_rcc_ex.o
 .debug_ranges  0x00000498       0x58 build/stm32c0xx_hal_gpio.o
 .debug_ranges  0x000004f0       0xc8 build/stm32c0xx_hal_cortex.o
 .debug_ranges  0x000005b8      0x1f8 build/stm32c0xx_hal_fdcan.o
 .debug_ranges  0x000007b0       0x18 build/system_stm32c0xx.o
 .debug_ranges  0x000007c8       0x20 build/startup_stm32c092xx.o

.debug_line     0x00000000     0x68a9
 .debug_line    0x00000000      0x6cf build/main.o
 .debug_line    0x000006cf       0xdf build/stm32c0xx_it.o
 .debug_line    0x000007ae      0x38c build/stm32c0xx_hal_msp.o
 .debug_line    0x00000b3a      0x590 build/stm32c0xx_hal.o
 .debug_line    0x000010ca     0x1a5d build/stm32c0xx_hal_adc.o
 .debug_line    0x00002b27      0xadb build/stm32c0xx_hal_rcc.o
 .debug_line    0x00003602      0x618 build/stm32c0xx_hal_rcc_ex.o
 .debug_line    0x00003c1a      0x6ae build/stm32c0xx_hal_gpio.o
 .debug_line    0x000042c8      0x64d build/stm32c0xx_hal_cortex.o
 .debug_line    0x00004915     0x1a79 build/stm32c0xx_hal_fdcan.o
 .debug_line    0x0000638e      0x1c4 build/system_stm32c0xx.o
 .debug_line    0x00006552       0x76 build/startup_stm32c092xx.o
 .debug_line    0x000065c8      0x11d /usr/lib/gcc/arm-none-eabi/14.2.0/../../../../arm-none-eabi/lib/thumb/v6-m/nofp/libc_nano.a(libc_a-memset.o)
 .debug_line    0x000066e5      0x119 /usr/lib/gcc/arm-none-eabi/14.2.0/../../../../arm-none-eabi/lib/thumb/v6-m/nofp/libc_nano.a(libc_a-init.o)
 .debug_line    0x000067fe       0x61 /usr/lib/gcc/arm-none-eabi/14.2.0/thumb/v6-m/nofp/libgcc.a(_udivsi3.o)
 .debug_line    0x0000685f       0x4a /usr/lib/gcc/arm-none-eabi/14.2.0/thumb/v6-m/nofp/libgcc.a(_dvmd_tls.o)

.debug_str      0x00000000     0x3350
 .debug_str     0x00000000     0x3350 build/main.o
                               0x1084 (size before relaxing)
 .debug_str     0x00003350      0x194 build/stm32c0xx_it.o
 .debug_str     0x00003350      0xc39 build/stm32c0xx_hal_msp.o
 .debug_str     0x00003350      0x7d2 build/stm32c0xx_hal.o
 .debug_str     0x00003350      0xf75 build/stm32c0xx_hal_adc.o
 .debug_str     0x00003350      0x6aa build/stm32c0xx_hal_rcc.o
 .debug_str     0x00003350      0x4da build/stm32c0xx_hal_rcc_ex.o
 .debug_str     0x00003350      0x3d1 build/stm32c0xx_hal_gpio.o
 .debug_str     0x00003350      0x725 build/stm32c0xx_hal_cortex.o
 .debug_str     0x00003350     0x11dd build/stm32c0xx_hal_fdcan.o
 .debug_str     0x00003350      0x29f build/system_stm32c0xx.o
 .debug_str     0x00003350       0x46 build/startup_stm32c092xx.o
 .debug_str     0x00003350      0x1b8 /usr/lib/gcc/arm-none-eabi/14.2.0/../../../../arm-none-eabi/lib/thumb/v6-m/nofp/libc_nano.a(libc_a-memset.o)
 .debug_str     0x00003350      0x219 /usr/lib/gcc/arm-none-eabi/14.2.0/../../../../arm-none-eabi/lib/thumb/v6-m/nofp/libc_nano.a(libc_a-init.o)
 .debug_str     0x00003350       0xb9 /usr/lib/gcc/arm-none-eabi/14.2.0/thumb/v6-m/nofp/libgcc.a(_udivsi3.o)
 .debug_str     0x00003350       0xba /usr/lib/gcc/arm-none-eabi/14.2.0/thumb/v6-m/nofp/libgcc.a(_dvmd_tls.o)

.debug_frame    0x00000000     0x1104
 .debug_frame   0x00000000      0x144 build/main.o
 .debug_frame   0x00000144       0x68 build/stm32c0xx_it.o
 .debug_frame   0x000001ac       0x90 build/stm32c0xx_hal_msp.o
 .debug_frame   0x0000023c      0x1ec build/stm32c0xx_hal.o
 .debug_frame   0x00000428      0x2fc build/stm32c0xx_hal_adc.o
 .debug_frame   0x00000724      0x170 build/stm32c0xx_hal_rcc.o
 .debug_frame   0x00000894       0x84 build/stm32c0xx_hal_rcc_ex.o
 .debug_frame   0x00000918       0xe8 build/stm32c0xx_hal_gpio.o
 .debug_frame   0x00000a00      0x194 build/stm32c0xx_hal_cortex.o
 .debug_frame   0x00000b94      0x4cc build/stm32c0xx_hal_fdcan.o
 .debug_frame   0x00001060       0x38 build/system_stm32c0xx.o
 .debug_frame   0x00001098       0x20 /usr/lib/gcc/arm-none-eabi/14.2.0/../../../../arm-none-eabi/lib/thumb/v6-m/nofp/libc_nano.a(libc_a-memset.o)
 .debug_frame   0x000010b8       0x2c /usr/lib/gcc/arm-none-eabi/14.2.0/../../../../arm-none-eabi/lib/thumb/v6-m/nofp/libc_nano.a(libc_a-init.o)
 .debug_frame   0x000010e4       0x20 /usr/lib/gcc/arm-none-eabi/14.2.0/thumb/v6-m/nofp/libgcc.a(_udivsi3.o)

.debug_loclists
                0x00000000       0xdb
 .debug_loclists
                0x00000000       0x80 /usr/lib/gcc/arm-none-eabi/14.2.0/../../../../arm-none-eabi/lib/thumb/v6-m/nofp/libc_nano.a(libc_a-memset.o)
 .debug_loclists
                0x00000080       0x5b /usr/lib/gcc/arm-none-eabi/14.2.0/../../../../arm-none-eabi/lib/thumb/v6-m/nofp/libc_nano.a(libc_a-init.o)

.debug_rnglists
                0x00000000       0x26
 .debug_rnglists
                0x00000000       0x13 /usr/lib/gcc/arm-none-eabi/14.2.0/../../../../arm-none-eabi/lib/thumb/v6-m/nofp/libc_nano.a(libc_a-memset.o)
 .debug_rnglists
                0x00000013       0x13 /usr/lib/gcc/arm-none-eabi/14.2.0/../../../../arm-none-eabi/lib/thumb/v6-m/nofp/libc_nano.a(libc_a-init.o)

.debug_line_str
                0x00000000       0x92
 .debug_line_str
                0x00000000       0x92 /usr/lib/gcc/arm-none-eabi/14.2.0/thumb/v6-m/nofp/libgcc.a(_udivsi3.o)
 .debug_line_str
                0x00000092       0x92 /usr/lib/gcc/arm-none-eabi/14.2.0/thumb/v6-m/nofp/libgcc.a(_dvmd_tls.o)

Cross Reference Table

Symbol                                            File
ADC1_IRQHandler                                   build/startup_stm32c092xx.o
ADC_ConversionStop                                build/stm32c0xx_hal_adc.o
ADC_Disable                                       build/stm32c0xx_hal_adc.o
                                                  build/stm32c0xx_hal_adc_ex.o
ADC_Enable                                        build/stm32c0xx_hal_adc.o
ADC_Get_VDDA_mV                                   build/main.o
ADC_Read_PressureRaw                              build/main.o
ADC_Read_VREFINT                                  build/main.o
AHBPrescTable                                     build/system_stm32c0xx.o
                                                  build/stm32c0xx_hal_rcc.o
APBPrescTable                                     build/system_stm32c0xx.o
                                                  build/stm32c0xx_hal_rcc.o
CAN_SendAck                                       build/main.o
DMA1_Channel1_IRQHandler                          build/startup_stm32c092xx.o
DMA1_Channel2_3_IRQHandler                        build/startup_stm32c092xx.o
DMAMUX1_DMA1_CH4_5_IRQHandler                     build/startup_stm32c092xx.o
Default_Handler                                   build/startup_stm32c092xx.o
EXTI0_1_IRQHandler                                build/startup_stm32c092xx.o
EXTI2_3_IRQHandler                                build/startup_stm32c092xx.o
EXTI4_15_IRQHandler                               build/startup_stm32c092xx.o
Error_Handler                                     build/main.o
                                                  build/stm32c0xx_hal_msp.o
FDCAN1_IT0_IRQHandler                             build/startup_stm32c092xx.o
FDCAN1_IT1_IRQHandler                             build/startup_stm32c092xx.o
FLASH_FlushCaches                                 build/stm32c0xx_hal_flash_ex.o
FLASH_IRQHandler                                  build/startup_stm32c092xx.o
FLASH_PageErase                                   build/stm32c0xx_hal_flash_ex.o
                                                  build/stm32c0xx_hal_flash.o
FLASH_WaitForLastOperation                        build/stm32c0xx_hal_flash.o
                                                  build/stm32c0xx_hal_flash_ex.o
HAL_ADCEx_Calibration_GetValue                    build/stm32c0xx_hal_adc_ex.o
HAL_ADCEx_Calibration_SetValue                    build/stm32c0xx_hal_adc_ex.o
HAL_ADCEx_Calibration_Start                       build/stm32c0xx_hal_adc_ex.o
HAL_ADCEx_ChannelConfigReadyCallback              build/stm32c0xx_hal_adc_ex.o
                                                  build/stm32c0xx_hal_adc.o
HAL_ADCEx_DisableVoltageRegulator                 build/stm32c0xx_hal_adc_ex.o
HAL_ADCEx_EndOfSamplingCallback                   build/stm32c0xx_hal_adc_ex.o
                                                  build/stm32c0xx_hal_adc.o
HAL_ADCEx_LevelOutOfWindow2Callback               build/stm32c0xx_hal_adc_ex.o
                                                  build/stm32c0xx_hal_adc.o
HAL_ADCEx_LevelOutOfWindow3Callback               build/stm32c0xx_hal_adc_ex.o
                                                  build/stm32c0xx_hal_adc.o
HAL_ADC_ADCReadyCallback                          build/stm32c0xx_hal_adc.o
HAL_ADC_AnalogWDGConfig                           build/stm32c0xx_hal_adc.o
HAL_ADC_CalibrationCpltCallback                   build/stm32c0xx_hal_adc.o
HAL_ADC_ConfigChannel                             build/stm32c0xx_hal_adc.o
                                                  build/main.o
HAL_ADC_ConvCpltCallback                          build/stm32c0xx_hal_adc.o
HAL_ADC_ConvHalfCpltCallback                      build/stm32c0xx_hal_adc.o
HAL_ADC_DeInit                                    build/stm32c0xx_hal_adc.o
HAL_ADC_ErrorCallback                             build/stm32c0xx_hal_adc.o
HAL_ADC_GetError                                  build/stm32c0xx_hal_adc.o
HAL_ADC_GetState                                  build/stm32c0xx_hal_adc.o
HAL_ADC_GetValue                                  build/stm32c0xx_hal_adc.o
                                                  build/main.o
HAL_ADC_IRQHandler                                build/stm32c0xx_hal_adc.o
HAL_ADC_Init                                      build/stm32c0xx_hal_adc.o
                                                  build/main.o
HAL_ADC_LevelOutOfWindowCallback                  build/stm32c0xx_hal_adc.o
HAL_ADC_MspDeInit                                 build/stm32c0xx_hal_msp.o
HAL_ADC_MspInit                                   build/stm32c0xx_hal_msp.o
HAL_ADC_PollForConversion                         build/stm32c0xx_hal_adc.o
                                                  build/main.o
HAL_ADC_PollForEvent                              build/stm32c0xx_hal_adc.o
HAL_ADC_Start                                     build/stm32c0xx_hal_adc.o
                                                  build/main.o
HAL_ADC_Start_DMA                                 build/stm32c0xx_hal_adc.o
HAL_ADC_Start_IT                                  build/stm32c0xx_hal_adc.o
HAL_ADC_Stop                                      build/stm32c0xx_hal_adc.o
                                                  build/main.o
HAL_ADC_Stop_DMA                                  build/stm32c0xx_hal_adc.o
HAL_ADC_Stop_IT                                   build/stm32c0xx_hal_adc.o
HAL_DBGMCU_DisableDBGStandbyMode                  build/stm32c0xx_hal.o
HAL_DBGMCU_DisableDBGStopMode                     build/stm32c0xx_hal.o
HAL_DBGMCU_EnableDBGStandbyMode                   build/stm32c0xx_hal.o
HAL_DBGMCU_EnableDBGStopMode                      build/stm32c0xx_hal.o
HAL_DMAEx_ConfigMuxRequestGenerator               build/stm32c0xx_hal_dma_ex.o
HAL_DMAEx_ConfigMuxSync                           build/stm32c0xx_hal_dma_ex.o
HAL_DMAEx_DisableMuxRequestGenerator              build/stm32c0xx_hal_dma_ex.o
HAL_DMAEx_EnableMuxRequestGenerator               build/stm32c0xx_hal_dma_ex.o
HAL_DMAEx_MUX_IRQHandler                          build/stm32c0xx_hal_dma_ex.o
HAL_DMA_Abort                                     build/stm32c0xx_hal_dma.o
                                                  build/stm32c0xx_hal_adc.o
HAL_DMA_Abort_IT                                  build/stm32c0xx_hal_dma.o
HAL_DMA_DeInit                                    build/stm32c0xx_hal_dma.o
HAL_DMA_GetError                                  build/stm32c0xx_hal_dma.o
HAL_DMA_GetState                                  build/stm32c0xx_hal_dma.o
HAL_DMA_IRQHandler                                build/stm32c0xx_hal_dma.o
HAL_DMA_Init                                      build/stm32c0xx_hal_dma.o
HAL_DMA_PollForTransfer                           build/stm32c0xx_hal_dma.o
HAL_DMA_RegisterCallback                          build/stm32c0xx_hal_dma.o
HAL_DMA_Start                                     build/stm32c0xx_hal_dma.o
HAL_DMA_Start_IT                                  build/stm32c0xx_hal_dma.o
                                                  build/stm32c0xx_hal_adc.o
HAL_DMA_UnRegisterCallback                        build/stm32c0xx_hal_dma.o
HAL_DeInit                                        build/stm32c0xx_hal.o
HAL_Delay                                         build/stm32c0xx_hal.o
                                                  build/main.o
HAL_EXTI_ClearConfigLine                          build/stm32c0xx_hal_exti.o
HAL_EXTI_ClearPending                             build/stm32c0xx_hal_exti.o
HAL_EXTI_GenerateSWI                              build/stm32c0xx_hal_exti.o
HAL_EXTI_GetConfigLine                            build/stm32c0xx_hal_exti.o
HAL_EXTI_GetHandle                                build/stm32c0xx_hal_exti.o
HAL_EXTI_GetPending                               build/stm32c0xx_hal_exti.o
HAL_EXTI_IRQHandler                               build/stm32c0xx_hal_exti.o
HAL_EXTI_RegisterCallback                         build/stm32c0xx_hal_exti.o
HAL_EXTI_SetConfigLine                            build/stm32c0xx_hal_exti.o
HAL_FDCAN_AbortTxRequest                          build/stm32c0xx_hal_fdcan.o
HAL_FDCAN_ActivateNotification                    build/stm32c0xx_hal_fdcan.o
HAL_FDCAN_AddMessageToTxFifoQ                     build/stm32c0xx_hal_fdcan.o
                                                  build/main.o
HAL_FDCAN_ConfigExtendedIdMask                    build/stm32c0xx_hal_fdcan.o
HAL_FDCAN_ConfigFilter                            build/stm32c0xx_hal_fdcan.o
                                                  build/main.o
HAL_FDCAN_ConfigGlobalFilter                      build/stm32c0xx_hal_fdcan.o
                                                  build/main.o
HAL_FDCAN_ConfigInterruptLines                    build/stm32c0xx_hal_fdcan.o
HAL_FDCAN_ConfigRamWatchdog                       build/stm32c0xx_hal_fdcan.o
HAL_FDCAN_ConfigRxFifoOverwrite                   build/stm32c0xx_hal_fdcan.o
HAL_FDCAN_ConfigTimeoutCounter                    build/stm32c0xx_hal_fdcan.o
HAL_FDCAN_ConfigTimestampCounter                  build/stm32c0xx_hal_fdcan.o
HAL_FDCAN_ConfigTxDelayCompensation               build/stm32c0xx_hal_fdcan.o
HAL_FDCAN_DeInit                                  build/stm32c0xx_hal_fdcan.o
HAL_FDCAN_DeactivateNotification                  build/stm32c0xx_hal_fdcan.o
HAL_FDCAN_DisableEdgeFiltering                    build/stm32c0xx_hal_fdcan.o
HAL_FDCAN_DisableISOMode                          build/stm32c0xx_hal_fdcan.o
HAL_FDCAN_DisableTimeoutCounter                   build/stm32c0xx_hal_fdcan.o
HAL_FDCAN_DisableTimestampCounter                 build/stm32c0xx_hal_fdcan.o
HAL_FDCAN_DisableTxDelayCompensation              build/stm32c0xx_hal_fdcan.o
HAL_FDCAN_EnableEdgeFiltering                     build/stm32c0xx_hal_fdcan.o
HAL_FDCAN_EnableISOMode                           build/stm32c0xx_hal_fdcan.o
HAL_FDCAN_EnableTimeoutCounter                    build/stm32c0xx_hal_fdcan.o
HAL_FDCAN_EnableTimestampCounter                  build/stm32c0xx_hal_fdcan.o
HAL_FDCAN_EnableTxDelayCompensation               build/stm32c0xx_hal_fdcan.o
HAL_FDCAN_EnterPowerDownMode                      build/stm32c0xx_hal_fdcan.o
HAL_FDCAN_ErrorCallback                           build/stm32c0xx_hal_fdcan.o
HAL_FDCAN_ErrorStatusCallback                     build/stm32c0xx_hal_fdcan.o
HAL_FDCAN_ExitPowerDownMode                       build/stm32c0xx_hal_fdcan.o
HAL_FDCAN_ExitRestrictedOperationMode             build/stm32c0xx_hal_fdcan.o
HAL_FDCAN_GetError                                build/stm32c0xx_hal_fdcan.o
HAL_FDCAN_GetErrorCounters                        build/stm32c0xx_hal_fdcan.o
HAL_FDCAN_GetHighPriorityMessageStatus            build/stm32c0xx_hal_fdcan.o
HAL_FDCAN_GetLatestTxFifoQRequestBuffer           build/stm32c0xx_hal_fdcan.o
HAL_FDCAN_GetProtocolStatus                       build/stm32c0xx_hal_fdcan.o
HAL_FDCAN_GetRxFifoFillLevel                      build/stm32c0xx_hal_fdcan.o
                                                  build/main.o
HAL_FDCAN_GetRxMessage                            build/stm32c0xx_hal_fdcan.o
                                                  build/main.o
HAL_FDCAN_GetState                                build/stm32c0xx_hal_fdcan.o
HAL_FDCAN_GetTimeoutCounter                       build/stm32c0xx_hal_fdcan.o
HAL_FDCAN_GetTimestampCounter                     build/stm32c0xx_hal_fdcan.o
HAL_FDCAN_GetTxEvent                              build/stm32c0xx_hal_fdcan.o
HAL_FDCAN_GetTxFifoFreeLevel                      build/stm32c0xx_hal_fdcan.o
                                                  build/main.o
HAL_FDCAN_HighPriorityMessageCallback             build/stm32c0xx_hal_fdcan.o
HAL_FDCAN_IRQHandler                              build/stm32c0xx_hal_fdcan.o
HAL_FDCAN_Init                                    build/stm32c0xx_hal_fdcan.o
                                                  build/main.o
HAL_FDCAN_IsRestrictedOperationMode               build/stm32c0xx_hal_fdcan.o
HAL_FDCAN_IsTxBufferMessagePending                build/stm32c0xx_hal_fdcan.o
HAL_FDCAN_MspDeInit                               build/stm32c0xx_hal_msp.o
HAL_FDCAN_MspInit                                 build/stm32c0xx_hal_msp.o
HAL_FDCAN_ResetTimeoutCounter                     build/stm32c0xx_hal_fdcan.o
HAL_FDCAN_ResetTimestampCounter                   build/stm32c0xx_hal_fdcan.o
HAL_FDCAN_RxFifo0Callback                         build/stm32c0xx_hal_fdcan.o
HAL_FDCAN_RxFifo1Callback                         build/stm32c0xx_hal_fdcan.o
HAL_FDCAN_Start                                   build/stm32c0xx_hal_fdcan.o
                                                  build/main.o
HAL_FDCAN_Stop                                    build/stm32c0xx_hal_fdcan.o
HAL_FDCAN_TimeoutOccurredCallback                 build/stm32c0xx_hal_fdcan.o
HAL_FDCAN_TimestampWraparoundCallback             build/stm32c0xx_hal_fdcan.o
HAL_FDCAN_TxBufferAbortCallback                   build/stm32c0xx_hal_fdcan.o
HAL_FDCAN_TxBufferCompleteCallback                build/stm32c0xx_hal_fdcan.o
HAL_FDCAN_TxEventFifoCallback                     build/stm32c0xx_hal_fdcan.o
HAL_FDCAN_TxFifoEmptyCallback                     build/stm32c0xx_hal_fdcan.o
HAL_FLASHEx_DisableDebugger                       build/stm32c0xx_hal_flash_ex.o
HAL_FLASHEx_EnableDebugger                        build/stm32c0xx_hal_flash_ex.o
HAL_FLASHEx_EnableSecMemProtection                build/stm32c0xx_hal_flash_ex.o
HAL_FLASHEx_Erase                                 build/stm32c0xx_hal_flash_ex.o
HAL_FLASHEx_Erase_IT                              build/stm32c0xx_hal_flash_ex.o
HAL_FLASHEx_FlashEmptyCheck                       build/stm32c0xx_hal_flash_ex.o
HAL_FLASHEx_ForceFlashEmpty                       build/stm32c0xx_hal_flash_ex.o
HAL_FLASHEx_OBGetConfig                           build/stm32c0xx_hal_flash_ex.o
HAL_FLASHEx_OBProgram                             build/stm32c0xx_hal_flash_ex.o
HAL_FLASH_EndOfOperationCallback                  build/stm32c0xx_hal_flash.o
HAL_FLASH_GetError                                build/stm32c0xx_hal_flash.o
HAL_FLASH_IRQHandler                              build/stm32c0xx_hal_flash.o
HAL_FLASH_Lock                                    build/stm32c0xx_hal_flash.o
HAL_FLASH_OB_Launch                               build/stm32c0xx_hal_flash.o
HAL_FLASH_OB_Lock                                 build/stm32c0xx_hal_flash.o
HAL_FLASH_OB_Unlock                               build/stm32c0xx_hal_flash.o
HAL_FLASH_OperationErrorCallback                  build/stm32c0xx_hal_flash.o
HAL_FLASH_Program                                 build/stm32c0xx_hal_flash.o
HAL_FLASH_Program_IT                              build/stm32c0xx_hal_flash.o
HAL_FLASH_Unlock                                  build/stm32c0xx_hal_flash.o
HAL_GPIO_DeInit                                   build/stm32c0xx_hal_gpio.o
                                                  build/stm32c0xx_hal_msp.o
HAL_GPIO_EXTI_Falling_Callback                    build/stm32c0xx_hal_gpio.o
HAL_GPIO_EXTI_IRQHandler                          build/stm32c0xx_hal_gpio.o
HAL_GPIO_EXTI_Rising_Callback                     build/stm32c0xx_hal_gpio.o
HAL_GPIO_Init                                     build/stm32c0xx_hal_gpio.o
                                                  build/stm32c0xx_hal_rcc_ex.o
                                                  build/stm32c0xx_hal_rcc.o
                                                  build/stm32c0xx_hal_msp.o
                                                  build/main.o
HAL_GPIO_LockPin                                  build/stm32c0xx_hal_gpio.o
HAL_GPIO_ReadPin                                  build/stm32c0xx_hal_gpio.o
HAL_GPIO_TogglePin                                build/stm32c0xx_hal_gpio.o
HAL_GPIO_WriteMultipleStatePin                    build/stm32c0xx_hal_gpio.o
HAL_GPIO_WritePin                                 build/stm32c0xx_hal_gpio.o
                                                  build/main.o
HAL_GetDEVID                                      build/stm32c0xx_hal.o
HAL_GetHalVersion                                 build/stm32c0xx_hal.o
HAL_GetREVID                                      build/stm32c0xx_hal.o
HAL_GetTick                                       build/stm32c0xx_hal.o
                                                  build/stm32c0xx_hal_fdcan.o
                                                  build/stm32c0xx_hal_flash.o
                                                  build/stm32c0xx_hal_rcc_ex.o
                                                  build/stm32c0xx_hal_rcc.o
                                                  build/stm32c0xx_hal_dma.o
                                                  build/stm32c0xx_hal_adc_ex.o
                                                  build/stm32c0xx_hal_adc.o
HAL_GetTickFreq                                   build/stm32c0xx_hal.o
HAL_GetTickPrio                                   build/stm32c0xx_hal.o
HAL_GetUIDw0                                      build/stm32c0xx_hal.o
HAL_GetUIDw1                                      build/stm32c0xx_hal.o
HAL_GetUIDw2                                      build/stm32c0xx_hal.o
HAL_IncTick                                       build/stm32c0xx_hal.o
                                                  build/stm32c0xx_it.o
HAL_Init                                          build/stm32c0xx_hal.o
                                                  build/main.o
HAL_InitTick                                      build/stm32c0xx_hal.o
                                                  build/stm32c0xx_hal_rcc.o
HAL_MPU_ConfigRegion                              build/stm32c0xx_hal_cortex.o
HAL_MPU_Disable                                   build/stm32c0xx_hal_cortex.o
HAL_MPU_DisableRegion                             build/stm32c0xx_hal_cortex.o
HAL_MPU_Enable                                    build/stm32c0xx_hal_cortex.o
HAL_MPU_EnableRegion                              build/stm32c0xx_hal_cortex.o
HAL_MspDeInit                                     build/stm32c0xx_hal.o
HAL_MspInit                                       build/stm32c0xx_hal_msp.o
HAL_NVIC_ClearPendingIRQ                          build/stm32c0xx_hal_cortex.o
HAL_NVIC_DisableIRQ                               build/stm32c0xx_hal_cortex.o
HAL_NVIC_EnableIRQ                                build/stm32c0xx_hal_cortex.o
HAL_NVIC_GetPendingIRQ                            build/stm32c0xx_hal_cortex.o
HAL_NVIC_GetPriority                              build/stm32c0xx_hal_cortex.o
HAL_NVIC_SetPendingIRQ                            build/stm32c0xx_hal_cortex.o
HAL_NVIC_SetPriority                              build/stm32c0xx_hal_cortex.o
                                                  build/stm32c0xx_hal.o
HAL_NVIC_SystemReset                              build/stm32c0xx_hal_cortex.o
HAL_PWREx_BKUPRead                                build/stm32c0xx_hal_pwr_ex.o
HAL_PWREx_BKUPWrite                               build/stm32c0xx_hal_pwr_ex.o
HAL_PWREx_DisableFlashPowerDown                   build/stm32c0xx_hal_pwr_ex.o
HAL_PWREx_DisableGPIOPullDown                     build/stm32c0xx_hal_pwr_ex.o
HAL_PWREx_DisableGPIOPullUp                       build/stm32c0xx_hal_pwr_ex.o
HAL_PWREx_DisableInternalWakeUpLine               build/stm32c0xx_hal_pwr_ex.o
HAL_PWREx_DisablePullUpPullDownConfig             build/stm32c0xx_hal_pwr_ex.o
HAL_PWREx_EnableFlashPowerDown                    build/stm32c0xx_hal_pwr_ex.o
HAL_PWREx_EnableGPIOPullDown                      build/stm32c0xx_hal_pwr_ex.o
HAL_PWREx_EnableGPIOPullUp                        build/stm32c0xx_hal_pwr_ex.o
HAL_PWREx_EnableInternalWakeUpLine                build/stm32c0xx_hal_pwr_ex.o
HAL_PWREx_EnablePullUpPullDownConfig              build/stm32c0xx_hal_pwr_ex.o
HAL_PWREx_EnterSHUTDOWNMode                       build/stm32c0xx_hal_pwr_ex.o
HAL_PWR_DeInit                                    build/stm32c0xx_hal_pwr.o
HAL_PWR_DisableSEVOnPend                          build/stm32c0xx_hal_pwr.o
HAL_PWR_DisableSleepOnExit                        build/stm32c0xx_hal_pwr.o
HAL_PWR_DisableWakeUpPin                          build/stm32c0xx_hal_pwr.o
HAL_PWR_EnableSEVOnPend                           build/stm32c0xx_hal_pwr.o
HAL_PWR_EnableSleepOnExit                         build/stm32c0xx_hal_pwr.o
HAL_PWR_EnableWakeUpPin                           build/stm32c0xx_hal_pwr.o
HAL_PWR_EnterSLEEPMode                            build/stm32c0xx_hal_pwr.o
HAL_PWR_EnterSTANDBYMode                          build/stm32c0xx_hal_pwr.o
HAL_PWR_EnterSTOPMode                             build/stm32c0xx_hal_pwr.o
HAL_RCCEx_DisableLSCO                             build/stm32c0xx_hal_rcc_ex.o
HAL_RCCEx_EnableLSCO                              build/stm32c0xx_hal_rcc_ex.o
HAL_RCCEx_GetPeriphCLKConfig                      build/stm32c0xx_hal_rcc_ex.o
HAL_RCCEx_GetPeriphCLKFreq                        build/stm32c0xx_hal_rcc_ex.o
HAL_RCCEx_PeriphCLKConfig                         build/stm32c0xx_hal_rcc_ex.o
                                                  build/stm32c0xx_hal_msp.o
HAL_RCC_CSSCallback                               build/stm32c0xx_hal_rcc.o
HAL_RCC_ClockConfig                               build/stm32c0xx_hal_rcc.o
                                                  build/main.o
HAL_RCC_DeInit                                    build/stm32c0xx_hal_rcc.o
HAL_RCC_DisableLSECSS                             build/stm32c0xx_hal_rcc.o
HAL_RCC_EnableCSS                                 build/stm32c0xx_hal_rcc.o
HAL_RCC_EnableLSECSS                              build/stm32c0xx_hal_rcc.o
HAL_RCC_GetClockConfig                            build/stm32c0xx_hal_rcc.o
HAL_RCC_GetHCLKFreq                               build/stm32c0xx_hal_rcc.o
HAL_RCC_GetOscConfig                              build/stm32c0xx_hal_rcc.o
HAL_RCC_GetPCLK1Freq                              build/stm32c0xx_hal_rcc.o
                                                  build/stm32c0xx_hal_rcc_ex.o
HAL_RCC_GetSysClockFreq                           build/stm32c0xx_hal_rcc.o
                                                  build/stm32c0xx_hal_rcc_ex.o
HAL_RCC_LSECSSCallback                            build/stm32c0xx_hal_rcc.o
HAL_RCC_MCOConfig                                 build/stm32c0xx_hal_rcc.o
HAL_RCC_NMI_IRQHandler                            build/stm32c0xx_hal_rcc.o
HAL_RCC_OscConfig                                 build/stm32c0xx_hal_rcc.o
                                                  build/main.o
HAL_ResumeTick                                    build/stm32c0xx_hal.o
HAL_SYSCFG_DisableRemap                           build/stm32c0xx_hal.o
HAL_SYSCFG_EnableRemap                            build/stm32c0xx_hal.o
HAL_SYSCFG_GetPinBinding                          build/stm32c0xx_hal.o
HAL_SYSCFG_SetPinBinding                          build/stm32c0xx_hal.o
HAL_SYSTICK_CLKSourceConfig                       build/stm32c0xx_hal_cortex.o
HAL_SYSTICK_Callback                              build/stm32c0xx_hal_cortex.o
HAL_SYSTICK_Config                                build/stm32c0xx_hal_cortex.o
                                                  build/stm32c0xx_hal.o
HAL_SYSTICK_IRQHandler                            build/stm32c0xx_hal_cortex.o
HAL_SetTickFreq                                   build/stm32c0xx_hal.o
HAL_SuspendTick                                   build/stm32c0xx_hal.o
HardFault_Handler                                 build/stm32c0xx_it.o
I2C1_IRQHandler                                   build/startup_stm32c092xx.o
I2C2_IRQHandler                                   build/startup_stm32c092xx.o
NMI_Handler                                       build/stm32c0xx_it.o
PendSV_Handler                                    build/stm32c0xx_it.o
Pressure_Read_mV                                  build/main.o
RCC_IRQHandler                                    build/startup_stm32c092xx.o
RTC_IRQHandler                                    build/startup_stm32c092xx.o
Reset_Handler                                     build/startup_stm32c092xx.o
SPI1_IRQHandler                                   build/startup_stm32c092xx.o
SPI2_IRQHandler                                   build/startup_stm32c092xx.o
SVC_Handler                                       build/stm32c0xx_it.o
SysTick_Handler                                   build/stm32c0xx_it.o
SystemClock_Config                                build/main.o
SystemCoreClock                                   build/system_stm32c0xx.o
                                                  build/stm32c0xx_hal_rcc.o
                                                  build/stm32c0xx_hal_adc.o
                                                  build/stm32c0xx_hal.o
SystemCoreClockUpdate                             build/system_stm32c0xx.o
SystemInit                                        build/system_stm32c0xx.o
                                                  build/startup_stm32c092xx.o
TIM14_IRQHandler                                  build/startup_stm32c092xx.o
TIM15_IRQHandler                                  build/startup_stm32c092xx.o
TIM16_IRQHandler                                  build/startup_stm32c092xx.o
TIM17_IRQHandler                                  build/startup_stm32c092xx.o
TIM1_BRK_UP_TRG_COM_IRQHandler                    build/startup_stm32c092xx.o
TIM1_CC_IRQHandler                                build/startup_stm32c092xx.o
TIM2_IRQHandler                                   build/startup_stm32c092xx.o
TIM3_IRQHandler                                   build/startup_stm32c092xx.o
USART1_IRQHandler                                 build/startup_stm32c092xx.o
USART2_IRQHandler                                 build/startup_stm32c092xx.o
USART3_4_IRQHandler                               build/startup_stm32c092xx.o
WWDG_IRQHandler                                   build/startup_stm32c092xx.o
_Min_Stack_Size                                   build/sysmem.o
__aeabi_idiv0                                     /usr/lib/gcc/arm-none-eabi/14.2.0/thumb/v6-m/nofp/libgcc.a(_dvmd_tls.o)
                                                  /usr/lib/gcc/arm-none-eabi/14.2.0/thumb/v6-m/nofp/libgcc.a(_udivsi3.o)
__aeabi_ldiv0                                     /usr/lib/gcc/arm-none-eabi/14.2.0/thumb/v6-m/nofp/libgcc.a(_dvmd_tls.o)
__aeabi_uidiv                                     /usr/lib/gcc/arm-none-eabi/14.2.0/thumb/v6-m/nofp/libgcc.a(_udivsi3.o)
                                                  build/system_stm32c0xx.o
                                                  build/stm32c0xx_hal_rcc_ex.o
                                                  build/stm32c0xx_hal_rcc.o
                                                  build/stm32c0xx_hal_dma.o
                                                  build/stm32c0xx_hal_adc_ex.o
                                                  build/stm32c0xx_hal_adc.o
                                                  build/stm32c0xx_hal.o
                                                  build/main.o
__aeabi_uidivmod                                  /usr/lib/gcc/arm-none-eabi/14.2.0/thumb/v6-m/nofp/libgcc.a(_udivsi3.o)
__atexit                                          /usr/lib/gcc/arm-none-eabi/14.2.0/../../../../arm-none-eabi/lib/thumb/v6-m/nofp/libc_nano.a(libc_a-__call_atexit.o)
                                                  /usr/lib/gcc/arm-none-eabi/14.2.0/../../../../arm-none-eabi/lib/thumb/v6-m/nofp/libc_nano.a(libc_a-__atexit.o)
__atexit0                                         /usr/lib/gcc/arm-none-eabi/14.2.0/../../../../arm-none-eabi/lib/thumb/v6-m/nofp/libc_nano.a(libc_a-__atexit.o)
__atexit_dummy                                    /usr/lib/gcc/arm-none-eabi/14.2.0/../../../../arm-none-eabi/lib/thumb/v6-m/nofp/libc_nano.a(libc_a-__atexit.o)
__atexit_recursive_mutex                          /usr/lib/gcc/arm-none-eabi/14.2.0/../../../../arm-none-eabi/lib/thumb/v6-m/nofp/libc_nano.a(libc_a-__call_atexit.o)
                                                  /usr/lib/gcc/arm-none-eabi/14.2.0/../../../../arm-none-eabi/lib/thumb/v6-m/nofp/libc_nano.a(libc_a-__atexit.o)
__bss_end__                                       /usr/lib/gcc/arm-none-eabi/14.2.0/../../../../arm-none-eabi/lib/thumb/v6-m/nofp/crt0.o
__bss_start__                                     /usr/lib/gcc/arm-none-eabi/14.2.0/../../../../arm-none-eabi/lib/thumb/v6-m/nofp/crt0.o
__call_exitprocs                                  /usr/lib/gcc/arm-none-eabi/14.2.0/../../../../arm-none-eabi/lib/thumb/v6-m/nofp/libc_nano.a(libc_a-__call_atexit.o)
                                                  /usr/lib/gcc/arm-none-eabi/14.2.0/../../../../arm-none-eabi/lib/thumb/v6-m/nofp/libc_nano.a(libc_a-__atexit.o)
                                                  /usr/lib/gcc/arm-none-eabi/14.2.0/../../../../arm-none-eabi/lib/thumb/v6-m/nofp/libc_nano.a(libc_a-exit.o)
__deregister_frame_info                           /usr/lib/gcc/arm-none-eabi/14.2.0/thumb/v6-m/nofp/crtbegin.o
__dso_handle                                      /usr/lib/gcc/arm-none-eabi/14.2.0/thumb/v6-m/nofp/crtbegin.o
__env                                             build/syscalls.o
__errno                                           /usr/lib/gcc/arm-none-eabi/14.2.0/../../../../arm-none-eabi/lib/thumb/v6-m/nofp/libc_nano.a(libc_a-errno.o)
                                                  build/syscalls.o
                                                  build/sysmem.o
__fini_array_end                                  /usr/lib/gcc/arm-none-eabi/14.2.0/../../../../arm-none-eabi/lib/thumb/v6-m/nofp/libc_nano.a(libc_a-fini.o)
__fini_array_start                                /usr/lib/gcc/arm-none-eabi/14.2.0/../../../../arm-none-eabi/lib/thumb/v6-m/nofp/libc_nano.a(libc_a-fini.o)
__fp_lock_all                                     /usr/lib/gcc/arm-none-eabi/14.2.0/../../../../arm-none-eabi/lib/thumb/v6-m/nofp/libc_nano.a(libc_a-findfp.o)
__fp_unlock_all                                   /usr/lib/gcc/arm-none-eabi/14.2.0/../../../../arm-none-eabi/lib/thumb/v6-m/nofp/libc_nano.a(libc_a-findfp.o)
__init_array_end                                  /usr/lib/gcc/arm-none-eabi/14.2.0/../../../../arm-none-eabi/lib/thumb/v6-m/nofp/libc_nano.a(libc_a-init.o)
__init_array_start                                /usr/lib/gcc/arm-none-eabi/14.2.0/../../../../arm-none-eabi/lib/thumb/v6-m/nofp/libc_nano.a(libc_a-init.o)
__io_getchar                                      build/syscalls.o
__io_putchar                                      build/syscalls.o
__libc_fini_array                                 /usr/lib/gcc/arm-none-eabi/14.2.0/../../../../arm-none-eabi/lib/thumb/v6-m/nofp/libc_nano.a(libc_a-fini.o)
                                                  /usr/lib/gcc/arm-none-eabi/14.2.0/../../../../arm-none-eabi/lib/thumb/v6-m/nofp/crt0.o
__libc_init_array                                 /usr/lib/gcc/arm-none-eabi/14.2.0/../../../../arm-none-eabi/lib/thumb/v6-m/nofp/libc_nano.a(libc_a-init.o)
                                                  build/startup_stm32c092xx.o
                                                  /usr/lib/gcc/arm-none-eabi/14.2.0/../../../../arm-none-eabi/lib/thumb/v6-m/nofp/crt0.o
__lock___arc4random_mutex                         /usr/lib/gcc/arm-none-eabi/14.2.0/../../../../arm-none-eabi/lib/thumb/v6-m/nofp/libc_nano.a(libc_a-lock.o)
__lock___at_quick_exit_mutex                      /usr/lib/gcc/arm-none-eabi/14.2.0/../../../../arm-none-eabi/lib/thumb/v6-m/nofp/libc_nano.a(libc_a-lock.o)
__lock___atexit_recursive_mutex                   /usr/lib/gcc/arm-none-eabi/14.2.0/../../../../arm-none-eabi/lib/thumb/v6-m/nofp/libc_nano.a(libc_a-lock.o)
                                                  /usr/lib/gcc/arm-none-eabi/14.2.0/../../../../arm-none-eabi/lib/thumb/v6-m/nofp/libc_nano.a(libc_a-__call_atexit.o)
__lock___dd_hash_mutex                            /usr/lib/gcc/arm-none-eabi/14.2.0/../../../../arm-none-eabi/lib/thumb/v6-m/nofp/libc_nano.a(libc_a-lock.o)
__lock___env_recursive_mutex                      /usr/lib/gcc/arm-none-eabi/14.2.0/../../../../arm-none-eabi/lib/thumb/v6-m/nofp/libc_nano.a(libc_a-lock.o)
__lock___malloc_recursive_mutex                   /usr/lib/gcc/arm-none-eabi/14.2.0/../../../../arm-none-eabi/lib/thumb/v6-m/nofp/libc_nano.a(libc_a-lock.o)
                                                  /usr/lib/gcc/arm-none-eabi/14.2.0/../../../../arm-none-eabi/lib/thumb/v6-m/nofp/libc_nano.a(libc_a-mlock.o)
__lock___sfp_recursive_mutex                      /usr/lib/gcc/arm-none-eabi/14.2.0/../../../../arm-none-eabi/lib/thumb/v6-m/nofp/libc_nano.a(libc_a-lock.o)
                                                  /usr/lib/gcc/arm-none-eabi/14.2.0/../../../../arm-none-eabi/lib/thumb/v6-m/nofp/libc_nano.a(libc_a-findfp.o)
__lock___tz_mutex                                 /usr/lib/gcc/arm-none-eabi/14.2.0/../../../../arm-none-eabi/lib/thumb/v6-m/nofp/libc_nano.a(libc_a-lock.o)
__malloc_free_list                                /usr/lib/gcc/arm-none-eabi/14.2.0/../../../../arm-none-eabi/lib/thumb/v6-m/nofp/libc_nano.a(libc_a-mallocr.o)
                                                  /usr/lib/gcc/arm-none-eabi/14.2.0/../../../../arm-none-eabi/lib/thumb/v6-m/nofp/libc_nano.a(libc_a-freer.o)
__malloc_lock                                     /usr/lib/gcc/arm-none-eabi/14.2.0/../../../../arm-none-eabi/lib/thumb/v6-m/nofp/libc_nano.a(libc_a-mlock.o)
                                                  /usr/lib/gcc/arm-none-eabi/14.2.0/../../../../arm-none-eabi/lib/thumb/v6-m/nofp/libc_nano.a(libc_a-mallocr.o)
                                                  /usr/lib/gcc/arm-none-eabi/14.2.0/../../../../arm-none-eabi/lib/thumb/v6-m/nofp/libc_nano.a(libc_a-freer.o)
__malloc_sbrk_start                               /usr/lib/gcc/arm-none-eabi/14.2.0/../../../../arm-none-eabi/lib/thumb/v6-m/nofp/libc_nano.a(libc_a-mallocr.o)
__malloc_unlock                                   /usr/lib/gcc/arm-none-eabi/14.2.0/../../../../arm-none-eabi/lib/thumb/v6-m/nofp/libc_nano.a(libc_a-mlock.o)
                                                  /usr/lib/gcc/arm-none-eabi/14.2.0/../../../../arm-none-eabi/lib/thumb/v6-m/nofp/libc_nano.a(libc_a-mallocr.o)
                                                  /usr/lib/gcc/arm-none-eabi/14.2.0/../../../../arm-none-eabi/lib/thumb/v6-m/nofp/libc_nano.a(libc_a-freer.o)
__on_exit_args                                    /usr/lib/gcc/arm-none-eabi/14.2.0/../../../../arm-none-eabi/lib/thumb/v6-m/nofp/libc_nano.a(libc_a-__atexit.o)
__preinit_array_end                               /usr/lib/gcc/arm-none-eabi/14.2.0/../../../../arm-none-eabi/lib/thumb/v6-m/nofp/libc_nano.a(libc_a-init.o)
__preinit_array_start                             /usr/lib/gcc/arm-none-eabi/14.2.0/../../../../arm-none-eabi/lib/thumb/v6-m/nofp/libc_nano.a(libc_a-init.o)
__register_exitproc                               /usr/lib/gcc/arm-none-eabi/14.2.0/../../../../arm-none-eabi/lib/thumb/v6-m/nofp/libc_nano.a(libc_a-__atexit.o)
                                                  /usr/lib/gcc/arm-none-eabi/14.2.0/../../../../arm-none-eabi/lib/thumb/v6-m/nofp/libc_nano.a(libc_a-atexit.o)
__register_frame_info                             /usr/lib/gcc/arm-none-eabi/14.2.0/thumb/v6-m/nofp/crtbegin.o
__retarget_lock_acquire                           /usr/lib/gcc/arm-none-eabi/14.2.0/../../../../arm-none-eabi/lib/thumb/v6-m/nofp/libc_nano.a(libc_a-lock.o)
__retarget_lock_acquire_recursive                 /usr/lib/gcc/arm-none-eabi/14.2.0/../../../../arm-none-eabi/lib/thumb/v6-m/nofp/libc_nano.a(libc_a-lock.o)
                                                  /usr/lib/gcc/arm-none-eabi/14.2.0/../../../../arm-none-eabi/lib/thumb/v6-m/nofp/libc_nano.a(libc_a-fflush.o)
                                                  /usr/lib/gcc/arm-none-eabi/14.2.0/../../../../arm-none-eabi/lib/thumb/v6-m/nofp/libc_nano.a(libc_a-mlock.o)
                                                  /usr/lib/gcc/arm-none-eabi/14.2.0/../../../../arm-none-eabi/lib/thumb/v6-m/nofp/libc_nano.a(libc_a-__call_atexit.o)
                                                  /usr/lib/gcc/arm-none-eabi/14.2.0/../../../../arm-none-eabi/lib/thumb/v6-m/nofp/libc_nano.a(libc_a-__atexit.o)
                                                  /usr/lib/gcc/arm-none-eabi/14.2.0/../../../../arm-none-eabi/lib/thumb/v6-m/nofp/libc_nano.a(libc_a-findfp.o)
__retarget_lock_close                             /usr/lib/gcc/arm-none-eabi/14.2.0/../../../../arm-none-eabi/lib/thumb/v6-m/nofp/libc_nano.a(libc_a-lock.o)
__retarget_lock_close_recursive                   /usr/lib/gcc/arm-none-eabi/14.2.0/../../../../arm-none-eabi/lib/thumb/v6-m/nofp/libc_nano.a(libc_a-lock.o)
__retarget_lock_init                              /usr/lib/gcc/arm-none-eabi/14.2.0/../../../../arm-none-eabi/lib/thumb/v6-m/nofp/libc_nano.a(libc_a-lock.o)
__retarget_lock_init_recursive                    /usr/lib/gcc/arm-none-eabi/14.2.0/../../../../arm-none-eabi/lib/thumb/v6-m/nofp/libc_nano.a(libc_a-lock.o)
                                                  /usr/lib/gcc/arm-none-eabi/14.2.0/../../../../arm-none-eabi/lib/thumb/v6-m/nofp/libc_nano.a(libc_a-findfp.o)
__retarget_lock_release                           /usr/lib/gcc/arm-none-eabi/14.2.0/../../../../arm-none-eabi/lib/thumb/v6-m/nofp/libc_nano.a(libc_a-lock.o)
__retarget_lock_release_recursive                 /usr/lib/gcc/arm-none-eabi/14.2.0/../../../../arm-none-eabi/lib/thumb/v6-m/nofp/libc_nano.a(libc_a-lock.o)
                                                  /usr/lib/gcc/arm-none-eabi/14.2.0/../../../../arm-none-eabi/lib/thumb/v6-m/nofp/libc_nano.a(libc_a-fflush.o)
                                                  /usr/lib/gcc/arm-none-eabi/14.2.0/../../../../arm-none-eabi/lib/thumb/v6-m/nofp/libc_nano.a(libc_a-mlock.o)
                                                  /usr/lib/gcc/arm-none-eabi/14.2.0/../../../../arm-none-eabi/lib/thumb/v6-m/nofp/libc_nano.a(libc_a-__call_atexit.o)
                                                  /usr/lib/gcc/arm-none-eabi/14.2.0/../../../../arm-none-eabi/lib/thumb/v6-m/nofp/libc_nano.a(libc_a-__atexit.o)
                                                  /usr/lib/gcc/arm-none-eabi/14.2.0/../../../../arm-none-eabi/lib/thumb/v6-m/nofp/libc_nano.a(libc_a-findfp.o)
__retarget_lock_try_acquire                       /usr/lib/gcc/arm-none-eabi/14.2.0/../../../../arm-none-eabi/lib/thumb/v6-m/nofp/libc_nano.a(libc_a-lock.o)
__retarget_lock_try_acquire_recursive             /usr/lib/gcc/arm-none-eabi/14.2.0/../../../../arm-none-eabi/lib/thumb/v6-m/nofp/libc_nano.a(libc_a-lock.o)
__sclose                                          /usr/lib/gcc/arm-none-eabi/14.2.0/../../../../arm-none-eabi/lib/thumb/v6-m/nofp/libc_nano.a(libc_a-stdio.o)
                                                  /usr/lib/gcc/arm-none-eabi/14.2.0/../../../../arm-none-eabi/lib/thumb/v6-m/nofp/libc_nano.a(libc_a-findfp.o)
__seofread                                        /usr/lib/gcc/arm-none-eabi/14.2.0/../../../../arm-none-eabi/lib/thumb/v6-m/nofp/libc_nano.a(libc_a-stdio.o)
__sf                                              /usr/lib/gcc/arm-none-eabi/14.2.0/../../../../arm-none-eabi/lib/thumb/v6-m/nofp/libc_nano.a(libc_a-findfp.o)
                                                  /usr/lib/gcc/arm-none-eabi/14.2.0/../../../../arm-none-eabi/lib/thumb/v6-m/nofp/libc_nano.a(libc_a-impure.o)
__sflush_r                                        /usr/lib/gcc/arm-none-eabi/14.2.0/../../../../arm-none-eabi/lib/thumb/v6-m/nofp/libc_nano.a(libc_a-fflush.o)
__sfp                                             /usr/lib/gcc/arm-none-eabi/14.2.0/../../../../arm-none-eabi/lib/thumb/v6-m/nofp/libc_nano.a(libc_a-findfp.o)
__sfp_lock_acquire                                /usr/lib/gcc/arm-none-eabi/14.2.0/../../../../arm-none-eabi/lib/thumb/v6-m/nofp/libc_nano.a(libc_a-findfp.o)
__sfp_lock_release                                /usr/lib/gcc/arm-none-eabi/14.2.0/../../../../arm-none-eabi/lib/thumb/v6-m/nofp/libc_nano.a(libc_a-findfp.o)
__sglue                                           /usr/lib/gcc/arm-none-eabi/14.2.0/../../../../arm-none-eabi/lib/thumb/v6-m/nofp/libc_nano.a(libc_a-findfp.o)
                                                  /usr/lib/gcc/arm-none-eabi/14.2.0/../../../../arm-none-eabi/lib/thumb/v6-m/nofp/libc_nano.a(libc_a-fflush.o)
__sinit                                           /usr/lib/gcc/arm-none-eabi/14.2.0/../../../../arm-none-eabi/lib/thumb/v6-m/nofp/libc_nano.a(libc_a-findfp.o)
                                                  /usr/lib/gcc/arm-none-eabi/14.2.0/../../../../arm-none-eabi/lib/thumb/v6-m/nofp/libc_nano.a(libc_a-fflush.o)
__sread                                           /usr/lib/gcc/arm-none-eabi/14.2.0/../../../../arm-none-eabi/lib/thumb/v6-m/nofp/libc_nano.a(libc_a-stdio.o)
                                                  /usr/lib/gcc/arm-none-eabi/14.2.0/../../../../arm-none-eabi/lib/thumb/v6-m/nofp/libc_nano.a(libc_a-findfp.o)
__sseek                                           /usr/lib/gcc/arm-none-eabi/14.2.0/../../../../arm-none-eabi/lib/thumb/v6-m/nofp/libc_nano.a(libc_a-stdio.o)
                                                  /usr/lib/gcc/arm-none-eabi/14.2.0/../../../../arm-none-eabi/lib/thumb/v6-m/nofp/libc_nano.a(libc_a-findfp.o)
__stack                                           /usr/lib/gcc/arm-none-eabi/14.2.0/../../../../arm-none-eabi/lib/thumb/v6-m/nofp/crt0.o
__stdio_exit_handler                              /usr/lib/gcc/arm-none-eabi/14.2.0/../../../../arm-none-eabi/lib/thumb/v6-m/nofp/libc_nano.a(libc_a-findfp.o)
                                                  /usr/lib/gcc/arm-none-eabi/14.2.0/../../../../arm-none-eabi/lib/thumb/v6-m/nofp/libc_nano.a(libc_a-exit.o)
__swrite                                          /usr/lib/gcc/arm-none-eabi/14.2.0/../../../../arm-none-eabi/lib/thumb/v6-m/nofp/libc_nano.a(libc_a-stdio.o)
                                                  /usr/lib/gcc/arm-none-eabi/14.2.0/../../../../arm-none-eabi/lib/thumb/v6-m/nofp/libc_nano.a(libc_a-findfp.o)
__udivsi3                                         /usr/lib/gcc/arm-none-eabi/14.2.0/thumb/v6-m/nofp/libgcc.a(_udivsi3.o)
_close                                            build/syscalls.o
                                                  /usr/lib/gcc/arm-none-eabi/14.2.0/../../../../arm-none-eabi/lib/thumb/v6-m/nofp/libc_nano.a(libc_a-closer.o)
_close_r                                          /usr/lib/gcc/arm-none-eabi/14.2.0/../../../../arm-none-eabi/lib/thumb/v6-m/nofp/libc_nano.a(libc_a-closer.o)
                                                  /usr/lib/gcc/arm-none-eabi/14.2.0/../../../../arm-none-eabi/lib/thumb/v6-m/nofp/libc_nano.a(libc_a-stdio.o)
_ebss                                             build/startup_stm32c092xx.o
_edata                                            build/startup_stm32c092xx.o
_end                                              build/sysmem.o
_estack                                           build/startup_stm32c092xx.o
                                                  build/sysmem.o
_execve                                           build/syscalls.o
_exit                                             build/syscalls.o
                                                  /usr/lib/gcc/arm-none-eabi/14.2.0/../../../../arm-none-eabi/lib/thumb/v6-m/nofp/libc_nano.a(libc_a-exit.o)
_fflush_r                                         /usr/lib/gcc/arm-none-eabi/14.2.0/../../../../arm-none-eabi/lib/thumb/v6-m/nofp/libc_nano.a(libc_a-fflush.o)
                                                  /usr/lib/gcc/arm-none-eabi/14.2.0/../../../../arm-none-eabi/lib/thumb/v6-m/nofp/libc_nano.a(libc_a-findfp.o)
_fini                                             /usr/lib/gcc/arm-none-eabi/14.2.0/thumb/v6-m/nofp/crti.o
                                                  /usr/lib/gcc/arm-none-eabi/14.2.0/../../../../arm-none-eabi/lib/thumb/v6-m/nofp/libc_nano.a(libc_a-fini.o)
_fork                                             build/syscalls.o
_free_r                                           /usr/lib/gcc/arm-none-eabi/14.2.0/../../../../arm-none-eabi/lib/thumb/v6-m/nofp/libc_nano.a(libc_a-freer.o)
                                                  /usr/lib/gcc/arm-none-eabi/14.2.0/../../../../arm-none-eabi/lib/thumb/v6-m/nofp/libc_nano.a(libc_a-fflush.o)
                                                  /usr/lib/gcc/arm-none-eabi/14.2.0/../../../../arm-none-eabi/lib/thumb/v6-m/nofp/libc_nano.a(libc_a-reent.o)
_fstat                                            build/syscalls.o
_fwalk_sglue                                      /usr/lib/gcc/arm-none-eabi/14.2.0/../../../../arm-none-eabi/lib/thumb/v6-m/nofp/libc_nano.a(libc_a-fwalk.o)
                                                  /usr/lib/gcc/arm-none-eabi/14.2.0/../../../../arm-none-eabi/lib/thumb/v6-m/nofp/libc_nano.a(libc_a-fflush.o)
                                                  /usr/lib/gcc/arm-none-eabi/14.2.0/../../../../arm-none-eabi/lib/thumb/v6-m/nofp/libc_nano.a(libc_a-findfp.o)
_getpid                                           build/syscalls.o
_impure_data                                      /usr/lib/gcc/arm-none-eabi/14.2.0/../../../../arm-none-eabi/lib/thumb/v6-m/nofp/libc_nano.a(libc_a-impure.o)
                                                  /usr/lib/gcc/arm-none-eabi/14.2.0/../../../../arm-none-eabi/lib/thumb/v6-m/nofp/libc_nano.a(libc_a-fflush.o)
                                                  /usr/lib/gcc/arm-none-eabi/14.2.0/../../../../arm-none-eabi/lib/thumb/v6-m/nofp/libc_nano.a(libc_a-findfp.o)
_impure_ptr                                       /usr/lib/gcc/arm-none-eabi/14.2.0/../../../../arm-none-eabi/lib/thumb/v6-m/nofp/libc_nano.a(libc_a-impure.o)
                                                  /usr/lib/gcc/arm-none-eabi/14.2.0/../../../../arm-none-eabi/lib/thumb/v6-m/nofp/libc_nano.a(libc_a-fflush.o)
                                                  /usr/lib/gcc/arm-none-eabi/14.2.0/../../../../arm-none-eabi/lib/thumb/v6-m/nofp/libc_nano.a(libc_a-errno.o)
                                                  /usr/lib/gcc/arm-none-eabi/14.2.0/../../../../arm-none-eabi/lib/thumb/v6-m/nofp/libc_nano.a(libc_a-reent.o)
_init                                             /usr/lib/gcc/arm-none-eabi/14.2.0/thumb/v6-m/nofp/crti.o
                                                  /usr/lib/gcc/arm-none-eabi/14.2.0/../../../../arm-none-eabi/lib/thumb/v6-m/nofp/libc_nano.a(libc_a-init.o)
_isatty                                           build/syscalls.o
_kill                                             build/syscalls.o
_link                                             build/syscalls.o
_lseek                                            build/syscalls.o
                                                  /usr/lib/gcc/arm-none-eabi/14.2.0/../../../../arm-none-eabi/lib/thumb/v6-m/nofp/libc_nano.a(libc_a-lseekr.o)
_lseek_r                                          /usr/lib/gcc/arm-none-eabi/14.2.0/../../../../arm-none-eabi/lib/thumb/v6-m/nofp/libc_nano.a(libc_a-lseekr.o)
                                                  /usr/lib/gcc/arm-none-eabi/14.2.0/../../../../arm-none-eabi/lib/thumb/v6-m/nofp/libc_nano.a(libc_a-stdio.o)
_mainCRTStartup                                   /usr/lib/gcc/arm-none-eabi/14.2.0/../../../../arm-none-eabi/lib/thumb/v6-m/nofp/crt0.o
_malloc_r                                         /usr/lib/gcc/arm-none-eabi/14.2.0/../../../../arm-none-eabi/lib/thumb/v6-m/nofp/libc_nano.a(libc_a-mallocr.o)
                                                  /usr/lib/gcc/arm-none-eabi/14.2.0/../../../../arm-none-eabi/lib/thumb/v6-m/nofp/libc_nano.a(libc_a-findfp.o)
_open                                             build/syscalls.o
_read                                             build/syscalls.o
                                                  /usr/lib/gcc/arm-none-eabi/14.2.0/../../../../arm-none-eabi/lib/thumb/v6-m/nofp/libc_nano.a(libc_a-readr.o)
_read_r                                           /usr/lib/gcc/arm-none-eabi/14.2.0/../../../../arm-none-eabi/lib/thumb/v6-m/nofp/libc_nano.a(libc_a-readr.o)
                                                  /usr/lib/gcc/arm-none-eabi/14.2.0/../../../../arm-none-eabi/lib/thumb/v6-m/nofp/libc_nano.a(libc_a-stdio.o)
_reclaim_reent                                    /usr/lib/gcc/arm-none-eabi/14.2.0/../../../../arm-none-eabi/lib/thumb/v6-m/nofp/libc_nano.a(libc_a-reent.o)
_sbrk                                             build/sysmem.o
                                                  /usr/lib/gcc/arm-none-eabi/14.2.0/../../../../arm-none-eabi/lib/thumb/v6-m/nofp/libc_nano.a(libc_a-sbrkr.o)
_sbrk_r                                           /usr/lib/gcc/arm-none-eabi/14.2.0/../../../../arm-none-eabi/lib/thumb/v6-m/nofp/libc_nano.a(libc_a-sbrkr.o)
                                                  /usr/lib/gcc/arm-none-eabi/14.2.0/../../../../arm-none-eabi/lib/thumb/v6-m/nofp/libc_nano.a(libc_a-mallocr.o)
_sbss                                             build/startup_stm32c092xx.o
_sdata                                            build/startup_stm32c092xx.o
_sidata                                           build/startup_stm32c092xx.o
_stack_init                                       /usr/lib/gcc/arm-none-eabi/14.2.0/../../../../arm-none-eabi/lib/thumb/v6-m/nofp/crt0.o
_start                                            /usr/lib/gcc/arm-none-eabi/14.2.0/../../../../arm-none-eabi/lib/thumb/v6-m/nofp/crt0.o
_stat                                             build/syscalls.o
_times                                            build/syscalls.o
_unlink                                           build/syscalls.o
_wait                                             build/syscalls.o
_write                                            build/syscalls.o
                                                  /usr/lib/gcc/arm-none-eabi/14.2.0/../../../../arm-none-eabi/lib/thumb/v6-m/nofp/libc_nano.a(libc_a-writer.o)
_write_r                                          /usr/lib/gcc/arm-none-eabi/14.2.0/../../../../arm-none-eabi/lib/thumb/v6-m/nofp/libc_nano.a(libc_a-writer.o)
                                                  /usr/lib/gcc/arm-none-eabi/14.2.0/../../../../arm-none-eabi/lib/thumb/v6-m/nofp/libc_nano.a(libc_a-stdio.o)
atexit                                            /usr/lib/gcc/arm-none-eabi/14.2.0/../../../../arm-none-eabi/lib/thumb/v6-m/nofp/libc_nano.a(libc_a-atexit.o)
                                                  /usr/lib/gcc/arm-none-eabi/14.2.0/../../../../arm-none-eabi/lib/thumb/v6-m/nofp/crt0.o
environ                                           build/syscalls.o
errno                                             /usr/lib/gcc/arm-none-eabi/14.2.0/../../../../arm-none-eabi/lib/thumb/v6-m/nofp/libc_nano.a(libc_a-reent.o)
                                                  /usr/lib/gcc/arm-none-eabi/14.2.0/../../../../arm-none-eabi/lib/thumb/v6-m/nofp/libc_nano.a(libc_a-sbrkr.o)
                                                  /usr/lib/gcc/arm-none-eabi/14.2.0/../../../../arm-none-eabi/lib/thumb/v6-m/nofp/libc_nano.a(libc_a-writer.o)
                                                  /usr/lib/gcc/arm-none-eabi/14.2.0/../../../../arm-none-eabi/lib/thumb/v6-m/nofp/libc_nano.a(libc_a-readr.o)
                                                  /usr/lib/gcc/arm-none-eabi/14.2.0/../../../../arm-none-eabi/lib/thumb/v6-m/nofp/libc_nano.a(libc_a-lseekr.o)
                                                  /usr/lib/gcc/arm-none-eabi/14.2.0/../../../../arm-none-eabi/lib/thumb/v6-m/nofp/libc_nano.a(libc_a-closer.o)
exit                                              /usr/lib/gcc/arm-none-eabi/14.2.0/../../../../arm-none-eabi/lib/thumb/v6-m/nofp/libc_nano.a(libc_a-exit.o)
                                                  /usr/lib/gcc/arm-none-eabi/14.2.0/../../../../arm-none-eabi/lib/thumb/v6-m/nofp/crt0.o
fflush                                            /usr/lib/gcc/arm-none-eabi/14.2.0/../../../../arm-none-eabi/lib/thumb/v6-m/nofp/libc_nano.a(libc_a-fflush.o)
g_pfnVectors                                      build/startup_stm32c092xx.o
hadc1                                             build/main.o
hardware_init_hook                                /usr/lib/gcc/arm-none-eabi/14.2.0/../../../../arm-none-eabi/lib/thumb/v6-m/nofp/crt0.o
hfdcan1                                           build/main.o
initialise_monitor_handles                        build/syscalls.o
main                                              build/main.o
                                                  build/startup_stm32c092xx.o
                                                  /usr/lib/gcc/arm-none-eabi/14.2.0/../../../../arm-none-eabi/lib/thumb/v6-m/nofp/crt0.o
malloc                                            /usr/lib/gcc/arm-none-eabi/14.2.0/../../../../arm-none-eabi/lib/thumb/v6-m/nofp/libc_nano.a(libc_a-__atexit.o)
memset                                            /usr/lib/gcc/arm-none-eabi/14.2.0/../../../../arm-none-eabi/lib/thumb/v6-m/nofp/libc_nano.a(libc_a-memset.o)
                                                  /usr/lib/gcc/arm-none-eabi/14.2.0/../../../../arm-none-eabi/lib/thumb/v6-m/nofp/libc_nano.a(libc_a-findfp.o)
                                                  build/stm32c0xx_hal_msp.o
                                                  build/main.o
                                                  /usr/lib/gcc/arm-none-eabi/14.2.0/../../../../arm-none-eabi/lib/thumb/v6-m/nofp/crt0.o
pFlash                                            build/stm32c0xx_hal_flash.o
                                                  build/stm32c0xx_hal_flash_ex.o
software_init_hook                                /usr/lib/gcc/arm-none-eabi/14.2.0/../../../../arm-none-eabi/lib/thumb/v6-m/nofp/crt0.o
uwTick                                            build/stm32c0xx_hal.o
uwTickFreq                                        build/stm32c0xx_hal.o
uwTickPrio                                        build/stm32c0xx_hal.o
                                                  build/stm32c0xx_hal_rcc.o
