ARM GAS  /tmp/cc4WKWJO.s 			page 1


   1              		.cpu cortex-m0plus
   2              		.arch armv6s-m
   3              		.fpu softvfp
   4              		.eabi_attribute 20, 1
   5              		.eabi_attribute 21, 1
   6              		.eabi_attribute 23, 3
   7              		.eabi_attribute 24, 1
   8              		.eabi_attribute 25, 1
   9              		.eabi_attribute 26, 1
  10              		.eabi_attribute 30, 1
  11              		.eabi_attribute 34, 0
  12              		.eabi_attribute 18, 4
  13              		.file	"stm32c0xx_hal_msp.c"
  14              		.text
  15              	.Ltext0:
  16              		.cfi_sections	.debug_frame
  17              		.file 1 "Core/Src/stm32c0xx_hal_msp.c"
  18              		.section	.text.HAL_MspInit,"ax",%progbits
  19              		.align	1
  20              		.global	HAL_MspInit
  21              		.syntax unified
  22              		.code	16
  23              		.thumb_func
  25              	HAL_MspInit:
  26              	.LFB358:
   1:Core/Src/stm32c0xx_hal_msp.c **** /* USER CODE BEGIN Header */
   2:Core/Src/stm32c0xx_hal_msp.c **** /**
   3:Core/Src/stm32c0xx_hal_msp.c ****   ******************************************************************************
   4:Core/Src/stm32c0xx_hal_msp.c ****   * @file         stm32c0xx_hal_msp.c
   5:Core/Src/stm32c0xx_hal_msp.c ****   * @brief        This file provides code for the MSP Initialization
   6:Core/Src/stm32c0xx_hal_msp.c ****   *               and de-Initialization codes.
   7:Core/Src/stm32c0xx_hal_msp.c ****   ******************************************************************************
   8:Core/Src/stm32c0xx_hal_msp.c ****   * @attention
   9:Core/Src/stm32c0xx_hal_msp.c ****   *
  10:Core/Src/stm32c0xx_hal_msp.c ****   * Copyright (c) 2026 STMicroelectronics.
  11:Core/Src/stm32c0xx_hal_msp.c ****   * All rights reserved.
  12:Core/Src/stm32c0xx_hal_msp.c ****   *
  13:Core/Src/stm32c0xx_hal_msp.c ****   * This software is licensed under terms that can be found in the LICENSE file
  14:Core/Src/stm32c0xx_hal_msp.c ****   * in the root directory of this software component.
  15:Core/Src/stm32c0xx_hal_msp.c ****   * If no LICENSE file comes with this software, it is provided AS-IS.
  16:Core/Src/stm32c0xx_hal_msp.c ****   *
  17:Core/Src/stm32c0xx_hal_msp.c ****   ******************************************************************************
  18:Core/Src/stm32c0xx_hal_msp.c ****   */
  19:Core/Src/stm32c0xx_hal_msp.c **** /* USER CODE END Header */
  20:Core/Src/stm32c0xx_hal_msp.c **** 
  21:Core/Src/stm32c0xx_hal_msp.c **** /* Includes ------------------------------------------------------------------*/
  22:Core/Src/stm32c0xx_hal_msp.c **** #include "main.h"
  23:Core/Src/stm32c0xx_hal_msp.c **** /* USER CODE BEGIN Includes */
  24:Core/Src/stm32c0xx_hal_msp.c **** 
  25:Core/Src/stm32c0xx_hal_msp.c **** /* USER CODE END Includes */
  26:Core/Src/stm32c0xx_hal_msp.c **** extern DMA_HandleTypeDef hdma_adc1;
  27:Core/Src/stm32c0xx_hal_msp.c **** 
  28:Core/Src/stm32c0xx_hal_msp.c **** /* Private typedef -----------------------------------------------------------*/
  29:Core/Src/stm32c0xx_hal_msp.c **** /* USER CODE BEGIN TD */
  30:Core/Src/stm32c0xx_hal_msp.c **** 
  31:Core/Src/stm32c0xx_hal_msp.c **** /* USER CODE END TD */
  32:Core/Src/stm32c0xx_hal_msp.c **** 
ARM GAS  /tmp/cc4WKWJO.s 			page 2


  33:Core/Src/stm32c0xx_hal_msp.c **** /* Private define ------------------------------------------------------------*/
  34:Core/Src/stm32c0xx_hal_msp.c **** /* USER CODE BEGIN Define */
  35:Core/Src/stm32c0xx_hal_msp.c **** 
  36:Core/Src/stm32c0xx_hal_msp.c **** /* USER CODE END Define */
  37:Core/Src/stm32c0xx_hal_msp.c **** 
  38:Core/Src/stm32c0xx_hal_msp.c **** /* Private macro -------------------------------------------------------------*/
  39:Core/Src/stm32c0xx_hal_msp.c **** /* USER CODE BEGIN Macro */
  40:Core/Src/stm32c0xx_hal_msp.c **** 
  41:Core/Src/stm32c0xx_hal_msp.c **** /* USER CODE END Macro */
  42:Core/Src/stm32c0xx_hal_msp.c **** 
  43:Core/Src/stm32c0xx_hal_msp.c **** /* Private variables ---------------------------------------------------------*/
  44:Core/Src/stm32c0xx_hal_msp.c **** /* USER CODE BEGIN PV */
  45:Core/Src/stm32c0xx_hal_msp.c **** 
  46:Core/Src/stm32c0xx_hal_msp.c **** /* USER CODE END PV */
  47:Core/Src/stm32c0xx_hal_msp.c **** 
  48:Core/Src/stm32c0xx_hal_msp.c **** /* Private function prototypes -----------------------------------------------*/
  49:Core/Src/stm32c0xx_hal_msp.c **** /* USER CODE BEGIN PFP */
  50:Core/Src/stm32c0xx_hal_msp.c **** 
  51:Core/Src/stm32c0xx_hal_msp.c **** /* USER CODE END PFP */
  52:Core/Src/stm32c0xx_hal_msp.c **** 
  53:Core/Src/stm32c0xx_hal_msp.c **** /* External functions --------------------------------------------------------*/
  54:Core/Src/stm32c0xx_hal_msp.c **** /* USER CODE BEGIN ExternalFunctions */
  55:Core/Src/stm32c0xx_hal_msp.c **** 
  56:Core/Src/stm32c0xx_hal_msp.c **** /* USER CODE END ExternalFunctions */
  57:Core/Src/stm32c0xx_hal_msp.c **** 
  58:Core/Src/stm32c0xx_hal_msp.c **** /* USER CODE BEGIN 0 */
  59:Core/Src/stm32c0xx_hal_msp.c **** 
  60:Core/Src/stm32c0xx_hal_msp.c **** /* USER CODE END 0 */
  61:Core/Src/stm32c0xx_hal_msp.c **** /**
  62:Core/Src/stm32c0xx_hal_msp.c ****   * Initializes the Global MSP.
  63:Core/Src/stm32c0xx_hal_msp.c ****   */
  64:Core/Src/stm32c0xx_hal_msp.c **** void HAL_MspInit(void)
  65:Core/Src/stm32c0xx_hal_msp.c **** {
  27              		.loc 1 65 1 view -0
  28              		.cfi_startproc
  29              		@ args = 0, pretend = 0, frame = 8
  30              		@ frame_needed = 0, uses_anonymous_args = 0
  31              		@ link register save eliminated.
  32 0000 82B0     		sub	sp, sp, #8
  33              	.LCFI0:
  34              		.cfi_def_cfa_offset 8
  66:Core/Src/stm32c0xx_hal_msp.c **** 
  67:Core/Src/stm32c0xx_hal_msp.c ****   /* USER CODE BEGIN MspInit 0 */
  68:Core/Src/stm32c0xx_hal_msp.c **** 
  69:Core/Src/stm32c0xx_hal_msp.c ****   /* USER CODE END MspInit 0 */
  70:Core/Src/stm32c0xx_hal_msp.c **** 
  71:Core/Src/stm32c0xx_hal_msp.c ****   __HAL_RCC_SYSCFG_CLK_ENABLE();
  35              		.loc 1 71 3 view .LVU1
  36              	.LBB2:
  37              		.loc 1 71 3 view .LVU2
  38              		.loc 1 71 3 view .LVU3
  39 0002 0A4B     		ldr	r3, .L2
  40 0004 196C     		ldr	r1, [r3, #64]
  41 0006 0122     		movs	r2, #1
  42 0008 1143     		orrs	r1, r2
  43 000a 1964     		str	r1, [r3, #64]
  44              		.loc 1 71 3 view .LVU4
ARM GAS  /tmp/cc4WKWJO.s 			page 3


  45 000c 196C     		ldr	r1, [r3, #64]
  46 000e 0A40     		ands	r2, r1
  47 0010 0092     		str	r2, [sp]
  48              		.loc 1 71 3 view .LVU5
  49 0012 009A     		ldr	r2, [sp]
  50              	.LBE2:
  51              		.loc 1 71 3 view .LVU6
  72:Core/Src/stm32c0xx_hal_msp.c ****   __HAL_RCC_PWR_CLK_ENABLE();
  52              		.loc 1 72 3 view .LVU7
  53              	.LBB3:
  54              		.loc 1 72 3 view .LVU8
  55              		.loc 1 72 3 view .LVU9
  56 0014 DA6B     		ldr	r2, [r3, #60]
  57 0016 8021     		movs	r1, #128
  58 0018 4905     		lsls	r1, r1, #21
  59 001a 0A43     		orrs	r2, r1
  60 001c DA63     		str	r2, [r3, #60]
  61              		.loc 1 72 3 view .LVU10
  62 001e DB6B     		ldr	r3, [r3, #60]
  63 0020 0B40     		ands	r3, r1
  64 0022 0193     		str	r3, [sp, #4]
  65              		.loc 1 72 3 view .LVU11
  66 0024 019B     		ldr	r3, [sp, #4]
  67              	.LBE3:
  68              		.loc 1 72 3 view .LVU12
  73:Core/Src/stm32c0xx_hal_msp.c **** 
  74:Core/Src/stm32c0xx_hal_msp.c ****   /* System interrupt init*/
  75:Core/Src/stm32c0xx_hal_msp.c **** 
  76:Core/Src/stm32c0xx_hal_msp.c ****   /* USER CODE BEGIN MspInit 1 */
  77:Core/Src/stm32c0xx_hal_msp.c **** 
  78:Core/Src/stm32c0xx_hal_msp.c ****   /* USER CODE END MspInit 1 */
  79:Core/Src/stm32c0xx_hal_msp.c **** }
  69              		.loc 1 79 1 is_stmt 0 view .LVU13
  70 0026 02B0     		add	sp, sp, #8
  71              		@ sp needed
  72 0028 7047     		bx	lr
  73              	.L3:
  74 002a C046     		.align	2
  75              	.L2:
  76 002c 00100240 		.word	1073876992
  77              		.cfi_endproc
  78              	.LFE358:
  80              		.section	.text.HAL_ADC_MspInit,"ax",%progbits
  81              		.align	1
  82              		.global	HAL_ADC_MspInit
  83              		.syntax unified
  84              		.code	16
  85              		.thumb_func
  87              	HAL_ADC_MspInit:
  88              	.LVL0:
  89              	.LFB359:
  80:Core/Src/stm32c0xx_hal_msp.c **** 
  81:Core/Src/stm32c0xx_hal_msp.c **** /**
  82:Core/Src/stm32c0xx_hal_msp.c ****   * @brief ADC MSP Initialization
  83:Core/Src/stm32c0xx_hal_msp.c ****   * This function configures the hardware resources used in this example
  84:Core/Src/stm32c0xx_hal_msp.c ****   * @param hadc: ADC handle pointer
  85:Core/Src/stm32c0xx_hal_msp.c ****   * @retval None
ARM GAS  /tmp/cc4WKWJO.s 			page 4


  86:Core/Src/stm32c0xx_hal_msp.c ****   */
  87:Core/Src/stm32c0xx_hal_msp.c **** void HAL_ADC_MspInit(ADC_HandleTypeDef* hadc)
  88:Core/Src/stm32c0xx_hal_msp.c **** {
  90              		.loc 1 88 1 is_stmt 1 view -0
  91              		.cfi_startproc
  92              		@ args = 0, pretend = 0, frame = 64
  93              		@ frame_needed = 0, uses_anonymous_args = 0
  94              		.loc 1 88 1 is_stmt 0 view .LVU15
  95 0000 30B5     		push	{r4, r5, lr}
  96              	.LCFI1:
  97              		.cfi_def_cfa_offset 12
  98              		.cfi_offset 4, -12
  99              		.cfi_offset 5, -8
 100              		.cfi_offset 14, -4
 101 0002 91B0     		sub	sp, sp, #68
 102              	.LCFI2:
 103              		.cfi_def_cfa_offset 80
 104 0004 0400     		movs	r4, r0
  89:Core/Src/stm32c0xx_hal_msp.c ****   GPIO_InitTypeDef GPIO_InitStruct = {0};
 105              		.loc 1 89 3 is_stmt 1 view .LVU16
 106              		.loc 1 89 20 is_stmt 0 view .LVU17
 107 0006 1422     		movs	r2, #20
 108 0008 0021     		movs	r1, #0
 109 000a 0BA8     		add	r0, sp, #44
 110              	.LVL1:
 111              		.loc 1 89 20 view .LVU18
 112 000c FFF7FEFF 		bl	memset
 113              	.LVL2:
  90:Core/Src/stm32c0xx_hal_msp.c ****   RCC_PeriphCLKInitTypeDef PeriphClkInit = {0};
 114              		.loc 1 90 3 is_stmt 1 view .LVU19
 115              		.loc 1 90 28 is_stmt 0 view .LVU20
 116 0010 2022     		movs	r2, #32
 117 0012 0021     		movs	r1, #0
 118 0014 03A8     		add	r0, sp, #12
 119 0016 FFF7FEFF 		bl	memset
 120              	.LVL3:
  91:Core/Src/stm32c0xx_hal_msp.c ****   if(hadc->Instance==ADC1)
 121              		.loc 1 91 3 is_stmt 1 view .LVU21
 122              		.loc 1 91 10 is_stmt 0 view .LVU22
 123 001a 2268     		ldr	r2, [r4]
 124              		.loc 1 91 5 view .LVU23
 125 001c 234B     		ldr	r3, .L11
 126 001e 9A42     		cmp	r2, r3
 127 0020 01D0     		beq	.L8
 128              	.L4:
  92:Core/Src/stm32c0xx_hal_msp.c ****   {
  93:Core/Src/stm32c0xx_hal_msp.c ****     /* USER CODE BEGIN ADC1_MspInit 0 */
  94:Core/Src/stm32c0xx_hal_msp.c **** 
  95:Core/Src/stm32c0xx_hal_msp.c ****     /* USER CODE END ADC1_MspInit 0 */
  96:Core/Src/stm32c0xx_hal_msp.c **** 
  97:Core/Src/stm32c0xx_hal_msp.c ****   /** Initializes the peripherals clocks
  98:Core/Src/stm32c0xx_hal_msp.c ****   */
  99:Core/Src/stm32c0xx_hal_msp.c ****     PeriphClkInit.PeriphClockSelection = RCC_PERIPHCLK_ADC;
 100:Core/Src/stm32c0xx_hal_msp.c ****     PeriphClkInit.AdcClockSelection = RCC_ADCCLKSOURCE_SYSCLK;
 101:Core/Src/stm32c0xx_hal_msp.c ****     if (HAL_RCCEx_PeriphCLKConfig(&PeriphClkInit) != HAL_OK)
 102:Core/Src/stm32c0xx_hal_msp.c ****     {
 103:Core/Src/stm32c0xx_hal_msp.c ****       Error_Handler();
ARM GAS  /tmp/cc4WKWJO.s 			page 5


 104:Core/Src/stm32c0xx_hal_msp.c ****     }
 105:Core/Src/stm32c0xx_hal_msp.c **** 
 106:Core/Src/stm32c0xx_hal_msp.c ****     /* Peripheral clock enable */
 107:Core/Src/stm32c0xx_hal_msp.c ****     __HAL_RCC_ADC_CLK_ENABLE();
 108:Core/Src/stm32c0xx_hal_msp.c **** 
 109:Core/Src/stm32c0xx_hal_msp.c ****     __HAL_RCC_GPIOA_CLK_ENABLE();
 110:Core/Src/stm32c0xx_hal_msp.c ****     /**ADC1 GPIO Configuration
 111:Core/Src/stm32c0xx_hal_msp.c ****     PA2     ------> ADC1_IN2
 112:Core/Src/stm32c0xx_hal_msp.c ****     PA3     ------> ADC1_IN3
 113:Core/Src/stm32c0xx_hal_msp.c ****     PA4     ------> ADC1_IN4
 114:Core/Src/stm32c0xx_hal_msp.c ****     */
 115:Core/Src/stm32c0xx_hal_msp.c ****     GPIO_InitStruct.Pin = GPIO_PIN_2|GPIO_PIN_3|GPIO_PIN_4;
 116:Core/Src/stm32c0xx_hal_msp.c ****     GPIO_InitStruct.Mode = GPIO_MODE_ANALOG;
 117:Core/Src/stm32c0xx_hal_msp.c ****     GPIO_InitStruct.Pull = GPIO_NOPULL;
 118:Core/Src/stm32c0xx_hal_msp.c ****     HAL_GPIO_Init(GPIOA, &GPIO_InitStruct);
 119:Core/Src/stm32c0xx_hal_msp.c **** 
 120:Core/Src/stm32c0xx_hal_msp.c ****     /* ADC1 DMA Init */
 121:Core/Src/stm32c0xx_hal_msp.c ****     /* ADC1 Init */
 122:Core/Src/stm32c0xx_hal_msp.c ****     hdma_adc1.Instance = DMA1_Channel1;
 123:Core/Src/stm32c0xx_hal_msp.c ****     hdma_adc1.Init.Request = DMA_REQUEST_ADC1;
 124:Core/Src/stm32c0xx_hal_msp.c ****     hdma_adc1.Init.Direction = DMA_PERIPH_TO_MEMORY;
 125:Core/Src/stm32c0xx_hal_msp.c ****     hdma_adc1.Init.PeriphInc = DMA_PINC_DISABLE;
 126:Core/Src/stm32c0xx_hal_msp.c ****     hdma_adc1.Init.MemInc = DMA_MINC_ENABLE;
 127:Core/Src/stm32c0xx_hal_msp.c ****     hdma_adc1.Init.PeriphDataAlignment = DMA_PDATAALIGN_HALFWORD;
 128:Core/Src/stm32c0xx_hal_msp.c ****     hdma_adc1.Init.MemDataAlignment = DMA_MDATAALIGN_HALFWORD;
 129:Core/Src/stm32c0xx_hal_msp.c ****     hdma_adc1.Init.Mode = DMA_CIRCULAR;
 130:Core/Src/stm32c0xx_hal_msp.c ****     hdma_adc1.Init.Priority = DMA_PRIORITY_LOW;
 131:Core/Src/stm32c0xx_hal_msp.c ****     if (HAL_DMA_Init(&hdma_adc1) != HAL_OK)
 132:Core/Src/stm32c0xx_hal_msp.c ****     {
 133:Core/Src/stm32c0xx_hal_msp.c ****       Error_Handler();
 134:Core/Src/stm32c0xx_hal_msp.c ****     }
 135:Core/Src/stm32c0xx_hal_msp.c **** 
 136:Core/Src/stm32c0xx_hal_msp.c ****     __HAL_LINKDMA(hadc,DMA_Handle,hdma_adc1);
 137:Core/Src/stm32c0xx_hal_msp.c **** 
 138:Core/Src/stm32c0xx_hal_msp.c ****     /* USER CODE BEGIN ADC1_MspInit 1 */
 139:Core/Src/stm32c0xx_hal_msp.c **** 
 140:Core/Src/stm32c0xx_hal_msp.c ****     /* USER CODE END ADC1_MspInit 1 */
 141:Core/Src/stm32c0xx_hal_msp.c **** 
 142:Core/Src/stm32c0xx_hal_msp.c ****   }
 143:Core/Src/stm32c0xx_hal_msp.c **** 
 144:Core/Src/stm32c0xx_hal_msp.c **** }
 129              		.loc 1 144 1 view .LVU24
 130 0022 11B0     		add	sp, sp, #68
 131              		@ sp needed
 132              	.LVL4:
 133              		.loc 1 144 1 view .LVU25
 134 0024 30BD     		pop	{r4, r5, pc}
 135              	.LVL5:
 136              	.L8:
  99:Core/Src/stm32c0xx_hal_msp.c ****     PeriphClkInit.AdcClockSelection = RCC_ADCCLKSOURCE_SYSCLK;
 137              		.loc 1 99 5 is_stmt 1 view .LVU26
  99:Core/Src/stm32c0xx_hal_msp.c ****     PeriphClkInit.AdcClockSelection = RCC_ADCCLKSOURCE_SYSCLK;
 138              		.loc 1 99 40 is_stmt 0 view .LVU27
 139 0026 2023     		movs	r3, #32
 140 0028 0393     		str	r3, [sp, #12]
 100:Core/Src/stm32c0xx_hal_msp.c ****     if (HAL_RCCEx_PeriphCLKConfig(&PeriphClkInit) != HAL_OK)
 141              		.loc 1 100 5 is_stmt 1 view .LVU28
ARM GAS  /tmp/cc4WKWJO.s 			page 6


 101:Core/Src/stm32c0xx_hal_msp.c ****     {
 142              		.loc 1 101 5 view .LVU29
 101:Core/Src/stm32c0xx_hal_msp.c ****     {
 143              		.loc 1 101 9 is_stmt 0 view .LVU30
 144 002a 03A8     		add	r0, sp, #12
 145 002c FFF7FEFF 		bl	HAL_RCCEx_PeriphCLKConfig
 146              	.LVL6:
 101:Core/Src/stm32c0xx_hal_msp.c ****     {
 147              		.loc 1 101 8 discriminator 1 view .LVU31
 148 0030 0028     		cmp	r0, #0
 149 0032 35D1     		bne	.L9
 150              	.L6:
 107:Core/Src/stm32c0xx_hal_msp.c **** 
 151              		.loc 1 107 5 is_stmt 1 view .LVU32
 152              	.LBB4:
 107:Core/Src/stm32c0xx_hal_msp.c **** 
 153              		.loc 1 107 5 view .LVU33
 107:Core/Src/stm32c0xx_hal_msp.c **** 
 154              		.loc 1 107 5 view .LVU34
 155 0034 1E4B     		ldr	r3, .L11+4
 156 0036 1A6C     		ldr	r2, [r3, #64]
 157 0038 8021     		movs	r1, #128
 158 003a 4903     		lsls	r1, r1, #13
 159 003c 0A43     		orrs	r2, r1
 160 003e 1A64     		str	r2, [r3, #64]
 107:Core/Src/stm32c0xx_hal_msp.c **** 
 161              		.loc 1 107 5 view .LVU35
 162 0040 1A6C     		ldr	r2, [r3, #64]
 163 0042 0A40     		ands	r2, r1
 164 0044 0192     		str	r2, [sp, #4]
 107:Core/Src/stm32c0xx_hal_msp.c **** 
 165              		.loc 1 107 5 view .LVU36
 166 0046 019A     		ldr	r2, [sp, #4]
 167              	.LBE4:
 107:Core/Src/stm32c0xx_hal_msp.c **** 
 168              		.loc 1 107 5 view .LVU37
 109:Core/Src/stm32c0xx_hal_msp.c ****     /**ADC1 GPIO Configuration
 169              		.loc 1 109 5 view .LVU38
 170              	.LBB5:
 109:Core/Src/stm32c0xx_hal_msp.c ****     /**ADC1 GPIO Configuration
 171              		.loc 1 109 5 view .LVU39
 109:Core/Src/stm32c0xx_hal_msp.c ****     /**ADC1 GPIO Configuration
 172              		.loc 1 109 5 view .LVU40
 173 0048 596B     		ldr	r1, [r3, #52]
 174 004a 0122     		movs	r2, #1
 175 004c 1143     		orrs	r1, r2
 176 004e 5963     		str	r1, [r3, #52]
 109:Core/Src/stm32c0xx_hal_msp.c ****     /**ADC1 GPIO Configuration
 177              		.loc 1 109 5 view .LVU41
 178 0050 5B6B     		ldr	r3, [r3, #52]
 179 0052 1A40     		ands	r2, r3
 180 0054 0292     		str	r2, [sp, #8]
 109:Core/Src/stm32c0xx_hal_msp.c ****     /**ADC1 GPIO Configuration
 181              		.loc 1 109 5 view .LVU42
 182 0056 029B     		ldr	r3, [sp, #8]
 183              	.LBE5:
 109:Core/Src/stm32c0xx_hal_msp.c ****     /**ADC1 GPIO Configuration
ARM GAS  /tmp/cc4WKWJO.s 			page 7


 184              		.loc 1 109 5 view .LVU43
 115:Core/Src/stm32c0xx_hal_msp.c ****     GPIO_InitStruct.Mode = GPIO_MODE_ANALOG;
 185              		.loc 1 115 5 view .LVU44
 115:Core/Src/stm32c0xx_hal_msp.c ****     GPIO_InitStruct.Mode = GPIO_MODE_ANALOG;
 186              		.loc 1 115 25 is_stmt 0 view .LVU45
 187 0058 0BA9     		add	r1, sp, #44
 188 005a 1C23     		movs	r3, #28
 189 005c 0B93     		str	r3, [sp, #44]
 116:Core/Src/stm32c0xx_hal_msp.c ****     GPIO_InitStruct.Pull = GPIO_NOPULL;
 190              		.loc 1 116 5 is_stmt 1 view .LVU46
 116:Core/Src/stm32c0xx_hal_msp.c ****     GPIO_InitStruct.Pull = GPIO_NOPULL;
 191              		.loc 1 116 26 is_stmt 0 view .LVU47
 192 005e 193B     		subs	r3, r3, #25
 193 0060 4B60     		str	r3, [r1, #4]
 117:Core/Src/stm32c0xx_hal_msp.c ****     HAL_GPIO_Init(GPIOA, &GPIO_InitStruct);
 194              		.loc 1 117 5 is_stmt 1 view .LVU48
 117:Core/Src/stm32c0xx_hal_msp.c ****     HAL_GPIO_Init(GPIOA, &GPIO_InitStruct);
 195              		.loc 1 117 26 is_stmt 0 view .LVU49
 196 0062 0025     		movs	r5, #0
 197 0064 8D60     		str	r5, [r1, #8]
 118:Core/Src/stm32c0xx_hal_msp.c **** 
 198              		.loc 1 118 5 is_stmt 1 view .LVU50
 199 0066 A020     		movs	r0, #160
 200 0068 C005     		lsls	r0, r0, #23
 201 006a FFF7FEFF 		bl	HAL_GPIO_Init
 202              	.LVL7:
 122:Core/Src/stm32c0xx_hal_msp.c ****     hdma_adc1.Init.Request = DMA_REQUEST_ADC1;
 203              		.loc 1 122 5 view .LVU51
 122:Core/Src/stm32c0xx_hal_msp.c ****     hdma_adc1.Init.Request = DMA_REQUEST_ADC1;
 204              		.loc 1 122 24 is_stmt 0 view .LVU52
 205 006e 1148     		ldr	r0, .L11+8
 206 0070 114B     		ldr	r3, .L11+12
 207 0072 0360     		str	r3, [r0]
 123:Core/Src/stm32c0xx_hal_msp.c ****     hdma_adc1.Init.Direction = DMA_PERIPH_TO_MEMORY;
 208              		.loc 1 123 5 is_stmt 1 view .LVU53
 123:Core/Src/stm32c0xx_hal_msp.c ****     hdma_adc1.Init.Direction = DMA_PERIPH_TO_MEMORY;
 209              		.loc 1 123 28 is_stmt 0 view .LVU54
 210 0074 0523     		movs	r3, #5
 211 0076 4360     		str	r3, [r0, #4]
 124:Core/Src/stm32c0xx_hal_msp.c ****     hdma_adc1.Init.PeriphInc = DMA_PINC_DISABLE;
 212              		.loc 1 124 5 is_stmt 1 view .LVU55
 124:Core/Src/stm32c0xx_hal_msp.c ****     hdma_adc1.Init.PeriphInc = DMA_PINC_DISABLE;
 213              		.loc 1 124 30 is_stmt 0 view .LVU56
 214 0078 8560     		str	r5, [r0, #8]
 125:Core/Src/stm32c0xx_hal_msp.c ****     hdma_adc1.Init.MemInc = DMA_MINC_ENABLE;
 215              		.loc 1 125 5 is_stmt 1 view .LVU57
 125:Core/Src/stm32c0xx_hal_msp.c ****     hdma_adc1.Init.MemInc = DMA_MINC_ENABLE;
 216              		.loc 1 125 30 is_stmt 0 view .LVU58
 217 007a C560     		str	r5, [r0, #12]
 126:Core/Src/stm32c0xx_hal_msp.c ****     hdma_adc1.Init.PeriphDataAlignment = DMA_PDATAALIGN_HALFWORD;
 218              		.loc 1 126 5 is_stmt 1 view .LVU59
 126:Core/Src/stm32c0xx_hal_msp.c ****     hdma_adc1.Init.PeriphDataAlignment = DMA_PDATAALIGN_HALFWORD;
 219              		.loc 1 126 27 is_stmt 0 view .LVU60
 220 007c 7B33     		adds	r3, r3, #123
 221 007e 0361     		str	r3, [r0, #16]
 127:Core/Src/stm32c0xx_hal_msp.c ****     hdma_adc1.Init.MemDataAlignment = DMA_MDATAALIGN_HALFWORD;
 222              		.loc 1 127 5 is_stmt 1 view .LVU61
ARM GAS  /tmp/cc4WKWJO.s 			page 8


 127:Core/Src/stm32c0xx_hal_msp.c ****     hdma_adc1.Init.MemDataAlignment = DMA_MDATAALIGN_HALFWORD;
 223              		.loc 1 127 40 is_stmt 0 view .LVU62
 224 0080 8033     		adds	r3, r3, #128
 225 0082 4361     		str	r3, [r0, #20]
 128:Core/Src/stm32c0xx_hal_msp.c ****     hdma_adc1.Init.Mode = DMA_CIRCULAR;
 226              		.loc 1 128 5 is_stmt 1 view .LVU63
 128:Core/Src/stm32c0xx_hal_msp.c ****     hdma_adc1.Init.Mode = DMA_CIRCULAR;
 227              		.loc 1 128 37 is_stmt 0 view .LVU64
 228 0084 8023     		movs	r3, #128
 229 0086 DB00     		lsls	r3, r3, #3
 230 0088 8361     		str	r3, [r0, #24]
 129:Core/Src/stm32c0xx_hal_msp.c ****     hdma_adc1.Init.Priority = DMA_PRIORITY_LOW;
 231              		.loc 1 129 5 is_stmt 1 view .LVU65
 129:Core/Src/stm32c0xx_hal_msp.c ****     hdma_adc1.Init.Priority = DMA_PRIORITY_LOW;
 232              		.loc 1 129 25 is_stmt 0 view .LVU66
 233 008a 2023     		movs	r3, #32
 234 008c C361     		str	r3, [r0, #28]
 130:Core/Src/stm32c0xx_hal_msp.c ****     if (HAL_DMA_Init(&hdma_adc1) != HAL_OK)
 235              		.loc 1 130 5 is_stmt 1 view .LVU67
 130:Core/Src/stm32c0xx_hal_msp.c ****     if (HAL_DMA_Init(&hdma_adc1) != HAL_OK)
 236              		.loc 1 130 29 is_stmt 0 view .LVU68
 237 008e 0562     		str	r5, [r0, #32]
 131:Core/Src/stm32c0xx_hal_msp.c ****     {
 238              		.loc 1 131 5 is_stmt 1 view .LVU69
 131:Core/Src/stm32c0xx_hal_msp.c ****     {
 239              		.loc 1 131 9 is_stmt 0 view .LVU70
 240 0090 FFF7FEFF 		bl	HAL_DMA_Init
 241              	.LVL8:
 131:Core/Src/stm32c0xx_hal_msp.c ****     {
 242              		.loc 1 131 8 discriminator 1 view .LVU71
 243 0094 0028     		cmp	r0, #0
 244 0096 06D1     		bne	.L10
 245              	.L7:
 136:Core/Src/stm32c0xx_hal_msp.c **** 
 246              		.loc 1 136 5 is_stmt 1 view .LVU72
 136:Core/Src/stm32c0xx_hal_msp.c **** 
 247              		.loc 1 136 5 view .LVU73
 248 0098 064B     		ldr	r3, .L11+8
 249 009a 2365     		str	r3, [r4, #80]
 136:Core/Src/stm32c0xx_hal_msp.c **** 
 250              		.loc 1 136 5 view .LVU74
 251 009c 9C62     		str	r4, [r3, #40]
 136:Core/Src/stm32c0xx_hal_msp.c **** 
 252              		.loc 1 136 5 discriminator 1 view .LVU75
 253              		.loc 1 144 1 is_stmt 0 view .LVU76
 254 009e C0E7     		b	.L4
 255              	.L9:
 103:Core/Src/stm32c0xx_hal_msp.c ****     }
 256              		.loc 1 103 7 is_stmt 1 view .LVU77
 257 00a0 FFF7FEFF 		bl	Error_Handler
 258              	.LVL9:
 259 00a4 C6E7     		b	.L6
 260              	.L10:
 133:Core/Src/stm32c0xx_hal_msp.c ****     }
 261              		.loc 1 133 7 view .LVU78
 262 00a6 FFF7FEFF 		bl	Error_Handler
 263              	.LVL10:
ARM GAS  /tmp/cc4WKWJO.s 			page 9


 264 00aa F5E7     		b	.L7
 265              	.L12:
 266              		.align	2
 267              	.L11:
 268 00ac 00240140 		.word	1073816576
 269 00b0 00100240 		.word	1073876992
 270 00b4 00000000 		.word	hdma_adc1
 271 00b8 08000240 		.word	1073872904
 272              		.cfi_endproc
 273              	.LFE359:
 275              		.section	.text.HAL_ADC_MspDeInit,"ax",%progbits
 276              		.align	1
 277              		.global	HAL_ADC_MspDeInit
 278              		.syntax unified
 279              		.code	16
 280              		.thumb_func
 282              	HAL_ADC_MspDeInit:
 283              	.LVL11:
 284              	.LFB360:
 145:Core/Src/stm32c0xx_hal_msp.c **** 
 146:Core/Src/stm32c0xx_hal_msp.c **** /**
 147:Core/Src/stm32c0xx_hal_msp.c ****   * @brief ADC MSP De-Initialization
 148:Core/Src/stm32c0xx_hal_msp.c ****   * This function freeze the hardware resources used in this example
 149:Core/Src/stm32c0xx_hal_msp.c ****   * @param hadc: ADC handle pointer
 150:Core/Src/stm32c0xx_hal_msp.c ****   * @retval None
 151:Core/Src/stm32c0xx_hal_msp.c ****   */
 152:Core/Src/stm32c0xx_hal_msp.c **** void HAL_ADC_MspDeInit(ADC_HandleTypeDef* hadc)
 153:Core/Src/stm32c0xx_hal_msp.c **** {
 285              		.loc 1 153 1 view -0
 286              		.cfi_startproc
 287              		@ args = 0, pretend = 0, frame = 0
 288              		@ frame_needed = 0, uses_anonymous_args = 0
 289              		.loc 1 153 1 is_stmt 0 view .LVU80
 290 0000 10B5     		push	{r4, lr}
 291              	.LCFI3:
 292              		.cfi_def_cfa_offset 8
 293              		.cfi_offset 4, -8
 294              		.cfi_offset 14, -4
 295 0002 0400     		movs	r4, r0
 154:Core/Src/stm32c0xx_hal_msp.c ****   if(hadc->Instance==ADC1)
 296              		.loc 1 154 3 is_stmt 1 view .LVU81
 297              		.loc 1 154 10 is_stmt 0 view .LVU82
 298 0004 0268     		ldr	r2, [r0]
 299              		.loc 1 154 5 view .LVU83
 300 0006 094B     		ldr	r3, .L16
 301 0008 9A42     		cmp	r2, r3
 302 000a 00D0     		beq	.L15
 303              	.LVL12:
 304              	.L13:
 155:Core/Src/stm32c0xx_hal_msp.c ****   {
 156:Core/Src/stm32c0xx_hal_msp.c ****     /* USER CODE BEGIN ADC1_MspDeInit 0 */
 157:Core/Src/stm32c0xx_hal_msp.c **** 
 158:Core/Src/stm32c0xx_hal_msp.c ****     /* USER CODE END ADC1_MspDeInit 0 */
 159:Core/Src/stm32c0xx_hal_msp.c ****     /* Peripheral clock disable */
 160:Core/Src/stm32c0xx_hal_msp.c ****     __HAL_RCC_ADC_CLK_DISABLE();
 161:Core/Src/stm32c0xx_hal_msp.c **** 
 162:Core/Src/stm32c0xx_hal_msp.c ****     /**ADC1 GPIO Configuration
ARM GAS  /tmp/cc4WKWJO.s 			page 10


 163:Core/Src/stm32c0xx_hal_msp.c ****     PA2     ------> ADC1_IN2
 164:Core/Src/stm32c0xx_hal_msp.c ****     PA3     ------> ADC1_IN3
 165:Core/Src/stm32c0xx_hal_msp.c ****     PA4     ------> ADC1_IN4
 166:Core/Src/stm32c0xx_hal_msp.c ****     */
 167:Core/Src/stm32c0xx_hal_msp.c ****     HAL_GPIO_DeInit(GPIOA, GPIO_PIN_2|GPIO_PIN_3|GPIO_PIN_4);
 168:Core/Src/stm32c0xx_hal_msp.c **** 
 169:Core/Src/stm32c0xx_hal_msp.c ****     /* ADC1 DMA DeInit */
 170:Core/Src/stm32c0xx_hal_msp.c ****     HAL_DMA_DeInit(hadc->DMA_Handle);
 171:Core/Src/stm32c0xx_hal_msp.c ****     /* USER CODE BEGIN ADC1_MspDeInit 1 */
 172:Core/Src/stm32c0xx_hal_msp.c **** 
 173:Core/Src/stm32c0xx_hal_msp.c ****     /* USER CODE END ADC1_MspDeInit 1 */
 174:Core/Src/stm32c0xx_hal_msp.c ****   }
 175:Core/Src/stm32c0xx_hal_msp.c **** 
 176:Core/Src/stm32c0xx_hal_msp.c **** }
 305              		.loc 1 176 1 view .LVU84
 306              		@ sp needed
 307              	.LVL13:
 308              		.loc 1 176 1 view .LVU85
 309 000c 10BD     		pop	{r4, pc}
 310              	.LVL14:
 311              	.L15:
 160:Core/Src/stm32c0xx_hal_msp.c **** 
 312              		.loc 1 160 5 is_stmt 1 view .LVU86
 313 000e 084A     		ldr	r2, .L16+4
 314 0010 136C     		ldr	r3, [r2, #64]
 315 0012 0849     		ldr	r1, .L16+8
 316 0014 0B40     		ands	r3, r1
 317 0016 1364     		str	r3, [r2, #64]
 167:Core/Src/stm32c0xx_hal_msp.c **** 
 318              		.loc 1 167 5 view .LVU87
 319 0018 A020     		movs	r0, #160
 320              	.LVL15:
 167:Core/Src/stm32c0xx_hal_msp.c **** 
 321              		.loc 1 167 5 is_stmt 0 view .LVU88
 322 001a 1C21     		movs	r1, #28
 323 001c C005     		lsls	r0, r0, #23
 324 001e FFF7FEFF 		bl	HAL_GPIO_DeInit
 325              	.LVL16:
 170:Core/Src/stm32c0xx_hal_msp.c ****     /* USER CODE BEGIN ADC1_MspDeInit 1 */
 326              		.loc 1 170 5 is_stmt 1 view .LVU89
 327 0022 206D     		ldr	r0, [r4, #80]
 328 0024 FFF7FEFF 		bl	HAL_DMA_DeInit
 329              	.LVL17:
 330              		.loc 1 176 1 is_stmt 0 view .LVU90
 331 0028 F0E7     		b	.L13
 332              	.L17:
 333 002a C046     		.align	2
 334              	.L16:
 335 002c 00240140 		.word	1073816576
 336 0030 00100240 		.word	1073876992
 337 0034 FFFFEFFF 		.word	-1048577
 338              		.cfi_endproc
 339              	.LFE360:
 341              		.section	.text.HAL_FDCAN_MspInit,"ax",%progbits
 342              		.align	1
 343              		.global	HAL_FDCAN_MspInit
 344              		.syntax unified
ARM GAS  /tmp/cc4WKWJO.s 			page 11


 345              		.code	16
 346              		.thumb_func
 348              	HAL_FDCAN_MspInit:
 349              	.LVL18:
 350              	.LFB361:
 177:Core/Src/stm32c0xx_hal_msp.c **** 
 178:Core/Src/stm32c0xx_hal_msp.c **** /**
 179:Core/Src/stm32c0xx_hal_msp.c ****   * @brief FDCAN MSP Initialization
 180:Core/Src/stm32c0xx_hal_msp.c ****   * This function configures the hardware resources used in this example
 181:Core/Src/stm32c0xx_hal_msp.c ****   * @param hfdcan: FDCAN handle pointer
 182:Core/Src/stm32c0xx_hal_msp.c ****   * @retval None
 183:Core/Src/stm32c0xx_hal_msp.c ****   */
 184:Core/Src/stm32c0xx_hal_msp.c **** void HAL_FDCAN_MspInit(FDCAN_HandleTypeDef* hfdcan)
 185:Core/Src/stm32c0xx_hal_msp.c **** {
 351              		.loc 1 185 1 is_stmt 1 view -0
 352              		.cfi_startproc
 353              		@ args = 0, pretend = 0, frame = 64
 354              		@ frame_needed = 0, uses_anonymous_args = 0
 355              		.loc 1 185 1 is_stmt 0 view .LVU92
 356 0000 F0B5     		push	{r4, r5, r6, r7, lr}
 357              	.LCFI4:
 358              		.cfi_def_cfa_offset 20
 359              		.cfi_offset 4, -20
 360              		.cfi_offset 5, -16
 361              		.cfi_offset 6, -12
 362              		.cfi_offset 7, -8
 363              		.cfi_offset 14, -4
 364 0002 91B0     		sub	sp, sp, #68
 365              	.LCFI5:
 366              		.cfi_def_cfa_offset 88
 367 0004 0400     		movs	r4, r0
 186:Core/Src/stm32c0xx_hal_msp.c ****   GPIO_InitTypeDef GPIO_InitStruct = {0};
 368              		.loc 1 186 3 is_stmt 1 view .LVU93
 369              		.loc 1 186 20 is_stmt 0 view .LVU94
 370 0006 1422     		movs	r2, #20
 371 0008 0021     		movs	r1, #0
 372 000a 0BA8     		add	r0, sp, #44
 373              	.LVL19:
 374              		.loc 1 186 20 view .LVU95
 375 000c FFF7FEFF 		bl	memset
 376              	.LVL20:
 187:Core/Src/stm32c0xx_hal_msp.c ****   RCC_PeriphCLKInitTypeDef PeriphClkInit = {0};
 377              		.loc 1 187 3 is_stmt 1 view .LVU96
 378              		.loc 1 187 28 is_stmt 0 view .LVU97
 379 0010 2022     		movs	r2, #32
 380 0012 0021     		movs	r1, #0
 381 0014 03A8     		add	r0, sp, #12
 382 0016 FFF7FEFF 		bl	memset
 383              	.LVL21:
 188:Core/Src/stm32c0xx_hal_msp.c ****   if(hfdcan->Instance==FDCAN1)
 384              		.loc 1 188 3 is_stmt 1 view .LVU98
 385              		.loc 1 188 12 is_stmt 0 view .LVU99
 386 001a 2268     		ldr	r2, [r4]
 387              		.loc 1 188 5 view .LVU100
 388 001c 214B     		ldr	r3, .L23
 389 001e 9A42     		cmp	r2, r3
 390 0020 01D0     		beq	.L21
ARM GAS  /tmp/cc4WKWJO.s 			page 12


 391              	.LVL22:
 392              	.L18:
 189:Core/Src/stm32c0xx_hal_msp.c ****   {
 190:Core/Src/stm32c0xx_hal_msp.c ****     /* USER CODE BEGIN FDCAN1_MspInit 0 */
 191:Core/Src/stm32c0xx_hal_msp.c **** 
 192:Core/Src/stm32c0xx_hal_msp.c ****     /* USER CODE END FDCAN1_MspInit 0 */
 193:Core/Src/stm32c0xx_hal_msp.c **** 
 194:Core/Src/stm32c0xx_hal_msp.c ****   /** Initializes the peripherals clocks
 195:Core/Src/stm32c0xx_hal_msp.c ****   */
 196:Core/Src/stm32c0xx_hal_msp.c ****     PeriphClkInit.PeriphClockSelection = RCC_PERIPHCLK_FDCAN1;
 197:Core/Src/stm32c0xx_hal_msp.c ****     PeriphClkInit.Fdcan1ClockSelection = RCC_FDCAN1CLKSOURCE_HSIKER;
 198:Core/Src/stm32c0xx_hal_msp.c ****     if (HAL_RCCEx_PeriphCLKConfig(&PeriphClkInit) != HAL_OK)
 199:Core/Src/stm32c0xx_hal_msp.c ****     {
 200:Core/Src/stm32c0xx_hal_msp.c ****       Error_Handler();
 201:Core/Src/stm32c0xx_hal_msp.c ****     }
 202:Core/Src/stm32c0xx_hal_msp.c **** 
 203:Core/Src/stm32c0xx_hal_msp.c ****     /* Peripheral clock enable */
 204:Core/Src/stm32c0xx_hal_msp.c ****     __HAL_RCC_FDCAN1_CLK_ENABLE();
 205:Core/Src/stm32c0xx_hal_msp.c **** 
 206:Core/Src/stm32c0xx_hal_msp.c ****     __HAL_RCC_GPIOA_CLK_ENABLE();
 207:Core/Src/stm32c0xx_hal_msp.c ****     __HAL_RCC_GPIOB_CLK_ENABLE();
 208:Core/Src/stm32c0xx_hal_msp.c ****     /**FDCAN1 GPIO Configuration
 209:Core/Src/stm32c0xx_hal_msp.c ****     PA12 [PA10]     ------> FDCAN1_TX
 210:Core/Src/stm32c0xx_hal_msp.c ****     PB5     ------> FDCAN1_RX
 211:Core/Src/stm32c0xx_hal_msp.c ****     */
 212:Core/Src/stm32c0xx_hal_msp.c ****     GPIO_InitStruct.Pin = GPIO_PIN_12;
 213:Core/Src/stm32c0xx_hal_msp.c ****     GPIO_InitStruct.Mode = GPIO_MODE_AF_PP;
 214:Core/Src/stm32c0xx_hal_msp.c ****     GPIO_InitStruct.Pull = GPIO_NOPULL;
 215:Core/Src/stm32c0xx_hal_msp.c ****     GPIO_InitStruct.Speed = GPIO_SPEED_FREQ_LOW;
 216:Core/Src/stm32c0xx_hal_msp.c ****     GPIO_InitStruct.Alternate = GPIO_AF4_FDCAN1;
 217:Core/Src/stm32c0xx_hal_msp.c ****     HAL_GPIO_Init(GPIOA, &GPIO_InitStruct);
 218:Core/Src/stm32c0xx_hal_msp.c **** 
 219:Core/Src/stm32c0xx_hal_msp.c ****     GPIO_InitStruct.Pin = GPIO_PIN_5;
 220:Core/Src/stm32c0xx_hal_msp.c ****     GPIO_InitStruct.Mode = GPIO_MODE_AF_PP;
 221:Core/Src/stm32c0xx_hal_msp.c ****     GPIO_InitStruct.Pull = GPIO_NOPULL;
 222:Core/Src/stm32c0xx_hal_msp.c ****     GPIO_InitStruct.Speed = GPIO_SPEED_FREQ_LOW;
 223:Core/Src/stm32c0xx_hal_msp.c ****     GPIO_InitStruct.Alternate = GPIO_AF4_FDCAN1;
 224:Core/Src/stm32c0xx_hal_msp.c ****     HAL_GPIO_Init(GPIOB, &GPIO_InitStruct);
 225:Core/Src/stm32c0xx_hal_msp.c **** 
 226:Core/Src/stm32c0xx_hal_msp.c ****     /* USER CODE BEGIN FDCAN1_MspInit 1 */
 227:Core/Src/stm32c0xx_hal_msp.c **** 
 228:Core/Src/stm32c0xx_hal_msp.c ****     /* USER CODE END FDCAN1_MspInit 1 */
 229:Core/Src/stm32c0xx_hal_msp.c **** 
 230:Core/Src/stm32c0xx_hal_msp.c ****   }
 231:Core/Src/stm32c0xx_hal_msp.c **** 
 232:Core/Src/stm32c0xx_hal_msp.c **** }
 393              		.loc 1 232 1 view .LVU101
 394 0022 11B0     		add	sp, sp, #68
 395              		@ sp needed
 396 0024 F0BD     		pop	{r4, r5, r6, r7, pc}
 397              	.LVL23:
 398              	.L21:
 196:Core/Src/stm32c0xx_hal_msp.c ****     PeriphClkInit.Fdcan1ClockSelection = RCC_FDCAN1CLKSOURCE_HSIKER;
 399              		.loc 1 196 5 is_stmt 1 view .LVU102
 196:Core/Src/stm32c0xx_hal_msp.c ****     PeriphClkInit.Fdcan1ClockSelection = RCC_FDCAN1CLKSOURCE_HSIKER;
 400              		.loc 1 196 40 is_stmt 0 view .LVU103
 401 0026 03A8     		add	r0, sp, #12
ARM GAS  /tmp/cc4WKWJO.s 			page 13


 402 0028 1023     		movs	r3, #16
 403 002a 0393     		str	r3, [sp, #12]
 197:Core/Src/stm32c0xx_hal_msp.c ****     if (HAL_RCCEx_PeriphCLKConfig(&PeriphClkInit) != HAL_OK)
 404              		.loc 1 197 5 is_stmt 1 view .LVU104
 197:Core/Src/stm32c0xx_hal_msp.c ****     if (HAL_RCCEx_PeriphCLKConfig(&PeriphClkInit) != HAL_OK)
 405              		.loc 1 197 40 is_stmt 0 view .LVU105
 406 002c F033     		adds	r3, r3, #240
 407 002e 4361     		str	r3, [r0, #20]
 198:Core/Src/stm32c0xx_hal_msp.c ****     {
 408              		.loc 1 198 5 is_stmt 1 view .LVU106
 198:Core/Src/stm32c0xx_hal_msp.c ****     {
 409              		.loc 1 198 9 is_stmt 0 view .LVU107
 410 0030 FFF7FEFF 		bl	HAL_RCCEx_PeriphCLKConfig
 411              	.LVL24:
 198:Core/Src/stm32c0xx_hal_msp.c ****     {
 412              		.loc 1 198 8 discriminator 1 view .LVU108
 413 0034 0028     		cmp	r0, #0
 414 0036 31D1     		bne	.L22
 415              	.L20:
 204:Core/Src/stm32c0xx_hal_msp.c **** 
 416              		.loc 1 204 5 is_stmt 1 view .LVU109
 417              	.LBB6:
 204:Core/Src/stm32c0xx_hal_msp.c **** 
 418              		.loc 1 204 5 view .LVU110
 204:Core/Src/stm32c0xx_hal_msp.c **** 
 419              		.loc 1 204 5 view .LVU111
 420 0038 1B4B     		ldr	r3, .L23+4
 421 003a DA6B     		ldr	r2, [r3, #60]
 422 003c 8021     		movs	r1, #128
 423 003e 4901     		lsls	r1, r1, #5
 424 0040 0A43     		orrs	r2, r1
 425 0042 DA63     		str	r2, [r3, #60]
 204:Core/Src/stm32c0xx_hal_msp.c **** 
 426              		.loc 1 204 5 view .LVU112
 427 0044 DA6B     		ldr	r2, [r3, #60]
 428 0046 0A40     		ands	r2, r1
 429 0048 0092     		str	r2, [sp]
 204:Core/Src/stm32c0xx_hal_msp.c **** 
 430              		.loc 1 204 5 view .LVU113
 431 004a 009A     		ldr	r2, [sp]
 432              	.LBE6:
 204:Core/Src/stm32c0xx_hal_msp.c **** 
 433              		.loc 1 204 5 view .LVU114
 206:Core/Src/stm32c0xx_hal_msp.c ****     __HAL_RCC_GPIOB_CLK_ENABLE();
 434              		.loc 1 206 5 view .LVU115
 435              	.LBB7:
 206:Core/Src/stm32c0xx_hal_msp.c ****     __HAL_RCC_GPIOB_CLK_ENABLE();
 436              		.loc 1 206 5 view .LVU116
 206:Core/Src/stm32c0xx_hal_msp.c ****     __HAL_RCC_GPIOB_CLK_ENABLE();
 437              		.loc 1 206 5 view .LVU117
 438 004c 586B     		ldr	r0, [r3, #52]
 439 004e 0122     		movs	r2, #1
 440 0050 1043     		orrs	r0, r2
 441 0052 5863     		str	r0, [r3, #52]
 206:Core/Src/stm32c0xx_hal_msp.c ****     __HAL_RCC_GPIOB_CLK_ENABLE();
 442              		.loc 1 206 5 view .LVU118
 443 0054 586B     		ldr	r0, [r3, #52]
ARM GAS  /tmp/cc4WKWJO.s 			page 14


 444 0056 0240     		ands	r2, r0
 445 0058 0192     		str	r2, [sp, #4]
 206:Core/Src/stm32c0xx_hal_msp.c ****     __HAL_RCC_GPIOB_CLK_ENABLE();
 446              		.loc 1 206 5 view .LVU119
 447 005a 019A     		ldr	r2, [sp, #4]
 448              	.LBE7:
 206:Core/Src/stm32c0xx_hal_msp.c ****     __HAL_RCC_GPIOB_CLK_ENABLE();
 449              		.loc 1 206 5 view .LVU120
 207:Core/Src/stm32c0xx_hal_msp.c ****     /**FDCAN1 GPIO Configuration
 450              		.loc 1 207 5 view .LVU121
 451              	.LBB8:
 207:Core/Src/stm32c0xx_hal_msp.c ****     /**FDCAN1 GPIO Configuration
 452              		.loc 1 207 5 view .LVU122
 207:Core/Src/stm32c0xx_hal_msp.c ****     /**FDCAN1 GPIO Configuration
 453              		.loc 1 207 5 view .LVU123
 454 005c 5A6B     		ldr	r2, [r3, #52]
 455 005e 0226     		movs	r6, #2
 456 0060 3243     		orrs	r2, r6
 457 0062 5A63     		str	r2, [r3, #52]
 207:Core/Src/stm32c0xx_hal_msp.c ****     /**FDCAN1 GPIO Configuration
 458              		.loc 1 207 5 view .LVU124
 459 0064 5B6B     		ldr	r3, [r3, #52]
 460 0066 3340     		ands	r3, r6
 461 0068 0293     		str	r3, [sp, #8]
 207:Core/Src/stm32c0xx_hal_msp.c ****     /**FDCAN1 GPIO Configuration
 462              		.loc 1 207 5 view .LVU125
 463 006a 029B     		ldr	r3, [sp, #8]
 464              	.LBE8:
 207:Core/Src/stm32c0xx_hal_msp.c ****     /**FDCAN1 GPIO Configuration
 465              		.loc 1 207 5 view .LVU126
 212:Core/Src/stm32c0xx_hal_msp.c ****     GPIO_InitStruct.Mode = GPIO_MODE_AF_PP;
 466              		.loc 1 212 5 view .LVU127
 212:Core/Src/stm32c0xx_hal_msp.c ****     GPIO_InitStruct.Mode = GPIO_MODE_AF_PP;
 467              		.loc 1 212 25 is_stmt 0 view .LVU128
 468 006c 0BAC     		add	r4, sp, #44
 469              	.LVL25:
 212:Core/Src/stm32c0xx_hal_msp.c ****     GPIO_InitStruct.Mode = GPIO_MODE_AF_PP;
 470              		.loc 1 212 25 view .LVU129
 471 006e 0B91     		str	r1, [sp, #44]
 213:Core/Src/stm32c0xx_hal_msp.c ****     GPIO_InitStruct.Pull = GPIO_NOPULL;
 472              		.loc 1 213 5 is_stmt 1 view .LVU130
 213:Core/Src/stm32c0xx_hal_msp.c ****     GPIO_InitStruct.Pull = GPIO_NOPULL;
 473              		.loc 1 213 26 is_stmt 0 view .LVU131
 474 0070 0C96     		str	r6, [sp, #48]
 214:Core/Src/stm32c0xx_hal_msp.c ****     GPIO_InitStruct.Speed = GPIO_SPEED_FREQ_LOW;
 475              		.loc 1 214 5 is_stmt 1 view .LVU132
 214:Core/Src/stm32c0xx_hal_msp.c ****     GPIO_InitStruct.Speed = GPIO_SPEED_FREQ_LOW;
 476              		.loc 1 214 26 is_stmt 0 view .LVU133
 477 0072 0025     		movs	r5, #0
 478 0074 0D95     		str	r5, [sp, #52]
 215:Core/Src/stm32c0xx_hal_msp.c ****     GPIO_InitStruct.Alternate = GPIO_AF4_FDCAN1;
 479              		.loc 1 215 5 is_stmt 1 view .LVU134
 215:Core/Src/stm32c0xx_hal_msp.c ****     GPIO_InitStruct.Alternate = GPIO_AF4_FDCAN1;
 480              		.loc 1 215 27 is_stmt 0 view .LVU135
 481 0076 0E95     		str	r5, [sp, #56]
 216:Core/Src/stm32c0xx_hal_msp.c ****     HAL_GPIO_Init(GPIOA, &GPIO_InitStruct);
 482              		.loc 1 216 5 is_stmt 1 view .LVU136
ARM GAS  /tmp/cc4WKWJO.s 			page 15


 216:Core/Src/stm32c0xx_hal_msp.c ****     HAL_GPIO_Init(GPIOA, &GPIO_InitStruct);
 483              		.loc 1 216 31 is_stmt 0 view .LVU137
 484 0078 0427     		movs	r7, #4
 485 007a 0F97     		str	r7, [sp, #60]
 217:Core/Src/stm32c0xx_hal_msp.c **** 
 486              		.loc 1 217 5 is_stmt 1 view .LVU138
 487 007c A020     		movs	r0, #160
 488 007e 2100     		movs	r1, r4
 489 0080 C005     		lsls	r0, r0, #23
 490 0082 FFF7FEFF 		bl	HAL_GPIO_Init
 491              	.LVL26:
 219:Core/Src/stm32c0xx_hal_msp.c ****     GPIO_InitStruct.Mode = GPIO_MODE_AF_PP;
 492              		.loc 1 219 5 view .LVU139
 219:Core/Src/stm32c0xx_hal_msp.c ****     GPIO_InitStruct.Mode = GPIO_MODE_AF_PP;
 493              		.loc 1 219 25 is_stmt 0 view .LVU140
 494 0086 2023     		movs	r3, #32
 495 0088 0B93     		str	r3, [sp, #44]
 220:Core/Src/stm32c0xx_hal_msp.c ****     GPIO_InitStruct.Pull = GPIO_NOPULL;
 496              		.loc 1 220 5 is_stmt 1 view .LVU141
 220:Core/Src/stm32c0xx_hal_msp.c ****     GPIO_InitStruct.Pull = GPIO_NOPULL;
 497              		.loc 1 220 26 is_stmt 0 view .LVU142
 498 008a 0C96     		str	r6, [sp, #48]
 221:Core/Src/stm32c0xx_hal_msp.c ****     GPIO_InitStruct.Speed = GPIO_SPEED_FREQ_LOW;
 499              		.loc 1 221 5 is_stmt 1 view .LVU143
 221:Core/Src/stm32c0xx_hal_msp.c ****     GPIO_InitStruct.Speed = GPIO_SPEED_FREQ_LOW;
 500              		.loc 1 221 26 is_stmt 0 view .LVU144
 501 008c 0D95     		str	r5, [sp, #52]
 222:Core/Src/stm32c0xx_hal_msp.c ****     GPIO_InitStruct.Alternate = GPIO_AF4_FDCAN1;
 502              		.loc 1 222 5 is_stmt 1 view .LVU145
 222:Core/Src/stm32c0xx_hal_msp.c ****     GPIO_InitStruct.Alternate = GPIO_AF4_FDCAN1;
 503              		.loc 1 222 27 is_stmt 0 view .LVU146
 504 008e 0E95     		str	r5, [sp, #56]
 223:Core/Src/stm32c0xx_hal_msp.c ****     HAL_GPIO_Init(GPIOB, &GPIO_InitStruct);
 505              		.loc 1 223 5 is_stmt 1 view .LVU147
 223:Core/Src/stm32c0xx_hal_msp.c ****     HAL_GPIO_Init(GPIOB, &GPIO_InitStruct);
 506              		.loc 1 223 31 is_stmt 0 view .LVU148
 507 0090 0F97     		str	r7, [sp, #60]
 224:Core/Src/stm32c0xx_hal_msp.c **** 
 508              		.loc 1 224 5 is_stmt 1 view .LVU149
 509 0092 2100     		movs	r1, r4
 510 0094 0548     		ldr	r0, .L23+8
 511 0096 FFF7FEFF 		bl	HAL_GPIO_Init
 512              	.LVL27:
 513              		.loc 1 232 1 is_stmt 0 view .LVU150
 514 009a C2E7     		b	.L18
 515              	.LVL28:
 516              	.L22:
 200:Core/Src/stm32c0xx_hal_msp.c ****     }
 517              		.loc 1 200 7 is_stmt 1 view .LVU151
 518 009c FFF7FEFF 		bl	Error_Handler
 519              	.LVL29:
 520 00a0 CAE7     		b	.L20
 521              	.L24:
 522 00a2 C046     		.align	2
 523              	.L23:
 524 00a4 00640040 		.word	1073767424
 525 00a8 00100240 		.word	1073876992
ARM GAS  /tmp/cc4WKWJO.s 			page 16


 526 00ac 00040050 		.word	1342178304
 527              		.cfi_endproc
 528              	.LFE361:
 530              		.section	.text.HAL_FDCAN_MspDeInit,"ax",%progbits
 531              		.align	1
 532              		.global	HAL_FDCAN_MspDeInit
 533              		.syntax unified
 534              		.code	16
 535              		.thumb_func
 537              	HAL_FDCAN_MspDeInit:
 538              	.LVL30:
 539              	.LFB362:
 233:Core/Src/stm32c0xx_hal_msp.c **** 
 234:Core/Src/stm32c0xx_hal_msp.c **** /**
 235:Core/Src/stm32c0xx_hal_msp.c ****   * @brief FDCAN MSP De-Initialization
 236:Core/Src/stm32c0xx_hal_msp.c ****   * This function freeze the hardware resources used in this example
 237:Core/Src/stm32c0xx_hal_msp.c ****   * @param hfdcan: FDCAN handle pointer
 238:Core/Src/stm32c0xx_hal_msp.c ****   * @retval None
 239:Core/Src/stm32c0xx_hal_msp.c ****   */
 240:Core/Src/stm32c0xx_hal_msp.c **** void HAL_FDCAN_MspDeInit(FDCAN_HandleTypeDef* hfdcan)
 241:Core/Src/stm32c0xx_hal_msp.c **** {
 540              		.loc 1 241 1 view -0
 541              		.cfi_startproc
 542              		@ args = 0, pretend = 0, frame = 0
 543              		@ frame_needed = 0, uses_anonymous_args = 0
 544              		.loc 1 241 1 is_stmt 0 view .LVU153
 545 0000 10B5     		push	{r4, lr}
 546              	.LCFI6:
 547              		.cfi_def_cfa_offset 8
 548              		.cfi_offset 4, -8
 549              		.cfi_offset 14, -4
 242:Core/Src/stm32c0xx_hal_msp.c ****   if(hfdcan->Instance==FDCAN1)
 550              		.loc 1 242 3 is_stmt 1 view .LVU154
 551              		.loc 1 242 12 is_stmt 0 view .LVU155
 552 0002 0268     		ldr	r2, [r0]
 553              		.loc 1 242 5 view .LVU156
 554 0004 094B     		ldr	r3, .L28
 555 0006 9A42     		cmp	r2, r3
 556 0008 00D0     		beq	.L27
 557              	.LVL31:
 558              	.L25:
 243:Core/Src/stm32c0xx_hal_msp.c ****   {
 244:Core/Src/stm32c0xx_hal_msp.c ****     /* USER CODE BEGIN FDCAN1_MspDeInit 0 */
 245:Core/Src/stm32c0xx_hal_msp.c **** 
 246:Core/Src/stm32c0xx_hal_msp.c ****     /* USER CODE END FDCAN1_MspDeInit 0 */
 247:Core/Src/stm32c0xx_hal_msp.c ****     /* Peripheral clock disable */
 248:Core/Src/stm32c0xx_hal_msp.c ****     __HAL_RCC_FDCAN1_CLK_DISABLE();
 249:Core/Src/stm32c0xx_hal_msp.c **** 
 250:Core/Src/stm32c0xx_hal_msp.c ****     /**FDCAN1 GPIO Configuration
 251:Core/Src/stm32c0xx_hal_msp.c ****     PA12 [PA10]     ------> FDCAN1_TX
 252:Core/Src/stm32c0xx_hal_msp.c ****     PB5     ------> FDCAN1_RX
 253:Core/Src/stm32c0xx_hal_msp.c ****     */
 254:Core/Src/stm32c0xx_hal_msp.c ****     HAL_GPIO_DeInit(GPIOA, GPIO_PIN_12);
 255:Core/Src/stm32c0xx_hal_msp.c **** 
 256:Core/Src/stm32c0xx_hal_msp.c ****     HAL_GPIO_DeInit(GPIOB, GPIO_PIN_5);
 257:Core/Src/stm32c0xx_hal_msp.c **** 
 258:Core/Src/stm32c0xx_hal_msp.c ****     /* USER CODE BEGIN FDCAN1_MspDeInit 1 */
ARM GAS  /tmp/cc4WKWJO.s 			page 17


 259:Core/Src/stm32c0xx_hal_msp.c **** 
 260:Core/Src/stm32c0xx_hal_msp.c ****     /* USER CODE END FDCAN1_MspDeInit 1 */
 261:Core/Src/stm32c0xx_hal_msp.c ****   }
 262:Core/Src/stm32c0xx_hal_msp.c **** 
 263:Core/Src/stm32c0xx_hal_msp.c **** }
 559              		.loc 1 263 1 view .LVU157
 560              		@ sp needed
 561 000a 10BD     		pop	{r4, pc}
 562              	.LVL32:
 563              	.L27:
 248:Core/Src/stm32c0xx_hal_msp.c **** 
 564              		.loc 1 248 5 is_stmt 1 view .LVU158
 565 000c 084A     		ldr	r2, .L28+4
 566 000e D36B     		ldr	r3, [r2, #60]
 567 0010 0849     		ldr	r1, .L28+8
 568 0012 0B40     		ands	r3, r1
 569 0014 D363     		str	r3, [r2, #60]
 254:Core/Src/stm32c0xx_hal_msp.c **** 
 570              		.loc 1 254 5 view .LVU159
 571 0016 8021     		movs	r1, #128
 572 0018 A020     		movs	r0, #160
 573              	.LVL33:
 254:Core/Src/stm32c0xx_hal_msp.c **** 
 574              		.loc 1 254 5 is_stmt 0 view .LVU160
 575 001a 4901     		lsls	r1, r1, #5
 576 001c C005     		lsls	r0, r0, #23
 577 001e FFF7FEFF 		bl	HAL_GPIO_DeInit
 578              	.LVL34:
 256:Core/Src/stm32c0xx_hal_msp.c **** 
 579              		.loc 1 256 5 is_stmt 1 view .LVU161
 580 0022 2021     		movs	r1, #32
 581 0024 0448     		ldr	r0, .L28+12
 582 0026 FFF7FEFF 		bl	HAL_GPIO_DeInit
 583              	.LVL35:
 584              		.loc 1 263 1 is_stmt 0 view .LVU162
 585 002a EEE7     		b	.L25
 586              	.L29:
 587              		.align	2
 588              	.L28:
 589 002c 00640040 		.word	1073767424
 590 0030 00100240 		.word	1073876992
 591 0034 FFEFFFFF 		.word	-4097
 592 0038 00040050 		.word	1342178304
 593              		.cfi_endproc
 594              	.LFE362:
 596              		.section	.text.HAL_TIM_Base_MspInit,"ax",%progbits
 597              		.align	1
 598              		.global	HAL_TIM_Base_MspInit
 599              		.syntax unified
 600              		.code	16
 601              		.thumb_func
 603              	HAL_TIM_Base_MspInit:
 604              	.LVL36:
 605              	.LFB363:
 264:Core/Src/stm32c0xx_hal_msp.c **** 
 265:Core/Src/stm32c0xx_hal_msp.c **** /**
 266:Core/Src/stm32c0xx_hal_msp.c ****   * @brief TIM_Base MSP Initialization
ARM GAS  /tmp/cc4WKWJO.s 			page 18


 267:Core/Src/stm32c0xx_hal_msp.c ****   * This function configures the hardware resources used in this example
 268:Core/Src/stm32c0xx_hal_msp.c ****   * @param htim_base: TIM_Base handle pointer
 269:Core/Src/stm32c0xx_hal_msp.c ****   * @retval None
 270:Core/Src/stm32c0xx_hal_msp.c ****   */
 271:Core/Src/stm32c0xx_hal_msp.c **** void HAL_TIM_Base_MspInit(TIM_HandleTypeDef* htim_base)
 272:Core/Src/stm32c0xx_hal_msp.c **** {
 606              		.loc 1 272 1 is_stmt 1 view -0
 607              		.cfi_startproc
 608              		@ args = 0, pretend = 0, frame = 8
 609              		@ frame_needed = 0, uses_anonymous_args = 0
 610              		@ link register save eliminated.
 611              		.loc 1 272 1 is_stmt 0 view .LVU164
 612 0000 82B0     		sub	sp, sp, #8
 613              	.LCFI7:
 614              		.cfi_def_cfa_offset 8
 273:Core/Src/stm32c0xx_hal_msp.c ****   if(htim_base->Instance==TIM2)
 615              		.loc 1 273 3 is_stmt 1 view .LVU165
 616              		.loc 1 273 15 is_stmt 0 view .LVU166
 617 0002 0268     		ldr	r2, [r0]
 618              		.loc 1 273 5 view .LVU167
 619 0004 8023     		movs	r3, #128
 620 0006 DB05     		lsls	r3, r3, #23
 621 0008 9A42     		cmp	r2, r3
 622 000a 01D0     		beq	.L32
 623              	.L30:
 274:Core/Src/stm32c0xx_hal_msp.c ****   {
 275:Core/Src/stm32c0xx_hal_msp.c ****     /* USER CODE BEGIN TIM2_MspInit 0 */
 276:Core/Src/stm32c0xx_hal_msp.c **** 
 277:Core/Src/stm32c0xx_hal_msp.c ****     /* USER CODE END TIM2_MspInit 0 */
 278:Core/Src/stm32c0xx_hal_msp.c ****     /* Peripheral clock enable */
 279:Core/Src/stm32c0xx_hal_msp.c ****     __HAL_RCC_TIM2_CLK_ENABLE();
 280:Core/Src/stm32c0xx_hal_msp.c ****     /* USER CODE BEGIN TIM2_MspInit 1 */
 281:Core/Src/stm32c0xx_hal_msp.c **** 
 282:Core/Src/stm32c0xx_hal_msp.c ****     /* USER CODE END TIM2_MspInit 1 */
 283:Core/Src/stm32c0xx_hal_msp.c **** 
 284:Core/Src/stm32c0xx_hal_msp.c ****   }
 285:Core/Src/stm32c0xx_hal_msp.c **** 
 286:Core/Src/stm32c0xx_hal_msp.c **** }
 624              		.loc 1 286 1 view .LVU168
 625 000c 02B0     		add	sp, sp, #8
 626              		@ sp needed
 627 000e 7047     		bx	lr
 628              	.L32:
 279:Core/Src/stm32c0xx_hal_msp.c ****     /* USER CODE BEGIN TIM2_MspInit 1 */
 629              		.loc 1 279 5 is_stmt 1 view .LVU169
 630              	.LBB9:
 279:Core/Src/stm32c0xx_hal_msp.c ****     /* USER CODE BEGIN TIM2_MspInit 1 */
 631              		.loc 1 279 5 view .LVU170
 279:Core/Src/stm32c0xx_hal_msp.c ****     /* USER CODE BEGIN TIM2_MspInit 1 */
 632              		.loc 1 279 5 view .LVU171
 633 0010 044A     		ldr	r2, .L33
 634 0012 D16B     		ldr	r1, [r2, #60]
 635 0014 0123     		movs	r3, #1
 636 0016 1943     		orrs	r1, r3
 637 0018 D163     		str	r1, [r2, #60]
 279:Core/Src/stm32c0xx_hal_msp.c ****     /* USER CODE BEGIN TIM2_MspInit 1 */
 638              		.loc 1 279 5 view .LVU172
ARM GAS  /tmp/cc4WKWJO.s 			page 19


 639 001a D26B     		ldr	r2, [r2, #60]
 640 001c 1340     		ands	r3, r2
 641 001e 0193     		str	r3, [sp, #4]
 279:Core/Src/stm32c0xx_hal_msp.c ****     /* USER CODE BEGIN TIM2_MspInit 1 */
 642              		.loc 1 279 5 view .LVU173
 643 0020 019B     		ldr	r3, [sp, #4]
 644              	.LBE9:
 279:Core/Src/stm32c0xx_hal_msp.c ****     /* USER CODE BEGIN TIM2_MspInit 1 */
 645              		.loc 1 279 5 discriminator 1 view .LVU174
 646              		.loc 1 286 1 is_stmt 0 view .LVU175
 647 0022 F3E7     		b	.L30
 648              	.L34:
 649              		.align	2
 650              	.L33:
 651 0024 00100240 		.word	1073876992
 652              		.cfi_endproc
 653              	.LFE363:
 655              		.section	.text.HAL_TIM_Base_MspDeInit,"ax",%progbits
 656              		.align	1
 657              		.global	HAL_TIM_Base_MspDeInit
 658              		.syntax unified
 659              		.code	16
 660              		.thumb_func
 662              	HAL_TIM_Base_MspDeInit:
 663              	.LVL37:
 664              	.LFB364:
 287:Core/Src/stm32c0xx_hal_msp.c **** 
 288:Core/Src/stm32c0xx_hal_msp.c **** /**
 289:Core/Src/stm32c0xx_hal_msp.c ****   * @brief TIM_Base MSP De-Initialization
 290:Core/Src/stm32c0xx_hal_msp.c ****   * This function freeze the hardware resources used in this example
 291:Core/Src/stm32c0xx_hal_msp.c ****   * @param htim_base: TIM_Base handle pointer
 292:Core/Src/stm32c0xx_hal_msp.c ****   * @retval None
 293:Core/Src/stm32c0xx_hal_msp.c ****   */
 294:Core/Src/stm32c0xx_hal_msp.c **** void HAL_TIM_Base_MspDeInit(TIM_HandleTypeDef* htim_base)
 295:Core/Src/stm32c0xx_hal_msp.c **** {
 665              		.loc 1 295 1 is_stmt 1 view -0
 666              		.cfi_startproc
 667              		@ args = 0, pretend = 0, frame = 0
 668              		@ frame_needed = 0, uses_anonymous_args = 0
 669              		@ link register save eliminated.
 296:Core/Src/stm32c0xx_hal_msp.c ****   if(htim_base->Instance==TIM2)
 670              		.loc 1 296 3 view .LVU177
 671              		.loc 1 296 15 is_stmt 0 view .LVU178
 672 0000 0268     		ldr	r2, [r0]
 673              		.loc 1 296 5 view .LVU179
 674 0002 8023     		movs	r3, #128
 675 0004 DB05     		lsls	r3, r3, #23
 676 0006 9A42     		cmp	r2, r3
 677 0008 00D0     		beq	.L37
 678              	.L35:
 297:Core/Src/stm32c0xx_hal_msp.c ****   {
 298:Core/Src/stm32c0xx_hal_msp.c ****     /* USER CODE BEGIN TIM2_MspDeInit 0 */
 299:Core/Src/stm32c0xx_hal_msp.c **** 
 300:Core/Src/stm32c0xx_hal_msp.c ****     /* USER CODE END TIM2_MspDeInit 0 */
 301:Core/Src/stm32c0xx_hal_msp.c ****     /* Peripheral clock disable */
 302:Core/Src/stm32c0xx_hal_msp.c ****     __HAL_RCC_TIM2_CLK_DISABLE();
 303:Core/Src/stm32c0xx_hal_msp.c ****     /* USER CODE BEGIN TIM2_MspDeInit 1 */
ARM GAS  /tmp/cc4WKWJO.s 			page 20


 304:Core/Src/stm32c0xx_hal_msp.c **** 
 305:Core/Src/stm32c0xx_hal_msp.c ****     /* USER CODE END TIM2_MspDeInit 1 */
 306:Core/Src/stm32c0xx_hal_msp.c ****   }
 307:Core/Src/stm32c0xx_hal_msp.c **** 
 308:Core/Src/stm32c0xx_hal_msp.c **** }
 679              		.loc 1 308 1 view .LVU180
 680              		@ sp needed
 681 000a 7047     		bx	lr
 682              	.L37:
 302:Core/Src/stm32c0xx_hal_msp.c ****     /* USER CODE BEGIN TIM2_MspDeInit 1 */
 683              		.loc 1 302 5 is_stmt 1 view .LVU181
 684 000c 024A     		ldr	r2, .L38
 685 000e D36B     		ldr	r3, [r2, #60]
 686 0010 0121     		movs	r1, #1
 687 0012 8B43     		bics	r3, r1
 688 0014 D363     		str	r3, [r2, #60]
 689              		.loc 1 308 1 is_stmt 0 view .LVU182
 690 0016 F8E7     		b	.L35
 691              	.L39:
 692              		.align	2
 693              	.L38:
 694 0018 00100240 		.word	1073876992
 695              		.cfi_endproc
 696              	.LFE364:
 698              		.section	.text.HAL_UART_MspInit,"ax",%progbits
 699              		.align	1
 700              		.global	HAL_UART_MspInit
 701              		.syntax unified
 702              		.code	16
 703              		.thumb_func
 705              	HAL_UART_MspInit:
 706              	.LVL38:
 707              	.LFB365:
 309:Core/Src/stm32c0xx_hal_msp.c **** 
 310:Core/Src/stm32c0xx_hal_msp.c **** /**
 311:Core/Src/stm32c0xx_hal_msp.c ****   * @brief UART MSP Initialization
 312:Core/Src/stm32c0xx_hal_msp.c ****   * This function configures the hardware resources used in this example
 313:Core/Src/stm32c0xx_hal_msp.c ****   * @param huart: UART handle pointer
 314:Core/Src/stm32c0xx_hal_msp.c ****   * @retval None
 315:Core/Src/stm32c0xx_hal_msp.c ****   */
 316:Core/Src/stm32c0xx_hal_msp.c **** void HAL_UART_MspInit(UART_HandleTypeDef* huart)
 317:Core/Src/stm32c0xx_hal_msp.c **** {
 708              		.loc 1 317 1 is_stmt 1 view -0
 709              		.cfi_startproc
 710              		@ args = 0, pretend = 0, frame = 32
 711              		@ frame_needed = 0, uses_anonymous_args = 0
 712              		.loc 1 317 1 is_stmt 0 view .LVU184
 713 0000 F0B5     		push	{r4, r5, r6, r7, lr}
 714              	.LCFI8:
 715              		.cfi_def_cfa_offset 20
 716              		.cfi_offset 4, -20
 717              		.cfi_offset 5, -16
 718              		.cfi_offset 6, -12
 719              		.cfi_offset 7, -8
 720              		.cfi_offset 14, -4
 721 0002 89B0     		sub	sp, sp, #36
 722              	.LCFI9:
ARM GAS  /tmp/cc4WKWJO.s 			page 21


 723              		.cfi_def_cfa_offset 56
 724 0004 0400     		movs	r4, r0
 318:Core/Src/stm32c0xx_hal_msp.c ****   GPIO_InitTypeDef GPIO_InitStruct = {0};
 725              		.loc 1 318 3 is_stmt 1 view .LVU185
 726              		.loc 1 318 20 is_stmt 0 view .LVU186
 727 0006 1422     		movs	r2, #20
 728 0008 0021     		movs	r1, #0
 729 000a 03A8     		add	r0, sp, #12
 730              	.LVL39:
 731              		.loc 1 318 20 view .LVU187
 732 000c FFF7FEFF 		bl	memset
 733              	.LVL40:
 319:Core/Src/stm32c0xx_hal_msp.c ****   if(huart->Instance==USART2)
 734              		.loc 1 319 3 is_stmt 1 view .LVU188
 735              		.loc 1 319 11 is_stmt 0 view .LVU189
 736 0010 2268     		ldr	r2, [r4]
 737              		.loc 1 319 5 view .LVU190
 738 0012 194B     		ldr	r3, .L43
 739 0014 9A42     		cmp	r2, r3
 740 0016 01D0     		beq	.L42
 741              	.LVL41:
 742              	.L40:
 320:Core/Src/stm32c0xx_hal_msp.c ****   {
 321:Core/Src/stm32c0xx_hal_msp.c ****     /* USER CODE BEGIN USART2_MspInit 0 */
 322:Core/Src/stm32c0xx_hal_msp.c **** 
 323:Core/Src/stm32c0xx_hal_msp.c ****     /* USER CODE END USART2_MspInit 0 */
 324:Core/Src/stm32c0xx_hal_msp.c ****     /* Peripheral clock enable */
 325:Core/Src/stm32c0xx_hal_msp.c ****     __HAL_RCC_USART2_CLK_ENABLE();
 326:Core/Src/stm32c0xx_hal_msp.c **** 
 327:Core/Src/stm32c0xx_hal_msp.c ****     __HAL_RCC_GPIOA_CLK_ENABLE();
 328:Core/Src/stm32c0xx_hal_msp.c ****     /**USART2 GPIO Configuration
 329:Core/Src/stm32c0xx_hal_msp.c ****     PA13     ------> USART2_RX
 330:Core/Src/stm32c0xx_hal_msp.c ****     PA14-BOOT0     ------> USART2_TX
 331:Core/Src/stm32c0xx_hal_msp.c ****     */
 332:Core/Src/stm32c0xx_hal_msp.c ****     GPIO_InitStruct.Pin = GPIO_PIN_13;
 333:Core/Src/stm32c0xx_hal_msp.c ****     GPIO_InitStruct.Mode = GPIO_MODE_AF_PP;
 334:Core/Src/stm32c0xx_hal_msp.c ****     GPIO_InitStruct.Pull = GPIO_NOPULL;
 335:Core/Src/stm32c0xx_hal_msp.c ****     GPIO_InitStruct.Speed = GPIO_SPEED_FREQ_LOW;
 336:Core/Src/stm32c0xx_hal_msp.c ****     GPIO_InitStruct.Alternate = GPIO_AF4_USART2;
 337:Core/Src/stm32c0xx_hal_msp.c ****     HAL_GPIO_Init(GPIOA, &GPIO_InitStruct);
 338:Core/Src/stm32c0xx_hal_msp.c **** 
 339:Core/Src/stm32c0xx_hal_msp.c ****     GPIO_InitStruct.Pin = GPIO_PIN_14;
 340:Core/Src/stm32c0xx_hal_msp.c ****     GPIO_InitStruct.Mode = GPIO_MODE_AF_PP;
 341:Core/Src/stm32c0xx_hal_msp.c ****     GPIO_InitStruct.Pull = GPIO_NOPULL;
 342:Core/Src/stm32c0xx_hal_msp.c ****     GPIO_InitStruct.Speed = GPIO_SPEED_FREQ_LOW;
 343:Core/Src/stm32c0xx_hal_msp.c ****     GPIO_InitStruct.Alternate = GPIO_AF1_USART2;
 344:Core/Src/stm32c0xx_hal_msp.c ****     HAL_GPIO_Init(GPIOA, &GPIO_InitStruct);
 345:Core/Src/stm32c0xx_hal_msp.c **** 
 346:Core/Src/stm32c0xx_hal_msp.c ****     /* USER CODE BEGIN USART2_MspInit 1 */
 347:Core/Src/stm32c0xx_hal_msp.c **** 
 348:Core/Src/stm32c0xx_hal_msp.c ****     /* USER CODE END USART2_MspInit 1 */
 349:Core/Src/stm32c0xx_hal_msp.c **** 
 350:Core/Src/stm32c0xx_hal_msp.c ****   }
 351:Core/Src/stm32c0xx_hal_msp.c **** 
 352:Core/Src/stm32c0xx_hal_msp.c **** }
 743              		.loc 1 352 1 view .LVU191
 744 0018 09B0     		add	sp, sp, #36
ARM GAS  /tmp/cc4WKWJO.s 			page 22


 745              		@ sp needed
 746 001a F0BD     		pop	{r4, r5, r6, r7, pc}
 747              	.LVL42:
 748              	.L42:
 325:Core/Src/stm32c0xx_hal_msp.c **** 
 749              		.loc 1 325 5 is_stmt 1 view .LVU192
 750              	.LBB10:
 325:Core/Src/stm32c0xx_hal_msp.c **** 
 751              		.loc 1 325 5 view .LVU193
 325:Core/Src/stm32c0xx_hal_msp.c **** 
 752              		.loc 1 325 5 view .LVU194
 753 001c 174B     		ldr	r3, .L43+4
 754 001e DA6B     		ldr	r2, [r3, #60]
 755 0020 8021     		movs	r1, #128
 756 0022 8902     		lsls	r1, r1, #10
 757 0024 0A43     		orrs	r2, r1
 758 0026 DA63     		str	r2, [r3, #60]
 325:Core/Src/stm32c0xx_hal_msp.c **** 
 759              		.loc 1 325 5 view .LVU195
 760 0028 DA6B     		ldr	r2, [r3, #60]
 761 002a 0A40     		ands	r2, r1
 762 002c 0192     		str	r2, [sp, #4]
 325:Core/Src/stm32c0xx_hal_msp.c **** 
 763              		.loc 1 325 5 view .LVU196
 764 002e 019A     		ldr	r2, [sp, #4]
 765              	.LBE10:
 325:Core/Src/stm32c0xx_hal_msp.c **** 
 766              		.loc 1 325 5 view .LVU197
 327:Core/Src/stm32c0xx_hal_msp.c ****     /**USART2 GPIO Configuration
 767              		.loc 1 327 5 view .LVU198
 768              	.LBB11:
 327:Core/Src/stm32c0xx_hal_msp.c ****     /**USART2 GPIO Configuration
 769              		.loc 1 327 5 view .LVU199
 327:Core/Src/stm32c0xx_hal_msp.c ****     /**USART2 GPIO Configuration
 770              		.loc 1 327 5 view .LVU200
 771 0030 5A6B     		ldr	r2, [r3, #52]
 772 0032 0125     		movs	r5, #1
 773 0034 2A43     		orrs	r2, r5
 774 0036 5A63     		str	r2, [r3, #52]
 327:Core/Src/stm32c0xx_hal_msp.c ****     /**USART2 GPIO Configuration
 775              		.loc 1 327 5 view .LVU201
 776 0038 5B6B     		ldr	r3, [r3, #52]
 777 003a 2B40     		ands	r3, r5
 778 003c 0293     		str	r3, [sp, #8]
 327:Core/Src/stm32c0xx_hal_msp.c ****     /**USART2 GPIO Configuration
 779              		.loc 1 327 5 view .LVU202
 780 003e 029B     		ldr	r3, [sp, #8]
 781              	.LBE11:
 327:Core/Src/stm32c0xx_hal_msp.c ****     /**USART2 GPIO Configuration
 782              		.loc 1 327 5 view .LVU203
 332:Core/Src/stm32c0xx_hal_msp.c ****     GPIO_InitStruct.Mode = GPIO_MODE_AF_PP;
 783              		.loc 1 332 5 view .LVU204
 332:Core/Src/stm32c0xx_hal_msp.c ****     GPIO_InitStruct.Mode = GPIO_MODE_AF_PP;
 784              		.loc 1 332 25 is_stmt 0 view .LVU205
 785 0040 03AC     		add	r4, sp, #12
 786              	.LVL43:
 332:Core/Src/stm32c0xx_hal_msp.c ****     GPIO_InitStruct.Mode = GPIO_MODE_AF_PP;
ARM GAS  /tmp/cc4WKWJO.s 			page 23


 787              		.loc 1 332 25 view .LVU206
 788 0042 8023     		movs	r3, #128
 789 0044 9B01     		lsls	r3, r3, #6
 790 0046 0393     		str	r3, [sp, #12]
 333:Core/Src/stm32c0xx_hal_msp.c ****     GPIO_InitStruct.Pull = GPIO_NOPULL;
 791              		.loc 1 333 5 is_stmt 1 view .LVU207
 333:Core/Src/stm32c0xx_hal_msp.c ****     GPIO_InitStruct.Pull = GPIO_NOPULL;
 792              		.loc 1 333 26 is_stmt 0 view .LVU208
 793 0048 0227     		movs	r7, #2
 794 004a 0497     		str	r7, [sp, #16]
 334:Core/Src/stm32c0xx_hal_msp.c ****     GPIO_InitStruct.Speed = GPIO_SPEED_FREQ_LOW;
 795              		.loc 1 334 5 is_stmt 1 view .LVU209
 335:Core/Src/stm32c0xx_hal_msp.c ****     GPIO_InitStruct.Alternate = GPIO_AF4_USART2;
 796              		.loc 1 335 5 view .LVU210
 336:Core/Src/stm32c0xx_hal_msp.c ****     HAL_GPIO_Init(GPIOA, &GPIO_InitStruct);
 797              		.loc 1 336 5 view .LVU211
 336:Core/Src/stm32c0xx_hal_msp.c ****     HAL_GPIO_Init(GPIOA, &GPIO_InitStruct);
 798              		.loc 1 336 31 is_stmt 0 view .LVU212
 799 004c 0423     		movs	r3, #4
 800 004e 0793     		str	r3, [sp, #28]
 337:Core/Src/stm32c0xx_hal_msp.c **** 
 801              		.loc 1 337 5 is_stmt 1 view .LVU213
 802 0050 A026     		movs	r6, #160
 803 0052 F605     		lsls	r6, r6, #23
 804 0054 2100     		movs	r1, r4
 805 0056 3000     		movs	r0, r6
 806 0058 FFF7FEFF 		bl	HAL_GPIO_Init
 807              	.LVL44:
 339:Core/Src/stm32c0xx_hal_msp.c ****     GPIO_InitStruct.Mode = GPIO_MODE_AF_PP;
 808              		.loc 1 339 5 view .LVU214
 339:Core/Src/stm32c0xx_hal_msp.c ****     GPIO_InitStruct.Mode = GPIO_MODE_AF_PP;
 809              		.loc 1 339 25 is_stmt 0 view .LVU215
 810 005c 8023     		movs	r3, #128
 811 005e DB01     		lsls	r3, r3, #7
 812 0060 0393     		str	r3, [sp, #12]
 340:Core/Src/stm32c0xx_hal_msp.c ****     GPIO_InitStruct.Pull = GPIO_NOPULL;
 813              		.loc 1 340 5 is_stmt 1 view .LVU216
 340:Core/Src/stm32c0xx_hal_msp.c ****     GPIO_InitStruct.Pull = GPIO_NOPULL;
 814              		.loc 1 340 26 is_stmt 0 view .LVU217
 815 0062 0497     		str	r7, [sp, #16]
 341:Core/Src/stm32c0xx_hal_msp.c ****     GPIO_InitStruct.Speed = GPIO_SPEED_FREQ_LOW;
 816              		.loc 1 341 5 is_stmt 1 view .LVU218
 341:Core/Src/stm32c0xx_hal_msp.c ****     GPIO_InitStruct.Speed = GPIO_SPEED_FREQ_LOW;
 817              		.loc 1 341 26 is_stmt 0 view .LVU219
 818 0064 0023     		movs	r3, #0
 819 0066 0593     		str	r3, [sp, #20]
 342:Core/Src/stm32c0xx_hal_msp.c ****     GPIO_InitStruct.Alternate = GPIO_AF1_USART2;
 820              		.loc 1 342 5 is_stmt 1 view .LVU220
 342:Core/Src/stm32c0xx_hal_msp.c ****     GPIO_InitStruct.Alternate = GPIO_AF1_USART2;
 821              		.loc 1 342 27 is_stmt 0 view .LVU221
 822 0068 0693     		str	r3, [sp, #24]
 343:Core/Src/stm32c0xx_hal_msp.c ****     HAL_GPIO_Init(GPIOA, &GPIO_InitStruct);
 823              		.loc 1 343 5 is_stmt 1 view .LVU222
 343:Core/Src/stm32c0xx_hal_msp.c ****     HAL_GPIO_Init(GPIOA, &GPIO_InitStruct);
 824              		.loc 1 343 31 is_stmt 0 view .LVU223
 825 006a 0795     		str	r5, [sp, #28]
 344:Core/Src/stm32c0xx_hal_msp.c **** 
ARM GAS  /tmp/cc4WKWJO.s 			page 24


 826              		.loc 1 344 5 is_stmt 1 view .LVU224
 827 006c 2100     		movs	r1, r4
 828 006e 3000     		movs	r0, r6
 829 0070 FFF7FEFF 		bl	HAL_GPIO_Init
 830              	.LVL45:
 831              		.loc 1 352 1 is_stmt 0 view .LVU225
 832 0074 D0E7     		b	.L40
 833              	.L44:
 834 0076 C046     		.align	2
 835              	.L43:
 836 0078 00440040 		.word	1073759232
 837 007c 00100240 		.word	1073876992
 838              		.cfi_endproc
 839              	.LFE365:
 841              		.section	.text.HAL_UART_MspDeInit,"ax",%progbits
 842              		.align	1
 843              		.global	HAL_UART_MspDeInit
 844              		.syntax unified
 845              		.code	16
 846              		.thumb_func
 848              	HAL_UART_MspDeInit:
 849              	.LVL46:
 850              	.LFB366:
 353:Core/Src/stm32c0xx_hal_msp.c **** 
 354:Core/Src/stm32c0xx_hal_msp.c **** /**
 355:Core/Src/stm32c0xx_hal_msp.c ****   * @brief UART MSP De-Initialization
 356:Core/Src/stm32c0xx_hal_msp.c ****   * This function freeze the hardware resources used in this example
 357:Core/Src/stm32c0xx_hal_msp.c ****   * @param huart: UART handle pointer
 358:Core/Src/stm32c0xx_hal_msp.c ****   * @retval None
 359:Core/Src/stm32c0xx_hal_msp.c ****   */
 360:Core/Src/stm32c0xx_hal_msp.c **** void HAL_UART_MspDeInit(UART_HandleTypeDef* huart)
 361:Core/Src/stm32c0xx_hal_msp.c **** {
 851              		.loc 1 361 1 is_stmt 1 view -0
 852              		.cfi_startproc
 853              		@ args = 0, pretend = 0, frame = 0
 854              		@ frame_needed = 0, uses_anonymous_args = 0
 855              		.loc 1 361 1 is_stmt 0 view .LVU227
 856 0000 10B5     		push	{r4, lr}
 857              	.LCFI10:
 858              		.cfi_def_cfa_offset 8
 859              		.cfi_offset 4, -8
 860              		.cfi_offset 14, -4
 362:Core/Src/stm32c0xx_hal_msp.c ****   if(huart->Instance==USART2)
 861              		.loc 1 362 3 is_stmt 1 view .LVU228
 862              		.loc 1 362 11 is_stmt 0 view .LVU229
 863 0002 0268     		ldr	r2, [r0]
 864              		.loc 1 362 5 view .LVU230
 865 0004 074B     		ldr	r3, .L48
 866 0006 9A42     		cmp	r2, r3
 867 0008 00D0     		beq	.L47
 868              	.LVL47:
 869              	.L45:
 363:Core/Src/stm32c0xx_hal_msp.c ****   {
 364:Core/Src/stm32c0xx_hal_msp.c ****     /* USER CODE BEGIN USART2_MspDeInit 0 */
 365:Core/Src/stm32c0xx_hal_msp.c **** 
 366:Core/Src/stm32c0xx_hal_msp.c ****     /* USER CODE END USART2_MspDeInit 0 */
 367:Core/Src/stm32c0xx_hal_msp.c ****     /* Peripheral clock disable */
ARM GAS  /tmp/cc4WKWJO.s 			page 25


 368:Core/Src/stm32c0xx_hal_msp.c ****     __HAL_RCC_USART2_CLK_DISABLE();
 369:Core/Src/stm32c0xx_hal_msp.c **** 
 370:Core/Src/stm32c0xx_hal_msp.c ****     /**USART2 GPIO Configuration
 371:Core/Src/stm32c0xx_hal_msp.c ****     PA13     ------> USART2_RX
 372:Core/Src/stm32c0xx_hal_msp.c ****     PA14-BOOT0     ------> USART2_TX
 373:Core/Src/stm32c0xx_hal_msp.c ****     */
 374:Core/Src/stm32c0xx_hal_msp.c ****     HAL_GPIO_DeInit(GPIOA, GPIO_PIN_13|GPIO_PIN_14);
 375:Core/Src/stm32c0xx_hal_msp.c **** 
 376:Core/Src/stm32c0xx_hal_msp.c ****     /* USER CODE BEGIN USART2_MspDeInit 1 */
 377:Core/Src/stm32c0xx_hal_msp.c **** 
 378:Core/Src/stm32c0xx_hal_msp.c ****     /* USER CODE END USART2_MspDeInit 1 */
 379:Core/Src/stm32c0xx_hal_msp.c ****   }
 380:Core/Src/stm32c0xx_hal_msp.c **** 
 381:Core/Src/stm32c0xx_hal_msp.c **** }
 870              		.loc 1 381 1 view .LVU231
 871              		@ sp needed
 872 000a 10BD     		pop	{r4, pc}
 873              	.LVL48:
 874              	.L47:
 368:Core/Src/stm32c0xx_hal_msp.c **** 
 875              		.loc 1 368 5 is_stmt 1 view .LVU232
 876 000c 064A     		ldr	r2, .L48+4
 877 000e D36B     		ldr	r3, [r2, #60]
 878 0010 0649     		ldr	r1, .L48+8
 879 0012 0B40     		ands	r3, r1
 880 0014 D363     		str	r3, [r2, #60]
 374:Core/Src/stm32c0xx_hal_msp.c **** 
 881              		.loc 1 374 5 view .LVU233
 882 0016 C021     		movs	r1, #192
 883 0018 A020     		movs	r0, #160
 884              	.LVL49:
 374:Core/Src/stm32c0xx_hal_msp.c **** 
 885              		.loc 1 374 5 is_stmt 0 view .LVU234
 886 001a C901     		lsls	r1, r1, #7
 887 001c C005     		lsls	r0, r0, #23
 888 001e FFF7FEFF 		bl	HAL_GPIO_DeInit
 889              	.LVL50:
 890              		.loc 1 381 1 view .LVU235
 891 0022 F2E7     		b	.L45
 892              	.L49:
 893              		.align	2
 894              	.L48:
 895 0024 00440040 		.word	1073759232
 896 0028 00100240 		.word	1073876992
 897 002c FFFFFDFF 		.word	-131073
 898              		.cfi_endproc
 899              	.LFE366:
 901              		.text
 902              	.Letext0:
 903              		.file 2 "/usr/arm-none-eabi/include/machine/_default_types.h"
 904              		.file 3 "/usr/arm-none-eabi/include/sys/_stdint.h"
 905              		.file 4 "Drivers/CMSIS/Device/ST/STM32C0xx/Include/stm32c092xx.h"
 906              		.file 5 "Drivers/CMSIS/Device/ST/STM32C0xx/Include/stm32c0xx.h"
 907              		.file 6 "Drivers/STM32C0xx_HAL_Driver/Inc/stm32c0xx_hal_def.h"
 908              		.file 7 "Drivers/STM32C0xx_HAL_Driver/Inc/stm32c0xx_hal_rcc_ex.h"
 909              		.file 8 "Drivers/STM32C0xx_HAL_Driver/Inc/stm32c0xx_hal_gpio.h"
 910              		.file 9 "Drivers/STM32C0xx_HAL_Driver/Inc/stm32c0xx_hal_dma.h"
ARM GAS  /tmp/cc4WKWJO.s 			page 26


 911              		.file 10 "Drivers/STM32C0xx_HAL_Driver/Inc/stm32c0xx_hal_adc.h"
 912              		.file 11 "Drivers/STM32C0xx_HAL_Driver/Inc/stm32c0xx_hal_tim.h"
 913              		.file 12 "Drivers/STM32C0xx_HAL_Driver/Inc/stm32c0xx_hal_uart.h"
 914              		.file 13 "Drivers/STM32C0xx_HAL_Driver/Inc/stm32c0xx_hal_fdcan.h"
 915              		.file 14 "Core/Inc/main.h"
 916              		.file 15 "<built-in>"
ARM GAS  /tmp/cc4WKWJO.s 			page 27


DEFINED SYMBOLS
                            *ABS*:00000000 stm32c0xx_hal_msp.c
     /tmp/cc4WKWJO.s:19     .text.HAL_MspInit:00000000 $t
     /tmp/cc4WKWJO.s:25     .text.HAL_MspInit:00000000 HAL_MspInit
     /tmp/cc4WKWJO.s:76     .text.HAL_MspInit:0000002c $d
     /tmp/cc4WKWJO.s:81     .text.HAL_ADC_MspInit:00000000 $t
     /tmp/cc4WKWJO.s:87     .text.HAL_ADC_MspInit:00000000 HAL_ADC_MspInit
     /tmp/cc4WKWJO.s:268    .text.HAL_ADC_MspInit:000000ac $d
     /tmp/cc4WKWJO.s:276    .text.HAL_ADC_MspDeInit:00000000 $t
     /tmp/cc4WKWJO.s:282    .text.HAL_ADC_MspDeInit:00000000 HAL_ADC_MspDeInit
     /tmp/cc4WKWJO.s:335    .text.HAL_ADC_MspDeInit:0000002c $d
     /tmp/cc4WKWJO.s:342    .text.HAL_FDCAN_MspInit:00000000 $t
     /tmp/cc4WKWJO.s:348    .text.HAL_FDCAN_MspInit:00000000 HAL_FDCAN_MspInit
     /tmp/cc4WKWJO.s:524    .text.HAL_FDCAN_MspInit:000000a4 $d
     /tmp/cc4WKWJO.s:531    .text.HAL_FDCAN_MspDeInit:00000000 $t
     /tmp/cc4WKWJO.s:537    .text.HAL_FDCAN_MspDeInit:00000000 HAL_FDCAN_MspDeInit
     /tmp/cc4WKWJO.s:589    .text.HAL_FDCAN_MspDeInit:0000002c $d
     /tmp/cc4WKWJO.s:597    .text.HAL_TIM_Base_MspInit:00000000 $t
     /tmp/cc4WKWJO.s:603    .text.HAL_TIM_Base_MspInit:00000000 HAL_TIM_Base_MspInit
     /tmp/cc4WKWJO.s:651    .text.HAL_TIM_Base_MspInit:00000024 $d
     /tmp/cc4WKWJO.s:656    .text.HAL_TIM_Base_MspDeInit:00000000 $t
     /tmp/cc4WKWJO.s:662    .text.HAL_TIM_Base_MspDeInit:00000000 HAL_TIM_Base_MspDeInit
     /tmp/cc4WKWJO.s:694    .text.HAL_TIM_Base_MspDeInit:00000018 $d
     /tmp/cc4WKWJO.s:699    .text.HAL_UART_MspInit:00000000 $t
     /tmp/cc4WKWJO.s:705    .text.HAL_UART_MspInit:00000000 HAL_UART_MspInit
     /tmp/cc4WKWJO.s:836    .text.HAL_UART_MspInit:00000078 $d
     /tmp/cc4WKWJO.s:842    .text.HAL_UART_MspDeInit:00000000 $t
     /tmp/cc4WKWJO.s:848    .text.HAL_UART_MspDeInit:00000000 HAL_UART_MspDeInit
     /tmp/cc4WKWJO.s:895    .text.HAL_UART_MspDeInit:00000024 $d

UNDEFINED SYMBOLS
memset
HAL_RCCEx_PeriphCLKConfig
HAL_GPIO_Init
HAL_DMA_Init
Error_Handler
hdma_adc1
HAL_GPIO_DeInit
HAL_DMA_DeInit
